    Updating crates.io index
 Downloading crates ...
  Downloaded arrayref v0.3.9
  Downloaded cfg-if v1.0.4
  Downloaded constant_time_eq v0.4.2
  Downloaded cc v1.2.63
  Downloaded cpufeatures v0.3.0
  Downloaded itoa v1.0.18
  Downloaded arrayvec v0.7.6
  Downloaded find-msvc-tools v0.1.9
  Downloaded crossbeam-deque v0.8.6
  Downloaded crossbeam-utils v0.8.21
  Downloaded quote v1.0.45
  Downloaded crossbeam-epoch v0.9.18
  Downloaded zmij v1.0.21
  Downloaded unicode-ident v1.0.24
  Downloaded proc-macro2 v1.0.106
  Downloaded shlex v2.0.1
  Downloaded serde_core v1.0.228
  Downloaded serde_derive v1.0.228
  Downloaded memchr v2.8.1
  Downloaded rayon-core v1.13.0
  Downloaded serde v1.0.228
  Downloaded serde_json v1.0.150
  Downloaded blake3 v1.8.5
  Downloaded rayon v1.12.0
  Downloaded syn v2.0.117
  Downloaded either v1.16.0
   Compiling proc-macro2 v1.0.106
   Compiling crossbeam-utils v0.8.21
   Compiling quote v1.0.45
   Compiling unicode-ident v1.0.24
   Compiling find-msvc-tools v0.1.9
   Compiling shlex v2.0.1
   Compiling serde_core v1.0.228
   Compiling zmij v1.0.21
   Compiling rayon-core v1.13.0
   Compiling serde v1.0.228
   Compiling serde_json v1.0.150
   Compiling cfg-if v1.0.4
   Compiling arrayref v0.3.9
   Compiling either v1.16.0
   Compiling itoa v1.0.18
   Compiling memchr v2.8.1
   Compiling constant_time_eq v0.4.2
   Compiling cpufeatures v0.3.0
   Compiling arrayvec v0.7.6
   Compiling cc v1.2.63
   Compiling crossbeam-epoch v0.9.18
   Compiling syn v2.0.117
   Compiling crossbeam-deque v0.8.6
   Compiling blake3 v1.8.5
   Compiling rayon v1.12.0
   Compiling serde_derive v1.0.228
   Compiling ligero-verifier v0.1.0 (/workspace/verinf/verifier)
warning: value assigned to `s_bind_out` is never read
   --> src/bin/verify_proof.rs:232:43
    |
232 |     let mut s_bind_out: Option<Vec<u8>> = None;
    |                                           ^^^^ this value is reassigned later and never used
...
256 |             s_bind_out = Some(s_bind.to_vec());
    |             ---------- `s_bind_out` is overwritten here before the previous value is read
    |
    = note: `#[warn(unused_assignments)]` (part of `#[warn(unused)]`) on by default

warning: `ligero-verifier` (bin "verify_proof") generated 1 warning
    Finished `release` profile [optimized] target(s) in 10.57s
