LAUNCH 20:19:01 cmd: tools/session2_gates.sh
== gate: kquant
W0916 20:19:15.049000 4921 torch/utils/cpp_extension.py:2425] TORCH_CUDA_ARCH_LIST is not set, all archs for visible cards are included for compilation. 
W0916 20:19:15.049000 4921 torch/utils/cpp_extension.py:2425] If this is not desired, please set os.environ['TORCH_CUDA_ARCH_LIST'] to specific architectures.
/workspace/verinf/prover/tests/test_kquant_kernel.py:46: UserWarning: The given NumPy array is not writable, and PyTorch does not support non-writable tensors. This means writing to this tensor will result in undefined behavior. You may want to copy the array to protect its data or make it writable before converting it to a tensor. This type of warning will be suppressed for the rest of this program. (Triggered internally at /pytorch/torch/csrc/utils/tensor_numpy.cpp:203.)
  got = kquant_to_field(torch.from_numpy(raw).cuda(), qt, S)
W0916 20:19:15.099000 4921 torch/utils/cpp_extension.py:2425] TORCH_CUDA_ARCH_LIST is not set, all archs for visible cards are included for compilation. 
W0916 20:19:15.099000 4921 torch/utils/cpp_extension.py:2425] If this is not desired, please set os.environ['TORCH_CUDA_ARCH_LIST'] to specific architectures.
[OK ] blk.1.ffn_gate_exps.weight[0] (Q4_K): bit-exact over 41943040 values, kernel 28035 ms (1M elem/s)
[OK ] blk.1.ffn_down_exps.weight[0] (Q5_K): bit-exact over 41943040 values, kernel 4 ms (10509M elem/s)
[OK ] blk.1.ffn_down_shexp.weight (Q6_K): bit-exact over 41943040 values, kernel 5 ms (8991M elem/s)
[OK ] blk.1.ffn_gate_exps.weight[5] (Q4_K): bit-exact over 41943040 values, kernel 3 ms (12798M elem/s)
=== kquant_kernel: 4/4 PASS ===
== gate: shard-streaming
/workspace/verinf/prover/core.py:642: UserWarning: The given buffer is not writable, and PyTorch does not support non-writable tensors. This means you can write to the underlying (supposedly non-writable) buffer using the tensor. You may want to copy the buffer to protect its data or make it writable before converting it to a tensor. This type of warning will be suppressed for the rest of this program. (Triggered internally at /pytorch/torch/csrc/utils/tensor_new.cpp:1578.)
  return torch.frombuffer(bytes(master_seed), dtype=torch.uint8).cuda()
W0916 20:19:49.565000 5196 torch/utils/cpp_extension.py:2425] TORCH_CUDA_ARCH_LIST is not set, all archs for visible cards are included for compilation. 
W0916 20:19:49.565000 5196 torch/utils/cpp_extension.py:2425] If this is not desired, please set os.environ['TORCH_CUDA_ARCH_LIST'] to specific architectures.
[sweep] op 1/1 (100%) elapsed=0.0m eta=0.0m cur=0.0GB
[sweep] op 1/1 (100%) elapsed=0.0m eta=0.0m cur=0.0GB
[sweep] op 1/1 (100%) elapsed=0.0m eta=0.0m cur=0.0GB
[sweep] op 1/1 (100%) elapsed=0.0m eta=0.0m cur=0.0GB
[sweep] op 1/1 (100%) elapsed=0.0m eta=0.0m cur=0.0GB
  [stream-sound] 5 rounds done; opened columns match committed leaves: True; W-block rows 0; W-ref False; Wnew rows 0; p3 rows 48; peak 0.00 GB
    sweeps=5 projections=1 cache_hits=4 -> ACCEPT
  PASS test_five_semantic_sweeps_and_one_projection
[sweep] op 1/1 (100%) elapsed=0.0m eta=0.0m cur=0.0GB
[sweep] op 1/1 (100%) elapsed=0.0m eta=0.0m cur=0.0GB
[sweep] op 1/1 (100%) elapsed=0.0m eta=0.0m cur=0.0GB
[sweep] op 1/1 (100%) elapsed=0.0m eta=0.0m cur=0.0GB
[sweep] op 1/1 (100%) elapsed=0.0m eta=0.0m cur=0.0GB
  [stream-sound] 5 rounds done; opened columns match committed leaves: True; W-block rows 0; W-ref False; Wnew rows 0; p3 rows 48; peak 0.00 GB
    128 lazy shards, 520 resolutions, peak resident = 1
  PASS test_one_expert_shard_resident_at_a_time
[sweep] op 1/1 (100%) elapsed=0.0m eta=0.0m cur=0.0GB
[sweep] op 1/1 (100%) elapsed=0.0m eta=0.0m cur=0.0GB
[sweep] op 1/1 (100%) elapsed=0.0m eta=0.0m cur=0.0GB
[sweep] op 1/1 (100%) elapsed=0.0m eta=0.0m cur=0.0GB
[sweep] op 1/1 (100%) elapsed=0.0m eta=0.0m cur=0.0GB
  [stream-sound] 5 rounds done; opened columns match committed leaves: True; W-block rows 256; W-ref True; Wnew rows 0; p3 rows 48; peak 0.00 GB
[sweep] op 1/1 (100%) elapsed=0.0m eta=0.0m cur=0.0GB
[sweep] op 1/1 (100%) elapsed=0.0m eta=0.0m cur=0.0GB
[sweep] op 1/1 (100%) elapsed=0.0m eta=0.0m cur=0.0GB
[sweep] op 1/1 (100%) elapsed=0.0m eta=0.0m cur=0.0GB
[sweep] op 1/1 (100%) elapsed=0.0m eta=0.0m cur=0.0GB
  [stream-sound] 5 rounds done; opened columns match committed leaves: True; W-block rows 256; W-ref True; Wnew rows 0; p3 rows 48; peak 0.00 GB
    shard loads: unfused 1024 -> fused 896 (one full weight pass saved)
  PASS test_projection_adds_no_second_read_of_the_weights
[sweep] op 1/1 (100%) elapsed=0.0m eta=0.0m cur=0.0GB
[sweep] op 1/1 (100%) elapsed=0.0m eta=0.0m cur=0.0GB
[sweep] op 1/1 (100%) elapsed=0.0m eta=0.0m cur=0.0GB
[sweep] op 1/1 (100%) elapsed=0.0m eta=0.0m cur=0.0GB
[sweep] op 1/1 (100%) elapsed=0.0m eta=0.0m cur=0.0GB
  [stream-sound] 5 rounds done; opened columns match committed leaves: True; W-block rows 256; W-ref False; Wnew rows 0; p3 rows 48; peak 0.00 GB
[sweep] op 1/1 (100%) elapsed=0.0m eta=0.0m cur=0.0GB
[sweep] op 1/1 (100%) elapsed=0.0m eta=0.0m cur=0.0GB
[sweep] op 1/1 (100%) elapsed=0.0m eta=0.0m cur=0.0GB
[sweep] op 1/1 (100%) elapsed=0.0m eta=0.0m cur=0.0GB
[sweep] op 1/1 (100%) elapsed=0.0m eta=0.0m cur=0.0GB
  [stream-sound] 5 rounds done; opened columns match committed leaves: True; W-block rows 256; W-ref True; Wnew rows 0; p3 rows 48; peak 0.00 GB
    encoded rows: rebuild 1216 -> referenced 960 (saved 256 = the whole weight block), ACCEPT
  PASS test_referenced_commitment_saves_the_r1_weight_encode
[sweep] op 1/3 (33%) elapsed=0.0m eta=0.0m cur=0.0GB
[sweep] op 2/3 (67%) elapsed=0.0m eta=0.0m cur=0.0GB
[sweep] op 3/3 (100%) elapsed=0.0m eta=0.0m cur=0.0GB
[sweep] op 1/3 (33%) elapsed=0.0m eta=0.0m cur=0.0GB
[sweep] op 2/3 (67%) elapsed=0.0m eta=0.0m cur=0.0GB
[sweep] op 3/3 (100%) elapsed=0.0m eta=0.0m cur=0.0GB
[sweep] op 1/3 (33%) elapsed=0.0m eta=0.0m cur=0.0GB
[sweep] op 2/3 (67%) elapsed=0.0m eta=0.0m cur=0.0GB
[sweep] op 3/3 (100%) elapsed=0.0m eta=0.0m cur=0.0GB
[sweep] op 1/3 (33%) elapsed=0.0m eta=0.0m cur=0.0GB
[sweep] op 2/3 (67%) elapsed=0.0m eta=0.0m cur=0.0GB
[sweep] op 3/3 (100%) elapsed=0.0m eta=0.0m cur=0.0GB
[sweep] op 1/3 (33%) elapsed=0.0m eta=0.0m cur=0.0GB
[sweep] op 2/3 (67%) elapsed=0.0m eta=0.0m cur=0.0GB
[sweep] op 3/3 (100%) elapsed=0.0m eta=0.0m cur=0.0GB
  [stream-sound] 5 rounds done; opened columns match committed leaves: True; W-block rows 256; W-ref True; Wnew rows 0; p3 rows 48; peak 0.00 GB
    cached Y freed after its consumer in all 4 sweeps that loaded it; Rust ACCEPT
  PASS test_routed_output_cache_frees_y_after_its_consumer
[sweep] op 1/1 (100%) elapsed=0.0m eta=0.0m cur=0.0GB
[sweep] op 1/1 (100%) elapsed=0.0m eta=0.0m cur=0.0GB
[sweep] op 1/1 (100%) elapsed=0.0m eta=0.0m cur=0.0GB
[sweep] op 1/1 (100%) elapsed=0.0m eta=0.0m cur=0.0GB
[sweep] op 1/1 (100%) elapsed=0.0m eta=0.0m cur=0.0GB
  [stream-sound] 5 rounds done; opened columns match committed leaves: True; W-block rows 256; W-ref True; Wnew rows 0; p3 rows 48; peak 0.00 GB
[sweep] op 1/1 (100%) elapsed=0.0m eta=0.0m cur=0.0GB
[sweep] op 1/1 (100%) elapsed=0.0m eta=0.0m cur=0.0GB
[sweep] op 1/1 (100%) elapsed=0.0m eta=0.0m cur=0.0GB
[sweep] op 1/1 (100%) elapsed=0.0m eta=0.0m cur=0.0GB
[sweep] op 1/1 (100%) elapsed=0.0m eta=0.0m cur=0.0GB
  [stream-sound] 5 rounds done; opened columns match committed leaves: True; W-block rows 256; W-ref True; Wnew rows 0; p3 rows 48; peak 0.00 GB
    cache off/on: 89987 proof bytes identical; Rust ACCEPT
  PASS test_routed_output_cache_is_byte_identical_and_accepts
[sweep] op 1/1 (100%) elapsed=0.0m eta=0.0m cur=0.0GB
[sweep] op 1/1 (100%) elapsed=0.0m eta=0.0m cur=0.0GB
[sweep] op 1/1 (100%) elapsed=0.0m eta=0.0m cur=0.0GB
[sweep] op 1/1 (100%) elapsed=0.0m eta=0.0m cur=0.0GB
[sweep] op 1/1 (100%) elapsed=0.0m eta=0.0m cur=0.0GB
  [stream-sound] 5 rounds done; opened columns match committed leaves: True; W-block rows 256; W-ref True; Wnew rows 0; p3 rows 48; peak 0.00 GB
[sweep] op 1/1 (100%) elapsed=0.0m eta=0.0m cur=0.0GB
[sweep] op 1/1 (100%) elapsed=0.0m eta=0.0m cur=0.0GB
[sweep] op 1/1 (100%) elapsed=0.0m eta=0.0m cur=0.0GB
[sweep] op 1/1 (100%) elapsed=0.0m eta=0.0m cur=0.0GB
[sweep] op 1/1 (100%) elapsed=0.0m eta=0.0m cur=0.0GB
  [stream-sound] 5 rounds done; opened columns match committed leaves: True; W-block rows 256; W-ref True; Wnew rows 0; p3 rows 48; peak 0.00 GB
    shard loads per proof: uncached 896 -> cached 512 (three passes of 128 saved; projection still computed once)
  PASS test_routed_output_cache_skips_three_of_five_shard_passes
=== 7 passed, 0 failed (of 7) ===
== gate: routed-projected
W0916 20:19:53.584000 5400 torch/utils/cpp_extension.py:2425] TORCH_CUDA_ARCH_LIST is not set, all archs for visible cards are included for compilation. 
W0916 20:19:53.584000 5400 torch/utils/cpp_extension.py:2425] If this is not desired, please set os.environ['TORCH_CUDA_ARCH_LIST'] to specific architectures.
/workspace/verinf/prover/core.py:642: UserWarning: The given buffer is not writable, and PyTorch does not support non-writable tensors. This means you can write to the underlying (supposedly non-writable) buffer using the tensor. You may want to copy the buffer to protect its data or make it writable before converting it to a tensor. This type of warning will be suppressed for the rest of this program. (Triggered internally at /pytorch/torch/csrc/utils/tensor_new.cpp:1578.)
  return torch.frombuffer(bytes(master_seed), dtype=torch.uint8).cuda()
    active-only == dense reference: [[7, 10], [43, 50], [23, 34]]
  PASS test_active_only_output_matches_dense_reference
    ledger: 15 linear ids, 8 quads (= E*K+2T+2E+1, T*K+E)
  PASS test_constraint_count_matches_the_ledger
[sweep] op 1/1 (100%) elapsed=0.0m eta=0.0m cur=0.0GB
[sweep] op 1/1 (100%) elapsed=0.0m eta=0.0m cur=0.0GB
[sweep] op 1/1 (100%) elapsed=0.0m eta=0.0m cur=0.0GB
[sweep] op 1/1 (100%) elapsed=0.0m eta=0.0m cur=0.0GB
[sweep] op 1/1 (100%) elapsed=0.0m eta=0.0m cur=0.0GB
  [stream-sound] 5 rounds done; opened columns match committed leaves: True; W-block rows 0; W-ref False; Wnew rows 0; p3 rows 3; peak 0.00 GB
    honest routed matmul: ACCEPT (blocks=['blind', 'p1', 'p2', 'p3'])
  PASS test_honest_routed_matmul_verifies
[sweep] op 1/1 (100%) elapsed=0.0m eta=0.0m cur=0.0GB
[sweep] op 1/1 (100%) elapsed=0.0m eta=0.0m cur=0.0GB
[sweep] op 1/1 (100%) elapsed=0.0m eta=0.0m cur=0.0GB
[sweep] op 1/1 (100%) elapsed=0.0m eta=0.0m cur=0.0GB
[sweep] op 1/1 (100%) elapsed=0.0m eta=0.0m cur=0.0GB
  [stream-sound] 5 rounds done; opened columns match committed leaves: True; W-block rows 0; W-ref False; Wnew rows 0; p3 rows 3; peak 0.00 GB
    P not equal to W*rho: REJECT ok
  PASS test_lying_projection_rejects
[sweep] op 1/1 (100%) elapsed=0.0m eta=0.0m cur=0.0GB
[sweep] op 1/1 (100%) elapsed=0.0m eta=0.0m cur=0.0GB
[sweep] op 1/1 (100%) elapsed=0.0m eta=0.0m cur=0.0GB
[sweep] op 1/1 (100%) elapsed=0.0m eta=0.0m cur=0.0GB
[sweep] op 1/1 (100%) elapsed=0.0m eta=0.0m cur=0.0GB
  [stream-sound] 5 rounds done; opened columns match committed leaves: True; W-block rows 0; W-ref False; Wnew rows 0; p3 rows 3; peak 0.00 GB
    output served by the wrong expert (Q = M*P breaks): REJECT ok
  PASS test_route_not_matching_the_output_rejects
[sweep] op 1/1 (100%) elapsed=0.0m eta=0.0m cur=0.0GB
[sweep] op 1/1 (100%) elapsed=0.0m eta=0.0m cur=0.0GB
[sweep] op 1/1 (100%) elapsed=0.0m eta=0.0m cur=0.0GB
[sweep] op 1/1 (100%) elapsed=0.0m eta=0.0m cur=0.0GB
[sweep] op 1/1 (100%) elapsed=0.0m eta=0.0m cur=0.0GB
  [stream-sound] 5 rounds done; opened columns match committed leaves: True; W-block rows 0; W-ref False; Wnew rows 0; p3 rows 3; peak 0.00 GB
    wrong output (yr = Y*rho breaks): REJECT ok
  PASS test_wrong_output_rejects
=== 6 passed, 0 failed (of 6) ===
== gate: weight-cache
/workspace/verinf/prover/core.py:642: UserWarning: The given buffer is not writable, and PyTorch does not support non-writable tensors. This means you can write to the underlying (supposedly non-writable) buffer using the tensor. You may want to copy the buffer to protect its data or make it writable before converting it to a tensor. This type of warning will be suppressed for the rest of this program. (Triggered internally at /pytorch/torch/csrc/utils/tensor_new.cpp:1578.)
  return torch.frombuffer(bytes(master_seed), dtype=torch.uint8).cuda()
W0916 20:19:56.634000 5596 torch/utils/cpp_extension.py:2425] TORCH_CUDA_ARCH_LIST is not set, all archs for visible cards are included for compilation. 
W0916 20:19:56.634000 5596 torch/utils/cpp_extension.py:2425] If this is not desired, please set os.environ['TORCH_CUDA_ARCH_LIST'] to specific architectures.
[sweep] op 1/2 (50%) elapsed=0.0m eta=0.0m cur=0.0GB
[sweep] op 2/2 (100%) elapsed=0.0m eta=0.0m cur=0.0GB
[sweep] op 1/2 (50%) elapsed=0.0m eta=0.0m cur=0.0GB
[sweep] op 2/2 (100%) elapsed=0.0m eta=0.0m cur=0.0GB
[sweep] op 1/2 (50%) elapsed=0.0m eta=0.0m cur=0.0GB
[sweep] op 2/2 (100%) elapsed=0.0m eta=0.0m cur=0.0GB
[sweep] op 1/2 (50%) elapsed=0.0m eta=0.0m cur=0.0GB
[sweep] op 2/2 (100%) elapsed=0.0m eta=0.0m cur=0.0GB
[sweep] op 1/2 (50%) elapsed=0.0m eta=0.0m cur=0.0GB
[sweep] op 2/2 (100%) elapsed=0.0m eta=0.0m cur=0.0GB
  [stream-sound] 5 rounds done; opened columns match committed leaves: True; W-block rows 258; W-ref True; Wnew rows 0; p3 rows 48; peak 0.00 GB
[sweep] op 1/2 (50%) elapsed=0.0m eta=0.0m cur=0.0GB
[sweep] op 2/2 (100%) elapsed=0.0m eta=0.0m cur=0.0GB
[sweep] op 1/2 (50%) elapsed=0.0m eta=0.0m cur=0.0GB
[sweep] op 2/2 (100%) elapsed=0.0m eta=0.0m cur=0.0GB
[sweep] op 1/2 (50%) elapsed=0.0m eta=0.0m cur=0.0GB
[sweep] op 2/2 (100%) elapsed=0.0m eta=0.0m cur=0.0GB
[sweep] op 1/2 (50%) elapsed=0.0m eta=0.0m cur=0.0GB
[sweep] op 2/2 (100%) elapsed=0.0m eta=0.0m cur=0.0GB
[sweep] op 1/2 (50%) elapsed=0.0m eta=0.0m cur=0.0GB
[sweep] op 2/2 (100%) elapsed=0.0m eta=0.0m cur=0.0GB
  [stream-sound] 5 rounds done; opened columns match committed leaves: True; W-block rows 258; W-ref True; Wnew rows 0; p3 rows 48; peak 0.00 GB
  [weight-cache] 1 weights decoded once (0.0 GB packed, 0.0 GB pinned after the allocator's power-of-two rounding; host allocator reserved 0.0 GB), 10 resolutions served from the cache, 0 resolutions refused by the budget
    dense weight decodes per proof: uncached 11 -> cached 1; shard loads 896 on both arms
  PASS test_dense_weight_decoded_once_and_shards_never_cached
    packing: exact at the boundaries; int64 fallbacks exact; pinned sizes charged
  PASS test_pack_roundtrip_at_the_boundaries_and_the_charged_size
[sweep] op 1/2 (50%) elapsed=0.0m eta=0.0m cur=0.0GB
[sweep] op 2/2 (100%) elapsed=0.0m eta=0.0m cur=0.0GB
[sweep] op 1/2 (50%) elapsed=0.0m eta=0.0m cur=0.0GB
[sweep] op 2/2 (100%) elapsed=0.0m eta=0.0m cur=0.0GB
[sweep] op 1/2 (50%) elapsed=0.0m eta=0.0m cur=0.0GB
[sweep] op 2/2 (100%) elapsed=0.0m eta=0.0m cur=0.0GB
[sweep] op 1/2 (50%) elapsed=0.0m eta=0.0m cur=0.0GB
[sweep] op 2/2 (100%) elapsed=0.0m eta=0.0m cur=0.0GB
[sweep] op 1/2 (50%) elapsed=0.0m eta=0.0m cur=0.0GB
[sweep] op 2/2 (100%) elapsed=0.0m eta=0.0m cur=0.0GB
  [stream-sound] 5 rounds done; opened columns match committed leaves: True; W-block rows 258; W-ref True; Wnew rows 0; p3 rows 48; peak 0.00 GB
[sweep] op 1/2 (50%) elapsed=0.0m eta=0.0m cur=0.0GB
[sweep] op 2/2 (100%) elapsed=0.0m eta=0.0m cur=0.0GB
[sweep] op 1/2 (50%) elapsed=0.0m eta=0.0m cur=0.0GB
[sweep] op 2/2 (100%) elapsed=0.0m eta=0.0m cur=0.0GB
[sweep] op 1/2 (50%) elapsed=0.0m eta=0.0m cur=0.0GB
[sweep] op 2/2 (100%) elapsed=0.0m eta=0.0m cur=0.0GB
[sweep] op 1/2 (50%) elapsed=0.0m eta=0.0m cur=0.0GB
[sweep] op 2/2 (100%) elapsed=0.0m eta=0.0m cur=0.0GB
[sweep] op 1/2 (50%) elapsed=0.0m eta=0.0m cur=0.0GB
[sweep] op 2/2 (100%) elapsed=0.0m eta=0.0m cur=0.0GB
  [stream-sound] 5 rounds done; opened columns match committed leaves: True; W-block rows 258; W-ref True; Wnew rows 0; p3 rows 48; peak 0.00 GB
  [weight-cache] 1 weights decoded once (0.0 GB packed, 0.0 GB pinned after the allocator's power-of-two rounding; host allocator reserved 0.0 GB), 10 resolutions served from the cache, 0 resolutions refused by the budget
    cache off/on: 97009 proof bytes identical; Rust ACCEPT
  PASS test_weight_cache_is_byte_identical_and_accepts
[sweep] op 1/2 (50%) elapsed=0.0m eta=0.0m cur=0.0GB
    raise after the first store: cache released
  PASS test_weight_cache_released_when_the_prove_raises
[sweep] op 1/2 (50%) elapsed=0.0m eta=0.0m cur=0.0GB
[sweep] op 2/2 (100%) elapsed=0.0m eta=0.0m cur=0.0GB
[sweep] op 1/2 (50%) elapsed=0.0m eta=0.0m cur=0.0GB
[sweep] op 2/2 (100%) elapsed=0.0m eta=0.0m cur=0.0GB
[sweep] op 1/2 (50%) elapsed=0.0m eta=0.0m cur=0.0GB
[sweep] op 2/2 (100%) elapsed=0.0m eta=0.0m cur=0.0GB
[sweep] op 1/2 (50%) elapsed=0.0m eta=0.0m cur=0.0GB
[sweep] op 2/2 (100%) elapsed=0.0m eta=0.0m cur=0.0GB
[sweep] op 1/2 (50%) elapsed=0.0m eta=0.0m cur=0.0GB
[sweep] op 2/2 (100%) elapsed=0.0m eta=0.0m cur=0.0GB
  [stream-sound] 5 rounds done; opened columns match committed leaves: True; W-block rows 258; W-ref True; Wnew rows 0; p3 rows 48; peak 0.00 GB
[sweep] op 1/2 (50%) elapsed=0.0m eta=0.0m cur=0.0GB
[sweep] op 2/2 (100%) elapsed=0.0m eta=0.0m cur=0.0GB
[sweep] op 1/2 (50%) elapsed=0.0m eta=0.0m cur=0.0GB
[sweep] op 2/2 (100%) elapsed=0.0m eta=0.0m cur=0.0GB
[sweep] op 1/2 (50%) elapsed=0.0m eta=0.0m cur=0.0GB
[sweep] op 2/2 (100%) elapsed=0.0m eta=0.0m cur=0.0GB
[sweep] op 1/2 (50%) elapsed=0.0m eta=0.0m cur=0.0GB
[sweep] op 2/2 (100%) elapsed=0.0m eta=0.0m cur=0.0GB
[sweep] op 1/2 (50%) elapsed=0.0m eta=0.0m cur=0.0GB
[sweep] op 2/2 (100%) elapsed=0.0m eta=0.0m cur=0.0GB
  [stream-sound] 5 rounds done; opened columns match committed leaves: True; W-block rows 258; W-ref True; Wnew rows 0; p3 rows 48; peak 0.00 GB
  [weight-cache] 0 weights decoded once (0.0 GB packed, 0.0 GB pinned after the allocator's power-of-two rounding; host allocator reserved 0.0 GB), 0 resolutions served from the cache, 11 resolutions refused by the budget
    zero budget: 11 decodes, bytes identical
  PASS test_zero_budget_falls_back_to_the_loader
=== 5 passed, 0 failed (of 5) ===
== gate: toy-ab
/workspace/verinf/prover/core.py:642: UserWarning: The given buffer is not writable, and PyTorch does not support non-writable tensors. This means you can write to the underlying (supposedly non-writable) buffer using the tensor. You may want to copy the buffer to protect its data or make it writable before converting it to a tensor. This type of warning will be suppressed for the rest of this program. (Triggered internally at /pytorch/torch/csrc/utils/tensor_new.cpp:1578.)
  return torch.frombuffer(bytes(master_seed), dtype=torch.uint8).cuda()
W0916 20:20:01.302000 5699 torch/utils/cpp_extension.py:2425] TORCH_CUDA_ARCH_LIST is not set, all archs for visible cards are included for compilation. 
W0916 20:20:01.302000 5699 torch/utils/cpp_extension.py:2425] If this is not desired, please set os.environ['TORCH_CUDA_ARCH_LIST'] to specific architectures.

=== routed-output cache OFF ===
[sweep] op 1/1 (100%) elapsed=0.0m eta=0.0m cur=0.0GB
[sweep] op 1/1 (100%) elapsed=0.0m eta=0.0m cur=0.0GB
[sweep] op 1/1 (100%) elapsed=0.0m eta=0.0m cur=0.0GB
[sweep] op 1/1 (100%) elapsed=0.0m eta=0.0m cur=0.0GB
[sweep] op 1/1 (100%) elapsed=0.0m eta=0.0m cur=0.0GB
  [stream-sound] 5 rounds done; opened columns match committed leaves: True; W-block rows 256; W-ref True; Wnew rows 0; p3 rows 48; peak 0.00 GB
  [sweep] per-sweep breakdown (LIGERO_SWEEP_TIMING; cuda-synced seconds, so an instrumented wall; fetch = whole loader calls — storage read, decode and transfer together — taken out of the bucket they ran in; load_GB = decoded field bytes the loaders returned, not packed or disk bytes):
    sweep          wall   witness     fetch       aux   compile    encode    merkle fold_qirs fold_qlin      cols      quad     loads   load_GB  cache_rd  cache_wr routed_rd routed_wr      proj
    R1              0.1       0.1       0.0       0.0       0.0       0.0       0.0       0.0       0.0       0.0       0.0       128      0.00         0         0         0         0         0
              loader calls by kind: shard 0.0 s / 128
    R2              0.0       0.0       0.0       0.0       0.0       0.0       0.0       0.0       0.0       0.0       0.0       128      0.00         0         0         0         0         1
              loader calls by kind: shard 0.0 s / 128
    R3              0.0       0.0       0.0       0.0       0.0       0.0       0.0       0.0       0.0       0.0       0.0       128      0.00         0         0         0         0         0
              loader calls by kind: shard 0.0 s / 128
    fold            0.1       0.0       0.0       0.0       0.0       0.0       0.0       0.0       0.0       0.0       0.0       256      0.00         0         0         0         0         0
              loader calls by kind: shard 0.0 s / 256
    open            0.0       0.0       0.0       0.0       0.0       0.0       0.0       0.0       0.0       0.0       0.0       256      0.00         0         0         0         0         0
              loader calls by kind: shard 0.0 s / 256
    ALL             0.3       0.2       0.0       0.0       0.0       0.0       0.0       0.0       0.0       0.0       0.0       896      0.00         0         0         0         0         1
              loader calls by kind: shard 0.0 s / 896
    proof wall 0.3s; sweeps 0.3s; outside the sweeps 0.0s with 0 loader calls (0.00 GB); first fill (cache_w in R1) 0.0s
    shard loads in prove: 896; projections: 1; peak resident shards: 1

=== routed-output cache ON ===
[sweep] op 1/1 (100%) elapsed=0.0m eta=0.0m cur=0.0GB
[sweep] op 1/1 (100%) elapsed=0.0m eta=0.0m cur=0.0GB
[sweep] op 1/1 (100%) elapsed=0.0m eta=0.0m cur=0.0GB
[sweep] op 1/1 (100%) elapsed=0.0m eta=0.0m cur=0.0GB
[sweep] op 1/1 (100%) elapsed=0.0m eta=0.0m cur=0.0GB
  [stream-sound] 5 rounds done; opened columns match committed leaves: True; W-block rows 256; W-ref True; Wnew rows 0; p3 rows 48; peak 0.00 GB
  [sweep] per-sweep breakdown (LIGERO_SWEEP_TIMING; cuda-synced seconds, so an instrumented wall; fetch = whole loader calls — storage read, decode and transfer together — taken out of the bucket they ran in; load_GB = decoded field bytes the loaders returned, not packed or disk bytes):
    sweep          wall   witness     fetch       aux   compile    encode    merkle fold_qirs fold_qlin      cols      quad   cache_r   cache_w     loads   load_GB  cache_rd  cache_wr routed_rd routed_wr      proj
    R1              0.0       0.0       0.0       0.0       0.0       0.0       0.0       0.0       0.0       0.0       0.0       0.0       0.0       128      0.00         0         0         0         1         0
              loader calls by kind: shard 0.0 s / 128
    R2              0.0       0.0       0.0       0.0       0.0       0.0       0.0       0.0       0.0       0.0       0.0       0.0       0.0       128      0.00         0         0         1         0         1
              loader calls by kind: shard 0.0 s / 128
    R3              0.0       0.0       0.0       0.0       0.0       0.0       0.0       0.0       0.0       0.0       0.0       0.0       0.0         0      0.00         0         0         1         0         0
    fold            0.0       0.0       0.0       0.0       0.0       0.0       0.0       0.0       0.0       0.0       0.0       0.0       0.0       128      0.00         0         0         1         0         0
              loader calls by kind: shard 0.0 s / 128
    open            0.0       0.0       0.0       0.0       0.0       0.0       0.0       0.0       0.0       0.0       0.0       0.0       0.0       128      0.00         0         0         1         0         0
              loader calls by kind: shard 0.0 s / 128
    ALL             0.1       0.0       0.0       0.0       0.0       0.0       0.0       0.0       0.0       0.0       0.0       0.0       0.0       512      0.00         0         0         4         1         1
              loader calls by kind: shard 0.0 s / 512
    proof wall 0.1s; sweeps 0.1s; outside the sweeps 0.0s with 0 loader calls (0.00 GB); first fill (cache_w in R1) 0.0s
    shard loads in prove: 512; projections: 1; peak resident shards: 1

shard loads per proof: uncached 896 -> cached 512 (saved 384; three passes of 128 = 384)
per sweep (label, loads, routed_rd, routed_wr, proj):
    R1    off (128, 0, 0, 0)  on (128, 0, 1, 0)
    R2    off (128, 0, 0, 1)  on (128, 1, 0, 1)
    R3    off (128, 0, 0, 0)  on (0, 1, 0, 0)
    fold  off (256, 0, 0, 0)  on (128, 1, 0, 0)
    open  off (256, 0, 0, 0)  on (128, 1, 0, 0)
ab_routed_cache: counts as expected
== gate: driver-small
[instrumented_prove] RESEARCH TIMING RUN — not a production proof: no admission gate, in-process throwaway enrollment, Sz discovered by a reveal pass
[instrumented_prove] geometry ELL=8192 K_DEG=16384 N_LIG=65536 T_QUERIES=54 (pinned)
[instrumented_prove] flags: witness cache on, host spill off, disk spill off, routed-output cache off, decoded-weight cache off, group memo on, per-sweep table ON, phase timing on
[instrumented_prove] layers=2 E=128 T=4 V=202048 T_QUERIES=54 (ELL=8192 K_DEG=16384 N_LIG=65536)
[maverick-full] input bound: all 4 tokens hidden (2 prompt + 2 continuation)
W0916 20:20:15.895000 5781 torch/utils/cpp_extension.py:2425] TORCH_CUDA_ARCH_LIST is not set, all archs for visible cards are included for compilation. 
W0916 20:20:15.895000 5781 torch/utils/cpp_extension.py:2425] If this is not desired, please set os.environ['TORCH_CUDA_ARCH_LIST'] to specific architectures.
/workspace/verinf/demo/demo_maverick_block.py:124: UserWarning: The given NumPy array is not writable, and PyTorch does not support non-writable tensors. This means writing to this tensor will result in undefined behavior. You may want to copy the array to protect its data or make it writable before converting it to a tensor. This type of warning will be suppressed for the rest of this program. (Triggered internally at /pytorch/torch/csrc/utils/tensor_numpy.cpp:203.)
  w = kquant_to_field(torch.from_numpy(
W0916 20:20:15.938000 5781 torch/utils/cpp_extension.py:2425] TORCH_CUDA_ARCH_LIST is not set, all archs for visible cards are included for compilation. 
W0916 20:20:15.938000 5781 torch/utils/cpp_extension.py:2425] If this is not desired, please set os.environ['TORCH_CUDA_ARCH_LIST'] to specific architectures.
[maverick-full] layer 0 built (dense, rope=True) — 28 claims so far
[maverick-full] layer 1 built (moe E=128, rope=True) — 68 claims so far
[maverick-full] LM head from output.weight (untied)
[maverick-full] UI claim over 2 continuation positions; 82 claims total
[instrumented_prove] build 18.0s, 82 claims
/workspace/verinf/prover/core.py:642: UserWarning: The given buffer is not writable, and PyTorch does not support non-writable tensors. This means you can write to the underlying (supposedly non-writable) buffer using the tensor. You may want to copy the buffer to protect its data or make it writable before converting it to a tensor. This type of warning will be suppressed for the rest of this program. (Triggered internally at /pytorch/torch/csrc/utils/tensor_new.cpp:1578.)
  return torch.frombuffer(bytes(master_seed), dtype=torch.uint8).cuda()
[instrumented_prove] enrolled 2290400 weight rows in 37.9s (root 3cecc0db6624a0a6…, throwaway)
[instrumented_prove] reveal engine pass 5.3s: Sz=398108 -> 70.1109 bits/token over 2 positions (pinned as the public bound)
[sweep] op 1/106 (1%) elapsed=0.0m eta=0.0m cur=2.7GB
[sweep] op 3/106 (3%) elapsed=0.0m eta=0.0m cur=2.7GB
[sweep] op 5/106 (5%) elapsed=0.0m eta=0.0m cur=2.7GB
[sweep] op 7/106 (7%) elapsed=0.0m eta=0.0m cur=2.6GB
[sweep] op 9/106 (8%) elapsed=0.0m eta=0.0m cur=2.6GB
[sweep] op 11/106 (10%) elapsed=0.0m eta=0.1m cur=2.4GB
[sweep] op 13/106 (12%) elapsed=0.0m eta=0.1m cur=2.4GB
[sweep] op 15/106 (14%) elapsed=0.0m eta=0.1m cur=2.4GB
[sweep] op 17/106 (16%) elapsed=0.0m eta=0.1m cur=2.4GB
[sweep] op 19/106 (18%) elapsed=0.0m eta=0.1m cur=2.4GB
[sweep] op 21/106 (20%) elapsed=0.0m eta=0.1m cur=2.4GB
[sweep] op 23/106 (22%) elapsed=0.0m eta=0.1m cur=3.1GB
[sweep] op 25/106 (24%) elapsed=0.0m eta=0.0m cur=2.5GB
[sweep] op 27/106 (25%) elapsed=0.0m eta=0.0m cur=3.1GB
[sweep] op 29/106 (27%) elapsed=0.0m eta=0.0m cur=2.4GB
[sweep] op 31/106 (29%) elapsed=0.0m eta=0.0m cur=2.4GB
[sweep] op 33/106 (31%) elapsed=0.0m eta=0.1m cur=2.5GB
[sweep] op 35/106 (33%) elapsed=0.0m eta=0.0m cur=2.4GB
[sweep] op 37/106 (35%) elapsed=0.0m eta=0.0m cur=2.4GB
[sweep] op 39/106 (37%) elapsed=0.0m eta=0.0m cur=2.4GB
[sweep] op 41/106 (39%) elapsed=0.0m eta=0.0m cur=2.4GB
[sweep] op 43/106 (41%) elapsed=0.0m eta=0.0m cur=2.4GB
[sweep] op 45/106 (42%) elapsed=0.1m eta=0.1m cur=2.6GB
[sweep] op 47/106 (44%) elapsed=0.1m eta=0.1m cur=2.6GB
[sweep] op 49/106 (46%) elapsed=0.1m eta=0.1m cur=2.6GB
[sweep] op 51/106 (48%) elapsed=0.1m eta=0.1m cur=2.6GB
[sweep] op 53/106 (50%) elapsed=0.1m eta=0.1m cur=2.6GB
[sweep] op 55/106 (52%) elapsed=0.1m eta=0.1m cur=2.6GB
[sweep] op 57/106 (54%) elapsed=0.1m eta=0.1m cur=2.6GB
[sweep] op 59/106 (56%) elapsed=0.1m eta=0.1m cur=2.6GB
[sweep] op 61/106 (58%) elapsed=0.1m eta=0.1m cur=2.6GB
[sweep] op 63/106 (59%) elapsed=0.1m eta=0.1m cur=2.7GB
[sweep] op 65/106 (61%) elapsed=0.1m eta=0.1m cur=2.6GB
[sweep] op 67/106 (63%) elapsed=0.1m eta=0.0m cur=2.6GB
[sweep] op 69/106 (65%) elapsed=0.1m eta=0.0m cur=2.6GB
[sweep] op 71/106 (67%) elapsed=0.1m eta=0.0m cur=2.6GB
[sweep] op 73/106 (69%) elapsed=0.1m eta=0.0m cur=2.7GB
[sweep] op 75/106 (71%) elapsed=0.1m eta=0.0m cur=2.6GB
[sweep] op 77/106 (73%) elapsed=0.1m eta=0.0m cur=2.6GB
[sweep] op 79/106 (75%) elapsed=0.1m eta=0.0m cur=2.6GB
[sweep] op 81/106 (76%) elapsed=0.1m eta=0.0m cur=2.6GB
[sweep] op 83/106 (78%) elapsed=0.1m eta=0.0m cur=2.6GB
[sweep] op 85/106 (80%) elapsed=0.1m eta=0.0m cur=2.6GB
[sweep] op 87/106 (82%) elapsed=0.1m eta=0.0m cur=2.6GB
[sweep] op 89/106 (84%) elapsed=0.1m eta=0.0m cur=2.6GB
[sweep] op 91/106 (86%) elapsed=0.1m eta=0.0m cur=3.1GB
[sweep] op 93/106 (88%) elapsed=0.1m eta=0.0m cur=2.6GB
[sweep] op 95/106 (90%) elapsed=0.1m eta=0.0m cur=2.6GB
[sweep] op 97/106 (92%) elapsed=0.1m eta=0.0m cur=2.6GB
[sweep] op 99/106 (93%) elapsed=0.1m eta=0.0m cur=2.6GB
[sweep] op 101/106 (95%) elapsed=0.1m eta=0.0m cur=2.6GB
[sweep] op 103/106 (97%) elapsed=0.1m eta=0.0m cur=2.6GB
[sweep] op 105/106 (99%) elapsed=0.1m eta=0.0m cur=2.6GB
[sweep] op 106/106 (100%) elapsed=0.1m eta=0.0m cur=2.6GB
[sweep] op 1/106 (1%) elapsed=0.0m eta=0.0m cur=2.7GB
[sweep] op 3/106 (3%) elapsed=0.0m eta=0.0m cur=2.7GB
[sweep] op 5/106 (5%) elapsed=0.0m eta=0.0m cur=2.8GB
[sweep] op 7/106 (7%) elapsed=0.0m eta=0.1m cur=2.7GB
[sweep] op 9/106 (8%) elapsed=0.0m eta=0.0m cur=2.7GB
[sweep] op 11/106 (10%) elapsed=0.0m eta=0.1m cur=2.6GB
[sweep] op 13/106 (12%) elapsed=0.0m eta=0.1m cur=2.6GB
[sweep] op 15/106 (14%) elapsed=0.0m eta=0.1m cur=2.6GB
[sweep] op 17/106 (16%) elapsed=0.0m eta=0.1m cur=2.6GB
[sweep] op 19/106 (18%) elapsed=0.0m eta=0.1m cur=2.6GB
[sweep] op 21/106 (20%) elapsed=0.0m eta=0.1m cur=2.5GB
[sweep] op 23/106 (22%) elapsed=0.0m eta=0.1m cur=3.9GB
[sweep] op 25/106 (24%) elapsed=0.0m eta=0.1m cur=2.6GB
[sweep] op 27/106 (25%) elapsed=0.0m eta=0.1m cur=3.9GB
[sweep] op 29/106 (27%) elapsed=0.0m eta=0.1m cur=2.6GB
[sweep] op 31/106 (29%) elapsed=0.0m eta=0.1m cur=2.6GB
[sweep] op 33/106 (31%) elapsed=0.0m eta=0.1m cur=2.6GB
[sweep] op 35/106 (33%) elapsed=0.0m eta=0.1m cur=2.6GB
[sweep] op 37/106 (35%) elapsed=0.0m eta=0.1m cur=2.6GB
[sweep] op 39/106 (37%) elapsed=0.0m eta=0.1m cur=2.5GB
[sweep] op 41/106 (39%) elapsed=0.0m eta=0.1m cur=2.5GB
[sweep] op 43/106 (41%) elapsed=0.0m eta=0.0m cur=2.5GB
[sweep] op 45/106 (42%) elapsed=0.1m eta=0.1m cur=2.7GB
[sweep] op 47/106 (44%) elapsed=0.1m eta=0.1m cur=2.7GB
[sweep] op 49/106 (46%) elapsed=0.1m eta=0.1m cur=2.7GB
[sweep] op 51/106 (48%) elapsed=0.1m eta=0.1m cur=2.7GB
[sweep] op 53/106 (50%) elapsed=0.1m eta=0.1m cur=2.7GB
[sweep] op 55/106 (52%) elapsed=0.1m eta=0.1m cur=2.7GB
[sweep] op 57/106 (54%) elapsed=0.1m eta=0.1m cur=2.7GB
[sweep] op 59/106 (56%) elapsed=0.1m eta=0.1m cur=2.7GB
[sweep] op 61/106 (58%) elapsed=0.1m eta=0.1m cur=2.7GB
[sweep] op 63/106 (59%) elapsed=0.1m eta=0.1m cur=2.8GB
[sweep] op 65/106 (61%) elapsed=0.1m eta=0.1m cur=2.8GB
[sweep] op 67/106 (63%) elapsed=0.1m eta=0.1m cur=2.7GB
[sweep] op 69/106 (65%) elapsed=0.1m eta=0.1m cur=2.7GB
[sweep] op 71/106 (67%) elapsed=0.1m eta=0.1m cur=2.7GB
[sweep] op 73/106 (69%) elapsed=0.1m eta=0.1m cur=2.8GB
[sweep] op 75/106 (71%) elapsed=0.1m eta=0.1m cur=2.9GB
[sweep] op 77/106 (73%) elapsed=0.1m eta=0.1m cur=2.7GB
[sweep] op 79/106 (75%) elapsed=0.1m eta=0.0m cur=2.7GB
[sweep] op 81/106 (76%) elapsed=0.1m eta=0.0m cur=2.7GB
[sweep] op 83/106 (78%) elapsed=0.1m eta=0.0m cur=2.7GB
[sweep] op 85/106 (80%) elapsed=0.1m eta=0.0m cur=2.7GB
[sweep] op 87/106 (82%) elapsed=0.1m eta=0.0m cur=2.7GB
[sweep] op 89/106 (84%) elapsed=0.1m eta=0.0m cur=2.8GB
[sweep] op 91/106 (86%) elapsed=0.1m eta=0.0m cur=3.3GB
[sweep] op 93/106 (88%) elapsed=0.1m eta=0.0m cur=2.8GB
[sweep] op 95/106 (90%) elapsed=0.2m eta=0.0m cur=2.8GB
[sweep] op 97/106 (92%) elapsed=0.2m eta=0.0m cur=2.7GB
[sweep] op 99/106 (93%) elapsed=0.2m eta=0.0m cur=2.7GB
[sweep] op 101/106 (95%) elapsed=0.2m eta=0.0m cur=2.7GB
[sweep] op 103/106 (97%) elapsed=0.2m eta=0.0m cur=2.8GB
[sweep] op 105/106 (99%) elapsed=0.2m eta=0.0m cur=2.7GB
[sweep] op 106/106 (100%) elapsed=0.2m eta=0.0m cur=2.7GB
[sweep] op 1/106 (1%) elapsed=0.0m eta=0.0m cur=2.7GB
[sweep] op 3/106 (3%) elapsed=0.0m eta=0.0m cur=2.7GB
[sweep] op 5/106 (5%) elapsed=0.0m eta=0.0m cur=2.7GB
[sweep] op 7/106 (7%) elapsed=0.0m eta=0.1m cur=2.7GB
[sweep] op 9/106 (8%) elapsed=0.0m eta=0.0m cur=2.7GB
[sweep] op 11/106 (10%) elapsed=0.0m eta=0.1m cur=2.5GB
[sweep] op 13/106 (12%) elapsed=0.0m eta=0.1m cur=2.5GB
[sweep] op 15/106 (14%) elapsed=0.0m eta=0.1m cur=2.5GB
[sweep] op 17/106 (16%) elapsed=0.0m eta=0.1m cur=2.5GB
[sweep] op 19/106 (18%) elapsed=0.0m eta=0.1m cur=2.5GB
[sweep] op 21/106 (20%) elapsed=0.0m eta=0.1m cur=2.5GB
[sweep] op 23/106 (22%) elapsed=0.0m eta=0.1m cur=3.9GB
[sweep] op 25/106 (24%) elapsed=0.0m eta=0.0m cur=2.5GB
[sweep] op 27/106 (25%) elapsed=0.0m eta=0.0m cur=3.9GB
[sweep] op 29/106 (27%) elapsed=0.0m eta=0.0m cur=2.5GB
[sweep] op 31/106 (29%) elapsed=0.0m eta=0.0m cur=2.5GB
[sweep] op 33/106 (31%) elapsed=0.0m eta=0.1m cur=2.5GB
[sweep] op 35/106 (33%) elapsed=0.0m eta=0.1m cur=2.5GB
[sweep] op 37/106 (35%) elapsed=0.0m eta=0.0m cur=2.5GB
[sweep] op 39/106 (37%) elapsed=0.0m eta=0.0m cur=2.5GB
[sweep] op 41/106 (39%) elapsed=0.0m eta=0.0m cur=2.5GB
[sweep] op 43/106 (41%) elapsed=0.0m eta=0.0m cur=2.5GB
[sweep] op 45/106 (42%) elapsed=0.1m eta=0.1m cur=2.7GB
[sweep] op 47/106 (44%) elapsed=0.1m eta=0.1m cur=2.7GB
[sweep] op 49/106 (46%) elapsed=0.1m eta=0.1m cur=2.7GB
[sweep] op 51/106 (48%) elapsed=0.1m eta=0.1m cur=2.7GB
[sweep] op 53/106 (50%) elapsed=0.1m eta=0.1m cur=2.7GB
[sweep] op 55/106 (52%) elapsed=0.1m eta=0.1m cur=2.7GB
[sweep] op 57/106 (54%) elapsed=0.1m eta=0.1m cur=2.7GB
[sweep] op 59/106 (56%) elapsed=0.1m eta=0.1m cur=2.7GB
[sweep] op 61/106 (58%) elapsed=0.1m eta=0.1m cur=2.7GB
[sweep] op 63/106 (59%) elapsed=0.1m eta=0.1m cur=2.7GB
[sweep] op 65/106 (61%) elapsed=0.1m eta=0.1m cur=2.7GB
[sweep] op 67/106 (63%) elapsed=0.1m eta=0.0m cur=2.7GB
[sweep] op 69/106 (65%) elapsed=0.1m eta=0.0m cur=2.7GB
[sweep] op 71/106 (67%) elapsed=0.1m eta=0.0m cur=2.7GB
[sweep] op 73/106 (69%) elapsed=0.1m eta=0.0m cur=2.7GB
[sweep] op 75/106 (71%) elapsed=0.1m eta=0.0m cur=2.7GB
[sweep] op 77/106 (73%) elapsed=0.1m eta=0.0m cur=2.7GB
[sweep] op 79/106 (75%) elapsed=0.1m eta=0.0m cur=2.7GB
[sweep] op 81/106 (76%) elapsed=0.1m eta=0.0m cur=2.7GB
[sweep] op 83/106 (78%) elapsed=0.1m eta=0.0m cur=2.7GB
[sweep] op 85/106 (80%) elapsed=0.1m eta=0.0m cur=2.7GB
[sweep] op 87/106 (82%) elapsed=0.1m eta=0.0m cur=2.7GB
[sweep] op 89/106 (84%) elapsed=0.1m eta=0.0m cur=2.7GB
[sweep] op 91/106 (86%) elapsed=0.1m eta=0.0m cur=2.7GB
[sweep] op 93/106 (88%) elapsed=0.1m eta=0.0m cur=2.7GB
[sweep] op 95/106 (90%) elapsed=0.1m eta=0.0m cur=2.7GB
[sweep] op 97/106 (92%) elapsed=0.1m eta=0.0m cur=2.7GB
[sweep] op 99/106 (93%) elapsed=0.1m eta=0.0m cur=2.7GB
[sweep] op 101/106 (95%) elapsed=0.1m eta=0.0m cur=2.7GB
[sweep] op 103/106 (97%) elapsed=0.1m eta=0.0m cur=2.7GB
[sweep] op 105/106 (99%) elapsed=0.1m eta=0.0m cur=2.7GB
[sweep] op 106/106 (100%) elapsed=0.1m eta=0.0m cur=2.7GB
[sweep] op 1/106 (1%) elapsed=0.0m eta=0.0m cur=3.4GB
[sweep] op 3/106 (3%) elapsed=0.0m eta=0.2m cur=3.5GB
[sweep] op 5/106 (5%) elapsed=0.0m eta=0.2m cur=3.5GB
[sweep] op 7/106 (7%) elapsed=0.0m eta=0.7m cur=3.4GB
[sweep] op 9/106 (8%) elapsed=0.0m eta=0.5m cur=3.4GB
[sweep] op 11/106 (10%) elapsed=0.1m eta=0.5m cur=3.3GB
[sweep] op 13/106 (12%) elapsed=0.1m eta=0.5m cur=3.3GB
[sweep] op 15/106 (14%) elapsed=0.1m eta=0.4m cur=3.3GB
[sweep] op 17/106 (16%) elapsed=0.1m eta=0.4m cur=3.3GB
[sweep] op 19/106 (18%) elapsed=0.1m eta=0.3m cur=3.3GB
[sweep] op 21/106 (20%) elapsed=0.1m eta=0.3m cur=3.3GB
[sweep] op 23/106 (22%) elapsed=0.1m eta=0.3m cur=4.6GB
[sweep] op 25/106 (24%) elapsed=0.1m eta=0.3m cur=3.3GB
[sweep] op 27/106 (25%) elapsed=0.1m eta=0.2m cur=4.6GB
[sweep] op 29/106 (27%) elapsed=0.1m eta=0.2m cur=3.3GB
[sweep] op 31/106 (29%) elapsed=0.1m eta=0.2m cur=3.3GB
[sweep] op 33/106 (31%) elapsed=0.1m eta=0.2m cur=3.3GB
[sweep] op 35/106 (33%) elapsed=0.1m eta=0.2m cur=3.3GB
[sweep] op 37/106 (35%) elapsed=0.1m eta=0.2m cur=3.3GB
[sweep] op 39/106 (37%) elapsed=0.1m eta=0.2m cur=3.3GB
[sweep] op 41/106 (39%) elapsed=0.1m eta=0.2m cur=3.3GB
[sweep] op 43/106 (41%) elapsed=0.1m eta=0.2m cur=3.3GB
[sweep] op 45/106 (42%) elapsed=0.2m eta=0.2m cur=3.4GB
[sweep] op 47/106 (44%) elapsed=0.2m eta=0.2m cur=3.4GB
[sweep] op 49/106 (46%) elapsed=0.2m eta=0.2m cur=3.4GB
[sweep] op 51/106 (48%) elapsed=0.2m eta=0.2m cur=3.4GB
[sweep] op 53/106 (50%) elapsed=0.2m eta=0.2m cur=3.4GB
[sweep] op 55/106 (52%) elapsed=0.4m eta=0.3m cur=3.5GB
[sweep] op 57/106 (54%) elapsed=0.5m eta=0.5m cur=3.5GB
[sweep] op 59/106 (56%) elapsed=0.5m eta=0.4m cur=3.5GB
[sweep] op 61/106 (58%) elapsed=0.7m eta=0.5m cur=3.5GB
[sweep] op 63/106 (59%) elapsed=0.7m eta=0.5m cur=3.5GB
[sweep] op 65/106 (61%) elapsed=0.7m eta=0.5m cur=3.5GB
[sweep] op 67/106 (63%) elapsed=0.7m eta=0.4m cur=3.5GB
[sweep] op 69/106 (65%) elapsed=0.7m eta=0.4m cur=3.5GB
[sweep] op 71/106 (67%) elapsed=0.7m eta=0.4m cur=3.5GB
[sweep] op 73/106 (69%) elapsed=0.8m eta=0.3m cur=3.5GB
[sweep] op 75/106 (71%) elapsed=0.8m eta=0.3m cur=3.5GB
[sweep] op 77/106 (73%) elapsed=0.8m eta=0.3m cur=3.5GB
[sweep] op 79/106 (75%) elapsed=0.8m eta=0.3m cur=3.5GB
[sweep] op 81/106 (76%) elapsed=0.8m eta=0.2m cur=3.5GB
[sweep] op 83/106 (78%) elapsed=0.8m eta=0.2m cur=3.5GB
[sweep] op 85/106 (80%) elapsed=0.8m eta=0.2m cur=3.5GB
[sweep] op 87/106 (82%) elapsed=0.8m eta=0.2m cur=3.5GB
[sweep] op 89/106 (84%) elapsed=0.8m eta=0.1m cur=3.5GB
[sweep] op 91/106 (86%) elapsed=0.8m eta=0.1m cur=3.5GB
[sweep] op 93/106 (88%) elapsed=0.8m eta=0.1m cur=3.5GB
[sweep] op 95/106 (90%) elapsed=0.8m eta=0.1m cur=3.5GB
[sweep] op 97/106 (92%) elapsed=0.8m eta=0.1m cur=3.5GB
[sweep] op 99/106 (93%) elapsed=0.8m eta=0.1m cur=3.5GB
[sweep] op 101/106 (95%) elapsed=0.8m eta=0.0m cur=3.5GB
[sweep] op 103/106 (97%) elapsed=0.8m eta=0.0m cur=3.5GB
[sweep] op 105/106 (99%) elapsed=0.8m eta=0.0m cur=3.5GB
[sweep] op 106/106 (100%) elapsed=0.8m eta=0.0m cur=3.5GB
[sweep] op 1/106 (1%) elapsed=0.0m eta=0.0m cur=3.5GB
[sweep] op 3/106 (3%) elapsed=0.0m eta=0.0m cur=3.5GB
[sweep] op 5/106 (5%) elapsed=0.0m eta=0.0m cur=3.5GB
[sweep] op 7/106 (7%) elapsed=0.0m eta=0.5m cur=3.5GB
[sweep] op 9/106 (8%) elapsed=0.0m eta=0.4m cur=3.5GB
[sweep] op 11/106 (10%) elapsed=0.0m eta=0.4m cur=3.3GB
[sweep] op 13/106 (12%) elapsed=0.0m eta=0.4m cur=3.3GB
[sweep] op 15/106 (14%) elapsed=0.0m eta=0.3m cur=3.3GB
[sweep] op 17/106 (16%) elapsed=0.1m eta=0.3m cur=3.3GB
[sweep] op 19/106 (18%) elapsed=0.1m eta=0.2m cur=3.3GB
[sweep] op 21/106 (20%) elapsed=0.1m eta=0.2m cur=3.3GB
[sweep] op 23/106 (22%) elapsed=0.1m eta=0.2m cur=4.6GB
[sweep] op 25/106 (24%) elapsed=0.1m eta=0.2m cur=3.3GB
[sweep] op 27/106 (25%) elapsed=0.1m eta=0.2m cur=4.6GB
[sweep] op 29/106 (27%) elapsed=0.1m eta=0.2m cur=3.3GB
[sweep] op 31/106 (29%) elapsed=0.1m eta=0.2m cur=3.3GB
[sweep] op 33/106 (31%) elapsed=0.1m eta=0.2m cur=3.3GB
[sweep] op 35/106 (33%) elapsed=0.1m eta=0.2m cur=3.3GB
[sweep] op 37/106 (35%) elapsed=0.1m eta=0.1m cur=3.3GB
[sweep] op 39/106 (37%) elapsed=0.1m eta=0.1m cur=3.3GB
[sweep] op 41/106 (39%) elapsed=0.1m eta=0.1m cur=3.3GB
[sweep] op 43/106 (41%) elapsed=0.1m eta=0.1m cur=3.3GB
[sweep] op 45/106 (42%) elapsed=0.1m eta=0.2m cur=3.5GB
[sweep] op 47/106 (44%) elapsed=0.1m eta=0.2m cur=3.5GB
[sweep] op 49/106 (46%) elapsed=0.1m eta=0.2m cur=3.5GB
[sweep] op 51/106 (48%) elapsed=0.1m eta=0.1m cur=3.5GB
[sweep] op 53/106 (50%) elapsed=0.1m eta=0.1m cur=3.5GB
[sweep] op 55/106 (52%) elapsed=0.3m eta=0.3m cur=3.5GB
[sweep] op 57/106 (54%) elapsed=0.5m eta=0.4m cur=3.5GB
[sweep] op 59/106 (56%) elapsed=0.5m eta=0.4m cur=3.5GB
[sweep] op 61/106 (58%) elapsed=0.6m eta=0.4m cur=3.5GB
[sweep] op 63/106 (59%) elapsed=0.6m eta=0.4m cur=3.5GB
[sweep] op 65/106 (61%) elapsed=0.6m eta=0.4m cur=3.5GB
[sweep] op 67/106 (63%) elapsed=0.6m eta=0.4m cur=3.5GB
[sweep] op 69/106 (65%) elapsed=0.6m eta=0.3m cur=3.5GB
[sweep] op 71/106 (67%) elapsed=0.6m eta=0.3m cur=3.5GB
[sweep] op 73/106 (69%) elapsed=0.7m eta=0.3m cur=3.5GB
[sweep] op 75/106 (71%) elapsed=0.7m eta=0.3m cur=3.5GB
[sweep] op 77/106 (73%) elapsed=0.7m eta=0.2m cur=3.5GB
[sweep] op 79/106 (75%) elapsed=0.7m eta=0.2m cur=3.5GB
[sweep] op 81/106 (76%) elapsed=0.7m eta=0.2m cur=3.5GB
[sweep] op 83/106 (78%) elapsed=0.7m eta=0.2m cur=3.5GB
[sweep] op 85/106 (80%) elapsed=0.7m eta=0.2m cur=3.5GB
[sweep] op 87/106 (82%) elapsed=0.7m eta=0.1m cur=3.5GB
[sweep] op 89/106 (84%) elapsed=0.7m eta=0.1m cur=3.5GB
[sweep] op 91/106 (86%) elapsed=0.7m eta=0.1m cur=3.5GB
[sweep] op 93/106 (88%) elapsed=0.7m eta=0.1m cur=3.5GB
[sweep] op 95/106 (90%) elapsed=0.7m eta=0.1m cur=3.5GB
[sweep] op 97/106 (92%) elapsed=0.7m eta=0.1m cur=3.5GB
[sweep] op 99/106 (93%) elapsed=0.7m eta=0.0m cur=3.5GB
[sweep] op 101/106 (95%) elapsed=0.7m eta=0.0m cur=3.5GB
[sweep] op 103/106 (97%) elapsed=0.7m eta=0.0m cur=3.5GB
[sweep] op 105/106 (99%) elapsed=0.7m eta=0.0m cur=3.5GB
[sweep] op 106/106 (100%) elapsed=0.7m eta=0.0m cur=3.5GB
  [stream-sound] 5 rounds done; opened columns match committed leaves: True; W-block rows 2290400; W-ref True; Wnew rows 0; p3 rows 9; peak 36.61 GB
  [phase] prove-time breakdown (cuda-synced buckets; shares, not absolute — syncs remove overlap):
    encode         56.9s   47.8%
    fetch          28.9s   24.3%
    fold_qlin      13.5s   11.3%
    qlin_polymul      8.6s    7.2%
    qlin_interp      2.2s    1.9%
    witness         1.8s    1.5%
    fold_qirs       1.8s    1.5%
    cols            1.4s    1.2%
    qlin_rTA        1.3s    1.1%
    quad            1.1s    0.9%
    qlin_rowsum      1.0s    0.8%
    aux             0.6s    0.5%
    merkle          0.0s    0.0%
    cache_r         0.0s    0.0%
    compile         0.0s    0.0%
    cache_w         0.0s    0.0%
    BUCKETED      119.2s  (vs total prove wall-clock; remainder = setup + un-bucketed)
  [sweep] per-sweep breakdown (LIGERO_SWEEP_TIMING; cuda-synced seconds, so an instrumented wall; fetch = whole loader calls — storage read, decode and transfer together — taken out of the bucket they ran in; load_GB = decoded field bytes the loaders returned, not packed or disk bytes):
    sweep          wall   witness     fetch       aux   compile    encode    merkle fold_qirs fold_qlin      cols      quad   cache_r   cache_w     loads   load_GB  cache_rd  cache_wr routed_rd routed_wr      proj
    R1              5.4       0.2       4.2       0.0       0.0       1.0       0.0       0.0       0.0       0.0       0.0       0.0       0.0        29     25.28         0         5         0         0         0
              loader calls by kind: weight 4.1 s / 17; shard 0.0 s / 12
    R2              9.1       1.1       7.0       0.2       0.0       0.8       0.0       0.0       0.0       0.0       0.0       0.0       0.0       418    171.36         5         0         0         0         3
              loader calls by kind: weight 5.7 s / 34; shard 1.3 s / 384
    R3              5.2       0.2       4.9       0.1       0.0       0.0       0.0       0.0       0.0       0.0       0.0       0.0       0.0        46     46.54         5         0         0         0         0
              loader calls by kind: weight 4.8 s / 34; shard 0.0 s / 12
    fold           47.0       0.2       6.8       0.1       0.0      23.2       0.0       1.8      13.5       0.0       1.1       0.0       0.0       447    196.64         5         0         0         0         0
              loader calls by kind: weight 5.5 s / 51; shard 1.3 s / 396
    open           39.9       0.2       6.0       0.1       0.0      31.9       0.0       0.0       0.0       1.4       0.0       0.0       0.0       447    196.64         5         0         0         0         0
              loader calls by kind: weight 4.7 s / 51; shard 1.3 s / 396
    ALL           106.6       1.8      28.9       0.6       0.0      56.9       0.0       1.8      13.5       1.4       1.1       0.0       0.0      1387    636.45        20         5         0         0         3
              loader calls by kind: weight 24.9 s / 187; shard 4.0 s / 1,200
    proof wall 118.6s; sweeps 106.6s; outside the sweeps 12.0s with 0 loader calls (0.00 GB); first fill (cache_w in R1) 0.0s
[instrumented_prove] PROVE WALL 118.6s (2.0 min) peakGPU=34.09GiB — the per-phase table above is LIGERO_PHASE_TIMING's
[instrumented_prove] opened columns: 54 (T_QUERIES=54)
[instrumented_prove] rust verify_proof: ACCEPT in 226.3s
[instrumented_prove] SUMMARY build=18.0s enroll=37.9s reveal=5.3s prove=118.6s T=4 T_QUERIES=54 claims=82 verify=ACCEPT
== gate: driver-small-wc
[instrumented_prove] RESEARCH TIMING RUN — not a production proof: no admission gate, in-process throwaway enrollment, Sz discovered by a reveal pass
[instrumented_prove] geometry ELL=8192 K_DEG=16384 N_LIG=65536 T_QUERIES=54 (pinned)
[instrumented_prove] flags: witness cache on, host spill off, disk spill off, routed-output cache off, decoded-weight cache ON, group memo on, per-sweep table ON, phase timing on
[instrumented_prove] layers=2 E=128 T=4 V=202048 T_QUERIES=54 (ELL=8192 K_DEG=16384 N_LIG=65536)
[maverick-full] input bound: all 4 tokens hidden (2 prompt + 2 continuation)
W0916 20:27:04.687000 6273 torch/utils/cpp_extension.py:2425] TORCH_CUDA_ARCH_LIST is not set, all archs for visible cards are included for compilation. 
W0916 20:27:04.687000 6273 torch/utils/cpp_extension.py:2425] If this is not desired, please set os.environ['TORCH_CUDA_ARCH_LIST'] to specific architectures.
/workspace/verinf/demo/demo_maverick_block.py:124: UserWarning: The given NumPy array is not writable, and PyTorch does not support non-writable tensors. This means writing to this tensor will result in undefined behavior. You may want to copy the array to protect its data or make it writable before converting it to a tensor. This type of warning will be suppressed for the rest of this program. (Triggered internally at /pytorch/torch/csrc/utils/tensor_numpy.cpp:203.)
  w = kquant_to_field(torch.from_numpy(
W0916 20:27:04.735000 6273 torch/utils/cpp_extension.py:2425] TORCH_CUDA_ARCH_LIST is not set, all archs for visible cards are included for compilation. 
W0916 20:27:04.735000 6273 torch/utils/cpp_extension.py:2425] If this is not desired, please set os.environ['TORCH_CUDA_ARCH_LIST'] to specific architectures.
[maverick-full] layer 0 built (dense, rope=True) — 28 claims so far
[maverick-full] layer 1 built (moe E=128, rope=True) — 68 claims so far
[maverick-full] LM head from output.weight (untied)
[maverick-full] UI claim over 2 continuation positions; 82 claims total
[instrumented_prove] build 25.2s, 82 claims
/workspace/verinf/prover/core.py:642: UserWarning: The given buffer is not writable, and PyTorch does not support non-writable tensors. This means you can write to the underlying (supposedly non-writable) buffer using the tensor. You may want to copy the buffer to protect its data or make it writable before converting it to a tensor. This type of warning will be suppressed for the rest of this program. (Triggered internally at /pytorch/torch/csrc/utils/tensor_new.cpp:1578.)
  return torch.frombuffer(bytes(master_seed), dtype=torch.uint8).cuda()
[instrumented_prove] enrolled 2290400 weight rows in 104.8s (root 0ecd153a91f76440…, throwaway)
[instrumented_prove] reveal engine pass 5.6s: Sz=398108 -> 70.1109 bits/token over 2 positions (pinned as the public bound)
[sweep] op 1/106 (1%) elapsed=0.0m eta=0.0m cur=2.7GB
[sweep] op 3/106 (3%) elapsed=0.0m eta=0.0m cur=2.7GB
[sweep] op 5/106 (5%) elapsed=0.0m eta=0.0m cur=2.7GB
[sweep] op 7/106 (7%) elapsed=0.0m eta=0.4m cur=2.6GB
[sweep] op 9/106 (8%) elapsed=0.0m eta=0.3m cur=2.6GB
[sweep] op 11/106 (10%) elapsed=0.0m eta=0.4m cur=2.4GB
[sweep] op 13/106 (12%) elapsed=0.0m eta=0.3m cur=2.4GB
[sweep] op 15/106 (14%) elapsed=0.0m eta=0.3m cur=2.4GB
[sweep] op 17/106 (16%) elapsed=0.0m eta=0.2m cur=2.4GB
[sweep] op 19/106 (18%) elapsed=0.0m eta=0.2m cur=2.4GB
[sweep] op 21/106 (20%) elapsed=0.0m eta=0.2m cur=2.4GB
[sweep] op 23/106 (22%) elapsed=0.0m eta=0.2m cur=3.1GB
[sweep] op 25/106 (24%) elapsed=0.1m eta=0.2m cur=2.5GB
[sweep] op 27/106 (25%) elapsed=0.1m eta=0.2m cur=3.1GB
[sweep] op 29/106 (27%) elapsed=0.1m eta=0.1m cur=2.4GB
[sweep] op 31/106 (29%) elapsed=0.1m eta=0.1m cur=2.4GB
[sweep] op 33/106 (31%) elapsed=0.1m eta=0.1m cur=2.5GB
[sweep] op 35/106 (33%) elapsed=0.1m eta=0.1m cur=2.4GB
[sweep] op 37/106 (35%) elapsed=0.1m eta=0.1m cur=2.4GB
[sweep] op 39/106 (37%) elapsed=0.1m eta=0.1m cur=2.4GB
[sweep] op 41/106 (39%) elapsed=0.1m eta=0.1m cur=2.4GB
[sweep] op 43/106 (41%) elapsed=0.1m eta=0.1m cur=2.4GB
[sweep] op 45/106 (42%) elapsed=0.1m eta=0.2m cur=2.6GB
[sweep] op 47/106 (44%) elapsed=0.1m eta=0.2m cur=2.6GB
[sweep] op 49/106 (46%) elapsed=0.1m eta=0.1m cur=2.6GB
[sweep] op 51/106 (48%) elapsed=0.1m eta=0.1m cur=2.6GB
[sweep] op 53/106 (50%) elapsed=0.1m eta=0.1m cur=2.6GB
[sweep] op 55/106 (52%) elapsed=0.1m eta=0.1m cur=2.6GB
[sweep] op 57/106 (54%) elapsed=0.1m eta=0.1m cur=2.6GB
[sweep] op 59/106 (56%) elapsed=0.1m eta=0.1m cur=2.6GB
[sweep] op 61/106 (58%) elapsed=0.1m eta=0.1m cur=2.6GB
[sweep] op 63/106 (59%) elapsed=0.1m eta=0.1m cur=2.7GB
[sweep] op 65/106 (61%) elapsed=0.1m eta=0.1m cur=2.6GB
[sweep] op 67/106 (63%) elapsed=0.1m eta=0.1m cur=2.6GB
[sweep] op 69/106 (65%) elapsed=0.1m eta=0.1m cur=2.6GB
[sweep] op 71/106 (67%) elapsed=0.1m eta=0.1m cur=2.6GB
[sweep] op 73/106 (69%) elapsed=0.2m eta=0.1m cur=2.7GB
[sweep] op 75/106 (71%) elapsed=0.2m eta=0.1m cur=2.6GB
[sweep] op 77/106 (73%) elapsed=0.2m eta=0.1m cur=2.6GB
[sweep] op 79/106 (75%) elapsed=0.2m eta=0.1m cur=2.6GB
[sweep] op 81/106 (76%) elapsed=0.2m eta=0.1m cur=2.6GB
[sweep] op 83/106 (78%) elapsed=0.2m eta=0.0m cur=2.6GB
[sweep] op 85/106 (80%) elapsed=0.2m eta=0.0m cur=2.6GB
[sweep] op 87/106 (82%) elapsed=0.2m eta=0.0m cur=2.6GB
[sweep] op 89/106 (84%) elapsed=0.2m eta=0.0m cur=2.6GB
[sweep] op 91/106 (86%) elapsed=0.2m eta=0.0m cur=3.1GB
[sweep] op 93/106 (88%) elapsed=0.2m eta=0.0m cur=2.6GB
[sweep] op 95/106 (90%) elapsed=0.2m eta=0.0m cur=2.6GB
[sweep] op 97/106 (92%) elapsed=0.2m eta=0.0m cur=2.6GB
[sweep] op 99/106 (93%) elapsed=0.2m eta=0.0m cur=2.6GB
[sweep] op 101/106 (95%) elapsed=0.2m eta=0.0m cur=2.6GB
[sweep] op 103/106 (97%) elapsed=0.2m eta=0.0m cur=2.6GB
[sweep] op 105/106 (99%) elapsed=0.2m eta=0.0m cur=2.6GB
[sweep] op 106/106 (100%) elapsed=0.2m eta=0.0m cur=2.6GB
[sweep] op 1/106 (1%) elapsed=0.0m eta=0.0m cur=2.7GB
[sweep] op 3/106 (3%) elapsed=0.0m eta=0.0m cur=2.7GB
[sweep] op 5/106 (5%) elapsed=0.0m eta=0.0m cur=2.8GB
[sweep] op 7/106 (7%) elapsed=0.0m eta=0.1m cur=2.7GB
[sweep] op 9/106 (8%) elapsed=0.0m eta=0.1m cur=2.7GB
[sweep] op 11/106 (10%) elapsed=0.0m eta=0.0m cur=3.1GB
[sweep] op 13/106 (12%) elapsed=0.0m eta=0.0m cur=2.7GB
[sweep] op 15/106 (14%) elapsed=0.0m eta=0.0m cur=2.7GB
[sweep] op 17/106 (16%) elapsed=0.0m eta=0.0m cur=2.7GB
[sweep] op 19/106 (18%) elapsed=0.0m eta=0.0m cur=2.8GB
[sweep] op 21/106 (20%) elapsed=0.0m eta=0.0m cur=2.7GB
[sweep] op 23/106 (22%) elapsed=0.0m eta=0.0m cur=4.1GB
[sweep] op 25/106 (24%) elapsed=0.0m eta=0.0m cur=2.8GB
[sweep] op 27/106 (25%) elapsed=0.0m eta=0.0m cur=4.0GB
[sweep] op 29/106 (27%) elapsed=0.0m eta=0.0m cur=2.7GB
[sweep] op 31/106 (29%) elapsed=0.0m eta=0.0m cur=2.7GB
[sweep] op 33/106 (31%) elapsed=0.0m eta=0.0m cur=3.2GB
[sweep] op 35/106 (33%) elapsed=0.0m eta=0.0m cur=2.7GB
[sweep] op 37/106 (35%) elapsed=0.0m eta=0.0m cur=2.7GB
[sweep] op 39/106 (37%) elapsed=0.0m eta=0.0m cur=2.7GB
[sweep] op 41/106 (39%) elapsed=0.0m eta=0.0m cur=2.7GB
[sweep] op 43/106 (41%) elapsed=0.0m eta=0.0m cur=2.7GB
[sweep] op 45/106 (42%) elapsed=0.0m eta=0.0m cur=2.7GB
[sweep] op 47/106 (44%) elapsed=0.0m eta=0.0m cur=2.7GB
[sweep] op 49/106 (46%) elapsed=0.0m eta=0.0m cur=2.7GB
[sweep] op 51/106 (48%) elapsed=0.0m eta=0.0m cur=2.7GB
[sweep] op 53/106 (50%) elapsed=0.0m eta=0.0m cur=2.7GB
[sweep] op 55/106 (52%) elapsed=0.0m eta=0.0m cur=2.7GB
[sweep] op 57/106 (54%) elapsed=0.0m eta=0.0m cur=2.7GB
[sweep] op 59/106 (56%) elapsed=0.0m eta=0.0m cur=2.7GB
[sweep] op 61/106 (58%) elapsed=0.1m eta=0.0m cur=2.7GB
[sweep] op 63/106 (59%) elapsed=0.1m eta=0.0m cur=2.8GB
[sweep] op 65/106 (61%) elapsed=0.1m eta=0.0m cur=2.8GB
[sweep] op 67/106 (63%) elapsed=0.1m eta=0.0m cur=2.7GB
[sweep] op 69/106 (65%) elapsed=0.1m eta=0.0m cur=2.7GB
[sweep] op 71/106 (67%) elapsed=0.1m eta=0.0m cur=2.7GB
[sweep] op 73/106 (69%) elapsed=0.1m eta=0.0m cur=2.8GB
[sweep] op 75/106 (71%) elapsed=0.1m eta=0.0m cur=2.9GB
[sweep] op 77/106 (73%) elapsed=0.1m eta=0.0m cur=2.7GB
[sweep] op 79/106 (75%) elapsed=0.1m eta=0.0m cur=2.7GB
[sweep] op 81/106 (76%) elapsed=0.1m eta=0.0m cur=2.7GB
[sweep] op 83/106 (78%) elapsed=0.1m eta=0.0m cur=2.7GB
[sweep] op 85/106 (80%) elapsed=0.1m eta=0.0m cur=2.7GB
[sweep] op 87/106 (82%) elapsed=0.1m eta=0.0m cur=2.7GB
[sweep] op 89/106 (84%) elapsed=0.1m eta=0.0m cur=2.8GB
[sweep] op 91/106 (86%) elapsed=0.1m eta=0.0m cur=3.3GB
[sweep] op 93/106 (88%) elapsed=0.1m eta=0.0m cur=2.8GB
[sweep] op 95/106 (90%) elapsed=0.1m eta=0.0m cur=2.8GB
[sweep] op 97/106 (92%) elapsed=0.1m eta=0.0m cur=2.7GB
[sweep] op 99/106 (93%) elapsed=0.1m eta=0.0m cur=2.7GB
[sweep] op 101/106 (95%) elapsed=0.1m eta=0.0m cur=2.7GB
[sweep] op 103/106 (97%) elapsed=0.1m eta=0.0m cur=2.8GB
[sweep] op 105/106 (99%) elapsed=0.1m eta=0.0m cur=2.7GB
[sweep] op 106/106 (100%) elapsed=0.1m eta=0.0m cur=2.7GB
[sweep] op 1/106 (1%) elapsed=0.0m eta=0.0m cur=2.7GB
[sweep] op 3/106 (3%) elapsed=0.0m eta=0.0m cur=2.7GB
[sweep] op 5/106 (5%) elapsed=0.0m eta=0.0m cur=2.7GB
[sweep] op 7/106 (7%) elapsed=0.0m eta=0.1m cur=2.7GB
[sweep] op 9/106 (8%) elapsed=0.0m eta=0.0m cur=2.7GB
[sweep] op 11/106 (10%) elapsed=0.0m eta=0.0m cur=3.1GB
[sweep] op 13/106 (12%) elapsed=0.0m eta=0.0m cur=2.7GB
[sweep] op 15/106 (14%) elapsed=0.0m eta=0.0m cur=2.7GB
[sweep] op 17/106 (16%) elapsed=0.0m eta=0.0m cur=2.7GB
[sweep] op 19/106 (18%) elapsed=0.0m eta=0.0m cur=2.7GB
[sweep] op 21/106 (20%) elapsed=0.0m eta=0.0m cur=2.7GB
[sweep] op 23/106 (22%) elapsed=0.0m eta=0.0m cur=4.0GB
[sweep] op 25/106 (24%) elapsed=0.0m eta=0.0m cur=2.7GB
[sweep] op 27/106 (25%) elapsed=0.0m eta=0.0m cur=4.0GB
[sweep] op 29/106 (27%) elapsed=0.0m eta=0.0m cur=2.7GB
[sweep] op 31/106 (29%) elapsed=0.0m eta=0.0m cur=2.7GB
[sweep] op 33/106 (31%) elapsed=0.0m eta=0.0m cur=3.1GB
[sweep] op 35/106 (33%) elapsed=0.0m eta=0.0m cur=2.7GB
[sweep] op 37/106 (35%) elapsed=0.0m eta=0.0m cur=2.7GB
[sweep] op 39/106 (37%) elapsed=0.0m eta=0.0m cur=2.7GB
[sweep] op 41/106 (39%) elapsed=0.0m eta=0.0m cur=2.7GB
[sweep] op 43/106 (41%) elapsed=0.0m eta=0.0m cur=2.7GB
[sweep] op 45/106 (42%) elapsed=0.0m eta=0.0m cur=2.7GB
[sweep] op 47/106 (44%) elapsed=0.0m eta=0.0m cur=2.7GB
[sweep] op 49/106 (46%) elapsed=0.0m eta=0.0m cur=2.7GB
[sweep] op 51/106 (48%) elapsed=0.0m eta=0.0m cur=2.7GB
[sweep] op 53/106 (50%) elapsed=0.0m eta=0.0m cur=2.7GB
[sweep] op 55/106 (52%) elapsed=0.0m eta=0.0m cur=2.7GB
[sweep] op 57/106 (54%) elapsed=0.0m eta=0.0m cur=2.7GB
[sweep] op 59/106 (56%) elapsed=0.0m eta=0.0m cur=2.7GB
[sweep] op 61/106 (58%) elapsed=0.0m eta=0.0m cur=2.7GB
[sweep] op 63/106 (59%) elapsed=0.0m eta=0.0m cur=2.7GB
[sweep] op 65/106 (61%) elapsed=0.0m eta=0.0m cur=2.7GB
[sweep] op 67/106 (63%) elapsed=0.0m eta=0.0m cur=2.7GB
[sweep] op 69/106 (65%) elapsed=0.0m eta=0.0m cur=2.7GB
[sweep] op 71/106 (67%) elapsed=0.0m eta=0.0m cur=2.7GB
[sweep] op 73/106 (69%) elapsed=0.0m eta=0.0m cur=2.7GB
[sweep] op 75/106 (71%) elapsed=0.0m eta=0.0m cur=2.7GB
[sweep] op 77/106 (73%) elapsed=0.0m eta=0.0m cur=2.7GB
[sweep] op 79/106 (75%) elapsed=0.0m eta=0.0m cur=2.7GB
[sweep] op 81/106 (76%) elapsed=0.0m eta=0.0m cur=2.7GB
[sweep] op 83/106 (78%) elapsed=0.0m eta=0.0m cur=2.7GB
[sweep] op 85/106 (80%) elapsed=0.0m eta=0.0m cur=2.7GB
[sweep] op 87/106 (82%) elapsed=0.0m eta=0.0m cur=2.7GB
[sweep] op 89/106 (84%) elapsed=0.0m eta=0.0m cur=2.7GB
[sweep] op 91/106 (86%) elapsed=0.0m eta=0.0m cur=2.7GB
[sweep] op 93/106 (88%) elapsed=0.0m eta=0.0m cur=2.7GB
[sweep] op 95/106 (90%) elapsed=0.0m eta=0.0m cur=2.7GB
[sweep] op 97/106 (92%) elapsed=0.0m eta=0.0m cur=2.7GB
[sweep] op 99/106 (93%) elapsed=0.0m eta=0.0m cur=2.7GB
[sweep] op 101/106 (95%) elapsed=0.0m eta=0.0m cur=2.7GB
[sweep] op 103/106 (97%) elapsed=0.0m eta=0.0m cur=2.7GB
[sweep] op 105/106 (99%) elapsed=0.0m eta=0.0m cur=2.7GB
[sweep] op 106/106 (100%) elapsed=0.0m eta=0.0m cur=2.7GB
[sweep] op 1/106 (1%) elapsed=0.0m eta=0.0m cur=3.4GB
[sweep] op 3/106 (3%) elapsed=0.0m eta=0.2m cur=3.5GB
[sweep] op 5/106 (5%) elapsed=0.0m eta=0.2m cur=3.5GB
[sweep] op 7/106 (7%) elapsed=0.0m eta=0.7m cur=3.4GB
[sweep] op 9/106 (8%) elapsed=0.0m eta=0.5m cur=3.4GB
[sweep] op 11/106 (10%) elapsed=0.1m eta=0.5m cur=3.9GB
[sweep] op 13/106 (12%) elapsed=0.1m eta=0.4m cur=3.4GB
[sweep] op 15/106 (14%) elapsed=0.1m eta=0.3m cur=3.4GB
[sweep] op 17/106 (16%) elapsed=0.1m eta=0.3m cur=3.4GB
[sweep] op 19/106 (18%) elapsed=0.1m eta=0.3m cur=3.4GB
[sweep] op 21/106 (20%) elapsed=0.1m eta=0.2m cur=3.4GB
[sweep] op 23/106 (22%) elapsed=0.1m eta=0.2m cur=4.8GB
[sweep] op 25/106 (24%) elapsed=0.1m eta=0.2m cur=3.5GB
[sweep] op 27/106 (25%) elapsed=0.1m eta=0.2m cur=4.8GB
[sweep] op 29/106 (27%) elapsed=0.1m eta=0.2m cur=3.4GB
[sweep] op 31/106 (29%) elapsed=0.1m eta=0.2m cur=3.4GB
[sweep] op 33/106 (31%) elapsed=0.1m eta=0.2m cur=3.9GB
[sweep] op 35/106 (33%) elapsed=0.1m eta=0.2m cur=3.4GB
[sweep] op 37/106 (35%) elapsed=0.1m eta=0.2m cur=3.4GB
[sweep] op 39/106 (37%) elapsed=0.1m eta=0.1m cur=3.4GB
[sweep] op 41/106 (39%) elapsed=0.1m eta=0.1m cur=3.4GB
[sweep] op 43/106 (41%) elapsed=0.1m eta=0.1m cur=3.4GB
[sweep] op 45/106 (42%) elapsed=0.1m eta=0.1m cur=3.5GB
[sweep] op 47/106 (44%) elapsed=0.1m eta=0.1m cur=3.4GB
[sweep] op 49/106 (46%) elapsed=0.1m eta=0.1m cur=3.4GB
[sweep] op 51/106 (48%) elapsed=0.1m eta=0.1m cur=3.4GB
[sweep] op 53/106 (50%) elapsed=0.1m eta=0.1m cur=3.4GB
[sweep] op 55/106 (52%) elapsed=0.3m eta=0.3m cur=3.5GB
[sweep] op 57/106 (54%) elapsed=0.5m eta=0.4m cur=3.5GB
[sweep] op 59/106 (56%) elapsed=0.5m eta=0.4m cur=3.5GB
[sweep] op 61/106 (58%) elapsed=0.6m eta=0.5m cur=3.5GB
[sweep] op 63/106 (59%) elapsed=0.6m eta=0.4m cur=3.5GB
[sweep] op 65/106 (61%) elapsed=0.7m eta=0.4m cur=3.5GB
[sweep] op 67/106 (63%) elapsed=0.7m eta=0.4m cur=3.5GB
[sweep] op 69/106 (65%) elapsed=0.7m eta=0.4m cur=3.5GB
[sweep] op 71/106 (67%) elapsed=0.7m eta=0.3m cur=3.5GB
[sweep] op 73/106 (69%) elapsed=0.7m eta=0.3m cur=3.5GB
[sweep] op 75/106 (71%) elapsed=0.7m eta=0.3m cur=3.5GB
[sweep] op 77/106 (73%) elapsed=0.7m eta=0.3m cur=3.5GB
[sweep] op 79/106 (75%) elapsed=0.7m eta=0.2m cur=3.5GB
[sweep] op 81/106 (76%) elapsed=0.7m eta=0.2m cur=3.5GB
[sweep] op 83/106 (78%) elapsed=0.7m eta=0.2m cur=3.5GB
[sweep] op 85/106 (80%) elapsed=0.7m eta=0.2m cur=3.5GB
[sweep] op 87/106 (82%) elapsed=0.7m eta=0.2m cur=3.5GB
[sweep] op 89/106 (84%) elapsed=0.7m eta=0.1m cur=3.5GB
[sweep] op 91/106 (86%) elapsed=0.7m eta=0.1m cur=3.5GB
[sweep] op 93/106 (88%) elapsed=0.7m eta=0.1m cur=3.5GB
[sweep] op 95/106 (90%) elapsed=0.7m eta=0.1m cur=3.5GB
[sweep] op 97/106 (92%) elapsed=0.7m eta=0.1m cur=3.5GB
[sweep] op 99/106 (93%) elapsed=0.7m eta=0.1m cur=3.5GB
[sweep] op 101/106 (95%) elapsed=0.7m eta=0.0m cur=3.5GB
[sweep] op 103/106 (97%) elapsed=0.7m eta=0.0m cur=3.5GB
[sweep] op 105/106 (99%) elapsed=0.7m eta=0.0m cur=3.5GB
[sweep] op 106/106 (100%) elapsed=0.7m eta=0.0m cur=3.5GB
[sweep] op 1/106 (1%) elapsed=0.0m eta=0.0m cur=3.5GB
[sweep] op 3/106 (3%) elapsed=0.0m eta=0.0m cur=3.5GB
[sweep] op 5/106 (5%) elapsed=0.0m eta=0.0m cur=3.5GB
[sweep] op 7/106 (7%) elapsed=0.0m eta=0.5m cur=3.5GB
[sweep] op 9/106 (8%) elapsed=0.0m eta=0.4m cur=3.5GB
[sweep] op 11/106 (10%) elapsed=0.0m eta=0.3m cur=3.9GB
[sweep] op 13/106 (12%) elapsed=0.0m eta=0.3m cur=3.5GB
[sweep] op 15/106 (14%) elapsed=0.0m eta=0.3m cur=3.5GB
[sweep] op 17/106 (16%) elapsed=0.0m eta=0.2m cur=3.5GB
[sweep] op 19/106 (18%) elapsed=0.0m eta=0.2m cur=3.5GB
[sweep] op 21/106 (20%) elapsed=0.0m eta=0.2m cur=3.5GB
[sweep] op 23/106 (22%) elapsed=0.0m eta=0.2m cur=4.8GB
[sweep] op 25/106 (24%) elapsed=0.1m eta=0.2m cur=3.5GB
[sweep] op 27/106 (25%) elapsed=0.1m eta=0.2m cur=4.8GB
[sweep] op 29/106 (27%) elapsed=0.1m eta=0.1m cur=3.5GB
[sweep] op 31/106 (29%) elapsed=0.1m eta=0.1m cur=3.5GB
[sweep] op 33/106 (31%) elapsed=0.1m eta=0.1m cur=3.9GB
[sweep] op 35/106 (33%) elapsed=0.1m eta=0.1m cur=3.5GB
[sweep] op 37/106 (35%) elapsed=0.1m eta=0.1m cur=3.5GB
[sweep] op 39/106 (37%) elapsed=0.1m eta=0.1m cur=3.5GB
[sweep] op 41/106 (39%) elapsed=0.1m eta=0.1m cur=3.5GB
[sweep] op 43/106 (41%) elapsed=0.1m eta=0.1m cur=3.5GB
[sweep] op 45/106 (42%) elapsed=0.1m eta=0.1m cur=3.5GB
[sweep] op 47/106 (44%) elapsed=0.1m eta=0.1m cur=3.5GB
[sweep] op 49/106 (46%) elapsed=0.1m eta=0.1m cur=3.5GB
[sweep] op 51/106 (48%) elapsed=0.1m eta=0.1m cur=3.5GB
[sweep] op 53/106 (50%) elapsed=0.1m eta=0.1m cur=3.5GB
[sweep] op 55/106 (52%) elapsed=0.2m eta=0.2m cur=3.5GB
[sweep] op 57/106 (54%) elapsed=0.4m eta=0.3m cur=3.5GB
[sweep] op 59/106 (56%) elapsed=0.4m eta=0.3m cur=3.5GB
[sweep] op 61/106 (58%) elapsed=0.6m eta=0.4m cur=3.5GB
[sweep] op 63/106 (59%) elapsed=0.6m eta=0.4m cur=3.5GB
[sweep] op 65/106 (61%) elapsed=0.6m eta=0.4m cur=3.5GB
[sweep] op 67/106 (63%) elapsed=0.6m eta=0.3m cur=3.5GB
[sweep] op 69/106 (65%) elapsed=0.6m eta=0.3m cur=3.5GB
[sweep] op 71/106 (67%) elapsed=0.6m eta=0.3m cur=3.5GB
[sweep] op 73/106 (69%) elapsed=0.6m eta=0.3m cur=3.5GB
[sweep] op 75/106 (71%) elapsed=0.6m eta=0.2m cur=3.5GB
[sweep] op 77/106 (73%) elapsed=0.6m eta=0.2m cur=3.5GB
[sweep] op 79/106 (75%) elapsed=0.6m eta=0.2m cur=3.5GB
[sweep] op 81/106 (76%) elapsed=0.6m eta=0.2m cur=3.5GB
[sweep] op 83/106 (78%) elapsed=0.6m eta=0.2m cur=3.5GB
[sweep] op 85/106 (80%) elapsed=0.6m eta=0.1m cur=3.5GB
[sweep] op 87/106 (82%) elapsed=0.6m eta=0.1m cur=3.5GB
[sweep] op 89/106 (84%) elapsed=0.6m eta=0.1m cur=3.5GB
[sweep] op 91/106 (86%) elapsed=0.6m eta=0.1m cur=3.5GB
[sweep] op 93/106 (88%) elapsed=0.6m eta=0.1m cur=3.5GB
[sweep] op 95/106 (90%) elapsed=0.6m eta=0.1m cur=3.5GB
[sweep] op 97/106 (92%) elapsed=0.6m eta=0.1m cur=3.5GB
[sweep] op 99/106 (93%) elapsed=0.6m eta=0.0m cur=3.5GB
[sweep] op 101/106 (95%) elapsed=0.6m eta=0.0m cur=3.5GB
[sweep] op 103/106 (97%) elapsed=0.6m eta=0.0m cur=3.5GB
[sweep] op 105/106 (99%) elapsed=0.6m eta=0.0m cur=3.5GB
[sweep] op 106/106 (100%) elapsed=0.6m eta=0.0m cur=3.5GB
  [stream-sound] 5 rounds done; opened columns match committed leaves: True; W-block rows 2290400; W-ref True; Wnew rows 0; p3 rows 9; peak 36.61 GB
  [phase] prove-time breakdown (cuda-synced buckets; shares, not absolute — syncs remove overlap):
    encode         57.0s   55.0%
    fold_qlin      14.0s   13.5%
    fetch          12.0s   11.6%
    qlin_polymul      8.7s    8.4%
    qlin_interp      2.3s    2.2%
    witness         1.9s    1.8%
    fold_qirs       1.8s    1.7%
    cols            1.7s    1.6%
    qlin_rTA        1.4s    1.4%
    quad            1.2s    1.2%
    qlin_rowsum      1.0s    1.0%
    aux             0.6s    0.6%
    merkle          0.0s    0.0%
    compile         0.0s    0.0%
    cache_r         0.0s    0.0%
    cache_w         0.0s    0.0%
    BUCKETED      103.6s  (vs total prove wall-clock; remainder = setup + un-bucketed)
  [sweep] per-sweep breakdown (LIGERO_SWEEP_TIMING; cuda-synced seconds, so an instrumented wall; fetch = whole loader calls — storage read, decode and transfer together — taken out of the bucket they ran in; load_GB = decoded field bytes the loaders returned, not packed or disk bytes):
    sweep          wall   witness     fetch       aux   compile    encode    merkle fold_qirs fold_qlin      cols      quad   cache_r   cache_w     loads   load_GB  cache_rd  cache_wr routed_rd routed_wr      proj
    R1             10.1       0.2       4.9       0.0       0.0       1.0       0.0       0.0       0.0       0.0       0.0       0.0       0.0        29     25.28         0         5         0         0         0
              loader calls by kind: weight 4.9 s / 17; shard 0.0 s / 12
    R2              4.1       1.1       2.0       0.1       0.0       0.8       0.0       0.0       0.0       0.0       0.0       0.0       0.0       418    171.36         5         0         0         0         3
              loader calls by kind: shard 1.6 s / 384; weight-cache hits 34
    R3              0.9       0.2       0.5       0.2       0.0       0.0       0.0       0.0       0.0       0.0       0.0       0.0       0.0        46     46.54         5         0         0         0         0
              loader calls by kind: shard 0.0 s / 12; weight-cache hits 34
    fold           43.1       0.2       2.3       0.2       0.0      23.2       0.0       1.8      14.0       0.0       1.2       0.0       0.0       447    196.64         5         0         0         0         0
              loader calls by kind: shard 1.6 s / 396; weight-cache hits 51
    open           36.5       0.2       2.3       0.2       0.0      31.9       0.0       0.0       0.0       1.7       0.0       0.0       0.0       447    196.64         5         0         0         0         0
              loader calls by kind: shard 1.7 s / 396; weight-cache hits 51
    ALL            94.7       1.9      12.0       0.6       0.0      57.0       0.0       1.8      14.0       1.7       1.2       0.0       0.0      1387    636.45        20         5         0         0         3
              loader calls by kind: weight 4.9 s / 17; shard 4.9 s / 1,200; weight-cache hits 170, stores 17
    proof wall 109.0s; sweeps 94.7s; outside the sweeps 14.3s with 0 loader calls (0.00 GB); first fill (cache_w in R1) 0.0s
  [weight-cache] 17 weights decoded once (10.6 GB packed, 12.1 GB pinned after the allocator's power-of-two rounding; host allocator reserved 12.1 GB), 170 resolutions served from the cache, 0 resolutions refused by the budget
[instrumented_prove] PROVE WALL 109.1s (1.8 min) peakGPU=34.09GiB — the per-phase table above is LIGERO_PHASE_TIMING's
[instrumented_prove] opened columns: 54 (T_QUERIES=54)
[instrumented_prove] rust verify_proof: ACCEPT in 230.2s
[instrumented_prove] SUMMARY build=25.2s enroll=104.8s reveal=5.6s prove=109.1s T=4 T_QUERIES=54 claims=82 verify=ACCEPT
== all gates passed
EXIT=0
