[instrumented_prove] RESEARCH TIMING RUN — not a production proof: no admission gate, in-process throwaway enrollment, Sz discovered by a reveal pass
[instrumented_prove] geometry ELL=8192 K_DEG=16384 N_LIG=65536 T_QUERIES=54 (pinned)
[instrumented_prove] flags: witness cache on, host spill off, disk spill off, routed-output cache off, per-sweep table ON, phase timing on
[instrumented_prove] layers=2 E=128 T=4 V=202048 T_QUERIES=54 (ELL=8192 K_DEG=16384 N_LIG=65536)
[maverick-full] input bound: all 4 tokens hidden (2 prompt + 2 continuation)
W0915 19:45:04.698000 3629 torch/utils/cpp_extension.py:2425] TORCH_CUDA_ARCH_LIST is not set, all archs for visible cards are included for compilation. 
W0915 19:45:04.698000 3629 torch/utils/cpp_extension.py:2425] If this is not desired, please set os.environ['TORCH_CUDA_ARCH_LIST'] to specific architectures.
/workspace/verinf/demo/demo_maverick_block.py:88: UserWarning: The given NumPy array is not writable, and PyTorch does not support non-writable tensors. This means writing to this tensor will result in undefined behavior. You may want to copy the array to protect its data or make it writable before converting it to a tensor. This type of warning will be suppressed for the rest of this program. (Triggered internally at /pytorch/torch/csrc/utils/tensor_numpy.cpp:203.)
  w = kquant_to_field(torch.from_numpy(
W0915 19:45:04.739000 3629 torch/utils/cpp_extension.py:2425] TORCH_CUDA_ARCH_LIST is not set, all archs for visible cards are included for compilation. 
W0915 19:45:04.739000 3629 torch/utils/cpp_extension.py:2425] If this is not desired, please set os.environ['TORCH_CUDA_ARCH_LIST'] to specific architectures.
[maverick-full] layer 0 built (dense, rope=True) — 28 claims so far
[maverick-full] layer 1 built (moe E=128, rope=True) — 68 claims so far
[maverick-full] LM head from output.weight (untied)
[maverick-full] UI claim over 2 continuation positions; 82 claims total
[instrumented_prove] build 21.5s, 82 claims
/workspace/verinf/prover/core.py:642: UserWarning: The given buffer is not writable, and PyTorch does not support non-writable tensors. This means you can write to the underlying (supposedly non-writable) buffer using the tensor. You may want to copy the buffer to protect its data or make it writable before converting it to a tensor. This type of warning will be suppressed for the rest of this program. (Triggered internally at /pytorch/torch/csrc/utils/tensor_new.cpp:1578.)
  return torch.frombuffer(bytes(master_seed), dtype=torch.uint8).cuda()
[instrumented_prove] enrolled 2290400 weight rows in 44.3s (root 4ef9fda76f0e9f67…, throwaway)
[instrumented_prove] reveal engine pass 7.4s: Sz=398108 -> 70.1109 bits/token over 2 positions (pinned as the public bound)
[sweep] op 1/106 (1%) elapsed=0.0m eta=0.0m cur=1.6GB
[sweep] op 3/106 (3%) elapsed=0.0m eta=0.0m cur=1.7GB
[sweep] op 5/106 (5%) elapsed=0.0m eta=0.0m cur=1.7GB
[sweep] op 7/106 (7%) elapsed=0.0m eta=0.0m cur=1.6GB
[sweep] op 9/106 (8%) elapsed=0.0m eta=0.0m cur=1.6GB
[sweep] op 11/106 (10%) elapsed=0.0m eta=0.1m cur=1.8GB
[sweep] op 13/106 (12%) elapsed=0.0m eta=0.1m cur=1.6GB
[sweep] op 15/106 (14%) elapsed=0.0m eta=0.1m cur=1.6GB
[sweep] op 17/106 (16%) elapsed=0.0m eta=0.1m cur=1.6GB
[sweep] op 19/106 (18%) elapsed=0.0m eta=0.1m cur=1.6GB
[sweep] op 21/106 (20%) elapsed=0.0m eta=0.1m cur=1.6GB
[sweep] op 23/106 (22%) elapsed=0.0m eta=0.1m cur=2.2GB
[sweep] op 25/106 (24%) elapsed=0.0m eta=0.1m cur=1.7GB
[sweep] op 27/106 (25%) elapsed=0.0m eta=0.1m cur=2.2GB
[sweep] op 29/106 (27%) elapsed=0.0m eta=0.1m cur=1.6GB
[sweep] op 31/106 (29%) elapsed=0.0m eta=0.0m cur=1.6GB
[sweep] op 33/106 (31%) elapsed=0.0m eta=0.1m cur=1.8GB
[sweep] op 35/106 (33%) elapsed=0.0m eta=0.1m cur=1.6GB
[sweep] op 37/106 (35%) elapsed=0.0m eta=0.1m cur=1.6GB
[sweep] op 39/106 (37%) elapsed=0.0m eta=0.1m cur=1.6GB
[sweep] op 41/106 (39%) elapsed=0.0m eta=0.1m cur=1.6GB
[sweep] op 43/106 (41%) elapsed=0.0m eta=0.1m cur=1.6GB
[sweep] op 45/106 (42%) elapsed=0.1m eta=0.1m cur=1.6GB
[sweep] op 47/106 (44%) elapsed=0.1m eta=0.1m cur=1.6GB
[sweep] op 49/106 (46%) elapsed=0.1m eta=0.1m cur=1.6GB
[sweep] op 51/106 (48%) elapsed=0.1m eta=0.1m cur=1.6GB
[sweep] op 53/106 (50%) elapsed=0.1m eta=0.1m cur=1.6GB
[sweep] op 55/106 (52%) elapsed=0.1m eta=0.1m cur=1.6GB
[sweep] op 57/106 (54%) elapsed=0.1m eta=0.1m cur=1.6GB
[sweep] op 59/106 (56%) elapsed=0.1m eta=0.0m cur=1.6GB
[sweep] op 61/106 (58%) elapsed=0.1m eta=0.0m cur=1.6GB
[sweep] op 63/106 (59%) elapsed=0.1m eta=0.1m cur=1.6GB
[sweep] op 65/106 (61%) elapsed=0.1m eta=0.1m cur=1.6GB
[sweep] op 67/106 (63%) elapsed=0.1m eta=0.1m cur=1.6GB
[sweep] op 69/106 (65%) elapsed=0.1m eta=0.1m cur=1.6GB
[sweep] op 71/106 (67%) elapsed=0.1m eta=0.1m cur=1.6GB
[sweep] op 73/106 (69%) elapsed=0.1m eta=0.1m cur=1.7GB
[sweep] op 75/106 (71%) elapsed=0.1m eta=0.1m cur=1.6GB
[sweep] op 77/106 (73%) elapsed=0.1m eta=0.0m cur=1.6GB
[sweep] op 79/106 (75%) elapsed=0.1m eta=0.0m cur=1.6GB
[sweep] op 81/106 (76%) elapsed=0.1m eta=0.0m cur=1.6GB
[sweep] op 83/106 (78%) elapsed=0.1m eta=0.0m cur=1.6GB
[sweep] op 85/106 (80%) elapsed=0.1m eta=0.0m cur=1.6GB
[sweep] op 87/106 (82%) elapsed=0.1m eta=0.0m cur=1.6GB
[sweep] op 89/106 (84%) elapsed=0.1m eta=0.0m cur=1.6GB
[sweep] op 91/106 (86%) elapsed=0.1m eta=0.0m cur=2.1GB
[sweep] op 93/106 (88%) elapsed=0.1m eta=0.0m cur=1.6GB
[sweep] op 95/106 (90%) elapsed=0.1m eta=0.0m cur=1.6GB
[sweep] op 97/106 (92%) elapsed=0.1m eta=0.0m cur=1.6GB
[sweep] op 99/106 (93%) elapsed=0.1m eta=0.0m cur=1.6GB
[sweep] op 101/106 (95%) elapsed=0.1m eta=0.0m cur=1.6GB
[sweep] op 103/106 (97%) elapsed=0.1m eta=0.0m cur=1.6GB
[sweep] op 105/106 (99%) elapsed=0.1m eta=0.0m cur=1.6GB
[sweep] op 106/106 (100%) elapsed=0.1m eta=0.0m cur=1.6GB
[sweep] op 1/106 (1%) elapsed=0.0m eta=0.0m cur=1.7GB
[sweep] op 3/106 (3%) elapsed=0.0m eta=0.0m cur=1.7GB
[sweep] op 5/106 (5%) elapsed=0.0m eta=0.0m cur=1.8GB
[sweep] op 7/106 (7%) elapsed=0.0m eta=0.1m cur=1.7GB
[sweep] op 9/106 (8%) elapsed=0.0m eta=0.0m cur=1.7GB
[sweep] op 11/106 (10%) elapsed=0.0m eta=0.1m cur=2.1GB
[sweep] op 13/106 (12%) elapsed=0.0m eta=0.2m cur=1.7GB
[sweep] op 15/106 (14%) elapsed=0.0m eta=0.1m cur=1.7GB
[sweep] op 17/106 (16%) elapsed=0.0m eta=0.1m cur=1.7GB
[sweep] op 19/106 (18%) elapsed=0.0m eta=0.1m cur=1.7GB
[sweep] op 21/106 (20%) elapsed=0.0m eta=0.1m cur=1.7GB
[sweep] op 23/106 (22%) elapsed=0.0m eta=0.1m cur=3.1GB
[sweep] op 25/106 (24%) elapsed=0.0m eta=0.1m cur=1.8GB
[sweep] op 27/106 (25%) elapsed=0.0m eta=0.1m cur=3.0GB
[sweep] op 29/106 (27%) elapsed=0.0m eta=0.1m cur=1.7GB
[sweep] op 31/106 (29%) elapsed=0.0m eta=0.1m cur=1.7GB
[sweep] op 33/106 (31%) elapsed=0.0m eta=0.1m cur=2.1GB
[sweep] op 35/106 (33%) elapsed=0.1m eta=0.1m cur=1.7GB
[sweep] op 37/106 (35%) elapsed=0.1m eta=0.1m cur=1.7GB
[sweep] op 39/106 (37%) elapsed=0.1m eta=0.1m cur=1.7GB
[sweep] op 41/106 (39%) elapsed=0.1m eta=0.1m cur=1.7GB
[sweep] op 43/106 (41%) elapsed=0.1m eta=0.1m cur=1.7GB
[sweep] op 45/106 (42%) elapsed=0.1m eta=0.1m cur=1.7GB
[sweep] op 47/106 (44%) elapsed=0.1m eta=0.1m cur=1.7GB
[sweep] op 49/106 (46%) elapsed=0.1m eta=0.1m cur=1.7GB
[sweep] op 51/106 (48%) elapsed=0.1m eta=0.1m cur=1.7GB
[sweep] op 53/106 (50%) elapsed=0.1m eta=0.1m cur=1.7GB
[sweep] op 55/106 (52%) elapsed=0.1m eta=0.1m cur=1.7GB
[sweep] op 57/106 (54%) elapsed=0.1m eta=0.1m cur=1.7GB
[sweep] op 59/106 (56%) elapsed=0.1m eta=0.1m cur=1.7GB
[sweep] op 61/106 (58%) elapsed=0.1m eta=0.1m cur=1.7GB
[sweep] op 63/106 (59%) elapsed=0.2m eta=0.1m cur=1.8GB
[sweep] op 65/106 (61%) elapsed=0.2m eta=0.1m cur=1.8GB
[sweep] op 67/106 (63%) elapsed=0.3m eta=0.2m cur=1.7GB
[sweep] op 69/106 (65%) elapsed=0.3m eta=0.1m cur=1.7GB
[sweep] op 71/106 (67%) elapsed=0.3m eta=0.1m cur=1.7GB
[sweep] op 73/106 (69%) elapsed=0.3m eta=0.1m cur=1.8GB
[sweep] op 75/106 (71%) elapsed=0.3m eta=0.1m cur=1.9GB
[sweep] op 77/106 (73%) elapsed=0.3m eta=0.1m cur=1.7GB
[sweep] op 79/106 (75%) elapsed=0.3m eta=0.1m cur=1.7GB
[sweep] op 81/106 (76%) elapsed=0.3m eta=0.1m cur=1.7GB
[sweep] op 83/106 (78%) elapsed=0.3m eta=0.1m cur=1.7GB
[sweep] op 85/106 (80%) elapsed=0.3m eta=0.1m cur=1.7GB
[sweep] op 87/106 (82%) elapsed=0.3m eta=0.1m cur=1.7GB
[sweep] op 89/106 (84%) elapsed=0.3m eta=0.1m cur=1.7GB
[sweep] op 91/106 (86%) elapsed=0.3m eta=0.0m cur=2.3GB
[sweep] op 93/106 (88%) elapsed=0.3m eta=0.0m cur=1.8GB
[sweep] op 95/106 (90%) elapsed=0.3m eta=0.0m cur=1.8GB
[sweep] op 97/106 (92%) elapsed=0.3m eta=0.0m cur=1.7GB
[sweep] op 99/106 (93%) elapsed=0.3m eta=0.0m cur=1.7GB
[sweep] op 101/106 (95%) elapsed=0.3m eta=0.0m cur=1.7GB
[sweep] op 103/106 (97%) elapsed=0.3m eta=0.0m cur=1.8GB
[sweep] op 105/106 (99%) elapsed=0.3m eta=0.0m cur=1.7GB
[sweep] op 106/106 (100%) elapsed=0.3m eta=0.0m cur=1.7GB
[sweep] op 1/106 (1%) elapsed=0.0m eta=0.0m cur=1.7GB
[sweep] op 3/106 (3%) elapsed=0.0m eta=0.0m cur=1.7GB
[sweep] op 5/106 (5%) elapsed=0.0m eta=0.0m cur=1.7GB
[sweep] op 7/106 (7%) elapsed=0.0m eta=0.0m cur=1.7GB
[sweep] op 9/106 (8%) elapsed=0.0m eta=0.0m cur=1.7GB
[sweep] op 11/106 (10%) elapsed=0.0m eta=0.1m cur=2.1GB
[sweep] op 13/106 (12%) elapsed=0.0m eta=0.2m cur=1.7GB
[sweep] op 15/106 (14%) elapsed=0.0m eta=0.1m cur=1.7GB
[sweep] op 17/106 (16%) elapsed=0.0m eta=0.1m cur=1.7GB
[sweep] op 19/106 (18%) elapsed=0.0m eta=0.1m cur=1.7GB
[sweep] op 21/106 (20%) elapsed=0.0m eta=0.1m cur=1.7GB
[sweep] op 23/106 (22%) elapsed=0.0m eta=0.1m cur=3.0GB
[sweep] op 25/106 (24%) elapsed=0.0m eta=0.1m cur=1.7GB
[sweep] op 27/106 (25%) elapsed=0.0m eta=0.1m cur=3.0GB
[sweep] op 29/106 (27%) elapsed=0.0m eta=0.1m cur=1.7GB
[sweep] op 31/106 (29%) elapsed=0.0m eta=0.1m cur=1.7GB
[sweep] op 33/106 (31%) elapsed=0.0m eta=0.1m cur=2.1GB
[sweep] op 35/106 (33%) elapsed=0.1m eta=0.1m cur=1.7GB
[sweep] op 37/106 (35%) elapsed=0.1m eta=0.1m cur=1.7GB
[sweep] op 39/106 (37%) elapsed=0.1m eta=0.1m cur=1.7GB
[sweep] op 41/106 (39%) elapsed=0.1m eta=0.1m cur=1.7GB
[sweep] op 43/106 (41%) elapsed=0.1m eta=0.1m cur=1.7GB
[sweep] op 45/106 (42%) elapsed=0.1m eta=0.1m cur=1.7GB
[sweep] op 47/106 (44%) elapsed=0.1m eta=0.1m cur=1.7GB
[sweep] op 49/106 (46%) elapsed=0.1m eta=0.1m cur=1.7GB
[sweep] op 51/106 (48%) elapsed=0.1m eta=0.1m cur=1.7GB
[sweep] op 53/106 (50%) elapsed=0.1m eta=0.1m cur=1.7GB
[sweep] op 55/106 (52%) elapsed=0.1m eta=0.1m cur=1.7GB
[sweep] op 57/106 (54%) elapsed=0.1m eta=0.1m cur=1.7GB
[sweep] op 59/106 (56%) elapsed=0.1m eta=0.1m cur=1.7GB
[sweep] op 61/106 (58%) elapsed=0.1m eta=0.1m cur=1.7GB
[sweep] op 63/106 (59%) elapsed=0.1m eta=0.1m cur=1.7GB
[sweep] op 65/106 (61%) elapsed=0.2m eta=0.1m cur=1.7GB
[sweep] op 67/106 (63%) elapsed=0.2m eta=0.1m cur=1.7GB
[sweep] op 69/106 (65%) elapsed=0.2m eta=0.1m cur=1.7GB
[sweep] op 71/106 (67%) elapsed=0.2m eta=0.1m cur=1.7GB
[sweep] op 73/106 (69%) elapsed=0.2m eta=0.1m cur=1.7GB
[sweep] op 75/106 (71%) elapsed=0.2m eta=0.1m cur=1.7GB
[sweep] op 77/106 (73%) elapsed=0.2m eta=0.1m cur=1.7GB
[sweep] op 79/106 (75%) elapsed=0.2m eta=0.1m cur=1.7GB
[sweep] op 81/106 (76%) elapsed=0.2m eta=0.1m cur=1.7GB
[sweep] op 83/106 (78%) elapsed=0.2m eta=0.1m cur=1.7GB
[sweep] op 85/106 (80%) elapsed=0.2m eta=0.1m cur=1.7GB
[sweep] op 87/106 (82%) elapsed=0.2m eta=0.1m cur=1.7GB
[sweep] op 89/106 (84%) elapsed=0.2m eta=0.0m cur=1.7GB
[sweep] op 91/106 (86%) elapsed=0.2m eta=0.0m cur=1.7GB
[sweep] op 93/106 (88%) elapsed=0.2m eta=0.0m cur=1.7GB
[sweep] op 95/106 (90%) elapsed=0.2m eta=0.0m cur=1.7GB
[sweep] op 97/106 (92%) elapsed=0.2m eta=0.0m cur=1.7GB
[sweep] op 99/106 (93%) elapsed=0.2m eta=0.0m cur=1.7GB
[sweep] op 101/106 (95%) elapsed=0.2m eta=0.0m cur=1.7GB
[sweep] op 103/106 (97%) elapsed=0.2m eta=0.0m cur=1.7GB
[sweep] op 105/106 (99%) elapsed=0.2m eta=0.0m cur=1.7GB
[sweep] op 106/106 (100%) elapsed=0.2m eta=0.0m cur=1.7GB
[sweep] op 1/106 (1%) elapsed=0.0m eta=0.0m cur=2.4GB
[sweep] op 3/106 (3%) elapsed=0.0m eta=0.2m cur=2.5GB
[sweep] op 5/106 (5%) elapsed=0.0m eta=0.2m cur=2.4GB
[sweep] op 7/106 (7%) elapsed=0.0m eta=0.7m cur=2.4GB
[sweep] op 9/106 (8%) elapsed=0.1m eta=0.5m cur=2.4GB
[sweep] op 11/106 (10%) elapsed=0.1m eta=0.6m cur=2.9GB
[sweep] op 13/106 (12%) elapsed=0.1m eta=0.6m cur=2.4GB
[sweep] op 15/106 (14%) elapsed=0.1m eta=0.5m cur=2.4GB
[sweep] op 17/106 (16%) elapsed=0.1m eta=0.5m cur=2.4GB
[sweep] op 19/106 (18%) elapsed=0.1m eta=0.4m cur=2.4GB
[sweep] op 21/106 (20%) elapsed=0.1m eta=0.4m cur=2.4GB
[sweep] op 23/106 (22%) elapsed=0.1m eta=0.4m cur=3.8GB
[sweep] op 25/106 (24%) elapsed=0.1m eta=0.3m cur=2.4GB
[sweep] op 27/106 (25%) elapsed=0.1m eta=0.3m cur=3.8GB
[sweep] op 29/106 (27%) elapsed=0.1m eta=0.3m cur=2.4GB
[sweep] op 31/106 (29%) elapsed=0.1m eta=0.3m cur=2.4GB
[sweep] op 33/106 (31%) elapsed=0.1m eta=0.3m cur=2.9GB
[sweep] op 35/106 (33%) elapsed=0.2m eta=0.3m cur=2.4GB
[sweep] op 37/106 (35%) elapsed=0.2m eta=0.3m cur=2.4GB
[sweep] op 39/106 (37%) elapsed=0.2m eta=0.3m cur=2.4GB
[sweep] op 41/106 (39%) elapsed=0.2m eta=0.3m cur=2.4GB
[sweep] op 43/106 (41%) elapsed=0.2m eta=0.2m cur=2.4GB
[sweep] op 45/106 (42%) elapsed=0.2m eta=0.3m cur=2.4GB
[sweep] op 47/106 (44%) elapsed=0.2m eta=0.3m cur=2.4GB
[sweep] op 49/106 (46%) elapsed=0.2m eta=0.3m cur=2.4GB
[sweep] op 51/106 (48%) elapsed=0.2m eta=0.3m cur=2.4GB
[sweep] op 53/106 (50%) elapsed=0.2m eta=0.2m cur=2.4GB
[sweep] op 55/106 (52%) elapsed=0.4m eta=0.4m cur=2.4GB
[sweep] op 57/106 (54%) elapsed=0.6m eta=0.5m cur=2.4GB
[sweep] op 59/106 (56%) elapsed=0.6m eta=0.5m cur=2.4GB
[sweep] op 61/106 (58%) elapsed=0.8m eta=0.6m cur=2.5GB
[sweep] op 63/106 (59%) elapsed=0.9m eta=0.6m cur=2.5GB
[sweep] op 65/106 (61%) elapsed=1.0m eta=0.6m cur=2.5GB
[sweep] op 67/106 (63%) elapsed=1.0m eta=0.6m cur=2.5GB
[sweep] op 69/106 (65%) elapsed=1.0m eta=0.5m cur=2.5GB
[sweep] op 71/106 (67%) elapsed=1.0m eta=0.5m cur=2.5GB
[sweep] op 73/106 (69%) elapsed=1.1m eta=0.5m cur=2.5GB
[sweep] op 75/106 (71%) elapsed=1.1m eta=0.4m cur=2.5GB
[sweep] op 77/106 (73%) elapsed=1.1m eta=0.4m cur=2.5GB
[sweep] op 79/106 (75%) elapsed=1.1m eta=0.4m cur=2.5GB
[sweep] op 81/106 (76%) elapsed=1.1m eta=0.3m cur=2.5GB
[sweep] op 83/106 (78%) elapsed=1.1m eta=0.3m cur=2.5GB
[sweep] op 85/106 (80%) elapsed=1.1m eta=0.3m cur=2.5GB
[sweep] op 87/106 (82%) elapsed=1.1m eta=0.2m cur=2.5GB
[sweep] op 89/106 (84%) elapsed=1.1m eta=0.2m cur=2.5GB
[sweep] op 91/106 (86%) elapsed=1.1m eta=0.2m cur=2.5GB
[sweep] op 93/106 (88%) elapsed=1.1m eta=0.2m cur=2.5GB
[sweep] op 95/106 (90%) elapsed=1.1m eta=0.1m cur=2.5GB
[sweep] op 97/106 (92%) elapsed=1.1m eta=0.1m cur=2.5GB
[sweep] op 99/106 (93%) elapsed=1.1m eta=0.1m cur=2.5GB
[sweep] op 101/106 (95%) elapsed=1.1m eta=0.1m cur=2.5GB
[sweep] op 103/106 (97%) elapsed=1.1m eta=0.0m cur=2.5GB
[sweep] op 105/106 (99%) elapsed=1.1m eta=0.0m cur=2.5GB
[sweep] op 106/106 (100%) elapsed=1.1m eta=0.0m cur=2.5GB
[sweep] op 1/106 (1%) elapsed=0.0m eta=0.0m cur=2.5GB
[sweep] op 3/106 (3%) elapsed=0.0m eta=0.0m cur=2.5GB
[sweep] op 5/106 (5%) elapsed=0.0m eta=0.0m cur=2.5GB
[sweep] op 7/106 (7%) elapsed=0.0m eta=0.5m cur=2.5GB
[sweep] op 9/106 (8%) elapsed=0.0m eta=0.4m cur=2.5GB
[sweep] op 11/106 (10%) elapsed=0.1m eta=0.5m cur=2.9GB
[sweep] op 13/106 (12%) elapsed=0.1m eta=0.5m cur=2.5GB
[sweep] op 15/106 (14%) elapsed=0.1m eta=0.4m cur=2.5GB
[sweep] op 17/106 (16%) elapsed=0.1m eta=0.4m cur=2.5GB
[sweep] op 19/106 (18%) elapsed=0.1m eta=0.4m cur=2.5GB
[sweep] op 21/106 (20%) elapsed=0.1m eta=0.3m cur=2.5GB
[sweep] op 23/106 (22%) elapsed=0.1m eta=0.3m cur=3.8GB
[sweep] op 25/106 (24%) elapsed=0.1m eta=0.3m cur=2.5GB
[sweep] op 27/106 (25%) elapsed=0.1m eta=0.3m cur=3.8GB
[sweep] op 29/106 (27%) elapsed=0.1m eta=0.2m cur=2.5GB
[sweep] op 31/106 (29%) elapsed=0.1m eta=0.2m cur=2.5GB
[sweep] op 33/106 (31%) elapsed=0.1m eta=0.3m cur=2.9GB
[sweep] op 35/106 (33%) elapsed=0.1m eta=0.3m cur=2.5GB
[sweep] op 37/106 (35%) elapsed=0.1m eta=0.2m cur=2.5GB
[sweep] op 39/106 (37%) elapsed=0.1m eta=0.2m cur=2.5GB
[sweep] op 41/106 (39%) elapsed=0.1m eta=0.2m cur=2.5GB
[sweep] op 43/106 (41%) elapsed=0.1m eta=0.2m cur=2.5GB
[sweep] op 45/106 (42%) elapsed=0.2m eta=0.3m cur=2.5GB
[sweep] op 47/106 (44%) elapsed=0.2m eta=0.3m cur=2.5GB
[sweep] op 49/106 (46%) elapsed=0.2m eta=0.2m cur=2.5GB
[sweep] op 51/106 (48%) elapsed=0.2m eta=0.2m cur=2.5GB
[sweep] op 53/106 (50%) elapsed=0.2m eta=0.2m cur=2.5GB
[sweep] op 55/106 (52%) elapsed=0.4m eta=0.3m cur=2.5GB
[sweep] op 57/106 (54%) elapsed=0.5m eta=0.5m cur=2.5GB
[sweep] op 59/106 (56%) elapsed=0.5m eta=0.4m cur=2.5GB
[sweep] op 61/106 (58%) elapsed=0.7m eta=0.5m cur=2.5GB
[sweep] op 63/106 (59%) elapsed=0.8m eta=0.5m cur=2.5GB
[sweep] op 65/106 (61%) elapsed=0.8m eta=0.5m cur=2.5GB
[sweep] op 67/106 (63%) elapsed=0.9m eta=0.5m cur=2.5GB
[sweep] op 69/106 (65%) elapsed=0.9m eta=0.5m cur=2.5GB
[sweep] op 71/106 (67%) elapsed=0.9m eta=0.4m cur=2.5GB
[sweep] op 73/106 (69%) elapsed=0.9m eta=0.4m cur=2.5GB
[sweep] op 75/106 (71%) elapsed=0.9m eta=0.4m cur=2.5GB
[sweep] op 77/106 (73%) elapsed=0.9m eta=0.4m cur=2.5GB
[sweep] op 79/106 (75%) elapsed=0.9m eta=0.3m cur=2.5GB
[sweep] op 81/106 (76%) elapsed=0.9m eta=0.3m cur=2.5GB
[sweep] op 83/106 (78%) elapsed=0.9m eta=0.3m cur=2.5GB
[sweep] op 85/106 (80%) elapsed=0.9m eta=0.2m cur=2.5GB
[sweep] op 87/106 (82%) elapsed=0.9m eta=0.2m cur=2.5GB
[sweep] op 89/106 (84%) elapsed=0.9m eta=0.2m cur=2.5GB
[sweep] op 91/106 (86%) elapsed=0.9m eta=0.2m cur=2.5GB
[sweep] op 93/106 (88%) elapsed=0.9m eta=0.1m cur=2.5GB
[sweep] op 95/106 (90%) elapsed=0.9m eta=0.1m cur=2.5GB
[sweep] op 97/106 (92%) elapsed=0.9m eta=0.1m cur=2.5GB
[sweep] op 99/106 (93%) elapsed=0.9m eta=0.1m cur=2.5GB
[sweep] op 101/106 (95%) elapsed=0.9m eta=0.0m cur=2.5GB
[sweep] op 103/106 (97%) elapsed=0.9m eta=0.0m cur=2.5GB
[sweep] op 105/106 (99%) elapsed=0.9m eta=0.0m cur=2.5GB
[sweep] op 106/106 (100%) elapsed=0.9m eta=0.0m cur=2.5GB
  [stream-sound] 5 rounds done; opened columns match committed leaves: True; W-block rows 2290400; W-ref True; Wnew rows 0; p3 rows 9; peak 35.60 GB
  [phase] prove-time breakdown (cuda-synced buckets; shares, not absolute — syncs remove overlap):
    fetch          80.5s   45.1%
    encode         56.7s   31.7%
    fold_qlin      17.6s    9.9%
    qlin_polymul     11.7s    6.5%
    qlin_interp      2.8s    1.6%
    witness         1.7s    1.0%
    cols            1.5s    0.9%
    fold_qirs       1.5s    0.9%
    qlin_rTA        1.4s    0.8%
    qlin_rowsum      1.3s    0.7%
    quad            1.1s    0.6%
    aux             0.6s    0.3%
    merkle          0.0s    0.0%
    compile         0.0s    0.0%
    cache_r         0.0s    0.0%
    cache_w         0.0s    0.0%
    BUCKETED      178.5s  (vs total prove wall-clock; remainder = setup + un-bucketed)
  [sweep] per-sweep breakdown (LIGERO_SWEEP_TIMING; cuda-synced seconds, so an instrumented wall; fetch = whole loader calls — storage read, decode and transfer together — taken out of the bucket they ran in; load_GB = decoded field bytes the loaders returned, not packed or disk bytes):
    sweep          wall   witness     fetch       aux   compile    encode    merkle fold_qirs fold_qlin      cols      quad   cache_r   cache_w     loads   load_GB  cache_rd  cache_wr routed_rd routed_wr      proj
    R1              8.2       0.2       7.1       0.0       0.0       0.9       0.0       0.0       0.0       0.0       0.0       0.0       0.0        29     25.28         0         5         0         0         0
    R2             17.2       1.1      15.1       0.1       0.0       0.8       0.0       0.0       0.0       0.0       0.0       0.0       0.0       418    171.36         5         0         0         0         3
    R3             14.4       0.2      14.0       0.2       0.0       0.0       0.0       0.0       0.0       0.0       0.0       0.0       0.0        46     46.54         5         0         0         0         0
    fold           65.4       0.2      22.1       0.2       0.0      22.5       0.0       1.5      17.6       0.0       1.1       0.0       0.0       447    196.64         5         0         0         0         0
    open           56.7       0.2      22.2       0.2       0.0      32.4       0.0       0.0       0.0       1.5       0.0       0.0       0.0       447    196.64         5         0         0         0         0
    ALL           161.9       1.7      80.5       0.6       0.0      56.7       0.0       1.5      17.6       1.5       1.1       0.0       0.0      1387    636.45        20         5         0         0         3
    proof wall 176.0s; sweeps 161.9s; outside the sweeps 14.0s with 0 loader calls (0.00 GB); first fill (cache_w in R1) 0.0s
[instrumented_prove] PROVE WALL 176.0s (2.9 min) peakGPU=33.15GiB — the per-phase table above is LIGERO_PHASE_TIMING's
[instrumented_prove] opened columns: 54 (T_QUERIES=54)
[instrumented_prove] rust verify_proof: ACCEPT in 390.8s
[instrumented_prove] SUMMARY build=21.5s enroll=44.3s reveal=7.4s prove=176.0s T=4 T_QUERIES=54 claims=82 verify=ACCEPT
