W0919 23:12:24.009000 6239 torch/utils/cpp_extension.py:2425] TORCH_CUDA_ARCH_LIST is not set, all archs for visible cards are included for compilation. 
W0919 23:12:24.009000 6239 torch/utils/cpp_extension.py:2425] If this is not desired, please set os.environ['TORCH_CUDA_ARCH_LIST'] to specific architectures.
/workspace/verinf/prover/core.py:647: UserWarning: The given buffer is not writable, and PyTorch does not support non-writable tensors. This means you can write to the underlying (supposedly non-writable) buffer using the tensor. You may want to copy the buffer to protect its data or make it writable before converting it to a tensor. This type of warning will be suppressed for the rest of this program. (Triggered internally at /pytorch/torch/csrc/utils/tensor_new.cpp:1578.)
  return torch.frombuffer(bytes(master_seed), dtype=torch.uint8).cuda()
    active-only == dense reference: [[7, 10], [43, 50], [23, 34]]
  PASS test_active_only_output_matches_dense_reference
    ledger: 15 linear ids, 8 quads (= E*K+2T+2E+1, T*K+E)
  PASS test_constraint_count_matches_the_ledger
[sweep] op 1/1 (100%) elapsed=0.0m eta=0.0m cur=0.0GB
[sweep] op 1/1 (100%) elapsed=0.0m eta=0.0m cur=0.0GB
[sweep] op 1/1 (100%) elapsed=0.0m eta=0.0m cur=0.0GB
[sweep] op 1/1 (100%) elapsed=0.0m eta=0.0m cur=0.0GB
[sweep] op 1/1 (100%) elapsed=0.0m eta=0.0m cur=0.0GB
  [stream-sound] 5 rounds done; opened columns match committed leaves: True; W-block rows 0; W-ref False; Wnew rows 0; p3 rows 3; peak 0.00 GB
    honest routed matmul: ACCEPT (blocks=['blind', 'p1', 'p2', 'p3'])
  PASS test_honest_routed_matmul_verifies
[sweep] op 1/1 (100%) elapsed=0.0m eta=0.0m cur=0.0GB
[sweep] op 1/1 (100%) elapsed=0.0m eta=0.0m cur=0.0GB
[sweep] op 1/1 (100%) elapsed=0.0m eta=0.0m cur=0.0GB
[sweep] op 1/1 (100%) elapsed=0.0m eta=0.0m cur=0.0GB
[sweep] op 1/1 (100%) elapsed=0.0m eta=0.0m cur=0.0GB
  [stream-sound] 5 rounds done; opened columns match committed leaves: True; W-block rows 0; W-ref False; Wnew rows 0; p3 rows 3; peak 0.00 GB
    P not equal to W*rho: REJECT ok
  PASS test_lying_projection_rejects
[sweep] op 1/1 (100%) elapsed=0.0m eta=0.0m cur=0.0GB
[sweep] op 1/1 (100%) elapsed=0.0m eta=0.0m cur=0.0GB
[sweep] op 1/1 (100%) elapsed=0.0m eta=0.0m cur=0.0GB
[sweep] op 1/1 (100%) elapsed=0.0m eta=0.0m cur=0.0GB
[sweep] op 1/1 (100%) elapsed=0.0m eta=0.0m cur=0.0GB
  [stream-sound] 5 rounds done; opened columns match committed leaves: True; W-block rows 0; W-ref False; Wnew rows 0; p3 rows 3; peak 0.00 GB
    output served by the wrong expert (Q = M*P breaks): REJECT ok
  PASS test_route_not_matching_the_output_rejects
[sweep] op 1/1 (100%) elapsed=0.0m eta=0.0m cur=0.0GB
[sweep] op 1/1 (100%) elapsed=0.0m eta=0.0m cur=0.0GB
[sweep] op 1/1 (100%) elapsed=0.0m eta=0.0m cur=0.0GB
[sweep] op 1/1 (100%) elapsed=0.0m eta=0.0m cur=0.0GB
[sweep] op 1/1 (100%) elapsed=0.0m eta=0.0m cur=0.0GB
  [stream-sound] 5 rounds done; opened columns match committed leaves: True; W-block rows 0; W-ref False; Wnew rows 0; p3 rows 3; peak 0.00 GB
    wrong output (yr = Y*rho breaks): REJECT ok
  PASS test_wrong_output_rejects
=== 6 passed, 0 failed (of 6) ===
