/workspace/verinf/prover/core.py:647: UserWarning: The given buffer is not writable, and PyTorch does not support non-writable tensors. This means you can write to the underlying (supposedly non-writable) buffer using the tensor. You may want to copy the buffer to protect its data or make it writable before converting it to a tensor. This type of warning will be suppressed for the rest of this program. (Triggered internally at /pytorch/torch/csrc/utils/tensor_new.cpp:1578.)
  return torch.frombuffer(bytes(master_seed), dtype=torch.uint8).cuda()
W0919 23:12:27.382000 6451 torch/utils/cpp_extension.py:2425] TORCH_CUDA_ARCH_LIST is not set, all archs for visible cards are included for compilation. 
W0919 23:12:27.382000 6451 torch/utils/cpp_extension.py:2425] If this is not desired, please set os.environ['TORCH_CUDA_ARCH_LIST'] to specific architectures.
[sweep] op 1/2 (50%) elapsed=0.0m eta=0.0m cur=0.0GB
[sweep] op 2/2 (100%) elapsed=0.0m eta=0.0m cur=0.0GB
[sweep] op 1/2 (50%) elapsed=0.0m eta=0.0m cur=0.0GB
[sweep] op 2/2 (100%) elapsed=0.0m eta=0.0m cur=0.0GB
[sweep] op 1/2 (50%) elapsed=0.0m eta=0.0m cur=0.0GB
[sweep] op 2/2 (100%) elapsed=0.0m eta=0.0m cur=0.0GB
[sweep] op 1/2 (50%) elapsed=0.0m eta=0.0m cur=0.0GB
[sweep] op 2/2 (100%) elapsed=0.0m eta=0.0m cur=0.0GB
[sweep] op 1/2 (50%) elapsed=0.0m eta=0.0m cur=0.0GB
[sweep] op 2/2 (100%) elapsed=0.0m eta=0.0m cur=0.0GB
  [stream-sound] 5 rounds done; opened columns match committed leaves: True; W-block rows 258; W-ref True; Wnew rows 0; p3 rows 48; peak 0.00 GB
[sweep] op 1/2 (50%) elapsed=0.0m eta=0.0m cur=0.0GB
[sweep] op 2/2 (100%) elapsed=0.0m eta=0.0m cur=0.0GB
[sweep] op 1/2 (50%) elapsed=0.0m eta=0.0m cur=0.0GB
[sweep] op 2/2 (100%) elapsed=0.0m eta=0.0m cur=0.0GB
[sweep] op 1/2 (50%) elapsed=0.0m eta=0.0m cur=0.0GB
[sweep] op 2/2 (100%) elapsed=0.0m eta=0.0m cur=0.0GB
[sweep] op 1/2 (50%) elapsed=0.0m eta=0.0m cur=0.0GB
[sweep] op 2/2 (100%) elapsed=0.0m eta=0.0m cur=0.0GB
[sweep] op 1/2 (50%) elapsed=0.0m eta=0.0m cur=0.0GB
[sweep] op 2/2 (100%) elapsed=0.0m eta=0.0m cur=0.0GB
  [stream-sound] 5 rounds done; opened columns match committed leaves: True; W-block rows 258; W-ref True; Wnew rows 0; p3 rows 48; peak 0.00 GB
  [weight-cache] 1 weights decoded once (0.0 GB packed: 0.0 GB on the GPU, 0.0 GB pinned host after the allocator's power-of-two rounding; host allocator reserved 0.0 GB), 10 resolutions served from the cache, 0 resolutions refused by the budget
    dense weight decodes per proof: uncached 11 -> cached 1; shard loads 896 on both arms
  PASS test_dense_weight_decoded_once_and_shards_never_cached
    packing: exact at the boundaries on both tiers; int64 fallbacks exact; sizes charged
  PASS test_pack_roundtrip_at_the_boundaries_and_the_charged_size
[sweep] op 1/2 (50%) elapsed=0.0m eta=0.0m cur=0.0GB
[sweep] op 2/2 (100%) elapsed=0.0m eta=0.0m cur=0.0GB
[sweep] op 1/2 (50%) elapsed=0.0m eta=0.0m cur=0.0GB
[sweep] op 2/2 (100%) elapsed=0.0m eta=0.0m cur=0.0GB
[sweep] op 1/2 (50%) elapsed=0.0m eta=0.0m cur=0.0GB
[sweep] op 2/2 (100%) elapsed=0.0m eta=0.0m cur=0.0GB
[sweep] op 1/2 (50%) elapsed=0.0m eta=0.0m cur=0.0GB
[sweep] op 2/2 (100%) elapsed=0.0m eta=0.0m cur=0.0GB
[sweep] op 1/2 (50%) elapsed=0.0m eta=0.0m cur=0.0GB
[sweep] op 2/2 (100%) elapsed=0.0m eta=0.0m cur=0.0GB
  [stream-sound] 5 rounds done; opened columns match committed leaves: True; W-block rows 258; W-ref True; Wnew rows 0; p3 rows 48; peak 0.00 GB
[sweep] op 1/2 (50%) elapsed=0.0m eta=0.0m cur=0.0GB
[sweep] op 2/2 (100%) elapsed=0.0m eta=0.0m cur=0.0GB
[sweep] op 1/2 (50%) elapsed=0.0m eta=0.0m cur=0.0GB
[sweep] op 2/2 (100%) elapsed=0.0m eta=0.0m cur=0.0GB
[sweep] op 1/2 (50%) elapsed=0.0m eta=0.0m cur=0.0GB
[sweep] op 2/2 (100%) elapsed=0.0m eta=0.0m cur=0.0GB
[sweep] op 1/2 (50%) elapsed=0.0m eta=0.0m cur=0.0GB
[sweep] op 2/2 (100%) elapsed=0.0m eta=0.0m cur=0.0GB
[sweep] op 1/2 (50%) elapsed=0.0m eta=0.0m cur=0.0GB
[sweep] op 2/2 (100%) elapsed=0.0m eta=0.0m cur=0.0GB
  [stream-sound] 5 rounds done; opened columns match committed leaves: True; W-block rows 258; W-ref True; Wnew rows 0; p3 rows 48; peak 0.00 GB
  [weight-cache] 1 weights decoded once (0.0 GB packed: 0.0 GB on the GPU, 0.0 GB pinned host after the allocator's power-of-two rounding; host allocator reserved 0.0 GB), 10 resolutions served from the cache, 0 resolutions refused by the budget
    cache off/on: 95955 proof bytes identical; Rust ACCEPT
  PASS test_weight_cache_is_byte_identical_and_accepts
[sweep] op 1/2 (50%) elapsed=0.0m eta=0.0m cur=0.0GB
    raise after the first store: cache released
  PASS test_weight_cache_released_when_the_prove_raises
[sweep] op 1/2 (50%) elapsed=0.0m eta=0.0m cur=0.0GB
[sweep] op 2/2 (100%) elapsed=0.0m eta=0.0m cur=0.0GB
[sweep] op 1/2 (50%) elapsed=0.0m eta=0.0m cur=0.0GB
[sweep] op 2/2 (100%) elapsed=0.0m eta=0.0m cur=0.0GB
[sweep] op 1/2 (50%) elapsed=0.0m eta=0.0m cur=0.0GB
[sweep] op 2/2 (100%) elapsed=0.0m eta=0.0m cur=0.0GB
[sweep] op 1/2 (50%) elapsed=0.0m eta=0.0m cur=0.0GB
[sweep] op 2/2 (100%) elapsed=0.0m eta=0.0m cur=0.0GB
[sweep] op 1/2 (50%) elapsed=0.0m eta=0.0m cur=0.0GB
[sweep] op 2/2 (100%) elapsed=0.0m eta=0.0m cur=0.0GB
  [stream-sound] 5 rounds done; opened columns match committed leaves: True; W-block rows 258; W-ref True; Wnew rows 0; p3 rows 48; peak 0.00 GB
[sweep] op 1/2 (50%) elapsed=0.0m eta=0.0m cur=0.0GB
[sweep] op 2/2 (100%) elapsed=0.0m eta=0.0m cur=0.0GB
[sweep] op 1/2 (50%) elapsed=0.0m eta=0.0m cur=0.0GB
[sweep] op 2/2 (100%) elapsed=0.0m eta=0.0m cur=0.0GB
[sweep] op 1/2 (50%) elapsed=0.0m eta=0.0m cur=0.0GB
[sweep] op 2/2 (100%) elapsed=0.0m eta=0.0m cur=0.0GB
[sweep] op 1/2 (50%) elapsed=0.0m eta=0.0m cur=0.0GB
[sweep] op 2/2 (100%) elapsed=0.0m eta=0.0m cur=0.0GB
[sweep] op 1/2 (50%) elapsed=0.0m eta=0.0m cur=0.0GB
[sweep] op 2/2 (100%) elapsed=0.0m eta=0.0m cur=0.0GB
  [stream-sound] 5 rounds done; opened columns match committed leaves: True; W-block rows 258; W-ref True; Wnew rows 0; p3 rows 48; peak 0.00 GB
  [weight-cache] 0 weights decoded once (0.0 GB packed: 0.0 GB on the GPU, 0.0 GB pinned host after the allocator's power-of-two rounding; host allocator reserved 0.0 GB), 0 resolutions served from the cache, 11 resolutions refused by the budget
    zero budget: 11 decodes, bytes identical
  PASS test_zero_budget_falls_back_to_the_loader
=== 5 passed, 0 failed (of 5) ===
