config d2048,ff8192,seq256,L16  (median of 1 reps each)

[sweep] op 1/367 (0%) elapsed=0.0m eta=0.5m cur=12.9GB
[sweep] op 8/367 (2%) elapsed=0.0m eta=0.1m cur=13.0GB
[sweep] op 15/367 (4%) elapsed=0.0m eta=0.2m cur=12.8GB
[sweep] op 22/367 (6%) elapsed=0.0m eta=0.2m cur=12.8GB
[sweep] op 29/367 (8%) elapsed=0.0m eta=0.2m cur=13.0GB
[sweep] op 36/367 (10%) elapsed=0.0m eta=0.2m cur=12.9GB
[sweep] op 43/367 (12%) elapsed=0.0m eta=0.2m cur=13.0GB
[sweep] op 50/367 (14%) elapsed=0.0m eta=0.2m cur=13.0GB
[sweep] op 57/367 (16%) elapsed=0.0m eta=0.2m cur=12.8GB
[sweep] op 64/367 (17%) elapsed=0.0m eta=0.2m cur=13.0GB
[sweep] op 71/367 (19%) elapsed=0.0m eta=0.2m cur=13.0GB
[sweep] op 78/367 (21%) elapsed=0.0m eta=0.2m cur=13.0GB
[sweep] op 85/367 (23%) elapsed=0.0m eta=0.2m cur=13.3GB
[sweep] op 92/367 (25%) elapsed=0.1m eta=0.2m cur=13.0GB
[sweep] op 99/367 (27%) elapsed=0.1m eta=0.2m cur=13.0GB
[sweep] op 106/367 (29%) elapsed=0.1m eta=0.1m cur=13.0GB
[sweep] op 113/367 (31%) elapsed=0.1m eta=0.1m cur=13.0GB
[sweep] op 120/367 (33%) elapsed=0.1m eta=0.1m cur=13.0GB
[sweep] op 127/367 (35%) elapsed=0.1m eta=0.1m cur=13.0GB
[sweep] op 134/367 (37%) elapsed=0.1m eta=0.1m cur=12.9GB
[sweep] op 141/367 (38%) elapsed=0.1m eta=0.1m cur=13.0GB
[sweep] op 148/367 (40%) elapsed=0.1m eta=0.1m cur=13.0GB
[sweep] op 155/367 (42%) elapsed=0.1m eta=0.1m cur=12.9GB
[sweep] op 162/367 (44%) elapsed=0.1m eta=0.1m cur=13.0GB
[sweep] op 169/367 (46%) elapsed=0.1m eta=0.1m cur=12.9GB
[sweep] op 176/367 (48%) elapsed=0.1m eta=0.1m cur=12.9GB
[sweep] op 183/367 (50%) elapsed=0.1m eta=0.1m cur=13.0GB
[sweep] op 190/367 (52%) elapsed=0.1m eta=0.1m cur=12.9GB
[sweep] op 197/367 (54%) elapsed=0.1m eta=0.1m cur=13.0GB
[sweep] op 204/367 (56%) elapsed=0.1m eta=0.1m cur=13.0GB
[sweep] op 211/367 (57%) elapsed=0.1m eta=0.1m cur=12.8GB
[sweep] op 218/367 (59%) elapsed=0.1m eta=0.1m cur=13.0GB
[sweep] op 225/367 (61%) elapsed=0.1m eta=0.1m cur=13.0GB
[sweep] op 232/367 (63%) elapsed=0.1m eta=0.1m cur=13.0GB
[sweep] op 239/367 (65%) elapsed=0.1m eta=0.1m cur=13.3GB
[sweep] op 246/367 (67%) elapsed=0.1m eta=0.1m cur=13.0GB
[sweep] op 253/367 (69%) elapsed=0.1m eta=0.1m cur=13.0GB
[sweep] op 260/367 (71%) elapsed=0.1m eta=0.1m cur=13.0GB
[sweep] op 267/367 (73%) elapsed=0.2m eta=0.1m cur=13.0GB
[sweep] op 274/367 (75%) elapsed=0.2m eta=0.1m cur=13.0GB
[sweep] op 281/367 (77%) elapsed=0.2m eta=0.0m cur=13.0GB
[sweep] op 288/367 (78%) elapsed=0.2m eta=0.0m cur=12.8GB
[sweep] op 295/367 (80%) elapsed=0.2m eta=0.0m cur=13.0GB
[sweep] op 302/367 (82%) elapsed=0.2m eta=0.0m cur=13.0GB
[sweep] op 309/367 (84%) elapsed=0.2m eta=0.0m cur=12.9GB
[sweep] op 316/367 (86%) elapsed=0.2m eta=0.0m cur=13.0GB
[sweep] op 323/367 (88%) elapsed=0.2m eta=0.0m cur=12.9GB
[sweep] op 330/367 (90%) elapsed=0.2m eta=0.0m cur=12.9GB
[sweep] op 337/367 (92%) elapsed=0.2m eta=0.0m cur=13.0GB
[sweep] op 344/367 (94%) elapsed=0.2m eta=0.0m cur=12.9GB
[sweep] op 351/367 (96%) elapsed=0.2m eta=0.0m cur=13.0GB
[sweep] op 358/367 (98%) elapsed=0.2m eta=0.0m cur=13.9GB
[sweep] op 365/367 (99%) elapsed=0.2m eta=0.0m cur=13.9GB
[sweep] op 367/367 (100%) elapsed=0.2m eta=0.0m cur=13.8GB
[sweep] op 1/367 (0%) elapsed=0.0m eta=0.1m cur=14.0GB
[sweep] op 8/367 (2%) elapsed=0.0m eta=0.1m cur=14.0GB
[sweep] op 15/367 (4%) elapsed=0.0m eta=0.1m cur=14.0GB
[sweep] op 22/367 (6%) elapsed=0.0m eta=0.1m cur=14.0GB
[sweep] op 29/367 (8%) elapsed=0.0m eta=0.1m cur=14.0GB
[sweep] op 36/367 (10%) elapsed=0.0m eta=0.1m cur=14.0GB
[sweep] op 43/367 (12%) elapsed=0.0m eta=0.1m cur=14.0GB
[sweep] op 50/367 (14%) elapsed=0.0m eta=0.1m cur=14.0GB
[sweep] op 57/367 (16%) elapsed=0.0m eta=0.1m cur=14.0GB
[sweep] op 64/367 (17%) elapsed=0.0m eta=0.1m cur=14.1GB
[sweep] op 71/367 (19%) elapsed=0.0m eta=0.1m cur=14.0GB
[sweep] op 78/367 (21%) elapsed=0.0m eta=0.1m cur=14.0GB
[sweep] op 85/367 (23%) elapsed=0.0m eta=0.1m cur=14.3GB
[sweep] op 92/367 (25%) elapsed=0.0m eta=0.1m cur=14.0GB
[sweep] op 99/367 (27%) elapsed=0.0m eta=0.1m cur=14.0GB
[sweep] op 106/367 (29%) elapsed=0.0m eta=0.1m cur=14.0GB
[sweep] op 113/367 (31%) elapsed=0.0m eta=0.1m cur=14.0GB
[sweep] op 120/367 (33%) elapsed=0.0m eta=0.1m cur=14.1GB
[sweep] op 127/367 (35%) elapsed=0.0m eta=0.1m cur=14.0GB
[sweep] op 134/367 (37%) elapsed=0.0m eta=0.1m cur=14.0GB
[sweep] op 141/367 (38%) elapsed=0.0m eta=0.1m cur=14.0GB
[sweep] op 148/367 (40%) elapsed=0.0m eta=0.1m cur=14.0GB
[sweep] op 155/367 (42%) elapsed=0.0m eta=0.1m cur=14.0GB
[sweep] op 162/367 (44%) elapsed=0.0m eta=0.1m cur=14.0GB
[sweep] op 169/367 (46%) elapsed=0.0m eta=0.1m cur=14.0GB
[sweep] op 176/367 (48%) elapsed=0.1m eta=0.1m cur=14.0GB
[sweep] op 183/367 (50%) elapsed=0.1m eta=0.1m cur=14.0GB
[sweep] op 190/367 (52%) elapsed=0.1m eta=0.1m cur=14.0GB
[sweep] op 197/367 (54%) elapsed=0.1m eta=0.1m cur=14.0GB
[sweep] op 204/367 (56%) elapsed=0.1m eta=0.0m cur=14.0GB
[sweep] op 211/367 (57%) elapsed=0.1m eta=0.0m cur=14.0GB
[sweep] op 218/367 (59%) elapsed=0.1m eta=0.0m cur=14.1GB
[sweep] op 225/367 (61%) elapsed=0.1m eta=0.0m cur=14.0GB
[sweep] op 232/367 (63%) elapsed=0.1m eta=0.0m cur=14.0GB
[sweep] op 239/367 (65%) elapsed=0.1m eta=0.0m cur=14.3GB
[sweep] op 246/367 (67%) elapsed=0.1m eta=0.0m cur=14.0GB
[sweep] op 253/367 (69%) elapsed=0.1m eta=0.0m cur=14.0GB
[sweep] op 260/367 (71%) elapsed=0.1m eta=0.0m cur=14.0GB
[sweep] op 267/367 (73%) elapsed=0.1m eta=0.0m cur=14.0GB
[sweep] op 274/367 (75%) elapsed=0.1m eta=0.0m cur=14.1GB
[sweep] op 281/367 (77%) elapsed=0.1m eta=0.0m cur=14.0GB
[sweep] op 288/367 (78%) elapsed=0.1m eta=0.0m cur=14.0GB
[sweep] op 295/367 (80%) elapsed=0.1m eta=0.0m cur=14.0GB
[sweep] op 302/367 (82%) elapsed=0.1m eta=0.0m cur=14.0GB
[sweep] op 309/367 (84%) elapsed=0.1m eta=0.0m cur=14.0GB
[sweep] op 316/367 (86%) elapsed=0.1m eta=0.0m cur=14.0GB
[sweep] op 323/367 (88%) elapsed=0.1m eta=0.0m cur=14.0GB
[sweep] op 330/367 (90%) elapsed=0.1m eta=0.0m cur=14.0GB
[sweep] op 337/367 (92%) elapsed=0.1m eta=0.0m cur=14.0GB
[sweep] op 344/367 (94%) elapsed=0.1m eta=0.0m cur=14.0GB
[sweep] op 351/367 (96%) elapsed=0.1m eta=0.0m cur=14.0GB
[sweep] op 358/367 (98%) elapsed=0.1m eta=0.0m cur=14.9GB
[sweep] op 365/367 (99%) elapsed=0.1m eta=0.0m cur=14.9GB
[sweep] op 367/367 (100%) elapsed=0.1m eta=0.0m cur=14.9GB
[sweep] op 1/367 (0%) elapsed=0.0m eta=0.8m cur=13.9GB
[sweep] op 8/367 (2%) elapsed=0.0m eta=0.4m cur=13.9GB
[sweep] op 15/367 (4%) elapsed=0.0m eta=0.5m cur=13.9GB
[sweep] op 22/367 (6%) elapsed=0.0m eta=0.8m cur=13.9GB
[sweep] op 29/367 (8%) elapsed=0.1m eta=0.6m cur=13.9GB
[sweep] op 36/367 (10%) elapsed=0.1m eta=0.6m cur=13.9GB
[sweep] op 43/367 (12%) elapsed=0.1m eta=0.7m cur=13.9GB
[sweep] op 50/367 (14%) elapsed=0.1m eta=0.6m cur=13.9GB
[sweep] op 57/367 (16%) elapsed=0.1m eta=0.6m cur=13.9GB
[sweep] op 64/367 (17%) elapsed=0.1m eta=0.7m cur=14.0GB
[sweep] op 71/367 (19%) elapsed=0.1m eta=0.6m cur=13.9GB
[sweep] op 78/367 (21%) elapsed=0.2m eta=0.6m cur=13.9GB
[sweep] op 85/367 (23%) elapsed=0.2m eta=0.6m cur=14.2GB
[sweep] op 92/367 (25%) elapsed=0.2m eta=0.6m cur=13.9GB
[sweep] op 99/367 (27%) elapsed=0.2m eta=0.6m cur=13.9GB
[sweep] op 106/367 (29%) elapsed=0.2m eta=0.5m cur=14.0GB
[sweep] op 113/367 (31%) elapsed=0.2m eta=0.5m cur=13.9GB
[sweep] op 120/367 (33%) elapsed=0.3m eta=0.5m cur=14.1GB
[sweep] op 127/367 (35%) elapsed=0.3m eta=0.5m cur=14.0GB
[sweep] op 134/367 (37%) elapsed=0.3m eta=0.5m cur=13.9GB
[sweep] op 141/367 (38%) elapsed=0.3m eta=0.5m cur=14.0GB
[sweep] op 148/367 (40%) elapsed=0.3m eta=0.5m cur=13.9GB
[sweep] op 155/367 (42%) elapsed=0.3m eta=0.5m cur=13.9GB
[sweep] op 162/367 (44%) elapsed=0.3m eta=0.4m cur=13.9GB
[sweep] op 169/367 (46%) elapsed=0.4m eta=0.4m cur=13.9GB
[sweep] op 176/367 (48%) elapsed=0.4m eta=0.4m cur=13.9GB
[sweep] op 183/367 (50%) elapsed=0.4m eta=0.4m cur=13.9GB
[sweep] op 190/367 (52%) elapsed=0.4m eta=0.4m cur=13.9GB
[sweep] op 197/367 (54%) elapsed=0.4m eta=0.4m cur=13.9GB
[sweep] op 204/367 (56%) elapsed=0.4m eta=0.3m cur=13.9GB
[sweep] op 211/367 (57%) elapsed=0.5m eta=0.3m cur=13.9GB
[sweep] op 218/367 (59%) elapsed=0.5m eta=0.3m cur=14.0GB
[sweep] op 225/367 (61%) elapsed=0.5m eta=0.3m cur=13.9GB
[sweep] op 232/367 (63%) elapsed=0.5m eta=0.3m cur=13.9GB
[sweep] op 239/367 (65%) elapsed=0.5m eta=0.3m cur=14.2GB
[sweep] op 246/367 (67%) elapsed=0.5m eta=0.3m cur=13.9GB
[sweep] op 253/367 (69%) elapsed=0.5m eta=0.2m cur=13.9GB
[sweep] op 260/367 (71%) elapsed=0.6m eta=0.2m cur=14.0GB
[sweep] op 267/367 (73%) elapsed=0.6m eta=0.2m cur=13.9GB
[sweep] op 274/367 (75%) elapsed=0.6m eta=0.2m cur=14.1GB
[sweep] op 281/367 (77%) elapsed=0.6m eta=0.2m cur=14.0GB
[sweep] op 288/367 (78%) elapsed=0.6m eta=0.2m cur=13.9GB
[sweep] op 295/367 (80%) elapsed=0.6m eta=0.2m cur=14.0GB
[sweep] op 302/367 (82%) elapsed=0.6m eta=0.1m cur=13.9GB
[sweep] op 309/367 (84%) elapsed=0.7m eta=0.1m cur=13.9GB
[sweep] op 316/367 (86%) elapsed=0.7m eta=0.1m cur=13.9GB
[sweep] op 323/367 (88%) elapsed=0.7m eta=0.1m cur=13.9GB
[sweep] op 330/367 (90%) elapsed=0.7m eta=0.1m cur=13.9GB
[sweep] op 337/367 (92%) elapsed=0.7m eta=0.1m cur=13.9GB
[sweep] op 344/367 (94%) elapsed=0.7m eta=0.0m cur=13.9GB
[sweep] op 351/367 (96%) elapsed=0.8m eta=0.0m cur=13.9GB
[sweep] op 358/367 (98%) elapsed=0.8m eta=0.0m cur=14.9GB
[sweep] op 365/367 (99%) elapsed=0.8m eta=0.0m cur=14.9GB
[sweep] op 367/367 (100%) elapsed=0.8m eta=0.0m cur=14.9GB
[sweep] op 1/367 (0%) elapsed=0.0m eta=0.2m cur=14.1GB
[sweep] op 8/367 (2%) elapsed=0.0m eta=0.1m cur=14.2GB
[sweep] op 15/367 (4%) elapsed=0.0m eta=0.2m cur=14.1GB
[sweep] op 22/367 (6%) elapsed=0.0m eta=0.3m cur=14.1GB
[sweep] op 29/367 (8%) elapsed=0.0m eta=0.2m cur=14.2GB
[sweep] op 36/367 (10%) elapsed=0.0m eta=0.2m cur=14.1GB
[sweep] op 43/367 (12%) elapsed=0.0m eta=0.3m cur=14.2GB
[sweep] op 50/367 (14%) elapsed=0.0m eta=0.2m cur=14.2GB
[sweep] op 57/367 (16%) elapsed=0.0m eta=0.2m cur=14.1GB
[sweep] op 64/367 (17%) elapsed=0.1m eta=0.2m cur=14.4GB
[sweep] op 71/367 (19%) elapsed=0.1m eta=0.2m cur=14.2GB
[sweep] op 78/367 (21%) elapsed=0.1m eta=0.2m cur=14.2GB
[sweep] op 85/367 (23%) elapsed=0.1m eta=0.2m cur=14.6GB
[sweep] op 92/367 (25%) elapsed=0.1m eta=0.2m cur=14.3GB
[sweep] op 99/367 (27%) elapsed=0.1m eta=0.2m cur=14.3GB
[sweep] op 106/367 (29%) elapsed=0.1m eta=0.2m cur=14.3GB
[sweep] op 113/367 (31%) elapsed=0.1m eta=0.2m cur=14.3GB
[sweep] op 120/367 (33%) elapsed=0.1m eta=0.2m cur=14.2GB
[sweep] op 127/367 (35%) elapsed=0.1m eta=0.2m cur=14.3GB
[sweep] op 134/367 (37%) elapsed=0.1m eta=0.2m cur=14.2GB
[sweep] op 141/367 (38%) elapsed=0.1m eta=0.2m cur=14.3GB
[sweep] op 148/367 (40%) elapsed=0.1m eta=0.2m cur=14.3GB
[sweep] op 155/367 (42%) elapsed=0.1m eta=0.2m cur=14.2GB
[sweep] op 162/367 (44%) elapsed=0.1m eta=0.2m cur=14.3GB
[sweep] op 169/367 (46%) elapsed=0.1m eta=0.2m cur=14.2GB
[sweep] op 176/367 (48%) elapsed=0.1m eta=0.1m cur=14.2GB
[sweep] op 183/367 (50%) elapsed=0.1m eta=0.1m cur=14.3GB
[sweep] op 190/367 (52%) elapsed=0.1m eta=0.1m cur=14.2GB
[sweep] op 197/367 (54%) elapsed=0.2m eta=0.1m cur=14.3GB
[sweep] op 204/367 (56%) elapsed=0.2m eta=0.1m cur=14.3GB
[sweep] op 211/367 (57%) elapsed=0.2m eta=0.1m cur=14.2GB
[sweep] op 218/367 (59%) elapsed=0.2m eta=0.1m cur=14.5GB
[sweep] op 225/367 (61%) elapsed=0.2m eta=0.1m cur=14.3GB
[sweep] op 232/367 (63%) elapsed=0.2m eta=0.1m cur=14.3GB
[sweep] op 239/367 (65%) elapsed=0.2m eta=0.1m cur=14.7GB
[sweep] op 246/367 (67%) elapsed=0.2m eta=0.1m cur=14.3GB
[sweep] op 253/367 (69%) elapsed=0.2m eta=0.1m cur=14.4GB
[sweep] op 260/367 (71%) elapsed=0.2m eta=0.1m cur=14.4GB
[sweep] op 267/367 (73%) elapsed=0.2m eta=0.1m cur=14.4GB
[sweep] op 274/367 (75%) elapsed=0.2m eta=0.1m cur=14.3GB
[sweep] op 281/367 (77%) elapsed=0.2m eta=0.1m cur=14.4GB
[sweep] op 288/367 (78%) elapsed=0.2m eta=0.1m cur=14.3GB
[sweep] op 295/367 (80%) elapsed=0.2m eta=0.1m cur=14.4GB
[sweep] op 302/367 (82%) elapsed=0.2m eta=0.0m cur=14.4GB
[sweep] op 309/367 (84%) elapsed=0.2m eta=0.0m cur=14.3GB
[sweep] op 316/367 (86%) elapsed=0.2m eta=0.0m cur=14.4GB
[sweep] op 323/367 (88%) elapsed=0.2m eta=0.0m cur=14.3GB
[sweep] op 330/367 (90%) elapsed=0.3m eta=0.0m cur=14.3GB
[sweep] op 337/367 (92%) elapsed=0.3m eta=0.0m cur=14.4GB
[sweep] op 344/367 (94%) elapsed=0.3m eta=0.0m cur=14.3GB
[sweep] op 351/367 (96%) elapsed=0.3m eta=0.0m cur=14.4GB
[sweep] op 358/367 (98%) elapsed=0.3m eta=0.0m cur=15.3GB
[sweep] op 365/367 (99%) elapsed=0.3m eta=0.0m cur=15.3GB
[sweep] op 367/367 (100%) elapsed=0.3m eta=0.0m cur=15.3GB
  [stream-sound] 4 rounds done; blind root reproducible across rounds: True; W-block rows 0; W-ref False; Wnew rows 0; peak 16.90 GB
  [phase] prove-time breakdown (cuda-synced buckets; shares, not absolute — syncs remove overlap):
    encode         37.9s   38.5%
    quad           21.0s   21.3%
    fold_qlin      10.4s   10.6%
    witness         9.3s    9.5%
    qlin_polymul      4.8s    4.9%
    merkle          3.9s    4.0%
    aux             2.6s    2.6%
    compile         2.3s    2.4%
    qlin_rTA        2.0s    2.0%
    qlin_interp      1.6s    1.6%
    qlin_rowsum      1.2s    1.2%
    fold_qirs       0.8s    0.8%
    cols            0.6s    0.6%
    BUCKETED       98.3s  (vs total prove wall-clock; remainder = setup + un-bucketed)
[sweep] op 1/367 (0%) elapsed=0.0m eta=0.1m cur=12.9GB
[sweep] op 8/367 (2%) elapsed=0.0m eta=0.1m cur=13.0GB
[sweep] op 15/367 (4%) elapsed=0.0m eta=0.1m cur=13.0GB
[sweep] op 22/367 (6%) elapsed=0.0m eta=0.2m cur=13.3GB
[sweep] op 29/367 (8%) elapsed=0.0m eta=0.2m cur=13.4GB
[sweep] op 36/367 (10%) elapsed=0.0m eta=0.2m cur=13.5GB
[sweep] op 43/367 (12%) elapsed=0.0m eta=0.2m cur=13.9GB
[sweep] op 50/367 (14%) elapsed=0.0m eta=0.2m cur=13.9GB
[sweep] op 57/367 (16%) elapsed=0.0m eta=0.2m cur=13.9GB
[sweep] op 64/367 (17%) elapsed=0.0m eta=0.2m cur=14.4GB
[sweep] op 71/367 (19%) elapsed=0.0m eta=0.2m cur=14.3GB
[sweep] op 78/367 (21%) elapsed=0.0m eta=0.2m cur=14.5GB
[sweep] op 85/367 (23%) elapsed=0.0m eta=0.2m cur=15.1GB
[sweep] op 92/367 (25%) elapsed=0.1m eta=0.2m cur=14.8GB
[sweep] op 99/367 (27%) elapsed=0.1m eta=0.1m cur=15.0GB
[sweep] op 106/367 (29%) elapsed=0.1m eta=0.1m cur=15.0GB
[sweep] op 113/367 (31%) elapsed=0.1m eta=0.1m cur=15.2GB
[sweep] op 120/367 (33%) elapsed=0.1m eta=0.1m cur=15.4GB
[sweep] op 127/367 (35%) elapsed=0.1m eta=0.1m cur=15.5GB
[sweep] op 134/367 (37%) elapsed=0.1m eta=0.1m cur=15.6GB
[sweep] op 141/367 (38%) elapsed=0.1m eta=0.1m cur=15.7GB
[sweep] op 148/367 (40%) elapsed=0.1m eta=0.1m cur=15.8GB
[sweep] op 155/367 (42%) elapsed=0.1m eta=0.1m cur=16.0GB
[sweep] op 162/367 (44%) elapsed=0.1m eta=0.1m cur=16.1GB
[sweep] op 169/367 (46%) elapsed=0.1m eta=0.1m cur=16.2GB
[sweep] op 176/367 (48%) elapsed=0.1m eta=0.1m cur=16.5GB
[sweep] op 183/367 (50%) elapsed=0.1m eta=0.1m cur=16.6GB
[sweep] op 190/367 (52%) elapsed=0.1m eta=0.1m cur=16.7GB
[sweep] op 197/367 (54%) elapsed=0.1m eta=0.1m cur=17.0GB
[sweep] op 204/367 (56%) elapsed=0.1m eta=0.1m cur=17.0GB
[sweep] op 211/367 (57%) elapsed=0.1m eta=0.1m cur=17.1GB
[sweep] op 218/367 (59%) elapsed=0.1m eta=0.1m cur=17.6GB
[sweep] op 225/367 (61%) elapsed=0.1m eta=0.1m cur=17.5GB
[sweep] op 232/367 (63%) elapsed=0.1m eta=0.1m cur=17.7GB
[sweep] op 239/367 (65%) elapsed=0.1m eta=0.1m cur=18.3GB
[sweep] op 246/367 (67%) elapsed=0.1m eta=0.1m cur=17.9GB
[sweep] op 253/367 (69%) elapsed=0.1m eta=0.1m cur=18.1GB
[sweep] op 260/367 (71%) elapsed=0.1m eta=0.1m cur=18.2GB
[sweep] op 267/367 (73%) elapsed=0.1m eta=0.1m cur=18.4GB
[sweep] op 274/367 (75%) elapsed=0.2m eta=0.1m cur=18.6GB
[sweep] op 281/367 (77%) elapsed=0.2m eta=0.0m cur=18.6GB
[sweep] op 288/367 (78%) elapsed=0.2m eta=0.0m cur=18.7GB
[sweep] op 295/367 (80%) elapsed=0.2m eta=0.0m cur=18.9GB
[sweep] op 302/367 (82%) elapsed=0.2m eta=0.0m cur=19.0GB
[sweep] op 309/367 (84%) elapsed=0.2m eta=0.0m cur=19.2GB
[sweep] op 316/367 (86%) elapsed=0.2m eta=0.0m cur=19.3GB
[sweep] op 323/367 (88%) elapsed=0.2m eta=0.0m cur=19.4GB
[sweep] op 330/367 (90%) elapsed=0.2m eta=0.0m cur=19.7GB
[sweep] op 337/367 (92%) elapsed=0.2m eta=0.0m cur=19.8GB
[sweep] op 344/367 (94%) elapsed=0.2m eta=0.0m cur=19.8GB
[sweep] op 351/367 (96%) elapsed=0.2m eta=0.0m cur=20.2GB
[sweep] op 358/367 (98%) elapsed=0.2m eta=0.0m cur=21.1GB
[sweep] op 365/367 (99%) elapsed=0.2m eta=0.0m cur=21.1GB
[sweep] op 367/367 (100%) elapsed=0.2m eta=0.0m cur=21.1GB
[sweep] op 1/367 (0%) elapsed=0.0m eta=0.1m cur=21.2GB
[sweep] op 8/367 (2%) elapsed=0.0m eta=0.1m cur=21.2GB
[sweep] op 15/367 (4%) elapsed=0.0m eta=0.1m cur=21.2GB
[sweep] op 22/367 (6%) elapsed=0.0m eta=0.1m cur=21.2GB
[sweep] op 29/367 (8%) elapsed=0.0m eta=0.1m cur=21.2GB
[sweep] op 36/367 (10%) elapsed=0.0m eta=0.1m cur=21.2GB
[sweep] op 43/367 (12%) elapsed=0.0m eta=0.1m cur=21.2GB
[sweep] op 50/367 (14%) elapsed=0.0m eta=0.1m cur=21.2GB
[sweep] op 57/367 (16%) elapsed=0.0m eta=0.1m cur=21.2GB
[sweep] op 64/367 (17%) elapsed=0.0m eta=0.1m cur=21.4GB
[sweep] op 71/367 (19%) elapsed=0.0m eta=0.1m cur=21.2GB
[sweep] op 78/367 (21%) elapsed=0.0m eta=0.1m cur=21.2GB
[sweep] op 85/367 (23%) elapsed=0.0m eta=0.1m cur=21.6GB
[sweep] op 92/367 (25%) elapsed=0.0m eta=0.1m cur=21.2GB
[sweep] op 99/367 (27%) elapsed=0.0m eta=0.1m cur=21.2GB
[sweep] op 106/367 (29%) elapsed=0.0m eta=0.1m cur=21.2GB
[sweep] op 113/367 (31%) elapsed=0.0m eta=0.1m cur=21.2GB
[sweep] op 120/367 (33%) elapsed=0.0m eta=0.1m cur=21.3GB
[sweep] op 127/367 (35%) elapsed=0.0m eta=0.1m cur=21.2GB
[sweep] op 134/367 (37%) elapsed=0.0m eta=0.1m cur=21.2GB
[sweep] op 141/367 (38%) elapsed=0.0m eta=0.1m cur=21.2GB
[sweep] op 148/367 (40%) elapsed=0.0m eta=0.1m cur=21.2GB
[sweep] op 155/367 (42%) elapsed=0.0m eta=0.1m cur=21.2GB
[sweep] op 162/367 (44%) elapsed=0.0m eta=0.1m cur=21.2GB
[sweep] op 169/367 (46%) elapsed=0.0m eta=0.1m cur=21.2GB
[sweep] op 176/367 (48%) elapsed=0.0m eta=0.1m cur=21.2GB
[sweep] op 183/367 (50%) elapsed=0.1m eta=0.1m cur=21.2GB
[sweep] op 190/367 (52%) elapsed=0.1m eta=0.0m cur=21.2GB
[sweep] op 197/367 (54%) elapsed=0.1m eta=0.0m cur=21.2GB
[sweep] op 204/367 (56%) elapsed=0.1m eta=0.0m cur=21.2GB
[sweep] op 211/367 (57%) elapsed=0.1m eta=0.0m cur=21.2GB
[sweep] op 218/367 (59%) elapsed=0.1m eta=0.0m cur=21.4GB
[sweep] op 225/367 (61%) elapsed=0.1m eta=0.0m cur=21.2GB
[sweep] op 232/367 (63%) elapsed=0.1m eta=0.0m cur=21.2GB
[sweep] op 239/367 (65%) elapsed=0.1m eta=0.0m cur=21.6GB
[sweep] op 246/367 (67%) elapsed=0.1m eta=0.0m cur=21.2GB
[sweep] op 253/367 (69%) elapsed=0.1m eta=0.0m cur=21.3GB
[sweep] op 260/367 (71%) elapsed=0.1m eta=0.0m cur=21.2GB
[sweep] op 267/367 (73%) elapsed=0.1m eta=0.0m cur=21.2GB
[sweep] op 274/367 (75%) elapsed=0.1m eta=0.0m cur=21.3GB
[sweep] op 281/367 (77%) elapsed=0.1m eta=0.0m cur=21.2GB
[sweep] op 288/367 (78%) elapsed=0.1m eta=0.0m cur=21.2GB
[sweep] op 295/367 (80%) elapsed=0.1m eta=0.0m cur=21.2GB
[sweep] op 302/367 (82%) elapsed=0.1m eta=0.0m cur=21.2GB
[sweep] op 309/367 (84%) elapsed=0.1m eta=0.0m cur=21.2GB
[sweep] op 316/367 (86%) elapsed=0.1m eta=0.0m cur=21.2GB
[sweep] op 323/367 (88%) elapsed=0.1m eta=0.0m cur=21.2GB
[sweep] op 330/367 (90%) elapsed=0.1m eta=0.0m cur=21.2GB
[sweep] op 337/367 (92%) elapsed=0.1m eta=0.0m cur=21.2GB
[sweep] op 344/367 (94%) elapsed=0.1m eta=0.0m cur=21.2GB
[sweep] op 351/367 (96%) elapsed=0.1m eta=0.0m cur=21.2GB
[sweep] op 358/367 (98%) elapsed=0.1m eta=0.0m cur=22.2GB
[sweep] op 365/367 (99%) elapsed=0.1m eta=0.0m cur=22.2GB
[sweep] op 367/367 (100%) elapsed=0.1m eta=0.0m cur=22.2GB
[sweep] op 1/367 (0%) elapsed=0.0m eta=0.5m cur=21.1GB
[sweep] op 8/367 (2%) elapsed=0.0m eta=0.3m cur=21.2GB
[sweep] op 15/367 (4%) elapsed=0.0m eta=0.5m cur=21.1GB
[sweep] op 22/367 (6%) elapsed=0.0m eta=0.7m cur=21.1GB
[sweep] op 29/367 (8%) elapsed=0.1m eta=0.6m cur=21.2GB
[sweep] op 36/367 (10%) elapsed=0.1m eta=0.6m cur=21.2GB
[sweep] op 43/367 (12%) elapsed=0.1m eta=0.7m cur=21.2GB
[sweep] op 50/367 (14%) elapsed=0.1m eta=0.6m cur=21.2GB
[sweep] op 57/367 (16%) elapsed=0.1m eta=0.6m cur=21.1GB
[sweep] op 64/367 (17%) elapsed=0.1m eta=0.7m cur=21.2GB
[sweep] op 71/367 (19%) elapsed=0.1m eta=0.6m cur=21.2GB
[sweep] op 78/367 (21%) elapsed=0.2m eta=0.6m cur=21.2GB
[sweep] op 85/367 (23%) elapsed=0.2m eta=0.6m cur=21.5GB
[sweep] op 92/367 (25%) elapsed=0.2m eta=0.6m cur=21.2GB
[sweep] op 99/367 (27%) elapsed=0.2m eta=0.6m cur=21.2GB
[sweep] op 106/367 (29%) elapsed=0.2m eta=0.5m cur=21.2GB
[sweep] op 113/367 (31%) elapsed=0.2m eta=0.5m cur=21.2GB
[sweep] op 120/367 (33%) elapsed=0.3m eta=0.5m cur=21.3GB
[sweep] op 127/367 (35%) elapsed=0.3m eta=0.5m cur=21.2GB
[sweep] op 134/367 (37%) elapsed=0.3m eta=0.5m cur=21.1GB
[sweep] op 141/367 (38%) elapsed=0.3m eta=0.5m cur=21.2GB
[sweep] op 148/367 (40%) elapsed=0.3m eta=0.5m cur=21.2GB
[sweep] op 155/367 (42%) elapsed=0.3m eta=0.5m cur=21.2GB
[sweep] op 162/367 (44%) elapsed=0.3m eta=0.4m cur=21.2GB
[sweep] op 169/367 (46%) elapsed=0.4m eta=0.4m cur=21.1GB
[sweep] op 176/367 (48%) elapsed=0.4m eta=0.4m cur=21.1GB
[sweep] op 183/367 (50%) elapsed=0.4m eta=0.4m cur=21.2GB
[sweep] op 190/367 (52%) elapsed=0.4m eta=0.4m cur=21.2GB
[sweep] op 197/367 (54%) elapsed=0.4m eta=0.4m cur=21.2GB
[sweep] op 204/367 (56%) elapsed=0.4m eta=0.3m cur=21.2GB
[sweep] op 211/367 (57%) elapsed=0.4m eta=0.3m cur=21.1GB
[sweep] op 218/367 (59%) elapsed=0.5m eta=0.3m cur=21.2GB
[sweep] op 225/367 (61%) elapsed=0.5m eta=0.3m cur=21.2GB
[sweep] op 232/367 (63%) elapsed=0.5m eta=0.3m cur=21.2GB
[sweep] op 239/367 (65%) elapsed=0.5m eta=0.3m cur=21.5GB
[sweep] op 246/367 (67%) elapsed=0.5m eta=0.3m cur=21.2GB
[sweep] op 253/367 (69%) elapsed=0.5m eta=0.2m cur=21.2GB
[sweep] op 260/367 (71%) elapsed=0.6m eta=0.2m cur=21.2GB
[sweep] op 267/367 (73%) elapsed=0.6m eta=0.2m cur=21.2GB
[sweep] op 274/367 (75%) elapsed=0.6m eta=0.2m cur=21.3GB
[sweep] op 281/367 (77%) elapsed=0.6m eta=0.2m cur=21.2GB
[sweep] op 288/367 (78%) elapsed=0.6m eta=0.2m cur=21.1GB
[sweep] op 295/367 (80%) elapsed=0.6m eta=0.2m cur=21.2GB
[sweep] op 302/367 (82%) elapsed=0.6m eta=0.1m cur=21.2GB
[sweep] op 309/367 (84%) elapsed=0.7m eta=0.1m cur=21.2GB
[sweep] op 316/367 (86%) elapsed=0.7m eta=0.1m cur=21.2GB
[sweep] op 323/367 (88%) elapsed=0.7m eta=0.1m cur=21.1GB
[sweep] op 330/367 (90%) elapsed=0.7m eta=0.1m cur=21.1GB
[sweep] op 337/367 (92%) elapsed=0.7m eta=0.1m cur=21.2GB
[sweep] op 344/367 (94%) elapsed=0.7m eta=0.0m cur=21.2GB
[sweep] op 351/367 (96%) elapsed=0.8m eta=0.0m cur=21.2GB
[sweep] op 358/367 (98%) elapsed=0.8m eta=0.0m cur=22.2GB
[sweep] op 365/367 (99%) elapsed=0.8m eta=0.0m cur=22.2GB
[sweep] op 367/367 (100%) elapsed=0.8m eta=0.0m cur=22.2GB
[sweep] op 1/367 (0%) elapsed=0.0m eta=0.2m cur=21.4GB
[sweep] op 8/367 (2%) elapsed=0.0m eta=0.1m cur=21.4GB
[sweep] op 15/367 (4%) elapsed=0.0m eta=0.2m cur=21.3GB
[sweep] op 22/367 (6%) elapsed=0.0m eta=0.3m cur=21.3GB
[sweep] op 29/367 (8%) elapsed=0.0m eta=0.2m cur=21.5GB
[sweep] op 36/367 (10%) elapsed=0.0m eta=0.2m cur=21.4GB
[sweep] op 43/367 (12%) elapsed=0.0m eta=0.3m cur=21.5GB
[sweep] op 50/367 (14%) elapsed=0.0m eta=0.2m cur=21.5GB
[sweep] op 57/367 (16%) elapsed=0.0m eta=0.2m cur=21.4GB
[sweep] op 64/367 (17%) elapsed=0.0m eta=0.2m cur=21.6GB
[sweep] op 71/367 (19%) elapsed=0.1m eta=0.2m cur=21.5GB
[sweep] op 78/367 (21%) elapsed=0.1m eta=0.2m cur=21.5GB
[sweep] op 85/367 (23%) elapsed=0.1m eta=0.2m cur=21.9GB
[sweep] op 92/367 (25%) elapsed=0.1m eta=0.2m cur=21.5GB
[sweep] op 99/367 (27%) elapsed=0.1m eta=0.2m cur=21.5GB
[sweep] op 106/367 (29%) elapsed=0.1m eta=0.2m cur=21.5GB
[sweep] op 113/367 (31%) elapsed=0.1m eta=0.2m cur=21.5GB
[sweep] op 120/367 (33%) elapsed=0.1m eta=0.2m cur=21.5GB
[sweep] op 127/367 (35%) elapsed=0.1m eta=0.2m cur=21.5GB
[sweep] op 134/367 (37%) elapsed=0.1m eta=0.2m cur=21.4GB
[sweep] op 141/367 (38%) elapsed=0.1m eta=0.2m cur=21.5GB
[sweep] op 148/367 (40%) elapsed=0.1m eta=0.2m cur=21.5GB
[sweep] op 155/367 (42%) elapsed=0.1m eta=0.2m cur=21.4GB
[sweep] op 162/367 (44%) elapsed=0.1m eta=0.2m cur=21.5GB
[sweep] op 169/367 (46%) elapsed=0.1m eta=0.1m cur=21.4GB
[sweep] op 176/367 (48%) elapsed=0.1m eta=0.1m cur=21.5GB
[sweep] op 183/367 (50%) elapsed=0.1m eta=0.1m cur=21.6GB
[sweep] op 190/367 (52%) elapsed=0.1m eta=0.1m cur=21.5GB
[sweep] op 197/367 (54%) elapsed=0.2m eta=0.1m cur=21.6GB
[sweep] op 204/367 (56%) elapsed=0.2m eta=0.1m cur=21.6GB
[sweep] op 211/367 (57%) elapsed=0.2m eta=0.1m cur=21.5GB
[sweep] op 218/367 (59%) elapsed=0.2m eta=0.1m cur=21.7GB
[sweep] op 225/367 (61%) elapsed=0.2m eta=0.1m cur=21.6GB
[sweep] op 232/367 (63%) elapsed=0.2m eta=0.1m cur=21.6GB
[sweep] op 239/367 (65%) elapsed=0.2m eta=0.1m cur=22.0GB
[sweep] op 246/367 (67%) elapsed=0.2m eta=0.1m cur=21.6GB
[sweep] op 253/367 (69%) elapsed=0.2m eta=0.1m cur=21.6GB
[sweep] op 260/367 (71%) elapsed=0.2m eta=0.1m cur=21.6GB
[sweep] op 267/367 (73%) elapsed=0.2m eta=0.1m cur=21.6GB
[sweep] op 274/367 (75%) elapsed=0.2m eta=0.1m cur=21.6GB
[sweep] op 281/367 (77%) elapsed=0.2m eta=0.1m cur=21.6GB
[sweep] op 288/367 (78%) elapsed=0.2m eta=0.1m cur=21.5GB
[sweep] op 295/367 (80%) elapsed=0.2m eta=0.1m cur=21.6GB
[sweep] op 302/367 (82%) elapsed=0.2m eta=0.0m cur=21.6GB
[sweep] op 309/367 (84%) elapsed=0.2m eta=0.0m cur=21.5GB
[sweep] op 316/367 (86%) elapsed=0.2m eta=0.0m cur=21.7GB
[sweep] op 323/367 (88%) elapsed=0.2m eta=0.0m cur=21.6GB
[sweep] op 330/367 (90%) elapsed=0.3m eta=0.0m cur=21.6GB
[sweep] op 337/367 (92%) elapsed=0.3m eta=0.0m cur=21.7GB
[sweep] op 344/367 (94%) elapsed=0.3m eta=0.0m cur=21.6GB
[sweep] op 351/367 (96%) elapsed=0.3m eta=0.0m cur=21.7GB
[sweep] op 358/367 (98%) elapsed=0.3m eta=0.0m cur=22.5GB
[sweep] op 365/367 (99%) elapsed=0.3m eta=0.0m cur=22.6GB
[sweep] op 367/367 (100%) elapsed=0.3m eta=0.0m cur=22.5GB
  [stream-sound] 4 rounds done; blind root reproducible across rounds: True; W-block rows 0; W-ref False; Wnew rows 0; peak 25.24 GB
  [phase] prove-time breakdown (cuda-synced buckets; shares, not absolute — syncs remove overlap):
    encode         37.8s   38.9%
    quad           20.8s   21.4%
    fold_qlin      10.4s   10.7%
    witness         8.5s    8.7%
    qlin_polymul      4.8s    5.0%
    merkle          3.9s    4.0%
    aux             2.6s    2.7%
    compile         2.3s    2.4%
    qlin_rTA        2.0s    2.0%
    qlin_interp      1.6s    1.6%
    qlin_rowsum      1.2s    1.2%
    fold_qirs       0.8s    0.8%
    cols            0.6s    0.6%
    BUCKETED       97.3s  (vs total prove wall-clock; remainder = setup + un-bucketed)
[sweep] op 1/367 (0%) elapsed=0.0m eta=0.1m cur=12.9GB
[sweep] op 8/367 (2%) elapsed=0.0m eta=0.1m cur=13.0GB
[sweep] op 15/367 (4%) elapsed=0.0m eta=0.2m cur=12.8GB
[sweep] op 22/367 (6%) elapsed=0.0m eta=0.3m cur=12.8GB
[sweep] op 29/367 (8%) elapsed=0.0m eta=0.2m cur=13.0GB
[sweep] op 36/367 (10%) elapsed=0.0m eta=0.2m cur=12.9GB
[sweep] op 43/367 (12%) elapsed=0.0m eta=0.3m cur=13.0GB
[sweep] op 50/367 (14%) elapsed=0.0m eta=0.2m cur=13.0GB
[sweep] op 57/367 (16%) elapsed=0.0m eta=0.2m cur=12.8GB
[sweep] op 64/367 (17%) elapsed=0.1m eta=0.2m cur=13.0GB
[sweep] op 71/367 (19%) elapsed=0.1m eta=0.2m cur=13.0GB
[sweep] op 78/367 (21%) elapsed=0.1m eta=0.2m cur=13.0GB
[sweep] op 85/367 (23%) elapsed=0.1m eta=0.2m cur=13.3GB
[sweep] op 92/367 (25%) elapsed=0.1m eta=0.2m cur=13.0GB
[sweep] op 99/367 (27%) elapsed=0.1m eta=0.2m cur=13.0GB
[sweep] op 106/367 (29%) elapsed=0.1m eta=0.2m cur=13.0GB
[sweep] op 113/367 (31%) elapsed=0.1m eta=0.2m cur=13.0GB
[sweep] op 120/367 (33%) elapsed=0.1m eta=0.2m cur=13.0GB
[sweep] op 127/367 (35%) elapsed=0.1m eta=0.2m cur=13.0GB
[sweep] op 134/367 (37%) elapsed=0.1m eta=0.2m cur=12.9GB
[sweep] op 141/367 (38%) elapsed=0.1m eta=0.2m cur=13.0GB
[sweep] op 148/367 (40%) elapsed=0.1m eta=0.2m cur=13.0GB
[sweep] op 155/367 (42%) elapsed=0.1m eta=0.2m cur=12.9GB
[sweep] op 162/367 (44%) elapsed=0.1m eta=0.2m cur=13.0GB
[sweep] op 169/367 (46%) elapsed=0.1m eta=0.1m cur=12.9GB
[sweep] op 176/367 (48%) elapsed=0.1m eta=0.1m cur=12.9GB
[sweep] op 183/367 (50%) elapsed=0.1m eta=0.1m cur=13.0GB
[sweep] op 190/367 (52%) elapsed=0.1m eta=0.1m cur=12.9GB
[sweep] op 197/367 (54%) elapsed=0.2m eta=0.1m cur=13.0GB
[sweep] op 204/367 (56%) elapsed=0.2m eta=0.1m cur=13.0GB
[sweep] op 211/367 (57%) elapsed=0.2m eta=0.1m cur=12.8GB
[sweep] op 218/367 (59%) elapsed=0.2m eta=0.1m cur=13.0GB
[sweep] op 225/367 (61%) elapsed=0.2m eta=0.1m cur=13.0GB
[sweep] op 232/367 (63%) elapsed=0.2m eta=0.1m cur=13.0GB
[sweep] op 239/367 (65%) elapsed=0.2m eta=0.1m cur=13.3GB
[sweep] op 246/367 (67%) elapsed=0.2m eta=0.1m cur=13.0GB
[sweep] op 253/367 (69%) elapsed=0.2m eta=0.1m cur=13.0GB
[sweep] op 260/367 (71%) elapsed=0.2m eta=0.1m cur=13.0GB
[sweep] op 267/367 (73%) elapsed=0.2m eta=0.1m cur=13.0GB
[sweep] op 274/367 (75%) elapsed=0.2m eta=0.1m cur=13.0GB
[sweep] op 281/367 (77%) elapsed=0.2m eta=0.1m cur=13.0GB
[sweep] op 288/367 (78%) elapsed=0.2m eta=0.1m cur=12.8GB
[sweep] op 295/367 (80%) elapsed=0.2m eta=0.1m cur=13.0GB
[sweep] op 302/367 (82%) elapsed=0.2m eta=0.0m cur=13.0GB
[sweep] op 309/367 (84%) elapsed=0.2m eta=0.0m cur=12.9GB
[sweep] op 316/367 (86%) elapsed=0.2m eta=0.0m cur=13.0GB
[sweep] op 323/367 (88%) elapsed=0.2m eta=0.0m cur=12.9GB
[sweep] op 330/367 (90%) elapsed=0.3m eta=0.0m cur=12.9GB
[sweep] op 337/367 (92%) elapsed=0.3m eta=0.0m cur=13.0GB
[sweep] op 344/367 (94%) elapsed=0.3m eta=0.0m cur=12.9GB
[sweep] op 351/367 (96%) elapsed=0.3m eta=0.0m cur=13.0GB
[sweep] op 358/367 (98%) elapsed=0.3m eta=0.0m cur=13.9GB
[sweep] op 365/367 (99%) elapsed=0.3m eta=0.0m cur=13.9GB
[sweep] op 367/367 (100%) elapsed=0.3m eta=0.0m cur=13.8GB
[sweep] op 1/367 (0%) elapsed=0.0m eta=0.1m cur=14.0GB
[sweep] op 8/367 (2%) elapsed=0.0m eta=0.1m cur=14.0GB
[sweep] op 15/367 (4%) elapsed=0.0m eta=0.1m cur=14.0GB
[sweep] op 22/367 (6%) elapsed=0.0m eta=0.1m cur=14.0GB
[sweep] op 29/367 (8%) elapsed=0.0m eta=0.1m cur=14.0GB
[sweep] op 36/367 (10%) elapsed=0.0m eta=0.1m cur=14.0GB
[sweep] op 43/367 (12%) elapsed=0.0m eta=0.1m cur=14.0GB
[sweep] op 50/367 (14%) elapsed=0.0m eta=0.1m cur=14.0GB
[sweep] op 57/367 (16%) elapsed=0.0m eta=0.1m cur=14.0GB
[sweep] op 64/367 (17%) elapsed=0.0m eta=0.1m cur=14.1GB
[sweep] op 71/367 (19%) elapsed=0.0m eta=0.1m cur=14.0GB
[sweep] op 78/367 (21%) elapsed=0.0m eta=0.1m cur=14.0GB
[sweep] op 85/367 (23%) elapsed=0.0m eta=0.1m cur=14.3GB
[sweep] op 92/367 (25%) elapsed=0.0m eta=0.1m cur=14.0GB
[sweep] op 99/367 (27%) elapsed=0.0m eta=0.1m cur=14.0GB
[sweep] op 106/367 (29%) elapsed=0.0m eta=0.1m cur=14.0GB
[sweep] op 113/367 (31%) elapsed=0.0m eta=0.1m cur=14.0GB
[sweep] op 120/367 (33%) elapsed=0.0m eta=0.1m cur=14.1GB
[sweep] op 127/367 (35%) elapsed=0.0m eta=0.1m cur=14.0GB
[sweep] op 134/367 (37%) elapsed=0.0m eta=0.1m cur=14.0GB
[sweep] op 141/367 (38%) elapsed=0.0m eta=0.1m cur=14.0GB
[sweep] op 148/367 (40%) elapsed=0.0m eta=0.1m cur=14.0GB
[sweep] op 155/367 (42%) elapsed=0.0m eta=0.1m cur=14.0GB
[sweep] op 162/367 (44%) elapsed=0.0m eta=0.1m cur=14.0GB
[sweep] op 169/367 (46%) elapsed=0.0m eta=0.1m cur=14.0GB
[sweep] op 176/367 (48%) elapsed=0.1m eta=0.1m cur=14.0GB
[sweep] op 183/367 (50%) elapsed=0.1m eta=0.1m cur=14.0GB
[sweep] op 190/367 (52%) elapsed=0.1m eta=0.1m cur=14.0GB
[sweep] op 197/367 (54%) elapsed=0.1m eta=0.1m cur=14.0GB
[sweep] op 204/367 (56%) elapsed=0.1m eta=0.0m cur=14.0GB
[sweep] op 211/367 (57%) elapsed=0.1m eta=0.0m cur=14.0GB
[sweep] op 218/367 (59%) elapsed=0.1m eta=0.0m cur=14.1GB
[sweep] op 225/367 (61%) elapsed=0.1m eta=0.0m cur=14.0GB
[sweep] op 232/367 (63%) elapsed=0.1m eta=0.0m cur=14.0GB
[sweep] op 239/367 (65%) elapsed=0.1m eta=0.0m cur=14.3GB
[sweep] op 246/367 (67%) elapsed=0.1m eta=0.0m cur=14.0GB
[sweep] op 253/367 (69%) elapsed=0.1m eta=0.0m cur=14.0GB
[sweep] op 260/367 (71%) elapsed=0.1m eta=0.0m cur=14.0GB
[sweep] op 267/367 (73%) elapsed=0.1m eta=0.0m cur=14.0GB
[sweep] op 274/367 (75%) elapsed=0.1m eta=0.0m cur=14.1GB
[sweep] op 281/367 (77%) elapsed=0.1m eta=0.0m cur=14.0GB
[sweep] op 288/367 (78%) elapsed=0.1m eta=0.0m cur=14.0GB
[sweep] op 295/367 (80%) elapsed=0.1m eta=0.0m cur=14.0GB
[sweep] op 302/367 (82%) elapsed=0.1m eta=0.0m cur=14.0GB
[sweep] op 309/367 (84%) elapsed=0.1m eta=0.0m cur=14.0GB
[sweep] op 316/367 (86%) elapsed=0.1m eta=0.0m cur=14.0GB
[sweep] op 323/367 (88%) elapsed=0.1m eta=0.0m cur=14.0GB
[sweep] op 330/367 (90%) elapsed=0.1m eta=0.0m cur=14.0GB
[sweep] op 337/367 (92%) elapsed=0.1m eta=0.0m cur=14.0GB
[sweep] op 344/367 (94%) elapsed=0.1m eta=0.0m cur=14.0GB
[sweep] op 351/367 (96%) elapsed=0.1m eta=0.0m cur=14.0GB
[sweep] op 358/367 (98%) elapsed=0.1m eta=0.0m cur=14.9GB
[sweep] op 365/367 (99%) elapsed=0.1m eta=0.0m cur=14.9GB
[sweep] op 367/367 (100%) elapsed=0.1m eta=0.0m cur=14.9GB
[sweep] op 1/367 (0%) elapsed=0.0m eta=0.5m cur=13.9GB
[sweep] op 8/367 (2%) elapsed=0.0m eta=0.3m cur=13.9GB
[sweep] op 15/367 (4%) elapsed=0.0m eta=0.5m cur=13.9GB
[sweep] op 22/367 (6%) elapsed=0.0m eta=0.7m cur=13.9GB
[sweep] op 29/367 (8%) elapsed=0.1m eta=0.6m cur=13.9GB
[sweep] op 36/367 (10%) elapsed=0.1m eta=0.6m cur=13.9GB
[sweep] op 43/367 (12%) elapsed=0.1m eta=0.7m cur=13.9GB
[sweep] op 50/367 (14%) elapsed=0.1m eta=0.6m cur=13.9GB
[sweep] op 57/367 (16%) elapsed=0.1m eta=0.6m cur=13.9GB
[sweep] op 64/367 (17%) elapsed=0.1m eta=0.7m cur=14.0GB
[sweep] op 71/367 (19%) elapsed=0.1m eta=0.6m cur=13.9GB
[sweep] op 78/367 (21%) elapsed=0.2m eta=0.6m cur=13.9GB
[sweep] op 85/367 (23%) elapsed=0.2m eta=0.6m cur=14.2GB
[sweep] op 92/367 (25%) elapsed=0.2m eta=0.6m cur=13.9GB
[sweep] op 99/367 (27%) elapsed=0.2m eta=0.6m cur=13.9GB
[sweep] op 106/367 (29%) elapsed=0.2m eta=0.5m cur=14.0GB
[sweep] op 113/367 (31%) elapsed=0.2m eta=0.5m cur=13.9GB
[sweep] op 120/367 (33%) elapsed=0.3m eta=0.5m cur=14.1GB
[sweep] op 127/367 (35%) elapsed=0.3m eta=0.5m cur=14.0GB
[sweep] op 134/367 (37%) elapsed=0.3m eta=0.5m cur=13.9GB
[sweep] op 141/367 (38%) elapsed=0.3m eta=0.5m cur=14.0GB
[sweep] op 148/367 (40%) elapsed=0.3m eta=0.5m cur=13.9GB
[sweep] op 155/367 (42%) elapsed=0.3m eta=0.5m cur=13.9GB
[sweep] op 162/367 (44%) elapsed=0.3m eta=0.4m cur=13.9GB
[sweep] op 169/367 (46%) elapsed=0.4m eta=0.4m cur=13.9GB
[sweep] op 176/367 (48%) elapsed=0.4m eta=0.4m cur=13.9GB
[sweep] op 183/367 (50%) elapsed=0.4m eta=0.4m cur=13.9GB
[sweep] op 190/367 (52%) elapsed=0.4m eta=0.4m cur=13.9GB
[sweep] op 197/367 (54%) elapsed=0.4m eta=0.4m cur=13.9GB
[sweep] op 204/367 (56%) elapsed=0.4m eta=0.3m cur=13.9GB
[sweep] op 211/367 (57%) elapsed=0.4m eta=0.3m cur=13.9GB
[sweep] op 218/367 (59%) elapsed=0.5m eta=0.3m cur=14.0GB
[sweep] op 225/367 (61%) elapsed=0.5m eta=0.3m cur=13.9GB
[sweep] op 232/367 (63%) elapsed=0.5m eta=0.3m cur=13.9GB
[sweep] op 239/367 (65%) elapsed=0.5m eta=0.3m cur=14.2GB
[sweep] op 246/367 (67%) elapsed=0.5m eta=0.3m cur=13.9GB
[sweep] op 253/367 (69%) elapsed=0.5m eta=0.2m cur=13.9GB
[sweep] op 260/367 (71%) elapsed=0.6m eta=0.2m cur=14.0GB
[sweep] op 267/367 (73%) elapsed=0.6m eta=0.2m cur=13.9GB
[sweep] op 274/367 (75%) elapsed=0.6m eta=0.2m cur=14.1GB
[sweep] op 281/367 (77%) elapsed=0.6m eta=0.2m cur=14.0GB
[sweep] op 288/367 (78%) elapsed=0.6m eta=0.2m cur=13.9GB
[sweep] op 295/367 (80%) elapsed=0.6m eta=0.2m cur=14.0GB
[sweep] op 302/367 (82%) elapsed=0.6m eta=0.1m cur=13.9GB
[sweep] op 309/367 (84%) elapsed=0.7m eta=0.1m cur=13.9GB
[sweep] op 316/367 (86%) elapsed=0.7m eta=0.1m cur=13.9GB
[sweep] op 323/367 (88%) elapsed=0.7m eta=0.1m cur=13.9GB
[sweep] op 330/367 (90%) elapsed=0.7m eta=0.1m cur=13.9GB
[sweep] op 337/367 (92%) elapsed=0.7m eta=0.1m cur=13.9GB
[sweep] op 344/367 (94%) elapsed=0.7m eta=0.0m cur=13.9GB
[sweep] op 351/367 (96%) elapsed=0.8m eta=0.0m cur=13.9GB
[sweep] op 358/367 (98%) elapsed=0.8m eta=0.0m cur=14.9GB
[sweep] op 365/367 (99%) elapsed=0.8m eta=0.0m cur=14.9GB
[sweep] op 367/367 (100%) elapsed=0.8m eta=0.0m cur=14.9GB
[sweep] op 1/367 (0%) elapsed=0.0m eta=0.2m cur=14.1GB
[sweep] op 8/367 (2%) elapsed=0.0m eta=0.1m cur=14.2GB
[sweep] op 15/367 (4%) elapsed=0.0m eta=0.2m cur=14.1GB
[sweep] op 22/367 (6%) elapsed=0.0m eta=0.3m cur=14.1GB
[sweep] op 29/367 (8%) elapsed=0.0m eta=0.2m cur=14.2GB
[sweep] op 36/367 (10%) elapsed=0.0m eta=0.2m cur=14.1GB
[sweep] op 43/367 (12%) elapsed=0.0m eta=0.3m cur=14.2GB
[sweep] op 50/367 (14%) elapsed=0.0m eta=0.2m cur=14.2GB
[sweep] op 57/367 (16%) elapsed=0.0m eta=0.2m cur=14.1GB
[sweep] op 64/367 (17%) elapsed=0.1m eta=0.2m cur=14.4GB
[sweep] op 71/367 (19%) elapsed=0.1m eta=0.2m cur=14.2GB
[sweep] op 78/367 (21%) elapsed=0.1m eta=0.2m cur=14.2GB
[sweep] op 85/367 (23%) elapsed=0.1m eta=0.2m cur=14.6GB
[sweep] op 92/367 (25%) elapsed=0.1m eta=0.2m cur=14.3GB
[sweep] op 99/367 (27%) elapsed=0.1m eta=0.2m cur=14.3GB
[sweep] op 106/367 (29%) elapsed=0.1m eta=0.2m cur=14.3GB
[sweep] op 113/367 (31%) elapsed=0.1m eta=0.2m cur=14.3GB
[sweep] op 120/367 (33%) elapsed=0.1m eta=0.2m cur=14.2GB
[sweep] op 127/367 (35%) elapsed=0.1m eta=0.2m cur=14.3GB
[sweep] op 134/367 (37%) elapsed=0.1m eta=0.2m cur=14.2GB
[sweep] op 141/367 (38%) elapsed=0.1m eta=0.2m cur=14.3GB
[sweep] op 148/367 (40%) elapsed=0.1m eta=0.2m cur=14.3GB
[sweep] op 155/367 (42%) elapsed=0.1m eta=0.2m cur=14.2GB
[sweep] op 162/367 (44%) elapsed=0.1m eta=0.2m cur=14.3GB
[sweep] op 169/367 (46%) elapsed=0.1m eta=0.2m cur=14.2GB
[sweep] op 176/367 (48%) elapsed=0.1m eta=0.1m cur=14.2GB
[sweep] op 183/367 (50%) elapsed=0.1m eta=0.1m cur=14.3GB
[sweep] op 190/367 (52%) elapsed=0.1m eta=0.1m cur=14.2GB
[sweep] op 197/367 (54%) elapsed=0.2m eta=0.1m cur=14.3GB
[sweep] op 204/367 (56%) elapsed=0.2m eta=0.1m cur=14.3GB
[sweep] op 211/367 (57%) elapsed=0.2m eta=0.1m cur=14.2GB
[sweep] op 218/367 (59%) elapsed=0.2m eta=0.1m cur=14.5GB
[sweep] op 225/367 (61%) elapsed=0.2m eta=0.1m cur=14.3GB
[sweep] op 232/367 (63%) elapsed=0.2m eta=0.1m cur=14.3GB
[sweep] op 239/367 (65%) elapsed=0.2m eta=0.1m cur=14.7GB
[sweep] op 246/367 (67%) elapsed=0.2m eta=0.1m cur=14.3GB
[sweep] op 253/367 (69%) elapsed=0.2m eta=0.1m cur=14.4GB
[sweep] op 260/367 (71%) elapsed=0.2m eta=0.1m cur=14.4GB
[sweep] op 267/367 (73%) elapsed=0.2m eta=0.1m cur=14.4GB
[sweep] op 274/367 (75%) elapsed=0.2m eta=0.1m cur=14.3GB
[sweep] op 281/367 (77%) elapsed=0.2m eta=0.1m cur=14.4GB
[sweep] op 288/367 (78%) elapsed=0.2m eta=0.1m cur=14.3GB
[sweep] op 295/367 (80%) elapsed=0.2m eta=0.1m cur=14.4GB
[sweep] op 302/367 (82%) elapsed=0.2m eta=0.0m cur=14.4GB
[sweep] op 309/367 (84%) elapsed=0.2m eta=0.0m cur=14.3GB
[sweep] op 316/367 (86%) elapsed=0.2m eta=0.0m cur=14.4GB
[sweep] op 323/367 (88%) elapsed=0.2m eta=0.0m cur=14.3GB
[sweep] op 330/367 (90%) elapsed=0.3m eta=0.0m cur=14.3GB
[sweep] op 337/367 (92%) elapsed=0.3m eta=0.0m cur=14.4GB
[sweep] op 344/367 (94%) elapsed=0.3m eta=0.0m cur=14.3GB
[sweep] op 351/367 (96%) elapsed=0.3m eta=0.0m cur=14.4GB
[sweep] op 358/367 (98%) elapsed=0.3m eta=0.0m cur=15.3GB
[sweep] op 365/367 (99%) elapsed=0.3m eta=0.0m cur=15.3GB
[sweep] op 367/367 (100%) elapsed=0.3m eta=0.0m cur=15.3GB
  [stream-sound] 4 rounds done; blind root reproducible across rounds: True; W-block rows 0; W-ref False; Wnew rows 0; peak 25.24 GB
  [phase] prove-time breakdown (cuda-synced buckets; shares, not absolute — syncs remove overlap):
    encode         37.8s   39.0%
    quad           20.7s   21.3%
    fold_qlin      10.3s   10.6%
    witness         8.6s    8.9%
    qlin_polymul      4.8s    5.0%
    merkle          3.9s    4.0%
    aux             2.5s    2.6%
    compile         2.4s    2.4%
    qlin_rTA        1.9s    2.0%
    qlin_interp      1.6s    1.6%
    qlin_rowsum      1.2s    1.2%
    fold_qirs       0.8s    0.8%
    cols            0.6s    0.6%
    BUCKETED       96.9s  (vs total prove wall-clock; remainder = setup + un-bucketed)
  recompute : prove  98.93s   witness   9.33s
  gpu-cache : prove  97.96s   witness   8.49s   (+1.0% vs recompute)
  host-spill: prove 102.76s   witness   8.58s   (-3.9% vs recompute)

  spill vs recompute: witness 9.33s -> 8.58s (+8% of the witness term)
  spill vs gpu-cache: prove 97.96s vs 102.76s (spill trades GPU mem for host mem; slower by 4.80s here)

--- production lens (witness spill) ---
  TOY end-to-end: -3.9%  <-- do NOT read as production
  400B term shares (cost model, notebook mode):
     witness       16288s   56.8%
     streaming      9272s   32.3%
     quad           2995s   10.4%
     lin             112s    0.4%
  lever: cuts 'witness' by 47% (measured on toy)
  PRODUCTION PROJECTION: +27.0%  (28668s -> 20941s)  (NVMe 7GB/s; crossover-type — prod per-term cut, NOT the toy fraction)

/workspace/VerInf/prover/core.py:627: UserWarning: The given buffer is not writable, and PyTorch does not support non-writable tensors. This means you can write to the underlying (supposedly non-writable) buffer using the tensor. You may want to copy the buffer to protect its data or make it writable before converting it to a tensor. This type of warning will be suppressed for the rest of this program. (Triggered internally at /__w/pytorch/pytorch/torch/csrc/utils/tensor_new.cpp:1556.)
  return torch.frombuffer(bytes(master_seed), dtype=torch.uint8).cuda()
