[spill-ab +    0.0s] GPU Quadro RTX 8000 | d=512 seq=1024 L=4 dff=1536 | spilldir=/workspace/spill
[spill-ab +    0.0s] 1/4 measuring disk BW of the spill dir (write+read 3GB) ...
[spill-ab +    4.3s] disk BW: write 1.30 GB/s, read 1.92 GB/s
[spill-ab +    4.3s] 2/4 prove NO-SPILL (recompute baseline) ...
/workspace/VerInf/prover/core.py:627: UserWarning: The given buffer is not writable, and PyTorch does not support non-writable tensors. This means you can write to the underlying (supposedly non-writable) buffer using the tensor. You may want to copy the buffer to protect its data or make it writable before converting it to a tensor. This type of warning will be suppressed for the rest of this program. (Triggered internally at /__w/pytorch/pytorch/torch/csrc/utils/tensor_new.cpp:1556.)
  return torch.frombuffer(bytes(master_seed), dtype=torch.uint8).cuda()
[sweep] op 1/103 (1%) elapsed=0.0m eta=0.1m cur=2.3GB
[sweep] op 3/103 (3%) elapsed=0.0m eta=0.1m cur=2.4GB
[sweep] op 5/103 (5%) elapsed=0.0m eta=0.0m cur=2.3GB
[sweep] op 7/103 (7%) elapsed=0.0m eta=0.0m cur=2.4GB
[sweep] op 9/103 (9%) elapsed=0.0m eta=0.3m cur=4.5GB
[sweep] op 11/103 (11%) elapsed=0.1m eta=0.7m cur=8.3GB
[sweep] op 13/103 (13%) elapsed=0.1m eta=0.6m cur=7.7GB
[sweep] op 15/103 (15%) elapsed=0.1m eta=0.5m cur=7.7GB
[sweep] op 17/103 (17%) elapsed=0.1m eta=0.5m cur=7.8GB
[sweep] op 19/103 (18%) elapsed=0.1m eta=0.4m cur=8.2GB
[sweep] op 21/103 (20%) elapsed=0.1m eta=0.4m cur=7.9GB
[sweep] op 23/103 (22%) elapsed=0.1m eta=0.3m cur=7.9GB
[sweep] op 25/103 (24%) elapsed=0.1m eta=0.3m cur=8.0GB
[sweep] op 27/103 (26%) elapsed=0.1m eta=0.3m cur=7.9GB
[sweep] op 29/103 (28%) elapsed=0.1m eta=0.2m cur=8.0GB
[sweep] op 31/103 (30%) elapsed=0.1m eta=0.3m cur=10.1GB
[sweep] op 33/103 (32%) elapsed=0.2m eta=0.4m cur=13.9GB
[sweep] op 35/103 (34%) elapsed=0.2m eta=0.4m cur=13.3GB
[sweep] op 37/103 (36%) elapsed=0.2m eta=0.3m cur=13.3GB
[sweep] op 39/103 (38%) elapsed=0.2m eta=0.3m cur=13.3GB
[sweep] op 41/103 (40%) elapsed=0.2m eta=0.3m cur=13.5GB
[sweep] op 43/103 (42%) elapsed=0.2m eta=0.3m cur=13.3GB
[sweep] op 45/103 (44%) elapsed=0.2m eta=0.2m cur=13.3GB
[sweep] op 47/103 (46%) elapsed=0.2m eta=0.2m cur=13.3GB
[sweep] op 49/103 (48%) elapsed=0.2m eta=0.2m cur=13.3GB
[sweep] op 51/103 (50%) elapsed=0.2m eta=0.2m cur=13.3GB
[sweep] op 53/103 (51%) elapsed=0.2m eta=0.2m cur=15.5GB
[sweep] op 55/103 (53%) elapsed=0.3m eta=0.2m cur=13.9GB
[sweep] op 57/103 (55%) elapsed=0.3m eta=0.2m cur=13.3GB
[sweep] op 59/103 (57%) elapsed=0.3m eta=0.2m cur=13.3GB
[sweep] op 61/103 (59%) elapsed=0.3m eta=0.2m cur=13.3GB
[sweep] op 63/103 (61%) elapsed=0.3m eta=0.2m cur=13.5GB
[sweep] op 65/103 (63%) elapsed=0.3m eta=0.2m cur=13.3GB
[sweep] op 67/103 (65%) elapsed=0.3m eta=0.1m cur=13.3GB
[sweep] op 69/103 (67%) elapsed=0.3m eta=0.1m cur=13.3GB
[sweep] op 71/103 (69%) elapsed=0.3m eta=0.1m cur=13.3GB
[sweep] op 73/103 (71%) elapsed=0.3m eta=0.1m cur=13.3GB
[sweep] op 75/103 (73%) elapsed=0.3m eta=0.1m cur=15.5GB
[sweep] op 77/103 (75%) elapsed=0.4m eta=0.1m cur=13.9GB
[sweep] op 79/103 (77%) elapsed=0.4m eta=0.1m cur=13.3GB
[sweep] op 81/103 (79%) elapsed=0.4m eta=0.1m cur=13.3GB
[sweep] op 83/103 (81%) elapsed=0.4m eta=0.1m cur=13.3GB
[sweep] op 85/103 (83%) elapsed=0.4m eta=0.1m cur=13.5GB
[sweep] op 87/103 (84%) elapsed=0.4m eta=0.1m cur=13.3GB
[sweep] op 89/103 (86%) elapsed=0.4m eta=0.1m cur=13.3GB
[sweep] op 91/103 (88%) elapsed=0.4m eta=0.0m cur=13.3GB
[sweep] op 93/103 (90%) elapsed=0.4m eta=0.0m cur=13.3GB
[sweep] op 95/103 (92%) elapsed=0.4m eta=0.0m cur=13.3GB
[sweep] op 97/103 (94%) elapsed=0.4m eta=0.0m cur=13.3GB
[sweep] op 99/103 (96%) elapsed=0.4m eta=0.0m cur=13.3GB
[sweep] op 101/103 (98%) elapsed=0.4m eta=0.0m cur=13.3GB
[sweep] op 103/103 (100%) elapsed=0.4m eta=0.0m cur=13.3GB
[sweep] op 1/103 (1%) elapsed=0.0m eta=0.0m cur=13.3GB
[sweep] op 3/103 (3%) elapsed=0.0m eta=0.0m cur=13.3GB
[sweep] op 5/103 (5%) elapsed=0.0m eta=0.0m cur=13.3GB
[sweep] op 7/103 (7%) elapsed=0.0m eta=0.0m cur=13.3GB
[sweep] op 9/103 (9%) elapsed=0.0m eta=0.2m cur=15.4GB
[sweep] op 11/103 (11%) elapsed=0.0m eta=0.4m cur=13.8GB
[sweep] op 13/103 (13%) elapsed=0.0m eta=0.3m cur=13.3GB
[sweep] op 15/103 (15%) elapsed=0.0m eta=0.3m cur=13.3GB
[sweep] op 17/103 (17%) elapsed=0.0m eta=0.2m cur=13.3GB
[sweep] op 19/103 (18%) elapsed=0.0m eta=0.2m cur=13.5GB
[sweep] op 21/103 (20%) elapsed=0.0m eta=0.2m cur=13.3GB
[sweep] op 23/103 (22%) elapsed=0.0m eta=0.2m cur=13.3GB
[sweep] op 25/103 (24%) elapsed=0.0m eta=0.2m cur=13.3GB
[sweep] op 27/103 (26%) elapsed=0.0m eta=0.1m cur=13.3GB
[sweep] op 29/103 (28%) elapsed=0.1m eta=0.1m cur=13.3GB
[sweep] op 31/103 (30%) elapsed=0.1m eta=0.1m cur=15.4GB
[sweep] op 33/103 (32%) elapsed=0.1m eta=0.2m cur=13.8GB
[sweep] op 35/103 (34%) elapsed=0.1m eta=0.2m cur=13.3GB
[sweep] op 37/103 (36%) elapsed=0.1m eta=0.2m cur=13.3GB
[sweep] op 39/103 (38%) elapsed=0.1m eta=0.2m cur=13.3GB
[sweep] op 41/103 (40%) elapsed=0.1m eta=0.1m cur=13.5GB
[sweep] op 43/103 (42%) elapsed=0.1m eta=0.1m cur=13.3GB
[sweep] op 45/103 (44%) elapsed=0.1m eta=0.1m cur=13.3GB
[sweep] op 47/103 (46%) elapsed=0.1m eta=0.1m cur=13.3GB
[sweep] op 49/103 (48%) elapsed=0.1m eta=0.1m cur=13.3GB
[sweep] op 51/103 (50%) elapsed=0.1m eta=0.1m cur=13.3GB
[sweep] op 53/103 (51%) elapsed=0.1m eta=0.1m cur=15.4GB
[sweep] op 55/103 (53%) elapsed=0.2m eta=0.1m cur=13.8GB
[sweep] op 57/103 (55%) elapsed=0.2m eta=0.1m cur=13.3GB
[sweep] op 59/103 (57%) elapsed=0.2m eta=0.1m cur=13.3GB
[sweep] op 61/103 (59%) elapsed=0.2m eta=0.1m cur=13.3GB
[sweep] op 63/103 (61%) elapsed=0.2m eta=0.1m cur=13.5GB
[sweep] op 65/103 (63%) elapsed=0.2m eta=0.1m cur=13.3GB
[sweep] op 67/103 (65%) elapsed=0.2m eta=0.1m cur=13.3GB
[sweep] op 69/103 (67%) elapsed=0.2m eta=0.1m cur=13.3GB
[sweep] op 71/103 (69%) elapsed=0.2m eta=0.1m cur=13.3GB
[sweep] op 73/103 (71%) elapsed=0.2m eta=0.1m cur=13.3GB
[sweep] op 75/103 (73%) elapsed=0.2m eta=0.1m cur=15.4GB
[sweep] op 77/103 (75%) elapsed=0.2m eta=0.1m cur=13.8GB
[sweep] op 79/103 (77%) elapsed=0.2m eta=0.1m cur=13.3GB
[sweep] op 81/103 (79%) elapsed=0.2m eta=0.1m cur=13.3GB
[sweep] op 83/103 (81%) elapsed=0.2m eta=0.1m cur=13.3GB
[sweep] op 85/103 (83%) elapsed=0.2m eta=0.0m cur=13.5GB
[sweep] op 87/103 (84%) elapsed=0.2m eta=0.0m cur=13.3GB
[sweep] op 89/103 (86%) elapsed=0.2m eta=0.0m cur=13.3GB
[sweep] op 91/103 (88%) elapsed=0.2m eta=0.0m cur=13.3GB
[sweep] op 93/103 (90%) elapsed=0.2m eta=0.0m cur=13.3GB
[sweep] op 95/103 (92%) elapsed=0.2m eta=0.0m cur=13.3GB
[sweep] op 97/103 (94%) elapsed=0.2m eta=0.0m cur=13.3GB
[sweep] op 99/103 (96%) elapsed=0.2m eta=0.0m cur=13.3GB
[sweep] op 101/103 (98%) elapsed=0.2m eta=0.0m cur=13.3GB
[sweep] op 103/103 (100%) elapsed=0.2m eta=0.0m cur=13.3GB
[sweep] op 1/103 (1%) elapsed=0.0m eta=0.3m cur=13.3GB
[sweep] op 3/103 (3%) elapsed=0.0m eta=0.1m cur=13.3GB
[sweep] op 5/103 (5%) elapsed=0.0m eta=0.1m cur=13.3GB
[sweep] op 7/103 (7%) elapsed=0.0m eta=0.1m cur=13.3GB
[sweep] op 9/103 (9%) elapsed=0.1m eta=1.5m cur=15.4GB
[sweep] op 11/103 (11%) elapsed=0.6m eta=4.9m cur=13.8GB
[sweep] op 13/103 (13%) elapsed=0.6m eta=4.1m cur=13.3GB
[sweep] op 15/103 (15%) elapsed=0.6m eta=3.4m cur=13.3GB
[sweep] op 17/103 (17%) elapsed=0.6m eta=3.0m cur=13.3GB
[sweep] op 19/103 (18%) elapsed=0.6m eta=2.7m cur=13.5GB
[sweep] op 21/103 (20%) elapsed=0.6m eta=2.4m cur=13.3GB
[sweep] op 23/103 (22%) elapsed=0.6m eta=2.1m cur=13.3GB
[sweep] op 25/103 (24%) elapsed=0.6m eta=1.9m cur=13.3GB
[sweep] op 27/103 (26%) elapsed=0.6m eta=1.7m cur=13.3GB
[sweep] op 29/103 (28%) elapsed=0.6m eta=1.6m cur=13.3GB
[sweep] op 31/103 (30%) elapsed=0.8m eta=1.8m cur=15.4GB
[sweep] op 33/103 (32%) elapsed=1.2m eta=2.5m cur=13.8GB
[sweep] op 35/103 (34%) elapsed=1.2m eta=2.3m cur=13.3GB
[sweep] op 37/103 (36%) elapsed=1.2m eta=2.1m cur=13.3GB
[sweep] op 39/103 (38%) elapsed=1.2m eta=2.0m cur=13.3GB
[sweep] op 41/103 (40%) elapsed=1.2m eta=1.8m cur=13.5GB
[sweep] op 43/103 (42%) elapsed=1.2m eta=1.7m cur=13.3GB
[sweep] op 45/103 (44%) elapsed=1.2m eta=1.6m cur=13.3GB
[sweep] op 47/103 (46%) elapsed=1.2m eta=1.5m cur=13.3GB
[sweep] op 49/103 (48%) elapsed=1.2m eta=1.4m cur=13.3GB
[sweep] op 51/103 (50%) elapsed=1.2m eta=1.3m cur=13.3GB
[sweep] op 53/103 (51%) elapsed=1.4m eta=1.3m cur=15.4GB
[sweep] op 55/103 (53%) elapsed=1.8m eta=1.6m cur=13.8GB
[sweep] op 57/103 (55%) elapsed=1.8m eta=1.5m cur=13.3GB
[sweep] op 59/103 (57%) elapsed=1.8m eta=1.4m cur=13.3GB
[sweep] op 61/103 (59%) elapsed=1.8m eta=1.3m cur=13.3GB
[sweep] op 63/103 (61%) elapsed=1.8m eta=1.2m cur=13.5GB
[sweep] op 65/103 (63%) elapsed=1.8m eta=1.1m cur=13.3GB
[sweep] op 67/103 (65%) elapsed=1.8m eta=1.0m cur=13.3GB
[sweep] op 69/103 (67%) elapsed=1.9m eta=0.9m cur=13.3GB
[sweep] op 71/103 (69%) elapsed=1.9m eta=0.8m cur=13.3GB
[sweep] op 73/103 (71%) elapsed=1.9m eta=0.8m cur=13.3GB
[sweep] op 75/103 (73%) elapsed=2.0m eta=0.7m cur=15.4GB
[sweep] op 77/103 (75%) elapsed=2.4m eta=0.8m cur=13.8GB
[sweep] op 79/103 (77%) elapsed=2.4m eta=0.7m cur=13.3GB
[sweep] op 81/103 (79%) elapsed=2.4m eta=0.7m cur=13.3GB
[sweep] op 83/103 (81%) elapsed=2.4m eta=0.6m cur=13.3GB
[sweep] op 85/103 (83%) elapsed=2.5m eta=0.5m cur=13.5GB
[sweep] op 87/103 (84%) elapsed=2.5m eta=0.5m cur=13.3GB
[sweep] op 89/103 (86%) elapsed=2.5m eta=0.4m cur=13.3GB
[sweep] op 91/103 (88%) elapsed=2.5m eta=0.3m cur=13.3GB
[sweep] op 93/103 (90%) elapsed=2.5m eta=0.3m cur=13.3GB
[sweep] op 95/103 (92%) elapsed=2.5m eta=0.2m cur=13.3GB
[sweep] op 97/103 (94%) elapsed=2.5m eta=0.2m cur=13.3GB
[sweep] op 99/103 (96%) elapsed=2.5m eta=0.1m cur=13.3GB
[sweep] op 101/103 (98%) elapsed=2.5m eta=0.0m cur=13.3GB
[sweep] op 103/103 (100%) elapsed=2.5m eta=0.0m cur=13.3GB
[sweep] op 1/103 (1%) elapsed=0.0m eta=0.1m cur=13.3GB
[sweep] op 3/103 (3%) elapsed=0.0m eta=0.0m cur=13.4GB
[sweep] op 5/103 (5%) elapsed=0.0m eta=0.0m cur=13.3GB
[sweep] op 7/103 (7%) elapsed=0.0m eta=0.0m cur=13.4GB
[sweep] op 9/103 (9%) elapsed=0.0m eta=0.4m cur=15.6GB
[sweep] op 11/103 (11%) elapsed=0.1m eta=1.1m cur=14.3GB
[sweep] op 13/103 (13%) elapsed=0.1m eta=0.9m cur=13.7GB
[sweep] op 15/103 (15%) elapsed=0.1m eta=0.8m cur=13.7GB
[sweep] op 17/103 (17%) elapsed=0.1m eta=0.7m cur=13.7GB
[sweep] op 19/103 (18%) elapsed=0.1m eta=0.6m cur=14.0GB
[sweep] op 21/103 (20%) elapsed=0.1m eta=0.6m cur=13.7GB
[sweep] op 23/103 (22%) elapsed=0.1m eta=0.5m cur=13.7GB
[sweep] op 25/103 (24%) elapsed=0.1m eta=0.4m cur=13.8GB
[sweep] op 27/103 (26%) elapsed=0.1m eta=0.4m cur=13.7GB
[sweep] op 29/103 (28%) elapsed=0.1m eta=0.4m cur=13.8GB
[sweep] op 31/103 (30%) elapsed=0.2m eta=0.4m cur=16.0GB
[sweep] op 33/103 (32%) elapsed=0.3m eta=0.6m cur=14.6GB
[sweep] op 35/103 (34%) elapsed=0.3m eta=0.5m cur=14.1GB
[sweep] op 37/103 (36%) elapsed=0.3m eta=0.5m cur=14.1GB
[sweep] op 39/103 (38%) elapsed=0.3m eta=0.5m cur=14.1GB
[sweep] op 41/103 (40%) elapsed=0.3m eta=0.4m cur=14.4GB
[sweep] op 43/103 (42%) elapsed=0.3m eta=0.4m cur=14.1GB
[sweep] op 45/103 (44%) elapsed=0.3m eta=0.4m cur=14.1GB
[sweep] op 47/103 (46%) elapsed=0.3m eta=0.3m cur=14.2GB
[sweep] op 49/103 (48%) elapsed=0.3m eta=0.3m cur=14.1GB
[sweep] op 51/103 (50%) elapsed=0.3m eta=0.3m cur=14.2GB
[sweep] op 53/103 (51%) elapsed=0.3m eta=0.3m cur=16.4GB
[sweep] op 55/103 (53%) elapsed=0.4m eta=0.4m cur=15.0GB
[sweep] op 57/103 (55%) elapsed=0.4m eta=0.3m cur=14.5GB
[sweep] op 59/103 (57%) elapsed=0.4m eta=0.3m cur=14.4GB
[sweep] op 61/103 (59%) elapsed=0.4m eta=0.3m cur=14.5GB
[sweep] op 63/103 (61%) elapsed=0.4m eta=0.3m cur=14.7GB
[sweep] op 65/103 (63%) elapsed=0.4m eta=0.3m cur=14.5GB
[sweep] op 67/103 (65%) elapsed=0.4m eta=0.2m cur=14.5GB
[sweep] op 69/103 (67%) elapsed=0.4m eta=0.2m cur=14.5GB
[sweep] op 71/103 (69%) elapsed=0.4m eta=0.2m cur=14.5GB
[sweep] op 73/103 (71%) elapsed=0.4m eta=0.2m cur=14.5GB
[sweep] op 75/103 (73%) elapsed=0.5m eta=0.2m cur=16.7GB
[sweep] op 77/103 (75%) elapsed=0.6m eta=0.2m cur=15.4GB
[sweep] op 79/103 (77%) elapsed=0.6m eta=0.2m cur=14.8GB
[sweep] op 81/103 (79%) elapsed=0.6m eta=0.2m cur=14.8GB
[sweep] op 83/103 (81%) elapsed=0.6m eta=0.1m cur=14.9GB
[sweep] op 85/103 (83%) elapsed=0.6m eta=0.1m cur=15.1GB
[sweep] op 87/103 (84%) elapsed=0.6m eta=0.1m cur=14.9GB
[sweep] op 89/103 (86%) elapsed=0.6m eta=0.1m cur=14.8GB
[sweep] op 91/103 (88%) elapsed=0.6m eta=0.1m cur=14.9GB
[sweep] op 93/103 (90%) elapsed=0.6m eta=0.1m cur=14.8GB
[sweep] op 95/103 (92%) elapsed=0.6m eta=0.0m cur=14.9GB
[sweep] op 97/103 (94%) elapsed=0.6m eta=0.0m cur=14.9GB
[sweep] op 99/103 (96%) elapsed=0.6m eta=0.0m cur=14.9GB
[sweep] op 101/103 (98%) elapsed=0.6m eta=0.0m cur=14.9GB
[sweep] op 103/103 (100%) elapsed=0.6m eta=0.0m cur=14.9GB
  [stream-sound] 4 rounds done; blind root reproducible across rounds: True; W-block rows 0; W-ref False; Wnew rows 0; peak 26.41 GB
  [phase] prove-time breakdown (cuda-synced buckets; shares, not absolute — syncs remove overlap):
    encode         68.5s   28.1%
    quad           63.4s   26.0%
    fold_qlin      33.8s   13.9%
    compile        21.7s    8.9%
    qlin_polymul     12.4s    5.1%
    merkle         10.9s    4.5%
    qlin_rTA        7.9s    3.2%
    witness         6.6s    2.7%
    qlin_rowsum      5.1s    2.1%
    qlin_interp      4.4s    1.8%
    aux             3.9s    1.6%
    cols            2.9s    1.2%
    fold_qirs       2.2s    0.9%
    BUCKETED      243.7s  (vs total prove wall-clock; remainder = setup + un-bucketed)
[spill-ab +  325.5s] no-spill: prove 250.2s  peak 24.59 GB
[spill-ab +  325.5s] 3/4 prove HOST-SPILL (pinned RAM re-read) ...
[sweep] op 1/103 (1%) elapsed=0.0m eta=0.1m cur=3.9GB
[sweep] op 3/103 (3%) elapsed=0.0m eta=0.0m cur=3.9GB
[sweep] op 5/103 (5%) elapsed=0.0m eta=0.0m cur=3.9GB
[sweep] op 7/103 (7%) elapsed=0.0m eta=0.0m cur=3.9GB
[sweep] op 9/103 (9%) elapsed=0.0m eta=0.2m cur=6.1GB
[sweep] op 11/103 (11%) elapsed=0.1m eta=1.1m cur=4.5GB
[sweep] op 13/103 (13%) elapsed=0.1m eta=0.9m cur=3.9GB
[sweep] op 15/103 (15%) elapsed=0.1m eta=0.8m cur=3.9GB
[sweep] op 17/103 (17%) elapsed=0.1m eta=0.7m cur=3.9GB
[sweep] op 19/103 (18%) elapsed=0.1m eta=0.6m cur=4.1GB
[sweep] op 21/103 (20%) elapsed=0.1m eta=0.5m cur=3.9GB
[sweep] op 23/103 (22%) elapsed=0.1m eta=0.5m cur=3.9GB
[sweep] op 25/103 (24%) elapsed=0.1m eta=0.4m cur=3.9GB
[sweep] op 27/103 (26%) elapsed=0.1m eta=0.4m cur=3.9GB
[sweep] op 29/103 (28%) elapsed=0.1m eta=0.3m cur=3.9GB
[sweep] op 31/103 (30%) elapsed=0.2m eta=0.4m cur=6.1GB
[sweep] op 33/103 (32%) elapsed=0.3m eta=0.6m cur=4.5GB
[sweep] op 35/103 (34%) elapsed=0.3m eta=0.5m cur=3.9GB
[sweep] op 37/103 (36%) elapsed=0.3m eta=0.5m cur=3.9GB
[sweep] op 39/103 (38%) elapsed=0.3m eta=0.4m cur=3.9GB
[sweep] op 41/103 (40%) elapsed=0.3m eta=0.4m cur=4.1GB
[sweep] op 43/103 (42%) elapsed=0.3m eta=0.4m cur=3.9GB
[sweep] op 45/103 (44%) elapsed=0.3m eta=0.4m cur=3.9GB
[sweep] op 47/103 (46%) elapsed=0.3m eta=0.3m cur=3.9GB
[sweep] op 49/103 (48%) elapsed=0.3m eta=0.3m cur=3.9GB
[sweep] op 51/103 (50%) elapsed=0.3m eta=0.3m cur=3.9GB
[sweep] op 53/103 (51%) elapsed=0.3m eta=0.3m cur=6.1GB
[sweep] op 55/103 (53%) elapsed=0.4m eta=0.4m cur=4.5GB
[sweep] op 57/103 (55%) elapsed=0.4m eta=0.3m cur=3.9GB
[sweep] op 59/103 (57%) elapsed=0.4m eta=0.3m cur=3.9GB
[sweep] op 61/103 (59%) elapsed=0.4m eta=0.3m cur=3.9GB
[sweep] op 63/103 (61%) elapsed=0.4m eta=0.3m cur=4.1GB
[sweep] op 65/103 (63%) elapsed=0.4m eta=0.2m cur=3.9GB
[sweep] op 67/103 (65%) elapsed=0.4m eta=0.2m cur=3.9GB
[sweep] op 69/103 (67%) elapsed=0.4m eta=0.2m cur=3.9GB
[sweep] op 71/103 (69%) elapsed=0.4m eta=0.2m cur=3.9GB
[sweep] op 73/103 (71%) elapsed=0.4m eta=0.2m cur=3.9GB
[sweep] op 75/103 (73%) elapsed=0.4m eta=0.2m cur=6.1GB
[sweep] op 77/103 (75%) elapsed=0.5m eta=0.2m cur=4.5GB
[sweep] op 79/103 (77%) elapsed=0.6m eta=0.2m cur=3.9GB
[sweep] op 81/103 (79%) elapsed=0.6m eta=0.1m cur=3.9GB
[sweep] op 83/103 (81%) elapsed=0.6m eta=0.1m cur=3.9GB
[sweep] op 85/103 (83%) elapsed=0.6m eta=0.1m cur=4.1GB
[sweep] op 87/103 (84%) elapsed=0.6m eta=0.1m cur=3.9GB
[sweep] op 89/103 (86%) elapsed=0.6m eta=0.1m cur=3.9GB
[sweep] op 91/103 (88%) elapsed=0.6m eta=0.1m cur=3.9GB
[sweep] op 93/103 (90%) elapsed=0.6m eta=0.1m cur=3.9GB
[sweep] op 95/103 (92%) elapsed=0.6m eta=0.0m cur=3.9GB
[sweep] op 97/103 (94%) elapsed=0.6m eta=0.0m cur=3.9GB
[sweep] op 99/103 (96%) elapsed=0.6m eta=0.0m cur=3.9GB
[sweep] op 101/103 (98%) elapsed=0.6m eta=0.0m cur=3.9GB
[sweep] op 103/103 (100%) elapsed=0.6m eta=0.0m cur=3.9GB
[sweep] op 1/103 (1%) elapsed=0.0m eta=0.0m cur=3.9GB
[sweep] op 3/103 (3%) elapsed=0.0m eta=0.0m cur=3.9GB
[sweep] op 5/103 (5%) elapsed=0.0m eta=0.0m cur=3.9GB
[sweep] op 7/103 (7%) elapsed=0.0m eta=0.0m cur=3.9GB
[sweep] op 9/103 (9%) elapsed=0.0m eta=0.2m cur=6.0GB
[sweep] op 11/103 (11%) elapsed=0.1m eta=0.5m cur=4.4GB
[sweep] op 13/103 (13%) elapsed=0.1m eta=0.4m cur=3.9GB
[sweep] op 15/103 (15%) elapsed=0.1m eta=0.3m cur=3.9GB
[sweep] op 17/103 (17%) elapsed=0.1m eta=0.3m cur=3.9GB
[sweep] op 19/103 (18%) elapsed=0.1m eta=0.3m cur=4.2GB
[sweep] op 21/103 (20%) elapsed=0.1m eta=0.2m cur=3.9GB
[sweep] op 23/103 (22%) elapsed=0.1m eta=0.2m cur=3.9GB
[sweep] op 25/103 (24%) elapsed=0.1m eta=0.2m cur=3.9GB
[sweep] op 27/103 (26%) elapsed=0.1m eta=0.2m cur=3.9GB
[sweep] op 29/103 (28%) elapsed=0.1m eta=0.2m cur=3.9GB
[sweep] op 31/103 (30%) elapsed=0.1m eta=0.2m cur=6.0GB
[sweep] op 33/103 (32%) elapsed=0.1m eta=0.2m cur=4.5GB
[sweep] op 35/103 (34%) elapsed=0.1m eta=0.2m cur=3.9GB
[sweep] op 37/103 (36%) elapsed=0.1m eta=0.2m cur=3.9GB
[sweep] op 39/103 (38%) elapsed=0.1m eta=0.2m cur=3.9GB
[sweep] op 41/103 (40%) elapsed=0.1m eta=0.2m cur=4.2GB
[sweep] op 43/103 (42%) elapsed=0.1m eta=0.2m cur=3.9GB
[sweep] op 45/103 (44%) elapsed=0.1m eta=0.2m cur=3.9GB
[sweep] op 47/103 (46%) elapsed=0.1m eta=0.1m cur=3.9GB
[sweep] op 49/103 (48%) elapsed=0.1m eta=0.1m cur=3.9GB
[sweep] op 51/103 (50%) elapsed=0.1m eta=0.1m cur=3.9GB
[sweep] op 53/103 (51%) elapsed=0.1m eta=0.1m cur=6.0GB
[sweep] op 55/103 (53%) elapsed=0.2m eta=0.2m cur=4.5GB
[sweep] op 57/103 (55%) elapsed=0.2m eta=0.1m cur=3.9GB
[sweep] op 59/103 (57%) elapsed=0.2m eta=0.1m cur=3.9GB
[sweep] op 61/103 (59%) elapsed=0.2m eta=0.1m cur=3.9GB
[sweep] op 63/103 (61%) elapsed=0.2m eta=0.1m cur=4.2GB
[sweep] op 65/103 (63%) elapsed=0.2m eta=0.1m cur=3.9GB
[sweep] op 67/103 (65%) elapsed=0.2m eta=0.1m cur=3.9GB
[sweep] op 69/103 (67%) elapsed=0.2m eta=0.1m cur=3.9GB
[sweep] op 71/103 (69%) elapsed=0.2m eta=0.1m cur=3.9GB
[sweep] op 73/103 (71%) elapsed=0.2m eta=0.1m cur=3.9GB
[sweep] op 75/103 (73%) elapsed=0.2m eta=0.1m cur=6.0GB
[sweep] op 77/103 (75%) elapsed=0.2m eta=0.1m cur=4.5GB
[sweep] op 79/103 (77%) elapsed=0.2m eta=0.1m cur=3.9GB
[sweep] op 81/103 (79%) elapsed=0.2m eta=0.1m cur=3.9GB
[sweep] op 83/103 (81%) elapsed=0.2m eta=0.1m cur=3.9GB
[sweep] op 85/103 (83%) elapsed=0.2m eta=0.0m cur=4.2GB
[sweep] op 87/103 (84%) elapsed=0.2m eta=0.0m cur=3.9GB
[sweep] op 89/103 (86%) elapsed=0.2m eta=0.0m cur=3.9GB
[sweep] op 91/103 (88%) elapsed=0.2m eta=0.0m cur=3.9GB
[sweep] op 93/103 (90%) elapsed=0.2m eta=0.0m cur=3.9GB
[sweep] op 95/103 (92%) elapsed=0.2m eta=0.0m cur=3.9GB
[sweep] op 97/103 (94%) elapsed=0.2m eta=0.0m cur=3.9GB
[sweep] op 99/103 (96%) elapsed=0.2m eta=0.0m cur=3.9GB
[sweep] op 101/103 (98%) elapsed=0.2m eta=0.0m cur=3.9GB
[sweep] op 103/103 (100%) elapsed=0.2m eta=0.0m cur=3.9GB
[sweep] op 1/103 (1%) elapsed=0.0m eta=0.3m cur=3.9GB
[sweep] op 3/103 (3%) elapsed=0.0m eta=0.1m cur=3.9GB
[sweep] op 5/103 (5%) elapsed=0.0m eta=0.1m cur=3.9GB
[sweep] op 7/103 (7%) elapsed=0.0m eta=0.1m cur=3.9GB
[sweep] op 9/103 (9%) elapsed=0.2m eta=2.1m cur=6.0GB
[sweep] op 11/103 (11%) elapsed=0.9m eta=7.1m cur=4.4GB
[sweep] op 13/103 (13%) elapsed=0.9m eta=5.9m cur=3.9GB
[sweep] op 15/103 (15%) elapsed=0.9m eta=5.0m cur=3.9GB
[sweep] op 17/103 (17%) elapsed=0.9m eta=4.4m cur=3.9GB
[sweep] op 19/103 (18%) elapsed=0.9m eta=3.9m cur=4.1GB
[sweep] op 21/103 (20%) elapsed=0.9m eta=3.5m cur=3.9GB
[sweep] op 23/103 (22%) elapsed=0.9m eta=3.1m cur=3.9GB
[sweep] op 25/103 (24%) elapsed=0.9m eta=2.8m cur=3.9GB
[sweep] op 27/103 (26%) elapsed=0.9m eta=2.5m cur=3.9GB
[sweep] op 29/103 (28%) elapsed=0.9m eta=2.3m cur=3.9GB
[sweep] op 31/103 (30%) elapsed=1.1m eta=2.5m cur=6.0GB
[sweep] op 33/103 (32%) elapsed=1.5m eta=3.1m cur=4.4GB
[sweep] op 35/103 (34%) elapsed=1.5m eta=2.9m cur=3.9GB
[sweep] op 37/103 (36%) elapsed=1.5m eta=2.6m cur=3.9GB
[sweep] op 39/103 (38%) elapsed=1.5m eta=2.4m cur=3.9GB
[sweep] op 41/103 (40%) elapsed=1.5m eta=2.3m cur=4.1GB
[sweep] op 43/103 (42%) elapsed=1.5m eta=2.1m cur=3.9GB
[sweep] op 45/103 (44%) elapsed=1.5m eta=1.9m cur=3.9GB
[sweep] op 47/103 (46%) elapsed=1.5m eta=1.8m cur=3.9GB
[sweep] op 49/103 (48%) elapsed=1.5m eta=1.7m cur=3.9GB
[sweep] op 51/103 (50%) elapsed=1.5m eta=1.5m cur=3.9GB
[sweep] op 53/103 (51%) elapsed=1.7m eta=1.6m cur=6.0GB
[sweep] op 55/103 (53%) elapsed=2.1m eta=1.8m cur=4.4GB
[sweep] op 57/103 (55%) elapsed=2.1m eta=1.7m cur=3.9GB
[sweep] op 59/103 (57%) elapsed=2.1m eta=1.6m cur=3.9GB
[sweep] op 61/103 (59%) elapsed=2.1m eta=1.4m cur=3.9GB
[sweep] op 63/103 (61%) elapsed=2.1m eta=1.3m cur=4.1GB
[sweep] op 65/103 (63%) elapsed=2.1m eta=1.2m cur=3.9GB
[sweep] op 67/103 (65%) elapsed=2.1m eta=1.1m cur=3.9GB
[sweep] op 69/103 (67%) elapsed=2.1m eta=1.0m cur=3.9GB
[sweep] op 71/103 (69%) elapsed=2.1m eta=1.0m cur=3.9GB
[sweep] op 73/103 (71%) elapsed=2.1m eta=0.9m cur=3.9GB
[sweep] op 75/103 (73%) elapsed=2.3m eta=0.8m cur=6.0GB
[sweep] op 77/103 (75%) elapsed=2.7m eta=0.9m cur=4.4GB
[sweep] op 79/103 (77%) elapsed=2.7m eta=0.8m cur=3.9GB
[sweep] op 81/103 (79%) elapsed=2.7m eta=0.7m cur=3.9GB
[sweep] op 83/103 (81%) elapsed=2.7m eta=0.6m cur=3.9GB
[sweep] op 85/103 (83%) elapsed=2.7m eta=0.6m cur=4.1GB
[sweep] op 87/103 (84%) elapsed=2.7m eta=0.5m cur=3.9GB
[sweep] op 89/103 (86%) elapsed=2.7m eta=0.4m cur=3.9GB
[sweep] op 91/103 (88%) elapsed=2.7m eta=0.4m cur=3.9GB
[sweep] op 93/103 (90%) elapsed=2.7m eta=0.3m cur=3.9GB
[sweep] op 95/103 (92%) elapsed=2.7m eta=0.2m cur=3.9GB
[sweep] op 97/103 (94%) elapsed=2.7m eta=0.2m cur=3.9GB
[sweep] op 99/103 (96%) elapsed=2.7m eta=0.1m cur=3.9GB
[sweep] op 101/103 (98%) elapsed=2.7m eta=0.1m cur=3.9GB
[sweep] op 103/103 (100%) elapsed=2.7m eta=0.0m cur=3.9GB
[sweep] op 1/103 (1%) elapsed=0.0m eta=0.1m cur=3.9GB
[sweep] op 3/103 (3%) elapsed=0.0m eta=0.0m cur=4.0GB
[sweep] op 5/103 (5%) elapsed=0.0m eta=0.0m cur=3.9GB
[sweep] op 7/103 (7%) elapsed=0.0m eta=0.0m cur=4.0GB
[sweep] op 9/103 (9%) elapsed=0.0m eta=0.4m cur=6.2GB
[sweep] op 11/103 (11%) elapsed=0.1m eta=1.2m cur=4.9GB
[sweep] op 13/103 (13%) elapsed=0.1m eta=1.0m cur=4.3GB
[sweep] op 15/103 (15%) elapsed=0.1m eta=0.8m cur=4.3GB
[sweep] op 17/103 (17%) elapsed=0.1m eta=0.7m cur=4.3GB
[sweep] op 19/103 (18%) elapsed=0.1m eta=0.7m cur=4.6GB
[sweep] op 21/103 (20%) elapsed=0.1m eta=0.6m cur=4.3GB
[sweep] op 23/103 (22%) elapsed=0.1m eta=0.5m cur=4.3GB
[sweep] op 25/103 (24%) elapsed=0.1m eta=0.5m cur=4.4GB
[sweep] op 27/103 (26%) elapsed=0.2m eta=0.4m cur=4.3GB
[sweep] op 29/103 (28%) elapsed=0.2m eta=0.4m cur=4.4GB
[sweep] op 31/103 (30%) elapsed=0.2m eta=0.4m cur=6.6GB
[sweep] op 33/103 (32%) elapsed=0.3m eta=0.6m cur=5.3GB
[sweep] op 35/103 (34%) elapsed=0.3m eta=0.6m cur=4.7GB
[sweep] op 37/103 (36%) elapsed=0.3m eta=0.5m cur=4.7GB
[sweep] op 39/103 (38%) elapsed=0.3m eta=0.5m cur=4.7GB
[sweep] op 41/103 (40%) elapsed=0.3m eta=0.4m cur=5.0GB
[sweep] op 43/103 (42%) elapsed=0.3m eta=0.4m cur=4.7GB
[sweep] op 45/103 (44%) elapsed=0.3m eta=0.4m cur=4.7GB
[sweep] op 47/103 (46%) elapsed=0.3m eta=0.4m cur=4.8GB
[sweep] op 49/103 (48%) elapsed=0.3m eta=0.3m cur=4.7GB
[sweep] op 51/103 (50%) elapsed=0.3m eta=0.3m cur=4.8GB
[sweep] op 53/103 (51%) elapsed=0.3m eta=0.3m cur=7.0GB
[sweep] op 55/103 (53%) elapsed=0.4m eta=0.4m cur=5.6GB
[sweep] op 57/103 (55%) elapsed=0.4m eta=0.4m cur=5.1GB
[sweep] op 59/103 (57%) elapsed=0.4m eta=0.3m cur=5.0GB
[sweep] op 61/103 (59%) elapsed=0.4m eta=0.3m cur=5.1GB
[sweep] op 63/103 (61%) elapsed=0.4m eta=0.3m cur=5.4GB
[sweep] op 65/103 (63%) elapsed=0.4m eta=0.3m cur=5.1GB
[sweep] op 67/103 (65%) elapsed=0.4m eta=0.2m cur=5.1GB
[sweep] op 69/103 (67%) elapsed=0.4m eta=0.2m cur=5.1GB
[sweep] op 71/103 (69%) elapsed=0.4m eta=0.2m cur=5.1GB
[sweep] op 73/103 (71%) elapsed=0.4m eta=0.2m cur=5.2GB
[sweep] op 75/103 (73%) elapsed=0.5m eta=0.2m cur=7.4GB
[sweep] op 77/103 (75%) elapsed=0.6m eta=0.2m cur=6.0GB
[sweep] op 79/103 (77%) elapsed=0.6m eta=0.2m cur=5.5GB
[sweep] op 81/103 (79%) elapsed=0.6m eta=0.2m cur=5.4GB
[sweep] op 83/103 (81%) elapsed=0.6m eta=0.1m cur=5.5GB
[sweep] op 85/103 (83%) elapsed=0.6m eta=0.1m cur=5.7GB
[sweep] op 87/103 (84%) elapsed=0.6m eta=0.1m cur=5.5GB
[sweep] op 89/103 (86%) elapsed=0.6m eta=0.1m cur=5.5GB
[sweep] op 91/103 (88%) elapsed=0.6m eta=0.1m cur=5.5GB
[sweep] op 93/103 (90%) elapsed=0.6m eta=0.1m cur=5.4GB
[sweep] op 95/103 (92%) elapsed=0.6m eta=0.1m cur=5.5GB
[sweep] op 97/103 (94%) elapsed=0.6m eta=0.0m cur=5.5GB
[sweep] op 99/103 (96%) elapsed=0.6m eta=0.0m cur=5.5GB
[sweep] op 101/103 (98%) elapsed=0.6m eta=0.0m cur=5.5GB
[sweep] op 103/103 (100%) elapsed=0.6m eta=0.0m cur=5.5GB
  [stream-sound] 4 rounds done; blind root reproducible across rounds: True; W-block rows 0; W-ref False; Wnew rows 0; peak 17.01 GB
  [phase] prove-time breakdown (cuda-synced buckets; shares, not absolute — syncs remove overlap):
    quad           69.3s   27.1%
    encode         68.8s   26.9%
    fold_qlin      35.2s   13.7%
    compile        28.0s   10.9%
    qlin_polymul     12.6s    4.9%
    merkle         11.0s    4.3%
    qlin_rTA        8.1s    3.2%
    qlin_rowsum      5.2s    2.0%
    qlin_interp      4.7s    1.8%
    aux             4.1s    1.6%
    witness         3.7s    1.5%
    cols            3.0s    1.2%
    fold_qirs       2.2s    0.9%
    BUCKETED      256.0s  (vs total prove wall-clock; remainder = setup + un-bucketed)
[spill-ab +  611.5s] host-spill: prove 278.4s  peak 15.84 GB
[spill-ab +  611.5s] 4/4 prove DISK-SPILL (file re-read) ...
[sweep] op 1/103 (1%) elapsed=0.0m eta=0.4m cur=3.9GB
[sweep] op 3/103 (3%) elapsed=0.0m eta=0.2m cur=3.9GB
[sweep] op 5/103 (5%) elapsed=0.0m eta=0.1m cur=3.9GB
[sweep] op 7/103 (7%) elapsed=0.0m eta=0.1m cur=3.9GB
[sweep] op 9/103 (9%) elapsed=0.1m eta=1.2m cur=6.1GB
[sweep] op 11/103 (11%) elapsed=0.4m eta=3.3m cur=4.5GB
[sweep] op 13/103 (13%) elapsed=0.4m eta=2.8m cur=3.9GB
[sweep] op 15/103 (15%) elapsed=0.4m eta=2.4m cur=3.9GB
[sweep] op 17/103 (17%) elapsed=0.4m eta=2.1m cur=3.9GB
[sweep] op 19/103 (18%) elapsed=0.4m eta=1.8m cur=4.1GB
[sweep] op 21/103 (20%) elapsed=0.4m eta=1.6m cur=3.9GB
[sweep] op 23/103 (22%) elapsed=0.4m eta=1.5m cur=3.9GB
[sweep] op 25/103 (24%) elapsed=0.4m eta=1.3m cur=3.9GB
[sweep] op 27/103 (26%) elapsed=0.4m eta=1.2m cur=3.9GB
[sweep] op 29/103 (28%) elapsed=0.4m eta=1.1m cur=3.9GB
[sweep] op 31/103 (30%) elapsed=0.5m eta=1.3m cur=6.1GB
[sweep] op 33/103 (32%) elapsed=0.8m eta=1.7m cur=4.5GB
[sweep] op 35/103 (34%) elapsed=0.8m eta=1.6m cur=3.9GB
[sweep] op 37/103 (36%) elapsed=0.8m eta=1.5m cur=3.9GB
[sweep] op 39/103 (38%) elapsed=0.8m eta=1.4m cur=3.9GB
[sweep] op 41/103 (40%) elapsed=0.8m eta=1.3m cur=4.1GB
[sweep] op 43/103 (42%) elapsed=0.8m eta=1.2m cur=3.9GB
[sweep] op 45/103 (44%) elapsed=0.8m eta=1.1m cur=3.9GB
[sweep] op 47/103 (46%) elapsed=0.9m eta=1.0m cur=3.9GB
[sweep] op 49/103 (48%) elapsed=0.9m eta=0.9m cur=3.9GB
[sweep] op 51/103 (50%) elapsed=0.9m eta=0.9m cur=3.9GB
[sweep] op 53/103 (51%) elapsed=1.0m eta=0.9m cur=6.1GB
[sweep] op 55/103 (53%) elapsed=1.2m eta=1.1m cur=4.5GB
[sweep] op 57/103 (55%) elapsed=1.3m eta=1.0m cur=3.9GB
[sweep] op 59/103 (57%) elapsed=1.3m eta=0.9m cur=3.9GB
[sweep] op 61/103 (59%) elapsed=1.3m eta=0.9m cur=3.9GB
[sweep] op 63/103 (61%) elapsed=1.3m eta=0.8m cur=4.1GB
[sweep] op 65/103 (63%) elapsed=1.3m eta=0.7m cur=3.9GB
[sweep] op 67/103 (65%) elapsed=1.3m eta=0.7m cur=3.9GB
[sweep] op 69/103 (67%) elapsed=1.3m eta=0.6m cur=3.9GB
[sweep] op 71/103 (69%) elapsed=1.3m eta=0.6m cur=3.9GB
[sweep] op 73/103 (71%) elapsed=1.3m eta=0.5m cur=3.9GB
[sweep] op 75/103 (73%) elapsed=1.4m eta=0.5m cur=6.1GB
[sweep] op 77/103 (75%) elapsed=1.7m eta=0.6m cur=4.5GB
[sweep] op 79/103 (77%) elapsed=1.7m eta=0.5m cur=3.9GB
[sweep] op 81/103 (79%) elapsed=1.7m eta=0.5m cur=3.9GB
[sweep] op 83/103 (81%) elapsed=1.7m eta=0.4m cur=3.9GB
[sweep] op 85/103 (83%) elapsed=1.7m eta=0.4m cur=4.1GB
[sweep] op 87/103 (84%) elapsed=1.7m eta=0.3m cur=3.9GB
[sweep] op 89/103 (86%) elapsed=1.7m eta=0.3m cur=3.9GB
[sweep] op 91/103 (88%) elapsed=1.7m eta=0.2m cur=3.9GB
[sweep] op 93/103 (90%) elapsed=1.7m eta=0.2m cur=3.9GB
[sweep] op 95/103 (92%) elapsed=1.7m eta=0.1m cur=3.9GB
[sweep] op 97/103 (94%) elapsed=1.7m eta=0.1m cur=3.9GB
[sweep] op 99/103 (96%) elapsed=1.7m eta=0.1m cur=3.9GB
[sweep] op 101/103 (98%) elapsed=1.7m eta=0.0m cur=3.9GB
[sweep] op 103/103 (100%) elapsed=1.7m eta=0.0m cur=3.9GB
[sweep] op 1/103 (1%) elapsed=0.0m eta=0.1m cur=3.9GB
[sweep] op 3/103 (3%) elapsed=0.0m eta=0.0m cur=3.9GB
[sweep] op 5/103 (5%) elapsed=0.0m eta=0.0m cur=3.9GB
[sweep] op 7/103 (7%) elapsed=0.0m eta=0.0m cur=3.9GB
[sweep] op 9/103 (9%) elapsed=0.1m eta=1.5m cur=6.0GB
[sweep] op 11/103 (11%) elapsed=0.5m eta=4.2m cur=4.4GB
[sweep] op 13/103 (13%) elapsed=0.5m eta=3.5m cur=3.9GB
[sweep] op 15/103 (15%) elapsed=0.5m eta=2.9m cur=3.9GB
[sweep] op 17/103 (17%) elapsed=0.5m eta=2.5m cur=3.9GB
[sweep] op 19/103 (18%) elapsed=0.5m eta=2.3m cur=4.2GB
[sweep] op 21/103 (20%) elapsed=0.5m eta=2.0m cur=3.9GB
[sweep] op 23/103 (22%) elapsed=0.5m eta=1.8m cur=3.9GB
[sweep] op 25/103 (24%) elapsed=0.5m eta=1.6m cur=3.9GB
[sweep] op 27/103 (26%) elapsed=0.5m eta=1.5m cur=3.9GB
[sweep] op 29/103 (28%) elapsed=0.5m eta=1.3m cur=3.9GB
[sweep] op 31/103 (30%) elapsed=0.7m eta=1.5m cur=6.0GB
[sweep] op 33/103 (32%) elapsed=1.0m eta=2.2m cur=4.5GB
[sweep] op 35/103 (34%) elapsed=1.0m eta=2.0m cur=3.9GB
[sweep] op 37/103 (36%) elapsed=1.0m eta=1.8m cur=3.9GB
[sweep] op 39/103 (38%) elapsed=1.0m eta=1.7m cur=3.9GB
[sweep] op 41/103 (40%) elapsed=1.0m eta=1.6m cur=4.2GB
[sweep] op 43/103 (42%) elapsed=1.0m eta=1.4m cur=3.9GB
[sweep] op 45/103 (44%) elapsed=1.0m eta=1.3m cur=3.9GB
[sweep] op 47/103 (46%) elapsed=1.0m eta=1.2m cur=3.9GB
[sweep] op 49/103 (48%) elapsed=1.0m eta=1.1m cur=3.9GB
[sweep] op 51/103 (50%) elapsed=1.0m eta=1.1m cur=3.9GB
[sweep] op 53/103 (51%) elapsed=1.2m eta=1.1m cur=6.0GB
[sweep] op 55/103 (53%) elapsed=1.5m eta=1.3m cur=4.5GB
[sweep] op 57/103 (55%) elapsed=1.5m eta=1.2m cur=3.9GB
[sweep] op 59/103 (57%) elapsed=1.5m eta=1.1m cur=3.9GB
[sweep] op 61/103 (59%) elapsed=1.5m eta=1.1m cur=3.9GB
[sweep] op 63/103 (61%) elapsed=1.6m eta=1.0m cur=4.2GB
[sweep] op 65/103 (63%) elapsed=1.6m eta=0.9m cur=3.9GB
[sweep] op 67/103 (65%) elapsed=1.6m eta=0.8m cur=3.9GB
[sweep] op 69/103 (67%) elapsed=1.6m eta=0.8m cur=3.9GB
[sweep] op 71/103 (69%) elapsed=1.6m eta=0.7m cur=3.9GB
[sweep] op 73/103 (71%) elapsed=1.6m eta=0.6m cur=3.9GB
[sweep] op 75/103 (73%) elapsed=1.7m eta=0.6m cur=6.0GB
[sweep] op 77/103 (75%) elapsed=2.1m eta=0.7m cur=4.5GB
[sweep] op 79/103 (77%) elapsed=2.1m eta=0.6m cur=3.9GB
[sweep] op 81/103 (79%) elapsed=2.1m eta=0.6m cur=3.9GB
[sweep] op 83/103 (81%) elapsed=2.1m eta=0.5m cur=3.9GB
[sweep] op 85/103 (83%) elapsed=2.1m eta=0.4m cur=4.2GB
[sweep] op 87/103 (84%) elapsed=2.1m eta=0.4m cur=3.9GB
[sweep] op 89/103 (86%) elapsed=2.1m eta=0.3m cur=3.9GB
[sweep] op 91/103 (88%) elapsed=2.1m eta=0.3m cur=3.9GB
[sweep] op 93/103 (90%) elapsed=2.1m eta=0.2m cur=3.9GB
[sweep] op 95/103 (92%) elapsed=2.1m eta=0.2m cur=3.9GB
[sweep] op 97/103 (94%) elapsed=2.1m eta=0.1m cur=3.9GB
[sweep] op 99/103 (96%) elapsed=2.1m eta=0.1m cur=3.9GB
[sweep] op 101/103 (98%) elapsed=2.1m eta=0.0m cur=3.9GB
[sweep] op 103/103 (100%) elapsed=2.1m eta=0.0m cur=3.9GB
[sweep] op 1/103 (1%) elapsed=0.0m eta=0.2m cur=3.9GB
[sweep] op 3/103 (3%) elapsed=0.0m eta=0.1m cur=3.9GB
[sweep] op 5/103 (5%) elapsed=0.0m eta=0.1m cur=3.9GB
[sweep] op 7/103 (7%) elapsed=0.0m eta=0.1m cur=3.9GB
[sweep] op 9/103 (9%) elapsed=0.3m eta=2.9m cur=6.0GB
[sweep] op 11/103 (11%) elapsed=1.0m eta=8.5m cur=4.4GB
[sweep] op 13/103 (13%) elapsed=1.0m eta=7.0m cur=3.9GB
[sweep] op 15/103 (15%) elapsed=1.0m eta=6.0m cur=3.9GB
[sweep] op 17/103 (17%) elapsed=1.0m eta=5.2m cur=3.9GB
[sweep] op 19/103 (18%) elapsed=1.1m eta=4.7m cur=4.1GB
[sweep] op 21/103 (20%) elapsed=1.1m eta=4.2m cur=3.9GB
[sweep] op 23/103 (22%) elapsed=1.1m eta=3.7m cur=3.9GB
[sweep] op 25/103 (24%) elapsed=1.1m eta=3.3m cur=3.9GB
[sweep] op 27/103 (26%) elapsed=1.1m eta=3.0m cur=3.9GB
[sweep] op 29/103 (28%) elapsed=1.1m eta=2.7m cur=3.9GB
[sweep] op 31/103 (30%) elapsed=1.3m eta=3.1m cur=6.0GB
[sweep] op 33/103 (32%) elapsed=2.1m eta=4.4m cur=4.4GB
[sweep] op 35/103 (34%) elapsed=2.1m eta=4.1m cur=3.9GB
[sweep] op 37/103 (36%) elapsed=2.1m eta=3.7m cur=3.9GB
[sweep] op 39/103 (38%) elapsed=2.1m eta=3.4m cur=3.9GB
[sweep] op 41/103 (40%) elapsed=2.1m eta=3.2m cur=4.1GB
[sweep] op 43/103 (42%) elapsed=2.1m eta=3.0m cur=3.9GB
[sweep] op 45/103 (44%) elapsed=2.1m eta=2.8m cur=3.9GB
[sweep] op 47/103 (46%) elapsed=2.1m eta=2.6m cur=3.9GB
[sweep] op 49/103 (48%) elapsed=2.1m eta=2.4m cur=3.9GB
[sweep] op 51/103 (50%) elapsed=2.1m eta=2.2m cur=3.9GB
[sweep] op 53/103 (51%) elapsed=2.4m eta=2.3m cur=6.0GB
[sweep] op 55/103 (53%) elapsed=3.2m eta=2.8m cur=4.4GB
[sweep] op 57/103 (55%) elapsed=3.2m eta=2.5m cur=3.9GB
[sweep] op 59/103 (57%) elapsed=3.2m eta=2.4m cur=3.9GB
[sweep] op 61/103 (59%) elapsed=3.2m eta=2.2m cur=3.9GB
[sweep] op 63/103 (61%) elapsed=3.2m eta=2.0m cur=4.1GB
[sweep] op 65/103 (63%) elapsed=3.2m eta=1.9m cur=3.9GB
[sweep] op 67/103 (65%) elapsed=3.2m eta=1.7m cur=3.9GB
[sweep] op 69/103 (67%) elapsed=3.2m eta=1.6m cur=3.9GB
[sweep] op 71/103 (69%) elapsed=3.2m eta=1.4m cur=3.9GB
[sweep] op 73/103 (71%) elapsed=3.2m eta=1.3m cur=3.9GB
[sweep] op 75/103 (73%) elapsed=3.5m eta=1.3m cur=6.0GB
[sweep] op 77/103 (75%) elapsed=4.2m eta=1.4m cur=4.4GB
[sweep] op 79/103 (77%) elapsed=4.2m eta=1.3m cur=3.9GB
[sweep] op 81/103 (79%) elapsed=4.2m eta=1.2m cur=3.9GB
[sweep] op 83/103 (81%) elapsed=4.2m eta=1.0m cur=3.9GB
[sweep] op 85/103 (83%) elapsed=4.3m eta=0.9m cur=4.1GB
[sweep] op 87/103 (84%) elapsed=4.3m eta=0.8m cur=3.9GB
[sweep] op 89/103 (86%) elapsed=4.3m eta=0.7m cur=3.9GB
[sweep] op 91/103 (88%) elapsed=4.3m eta=0.6m cur=3.9GB
[sweep] op 93/103 (90%) elapsed=4.3m eta=0.5m cur=3.9GB
[sweep] op 95/103 (92%) elapsed=4.3m eta=0.4m cur=3.9GB
[sweep] op 97/103 (94%) elapsed=4.3m eta=0.3m cur=3.9GB
[sweep] op 99/103 (96%) elapsed=4.3m eta=0.2m cur=3.9GB
[sweep] op 101/103 (98%) elapsed=4.3m eta=0.1m cur=3.9GB
[sweep] op 103/103 (100%) elapsed=4.3m eta=0.0m cur=3.9GB
[sweep] op 1/103 (1%) elapsed=0.0m eta=0.1m cur=3.9GB
[sweep] op 3/103 (3%) elapsed=0.0m eta=0.1m cur=4.0GB
[sweep] op 5/103 (5%) elapsed=0.0m eta=0.1m cur=3.9GB
[sweep] op 7/103 (7%) elapsed=0.0m eta=0.1m cur=4.0GB
[sweep] op 9/103 (9%) elapsed=0.2m eta=1.8m cur=6.2GB
[sweep] op 11/103 (11%) elapsed=0.6m eta=4.9m cur=4.9GB
[sweep] op 13/103 (13%) elapsed=0.6m eta=4.1m cur=4.3GB
[sweep] op 15/103 (15%) elapsed=0.6m eta=3.5m cur=4.3GB
[sweep] op 17/103 (17%) elapsed=0.6m eta=3.0m cur=4.3GB
[sweep] op 19/103 (18%) elapsed=0.6m eta=2.7m cur=4.6GB
[sweep] op 21/103 (20%) elapsed=0.6m eta=2.4m cur=4.3GB
[sweep] op 23/103 (22%) elapsed=0.6m eta=2.1m cur=4.3GB
[sweep] op 25/103 (24%) elapsed=0.6m eta=1.9m cur=4.4GB
[sweep] op 27/103 (26%) elapsed=0.6m eta=1.7m cur=4.3GB
[sweep] op 29/103 (28%) elapsed=0.6m eta=1.6m cur=4.4GB
[sweep] op 31/103 (30%) elapsed=0.8m eta=1.8m cur=6.6GB
[sweep] op 33/103 (32%) elapsed=1.2m eta=2.6m cur=5.3GB
[sweep] op 35/103 (34%) elapsed=1.2m eta=2.3m cur=4.7GB
[sweep] op 37/103 (36%) elapsed=1.2m eta=2.2m cur=4.7GB
[sweep] op 39/103 (38%) elapsed=1.2m eta=2.0m cur=4.7GB
[sweep] op 41/103 (40%) elapsed=1.2m eta=1.9m cur=5.0GB
[sweep] op 43/103 (42%) elapsed=1.2m eta=1.7m cur=4.7GB
[sweep] op 45/103 (44%) elapsed=1.2m eta=1.6m cur=4.7GB
[sweep] op 47/103 (46%) elapsed=1.2m eta=1.5m cur=4.8GB
[sweep] op 49/103 (48%) elapsed=1.2m eta=1.4m cur=4.7GB
[sweep] op 51/103 (50%) elapsed=1.2m eta=1.3m cur=4.8GB
[sweep] op 53/103 (51%) elapsed=1.4m eta=1.3m cur=7.0GB
[sweep] op 55/103 (53%) elapsed=1.8m eta=1.6m cur=5.6GB
[sweep] op 57/103 (55%) elapsed=1.8m eta=1.5m cur=5.1GB
[sweep] op 59/103 (57%) elapsed=1.8m eta=1.4m cur=5.0GB
[sweep] op 61/103 (59%) elapsed=1.8m eta=1.3m cur=5.1GB
[sweep] op 63/103 (61%) elapsed=1.8m eta=1.2m cur=5.3GB
[sweep] op 65/103 (63%) elapsed=1.8m eta=1.1m cur=5.1GB
[sweep] op 67/103 (65%) elapsed=1.9m eta=1.0m cur=5.1GB
[sweep] op 69/103 (67%) elapsed=1.9m eta=0.9m cur=5.1GB
[sweep] op 71/103 (69%) elapsed=1.9m eta=0.8m cur=5.1GB
[sweep] op 73/103 (71%) elapsed=1.9m eta=0.8m cur=5.2GB
[sweep] op 75/103 (73%) elapsed=2.0m eta=0.8m cur=7.4GB
[sweep] op 77/103 (75%) elapsed=2.4m eta=0.8m cur=6.0GB
[sweep] op 79/103 (77%) elapsed=2.4m eta=0.7m cur=5.5GB
[sweep] op 81/103 (79%) elapsed=2.4m eta=0.7m cur=5.4GB
[sweep] op 83/103 (81%) elapsed=2.4m eta=0.6m cur=5.5GB
[sweep] op 85/103 (83%) elapsed=2.5m eta=0.5m cur=5.7GB
[sweep] op 87/103 (84%) elapsed=2.5m eta=0.5m cur=5.5GB
[sweep] op 89/103 (86%) elapsed=2.5m eta=0.4m cur=5.5GB
[sweep] op 91/103 (88%) elapsed=2.5m eta=0.3m cur=5.5GB
[sweep] op 93/103 (90%) elapsed=2.5m eta=0.3m cur=5.4GB
[sweep] op 95/103 (92%) elapsed=2.5m eta=0.2m cur=5.5GB
[sweep] op 97/103 (94%) elapsed=2.5m eta=0.2m cur=5.5GB
[sweep] op 99/103 (96%) elapsed=2.5m eta=0.1m cur=5.5GB
[sweep] op 101/103 (98%) elapsed=2.5m eta=0.0m cur=5.5GB
[sweep] op 103/103 (100%) elapsed=2.5m eta=0.0m cur=5.5GB
  [stream-sound] 4 rounds done; blind root reproducible across rounds: True; W-block rows 0; W-ref False; Wnew rows 0; peak 17.01 GB
  [phase] prove-time breakdown (cuda-synced buckets; shares, not absolute — syncs remove overlap):
    encode         68.4s   29.2%
    quad           60.8s   26.0%
    fold_qlin      31.6s   13.5%
    compile        22.8s    9.7%
    qlin_polymul     11.7s    5.0%
    merkle         10.8s    4.6%
    qlin_rTA        7.6s    3.3%
    qlin_rowsum      4.6s    2.0%
    aux             4.3s    1.8%
    qlin_interp      4.1s    1.7%
    cols            3.0s    1.3%
    witness         2.4s    1.0%
    fold_qirs       2.2s    0.9%
    BUCKETED      234.2s  (vs total prove wall-clock; remainder = setup + un-bucketed)
[spill-ab + 1285.7s] disk-spill: prove 665.8s  peak 15.84 GB
[spill-ab + 1285.7s] verifying disk-spill proof (Rust ACCEPT) ...
[spill-ab + 1719.9s] disk-spill Rust verify: ACCEPT

=== SPILL A/B RESULT ===
  GPU Quadro RTX 8000 | d=512 seq=1024 L=4
  disk BW (spill dir): write 1.3 GB/s · read 1.92 GB/s
  prove:  no-spill 250.23s · host-spill 278.43s · disk-spill 665.79s
  disk-spill vs recompute: +166.1%   host-spill: +11.3%
  FASTEST: no-spill   disk-spill ACCEPT: True
  (spill 'wins' iff faster than no-spill; needs disk read BW > witness recompute throughput)
