[instrumented_prove +0.0s] RESEARCH TIMING RUN — not a production proof: no admission gate, in-process throwaway enrollment, Sz discovered by a reveal pass
[instrumented_prove +0.0s] geometry ELL=8192 K_DEG=16384 N_LIG=65536 T_QUERIES=54 (pinned)
[instrumented_prove +0.0s] flags: witness cache on, host spill off, disk spill off, routed-output cache off, decoded-weight cache ON, group memo on, wc bridge off, per-sweep table ON, phase timing on
[instrumented_prove +0.0s] layers=2 E=128 T=4 V=202048 T_QUERIES=54 (ELL=8192 K_DEG=16384 N_LIG=65536)
[maverick-full +0.0s] input bound: all 4 tokens hidden (2 prompt + 2 continuation)
W0919 20:14:31.979000 7566 torch/utils/cpp_extension.py:2425] TORCH_CUDA_ARCH_LIST is not set, all archs for visible cards are included for compilation. 
W0919 20:14:31.979000 7566 torch/utils/cpp_extension.py:2425] If this is not desired, please set os.environ['TORCH_CUDA_ARCH_LIST'] to specific architectures.
/workspace/verinf/demo/demo_maverick_block.py:124: UserWarning: The given NumPy array is not writable, and PyTorch does not support non-writable tensors. This means writing to this tensor will result in undefined behavior. You may want to copy the array to protect its data or make it writable before converting it to a tensor. This type of warning will be suppressed for the rest of this program. (Triggered internally at /pytorch/torch/csrc/utils/tensor_numpy.cpp:203.)
  w = kquant_to_field(torch.from_numpy(
W0919 20:14:32.013000 7566 torch/utils/cpp_extension.py:2425] TORCH_CUDA_ARCH_LIST is not set, all archs for visible cards are included for compilation. 
W0919 20:14:32.013000 7566 torch/utils/cpp_extension.py:2425] If this is not desired, please set os.environ['TORCH_CUDA_ARCH_LIST'] to specific architectures.
[maverick-full +4.7s] layer 0 built (dense, rope=True) — 28 claims so far
[maverick-full +4.9s] layer 1 built (moe E=128, rope=True) — 68 claims so far
[maverick-full +4.9s] LM head from output.weight (untied)
[maverick-full +4.9s] UI claim over 2 continuation positions; 82 claims total
[instrumented_prove +14.4s] build 14.4s, 82 claims
/workspace/verinf/prover/core.py:647: UserWarning: The given buffer is not writable, and PyTorch does not support non-writable tensors. This means you can write to the underlying (supposedly non-writable) buffer using the tensor. You may want to copy the buffer to protect its data or make it writable before converting it to a tensor. This type of warning will be suppressed for the rest of this program. (Triggered internally at /pytorch/torch/csrc/utils/tensor_new.cpp:1578.)
  return torch.frombuffer(bytes(master_seed), dtype=torch.uint8).cuda()
[instrumented_prove +53.3s] enrolled 2290400 weight rows in 38.8s (root 94d295cf594dfd72…, throwaway)
[instrumented_prove +59.2s] reveal engine pass 5.9s: Sz=398108 -> 70.1109 bits/token over 2 positions (pinned as the public bound)
[sweep] op 1/106 (1%) elapsed=0.0m eta=0.0m cur=2.7GB
[sweep] op 3/106 (3%) elapsed=0.0m eta=0.0m cur=2.7GB
[sweep] op 5/106 (5%) elapsed=0.0m eta=0.0m cur=2.7GB
[sweep] op 7/106 (7%) elapsed=0.0m eta=0.0m cur=6.7GB
[sweep] op 9/106 (8%) elapsed=0.0m eta=0.0m cur=6.7GB
[sweep] op 11/106 (10%) elapsed=0.0m eta=0.1m cur=6.8GB
[sweep] op 13/106 (12%) elapsed=0.0m eta=0.1m cur=6.8GB
[sweep] op 15/106 (14%) elapsed=0.0m eta=0.1m cur=6.9GB
[sweep] op 17/106 (16%) elapsed=0.0m eta=0.1m cur=6.9GB
[sweep] op 19/106 (18%) elapsed=0.0m eta=0.1m cur=7.0GB
[sweep] op 21/106 (20%) elapsed=0.0m eta=0.1m cur=6.9GB
[sweep] op 23/106 (22%) elapsed=0.0m eta=0.1m cur=8.0GB
[sweep] op 25/106 (24%) elapsed=0.0m eta=0.1m cur=7.7GB
[sweep] op 27/106 (25%) elapsed=0.0m eta=0.1m cur=8.6GB
[sweep] op 29/106 (27%) elapsed=0.0m eta=0.0m cur=8.0GB
[sweep] op 31/106 (29%) elapsed=0.0m eta=0.0m cur=8.0GB
[sweep] op 33/106 (31%) elapsed=0.0m eta=0.1m cur=8.2GB
[sweep] op 35/106 (33%) elapsed=0.0m eta=0.1m cur=8.3GB
[sweep] op 37/106 (35%) elapsed=0.0m eta=0.0m cur=8.3GB
[sweep] op 39/106 (37%) elapsed=0.0m eta=0.0m cur=8.3GB
[sweep] op 41/106 (39%) elapsed=0.0m eta=0.0m cur=8.4GB
[sweep] op 43/106 (41%) elapsed=0.0m eta=0.0m cur=8.4GB
[sweep] op 45/106 (42%) elapsed=0.1m eta=0.1m cur=8.6GB
[sweep] op 47/106 (44%) elapsed=0.1m eta=0.1m cur=8.6GB
[sweep] op 49/106 (46%) elapsed=0.1m eta=0.1m cur=8.6GB
[sweep] op 51/106 (48%) elapsed=0.1m eta=0.1m cur=8.6GB
[sweep] op 53/106 (50%) elapsed=0.1m eta=0.1m cur=8.6GB
[sweep] op 55/106 (52%) elapsed=0.1m eta=0.1m cur=8.6GB
[sweep] op 57/106 (54%) elapsed=0.1m eta=0.1m cur=8.6GB
[sweep] op 59/106 (56%) elapsed=0.1m eta=0.1m cur=8.6GB
[sweep] op 61/106 (58%) elapsed=0.1m eta=0.1m cur=8.6GB
[sweep] op 63/106 (59%) elapsed=0.1m eta=0.1m cur=8.8GB
[sweep] op 65/106 (61%) elapsed=0.1m eta=0.1m cur=8.9GB
[sweep] op 67/106 (63%) elapsed=0.1m eta=0.1m cur=9.1GB
[sweep] op 69/106 (65%) elapsed=0.1m eta=0.1m cur=9.1GB
[sweep] op 71/106 (67%) elapsed=0.1m eta=0.1m cur=9.1GB
[sweep] op 73/106 (69%) elapsed=0.1m eta=0.0m cur=13.3GB
[sweep] op 75/106 (71%) elapsed=0.1m eta=0.0m cur=13.3GB
[sweep] op 77/106 (73%) elapsed=0.1m eta=0.0m cur=13.3GB
[sweep] op 79/106 (75%) elapsed=0.1m eta=0.0m cur=13.3GB
[sweep] op 81/106 (76%) elapsed=0.1m eta=0.0m cur=13.2GB
[sweep] op 83/106 (78%) elapsed=0.1m eta=0.0m cur=13.2GB
[sweep] op 85/106 (80%) elapsed=0.1m eta=0.0m cur=13.2GB
[sweep] op 87/106 (82%) elapsed=0.1m eta=0.0m cur=13.2GB
[sweep] op 89/106 (84%) elapsed=0.1m eta=0.0m cur=13.2GB
[sweep] op 91/106 (86%) elapsed=0.1m eta=0.0m cur=13.8GB
[sweep] op 93/106 (88%) elapsed=0.1m eta=0.0m cur=13.2GB
[sweep] op 95/106 (90%) elapsed=0.1m eta=0.0m cur=13.2GB
[sweep] op 97/106 (92%) elapsed=0.1m eta=0.0m cur=13.2GB
[sweep] op 99/106 (93%) elapsed=0.1m eta=0.0m cur=13.2GB
[sweep] op 101/106 (95%) elapsed=0.1m eta=0.0m cur=13.3GB
[sweep] op 103/106 (97%) elapsed=0.1m eta=0.0m cur=13.3GB
[sweep] op 105/106 (99%) elapsed=0.1m eta=0.0m cur=13.2GB
[sweep] op 106/106 (100%) elapsed=0.1m eta=0.0m cur=13.2GB
[sweep] op 1/106 (1%) elapsed=0.0m eta=0.0m cur=13.3GB
[sweep] op 3/106 (3%) elapsed=0.0m eta=0.0m cur=13.3GB
[sweep] op 5/106 (5%) elapsed=0.0m eta=0.0m cur=13.4GB
[sweep] op 7/106 (7%) elapsed=0.0m eta=0.0m cur=13.3GB
[sweep] op 9/106 (8%) elapsed=0.0m eta=0.0m cur=13.3GB
[sweep] op 11/106 (10%) elapsed=0.0m eta=0.0m cur=13.8GB
[sweep] op 13/106 (12%) elapsed=0.0m eta=0.0m cur=13.4GB
[sweep] op 15/106 (14%) elapsed=0.0m eta=0.0m cur=13.4GB
[sweep] op 17/106 (16%) elapsed=0.0m eta=0.0m cur=13.4GB
[sweep] op 19/106 (18%) elapsed=0.0m eta=0.0m cur=13.4GB
[sweep] op 21/106 (20%) elapsed=0.0m eta=0.0m cur=13.3GB
[sweep] op 23/106 (22%) elapsed=0.0m eta=0.0m cur=14.7GB
[sweep] op 25/106 (24%) elapsed=0.0m eta=0.0m cur=13.4GB
[sweep] op 27/106 (25%) elapsed=0.0m eta=0.0m cur=14.7GB
[sweep] op 29/106 (27%) elapsed=0.0m eta=0.0m cur=13.4GB
[sweep] op 31/106 (29%) elapsed=0.0m eta=0.0m cur=13.4GB
[sweep] op 33/106 (31%) elapsed=0.0m eta=0.0m cur=13.8GB
[sweep] op 35/106 (33%) elapsed=0.0m eta=0.0m cur=13.4GB
[sweep] op 37/106 (35%) elapsed=0.0m eta=0.0m cur=13.4GB
[sweep] op 39/106 (37%) elapsed=0.0m eta=0.0m cur=13.3GB
[sweep] op 41/106 (39%) elapsed=0.0m eta=0.0m cur=13.3GB
[sweep] op 43/106 (41%) elapsed=0.0m eta=0.0m cur=13.3GB
[sweep] op 45/106 (42%) elapsed=0.0m eta=0.0m cur=13.4GB
[sweep] op 47/106 (44%) elapsed=0.0m eta=0.0m cur=13.4GB
[sweep] op 49/106 (46%) elapsed=0.0m eta=0.0m cur=13.4GB
[sweep] op 51/106 (48%) elapsed=0.0m eta=0.0m cur=13.4GB
[sweep] op 53/106 (50%) elapsed=0.0m eta=0.0m cur=13.4GB
[sweep] op 55/106 (52%) elapsed=0.0m eta=0.0m cur=13.3GB
[sweep] op 57/106 (54%) elapsed=0.0m eta=0.0m cur=13.3GB
[sweep] op 59/106 (56%) elapsed=0.0m eta=0.0m cur=13.4GB
[sweep] op 61/106 (58%) elapsed=0.0m eta=0.0m cur=13.4GB
[sweep] op 63/106 (59%) elapsed=0.0m eta=0.0m cur=13.4GB
[sweep] op 65/106 (61%) elapsed=0.0m eta=0.0m cur=13.4GB
[sweep] op 67/106 (63%) elapsed=0.0m eta=0.0m cur=13.3GB
[sweep] op 69/106 (65%) elapsed=0.0m eta=0.0m cur=13.4GB
[sweep] op 71/106 (67%) elapsed=0.0m eta=0.0m cur=13.4GB
[sweep] op 73/106 (69%) elapsed=0.0m eta=0.0m cur=13.5GB
[sweep] op 75/106 (71%) elapsed=0.0m eta=0.0m cur=13.5GB
[sweep] op 77/106 (73%) elapsed=0.0m eta=0.0m cur=13.4GB
[sweep] op 79/106 (75%) elapsed=0.0m eta=0.0m cur=13.4GB
[sweep] op 81/106 (76%) elapsed=0.0m eta=0.0m cur=13.4GB
[sweep] op 83/106 (78%) elapsed=0.0m eta=0.0m cur=13.4GB
[sweep] op 85/106 (80%) elapsed=0.0m eta=0.0m cur=13.4GB
[sweep] op 87/106 (82%) elapsed=0.0m eta=0.0m cur=13.4GB
[sweep] op 89/106 (84%) elapsed=0.0m eta=0.0m cur=13.4GB
[sweep] op 91/106 (86%) elapsed=0.0m eta=0.0m cur=13.9GB
[sweep] op 93/106 (88%) elapsed=0.0m eta=0.0m cur=13.4GB
[sweep] op 95/106 (90%) elapsed=0.0m eta=0.0m cur=13.4GB
[sweep] op 97/106 (92%) elapsed=0.0m eta=0.0m cur=13.3GB
[sweep] op 99/106 (93%) elapsed=0.0m eta=0.0m cur=13.3GB
[sweep] op 101/106 (95%) elapsed=0.0m eta=0.0m cur=13.4GB
[sweep] op 103/106 (97%) elapsed=0.0m eta=0.0m cur=13.4GB
[sweep] op 105/106 (99%) elapsed=0.0m eta=0.0m cur=13.4GB
[sweep] op 106/106 (100%) elapsed=0.0m eta=0.0m cur=13.3GB
[sweep] op 1/106 (1%) elapsed=0.0m eta=0.0m cur=13.3GB
[sweep] op 3/106 (3%) elapsed=0.0m eta=0.0m cur=13.4GB
[sweep] op 5/106 (5%) elapsed=0.0m eta=0.0m cur=13.3GB
[sweep] op 7/106 (7%) elapsed=0.0m eta=0.0m cur=13.3GB
[sweep] op 9/106 (8%) elapsed=0.0m eta=0.0m cur=13.3GB
[sweep] op 11/106 (10%) elapsed=0.0m eta=0.0m cur=13.7GB
[sweep] op 13/106 (12%) elapsed=0.0m eta=0.0m cur=13.3GB
[sweep] op 15/106 (14%) elapsed=0.0m eta=0.0m cur=13.3GB
[sweep] op 17/106 (16%) elapsed=0.0m eta=0.0m cur=13.3GB
[sweep] op 19/106 (18%) elapsed=0.0m eta=0.0m cur=13.3GB
[sweep] op 21/106 (20%) elapsed=0.0m eta=0.0m cur=13.3GB
[sweep] op 23/106 (22%) elapsed=0.0m eta=0.0m cur=14.7GB
[sweep] op 25/106 (24%) elapsed=0.0m eta=0.0m cur=13.3GB
[sweep] op 27/106 (25%) elapsed=0.0m eta=0.0m cur=14.7GB
[sweep] op 29/106 (27%) elapsed=0.0m eta=0.0m cur=13.3GB
[sweep] op 31/106 (29%) elapsed=0.0m eta=0.0m cur=13.3GB
[sweep] op 33/106 (31%) elapsed=0.0m eta=0.0m cur=13.7GB
[sweep] op 35/106 (33%) elapsed=0.0m eta=0.0m cur=13.3GB
[sweep] op 37/106 (35%) elapsed=0.0m eta=0.0m cur=13.3GB
[sweep] op 39/106 (37%) elapsed=0.0m eta=0.0m cur=13.3GB
[sweep] op 41/106 (39%) elapsed=0.0m eta=0.0m cur=13.3GB
[sweep] op 43/106 (41%) elapsed=0.0m eta=0.0m cur=13.3GB
[sweep] op 45/106 (42%) elapsed=0.0m eta=0.0m cur=13.3GB
[sweep] op 47/106 (44%) elapsed=0.0m eta=0.0m cur=13.3GB
[sweep] op 49/106 (46%) elapsed=0.0m eta=0.0m cur=13.3GB
[sweep] op 51/106 (48%) elapsed=0.0m eta=0.0m cur=13.3GB
[sweep] op 53/106 (50%) elapsed=0.0m eta=0.0m cur=13.3GB
[sweep] op 55/106 (52%) elapsed=0.0m eta=0.0m cur=13.3GB
[sweep] op 57/106 (54%) elapsed=0.0m eta=0.0m cur=13.3GB
[sweep] op 59/106 (56%) elapsed=0.0m eta=0.0m cur=13.3GB
[sweep] op 61/106 (58%) elapsed=0.0m eta=0.0m cur=13.3GB
[sweep] op 63/106 (59%) elapsed=0.0m eta=0.0m cur=13.3GB
[sweep] op 65/106 (61%) elapsed=0.0m eta=0.0m cur=13.3GB
[sweep] op 67/106 (63%) elapsed=0.0m eta=0.0m cur=13.3GB
[sweep] op 69/106 (65%) elapsed=0.0m eta=0.0m cur=13.3GB
[sweep] op 71/106 (67%) elapsed=0.0m eta=0.0m cur=13.3GB
[sweep] op 73/106 (69%) elapsed=0.0m eta=0.0m cur=13.3GB
[sweep] op 75/106 (71%) elapsed=0.0m eta=0.0m cur=13.3GB
[sweep] op 77/106 (73%) elapsed=0.0m eta=0.0m cur=13.3GB
[sweep] op 79/106 (75%) elapsed=0.0m eta=0.0m cur=13.3GB
[sweep] op 81/106 (76%) elapsed=0.0m eta=0.0m cur=13.3GB
[sweep] op 83/106 (78%) elapsed=0.0m eta=0.0m cur=13.3GB
[sweep] op 85/106 (80%) elapsed=0.0m eta=0.0m cur=13.3GB
[sweep] op 87/106 (82%) elapsed=0.0m eta=0.0m cur=13.3GB
[sweep] op 89/106 (84%) elapsed=0.0m eta=0.0m cur=13.3GB
[sweep] op 91/106 (86%) elapsed=0.0m eta=0.0m cur=13.3GB
[sweep] op 93/106 (88%) elapsed=0.0m eta=0.0m cur=13.3GB
[sweep] op 95/106 (90%) elapsed=0.0m eta=0.0m cur=13.3GB
[sweep] op 97/106 (92%) elapsed=0.0m eta=0.0m cur=13.3GB
[sweep] op 99/106 (93%) elapsed=0.0m eta=0.0m cur=13.3GB
[sweep] op 101/106 (95%) elapsed=0.0m eta=0.0m cur=13.3GB
[sweep] op 103/106 (97%) elapsed=0.0m eta=0.0m cur=13.3GB
[sweep] op 105/106 (99%) elapsed=0.0m eta=0.0m cur=13.3GB
[sweep] op 106/106 (100%) elapsed=0.0m eta=0.0m cur=13.3GB
[sweep] op 1/106 (1%) elapsed=0.0m eta=0.0m cur=14.1GB
[sweep] op 3/106 (3%) elapsed=0.0m eta=0.2m cur=14.1GB
[sweep] op 5/106 (5%) elapsed=0.0m eta=0.1m cur=14.1GB
[sweep] op 7/106 (7%) elapsed=0.0m eta=0.6m cur=14.1GB
[sweep] op 9/106 (8%) elapsed=0.0m eta=0.5m cur=14.1GB
[sweep] op 11/106 (10%) elapsed=0.0m eta=0.4m cur=14.5GB
[sweep] op 13/106 (12%) elapsed=0.0m eta=0.4m cur=14.1GB
[sweep] op 15/106 (14%) elapsed=0.1m eta=0.3m cur=14.1GB
[sweep] op 17/106 (16%) elapsed=0.1m eta=0.3m cur=14.1GB
[sweep] op 19/106 (18%) elapsed=0.1m eta=0.2m cur=14.1GB
[sweep] op 21/106 (20%) elapsed=0.1m eta=0.2m cur=14.1GB
[sweep] op 23/106 (22%) elapsed=0.1m eta=0.2m cur=15.4GB
[sweep] op 25/106 (24%) elapsed=0.1m eta=0.2m cur=14.1GB
[sweep] op 27/106 (25%) elapsed=0.1m eta=0.2m cur=15.4GB
[sweep] op 29/106 (27%) elapsed=0.1m eta=0.2m cur=14.1GB
[sweep] op 31/106 (29%) elapsed=0.1m eta=0.2m cur=14.1GB
[sweep] op 33/106 (31%) elapsed=0.1m eta=0.2m cur=14.5GB
[sweep] op 35/106 (33%) elapsed=0.1m eta=0.1m cur=14.1GB
[sweep] op 37/106 (35%) elapsed=0.1m eta=0.1m cur=14.1GB
[sweep] op 39/106 (37%) elapsed=0.1m eta=0.1m cur=14.1GB
[sweep] op 41/106 (39%) elapsed=0.1m eta=0.1m cur=14.1GB
[sweep] op 43/106 (41%) elapsed=0.1m eta=0.1m cur=14.1GB
[sweep] op 45/106 (42%) elapsed=0.1m eta=0.1m cur=14.1GB
[sweep] op 47/106 (44%) elapsed=0.1m eta=0.1m cur=14.1GB
[sweep] op 49/106 (46%) elapsed=0.1m eta=0.1m cur=14.1GB
[sweep] op 51/106 (48%) elapsed=0.1m eta=0.1m cur=14.1GB
[sweep] op 53/106 (50%) elapsed=0.1m eta=0.1m cur=14.1GB
[sweep] op 55/106 (52%) elapsed=0.3m eta=0.2m cur=14.1GB
[sweep] op 57/106 (54%) elapsed=0.4m eta=0.4m cur=14.1GB
[sweep] op 59/106 (56%) elapsed=0.4m eta=0.3m cur=14.1GB
[sweep] op 61/106 (58%) elapsed=0.6m eta=0.4m cur=14.1GB
[sweep] op 63/106 (59%) elapsed=0.6m eta=0.4m cur=14.1GB
[sweep] op 65/106 (61%) elapsed=0.6m eta=0.4m cur=14.1GB
[sweep] op 67/106 (63%) elapsed=0.6m eta=0.4m cur=14.1GB
[sweep] op 69/106 (65%) elapsed=0.6m eta=0.3m cur=14.1GB
[sweep] op 71/106 (67%) elapsed=0.6m eta=0.3m cur=14.1GB
[sweep] op 73/106 (69%) elapsed=0.7m eta=0.3m cur=14.1GB
[sweep] op 75/106 (71%) elapsed=0.7m eta=0.3m cur=14.1GB
[sweep] op 77/106 (73%) elapsed=0.7m eta=0.2m cur=14.1GB
[sweep] op 79/106 (75%) elapsed=0.7m eta=0.2m cur=14.1GB
[sweep] op 81/106 (76%) elapsed=0.7m eta=0.2m cur=14.1GB
[sweep] op 83/106 (78%) elapsed=0.7m eta=0.2m cur=14.1GB
[sweep] op 85/106 (80%) elapsed=0.7m eta=0.2m cur=14.1GB
[sweep] op 87/106 (82%) elapsed=0.7m eta=0.1m cur=14.1GB
[sweep] op 89/106 (84%) elapsed=0.7m eta=0.1m cur=14.1GB
[sweep] op 91/106 (86%) elapsed=0.7m eta=0.1m cur=14.1GB
[sweep] op 93/106 (88%) elapsed=0.7m eta=0.1m cur=14.1GB
[sweep] op 95/106 (90%) elapsed=0.7m eta=0.1m cur=14.1GB
[sweep] op 97/106 (92%) elapsed=0.7m eta=0.1m cur=14.1GB
[sweep] op 99/106 (93%) elapsed=0.7m eta=0.0m cur=14.1GB
[sweep] op 101/106 (95%) elapsed=0.7m eta=0.0m cur=14.1GB
[sweep] op 103/106 (97%) elapsed=0.7m eta=0.0m cur=14.1GB
[sweep] op 105/106 (99%) elapsed=0.7m eta=0.0m cur=14.1GB
[sweep] op 106/106 (100%) elapsed=0.7m eta=0.0m cur=14.1GB
[sweep] op 1/106 (1%) elapsed=0.0m eta=0.0m cur=14.1GB
[sweep] op 3/106 (3%) elapsed=0.0m eta=0.0m cur=14.1GB
[sweep] op 5/106 (5%) elapsed=0.0m eta=0.0m cur=14.1GB
[sweep] op 7/106 (7%) elapsed=0.0m eta=0.5m cur=14.1GB
[sweep] op 9/106 (8%) elapsed=0.0m eta=0.3m cur=14.1GB
[sweep] op 11/106 (10%) elapsed=0.0m eta=0.3m cur=14.5GB
[sweep] op 13/106 (12%) elapsed=0.0m eta=0.3m cur=14.1GB
[sweep] op 15/106 (14%) elapsed=0.0m eta=0.2m cur=14.1GB
[sweep] op 17/106 (16%) elapsed=0.0m eta=0.2m cur=14.1GB
[sweep] op 19/106 (18%) elapsed=0.0m eta=0.2m cur=14.1GB
[sweep] op 21/106 (20%) elapsed=0.0m eta=0.2m cur=14.1GB
[sweep] op 23/106 (22%) elapsed=0.0m eta=0.2m cur=15.4GB
[sweep] op 25/106 (24%) elapsed=0.0m eta=0.1m cur=14.1GB
[sweep] op 27/106 (25%) elapsed=0.0m eta=0.1m cur=15.4GB
[sweep] op 29/106 (27%) elapsed=0.0m eta=0.1m cur=14.1GB
[sweep] op 31/106 (29%) elapsed=0.0m eta=0.1m cur=14.1GB
[sweep] op 33/106 (31%) elapsed=0.1m eta=0.1m cur=14.5GB
[sweep] op 35/106 (33%) elapsed=0.1m eta=0.1m cur=14.1GB
[sweep] op 37/106 (35%) elapsed=0.1m eta=0.1m cur=14.1GB
[sweep] op 39/106 (37%) elapsed=0.1m eta=0.1m cur=14.1GB
[sweep] op 41/106 (39%) elapsed=0.1m eta=0.1m cur=14.1GB
[sweep] op 43/106 (41%) elapsed=0.1m eta=0.1m cur=14.1GB
[sweep] op 45/106 (42%) elapsed=0.1m eta=0.1m cur=14.1GB
[sweep] op 47/106 (44%) elapsed=0.1m eta=0.1m cur=14.1GB
[sweep] op 49/106 (46%) elapsed=0.1m eta=0.1m cur=14.1GB
[sweep] op 51/106 (48%) elapsed=0.1m eta=0.1m cur=14.1GB
[sweep] op 53/106 (50%) elapsed=0.1m eta=0.1m cur=14.1GB
[sweep] op 55/106 (52%) elapsed=0.2m eta=0.2m cur=14.1GB
[sweep] op 57/106 (54%) elapsed=0.4m eta=0.3m cur=14.1GB
[sweep] op 59/106 (56%) elapsed=0.4m eta=0.3m cur=14.1GB
[sweep] op 61/106 (58%) elapsed=0.5m eta=0.4m cur=14.1GB
[sweep] op 63/106 (59%) elapsed=0.5m eta=0.4m cur=14.1GB
[sweep] op 65/106 (61%) elapsed=0.5m eta=0.3m cur=14.1GB
[sweep] op 67/106 (63%) elapsed=0.5m eta=0.3m cur=14.1GB
[sweep] op 69/106 (65%) elapsed=0.5m eta=0.3m cur=14.1GB
[sweep] op 71/106 (67%) elapsed=0.5m eta=0.3m cur=14.1GB
[sweep] op 73/106 (69%) elapsed=0.6m eta=0.2m cur=14.1GB
[sweep] op 75/106 (71%) elapsed=0.6m eta=0.2m cur=14.1GB
[sweep] op 77/106 (73%) elapsed=0.6m eta=0.2m cur=14.1GB
[sweep] op 79/106 (75%) elapsed=0.6m eta=0.2m cur=14.1GB
[sweep] op 81/106 (76%) elapsed=0.6m eta=0.2m cur=14.1GB
[sweep] op 83/106 (78%) elapsed=0.6m eta=0.2m cur=14.1GB
[sweep] op 85/106 (80%) elapsed=0.6m eta=0.1m cur=14.1GB
[sweep] op 87/106 (82%) elapsed=0.6m eta=0.1m cur=14.1GB
[sweep] op 89/106 (84%) elapsed=0.6m eta=0.1m cur=14.1GB
[sweep] op 91/106 (86%) elapsed=0.6m eta=0.1m cur=14.1GB
[sweep] op 93/106 (88%) elapsed=0.6m eta=0.1m cur=14.1GB
[sweep] op 95/106 (90%) elapsed=0.6m eta=0.1m cur=14.1GB
[sweep] op 97/106 (92%) elapsed=0.6m eta=0.1m cur=14.1GB
[sweep] op 99/106 (93%) elapsed=0.6m eta=0.0m cur=14.1GB
[sweep] op 101/106 (95%) elapsed=0.6m eta=0.0m cur=14.1GB
[sweep] op 103/106 (97%) elapsed=0.6m eta=0.0m cur=14.1GB
[sweep] op 105/106 (99%) elapsed=0.6m eta=0.0m cur=14.1GB
[sweep] op 106/106 (100%) elapsed=0.6m eta=0.0m cur=14.1GB
  [stream-sound] 5 rounds done; opened columns match committed leaves: True; W-block rows 2290400; W-ref True; Wnew rows 0; p3 rows 9; peak 47.23 GB
  [phase] prove-time breakdown (cuda-synced buckets; shares, not absolute — syncs remove overlap):
    encode         56.9s   58.9%
    fold_qlin      13.2s   13.6%
    qlin_polymul      8.6s    8.9%
    fetch           7.6s    7.8%
    qlin_interp      2.2s    2.2%
    fold_qirs       1.8s    1.9%
    witness         1.8s    1.9%
    qlin_rTA        1.2s    1.2%
    quad            1.1s    1.1%
    qlin_rowsum      1.0s    1.0%
    cols            0.9s    0.9%
    aux             0.5s    0.6%
    merkle          0.0s    0.0%
    cache_r         0.0s    0.0%
    compile         0.0s    0.0%
    cache_w         0.0s    0.0%
    BUCKETED       96.7s  (vs total prove wall-clock; remainder = setup + un-bucketed)
  [sweep] per-sweep breakdown (LIGERO_SWEEP_TIMING; cuda-synced seconds, so an instrumented wall; fetch = whole loader calls — storage read, decode and transfer together — taken out of the bucket they ran in; load_GB = decoded field bytes the loaders returned, not packed or disk bytes):
    sweep          wall   witness     fetch       aux   compile    encode    merkle fold_qirs fold_qlin      cols      quad   cache_r   cache_w     loads   load_GB  cache_rd  cache_wr routed_rd routed_wr      proj
    R1              6.9       0.2       5.7       0.0       0.0       1.0       0.0       0.0       0.0       0.0       0.0       0.0       0.0        29     25.28         0         5         0         0         0
              loader calls by kind: weight 5.7 s / 17; shard 0.0 s / 12
    R2              2.6       1.0       0.6       0.1       0.0       0.8       0.0       0.0       0.0       0.0       0.0       0.0       0.0       418    171.36         5         0         0         0         3
              loader calls by kind: shard 0.5 s / 384; weight-cache hits 34
    R3              0.4       0.2       0.1       0.1       0.0       0.0       0.0       0.0       0.0       0.0       0.0       0.0       0.0        46     46.54         5         0         0         0         0
              loader calls by kind: shard 0.0 s / 12; weight-cache hits 34
    fold           40.4       0.2       0.6       0.1       0.0      23.2       0.0       1.8      13.2       0.0       1.1       0.0       0.0       447    196.64         5         0         0         0         0
              loader calls by kind: shard 0.5 s / 396; weight-cache hits 51
    open           33.9       0.2       0.6       0.1       0.0      31.9       0.0       0.0       0.0       0.9       0.0       0.0       0.0       447    196.64         5         0         0         0         0
              loader calls by kind: shard 0.5 s / 396; weight-cache hits 51
    ALL            84.3       1.8       7.6       0.5       0.0      56.9       0.0       1.8      13.2       0.9       1.1       0.0       0.0      1387    636.45        20         5         0         0         3
              loader calls by kind: weight 5.7 s / 17; shard 1.6 s / 1,200; weight-cache hits 170, stores 17
    proof wall 94.4s; sweeps 84.3s; outside the sweeps 10.1s with 0 loader calls (0.00 GB); first fill (cache_w in R1) 0.0s
  [weight-cache] 17 weights decoded once (10.6 GB packed: 10.6 GB on the GPU, 0.0 GB pinned host after the allocator's power-of-two rounding; host allocator reserved 0.0 GB), 170 resolutions served from the cache, 0 resolutions refused by the budget
[instrumented_prove +153.6s] PROVE WALL 94.4s (1.6 min) peakGPU=43.99GiB — the per-phase table above is LIGERO_PHASE_TIMING's
[instrumented_prove +153.6s] opened columns: 54 (T_QUERIES=54)
[instrumented_prove +426.0s] rust verify_proof: ACCEPT in 272.4s
[instrumented_prove +426.0s] SUMMARY build=14.4s enroll=38.8s reveal=5.9s prove=94.4s T=4 T_QUERIES=54 claims=82 verify=ACCEPT
