[2] building lazy tape (claim recording only — no witness compute, no weights load beyond metadata)
[maverick-full] input bound: all 4 tokens hidden (2 prompt + 2 continuation)
W0819 10:09:14.376000 1343 torch/utils/cpp_extension.py:2425] TORCH_CUDA_ARCH_LIST is not set, all archs for visible cards are included for compilation. 
W0819 10:09:14.376000 1343 torch/utils/cpp_extension.py:2425] If this is not desired, please set os.environ['TORCH_CUDA_ARCH_LIST'] to specific architectures.
/workspace/verinf/demo/demo_maverick_block.py:88: UserWarning: The given NumPy array is not writable, and PyTorch does not support non-writable tensors. This means writing to this tensor will result in undefined behavior. You may want to copy the array to protect its data or make it writable before converting it to a tensor. This type of warning will be suppressed for the rest of this program. (Triggered internally at /pytorch/torch/csrc/utils/tensor_numpy.cpp:203.)
  w = kquant_to_field(torch.from_numpy(
W0819 10:09:14.504000 1343 torch/utils/cpp_extension.py:2425] TORCH_CUDA_ARCH_LIST is not set, all archs for visible cards are included for compilation. 
W0819 10:09:14.504000 1343 torch/utils/cpp_extension.py:2425] If this is not desired, please set os.environ['TORCH_CUDA_ARCH_LIST'] to specific architectures.
[maverick-full] layer 0 built (dense, rope=True) — 28 claims so far
[maverick-full] layer 1 built (moe E=128, rope=True) — 449 claims so far
[maverick-full] layer 2 built (dense, rope=True) — 471 claims so far
[maverick-full] layer 3 built (moe E=128, rope=False) — 890 claims so far
[maverick-full] layer 4 built (dense, rope=True) — 912 claims so far
[maverick-full] layer 5 built (moe E=128, rope=True) — 1333 claims so far
[maverick-full] layer 6 built (dense, rope=True) — 1355 claims so far
[maverick-full] layer 7 built (moe E=128, rope=False) — 1774 claims so far
[maverick-full] layer 8 built (dense, rope=True) — 1796 claims so far
[maverick-full] layer 9 built (moe E=128, rope=True) — 2217 claims so far
[maverick-full] layer 10 built (dense, rope=True) — 2239 claims so far
[maverick-full] layer 11 built (moe E=128, rope=False) — 2658 claims so far
[maverick-full] layer 12 built (dense, rope=True) — 2680 claims so far
[maverick-full] layer 13 built (moe E=128, rope=True) — 3101 claims so far
[maverick-full] layer 14 built (dense, rope=True) — 3123 claims so far
[maverick-full] layer 15 built (moe E=128, rope=False) — 3542 claims so far
[maverick-full] layer 16 built (dense, rope=True) — 3564 claims so far
[maverick-full] layer 17 built (moe E=128, rope=True) — 3985 claims so far
[maverick-full] layer 18 built (dense, rope=True) — 4007 claims so far
[maverick-full] layer 19 built (moe E=128, rope=False) — 4426 claims so far
[maverick-full] layer 20 built (dense, rope=True) — 4448 claims so far
[maverick-full] layer 21 built (moe E=128, rope=True) — 4869 claims so far
[maverick-full] layer 22 built (dense, rope=True) — 4891 claims so far
[maverick-full] layer 23 built (moe E=128, rope=False) — 5310 claims so far
[maverick-full] layer 24 built (dense, rope=True) — 5332 claims so far
[maverick-full] layer 25 built (moe E=128, rope=True) — 5753 claims so far
[maverick-full] layer 26 built (dense, rope=True) — 5775 claims so far
[maverick-full] layer 27 built (moe E=128, rope=False) — 6194 claims so far
[maverick-full] layer 28 built (dense, rope=True) — 6216 claims so far
[maverick-full] layer 29 built (moe E=128, rope=True) — 6637 claims so far
[maverick-full] layer 30 built (dense, rope=True) — 6659 claims so far
[maverick-full] layer 31 built (moe E=128, rope=False) — 7078 claims so far
[maverick-full] layer 32 built (dense, rope=True) — 7100 claims so far
[maverick-full] layer 33 built (moe E=128, rope=True) — 7521 claims so far
[maverick-full] layer 34 built (dense, rope=True) — 7543 claims so far
[maverick-full] layer 35 built (moe E=128, rope=False) — 7962 claims so far
[maverick-full] layer 36 built (dense, rope=True) — 7984 claims so far
[maverick-full] layer 37 built (moe E=128, rope=True) — 8405 claims so far
[maverick-full] layer 38 built (dense, rope=True) — 8427 claims so far
[maverick-full] layer 39 built (moe E=128, rope=False) — 8846 claims so far
[maverick-full] layer 40 built (dense, rope=True) — 8868 claims so far
[maverick-full] layer 41 built (moe E=128, rope=True) — 9289 claims so far
[maverick-full] layer 42 built (dense, rope=True) — 9311 claims so far
[maverick-full] layer 43 built (moe E=128, rope=False) — 9730 claims so far
[maverick-full] layer 44 built (dense, rope=True) — 9752 claims so far
[maverick-full] layer 45 built (moe E=128, rope=True) — 10173 claims so far
[maverick-full] layer 46 built (dense, rope=True) — 10195 claims so far
[maverick-full] layer 47 built (moe E=128, rope=False) — 10614 claims so far
[maverick-full] LM head from output.weight (untied)
[maverick-full] UI claim over 2 continuation positions; 10628 claims total
    built: 10,628 claims
[3] extracting manifest
    saved /workspace/crosscheck-out/maverick-s4-extracted.json (10,675 claims, 111,064 variables)
[4] diff vs synth
[claimcosts] no formula for claim type 'ConcatClaim'; using fallback (W_hint, W_hint, 0)
[claimcosts] no formula for claim type 'MaxClaim'; using fallback (W_hint, W_hint, 0)
[claimcosts] no formula for claim type 'InfoFinalizeClaim'; using fallback (W_hint, W_hint, 0)

type                      synth n   extr n          synth W           extr W  note
matmul                      9,674    9,674    1,832,088,512    1,832,088,512  
table_settle                    -       47                -       87,354,014  extract-only: LogUp settlement — synth doesn't model tables
silu                           72       72       72,351,744       72,351,744  
hadamard                      193      194       33,742,848       33,742,852  +1 extracted (UI chain, expected <= 1)
rmsnorm                        97       97       13,937,736       13,937,736  
rope                           72       72        8,847,360        8,847,360  
routing[+aux]                  24      124          123,072        6,588,616  +100 extracted (UI chain, expected <= 102)
MaxClaim                        -        1                -        4,849,164  extract-only: UI chain — synth omits it (README caveat)
freivalds_combine              96       96        2,704,128        2,704,128  
add                           120      122        2,457,600        2,457,602  +2 extracted (UI chain, expected <= 2)
ptlookup                       24       26              288        2,424,872  +2 extracted (UI chain, expected <= 2)
embed_lookup                   97       99        1,986,560        1,986,562  +2 extracted (UI chain, expected <= 2)
ConcatClaim                     -        2                -        1,616,384  extract-only: UI chain — synth omits it (README caveat)
softmax                        48       48          529,920          529,920  
InfoFinalizeClaim               -        1                -               64  extract-only: UI chain — synth omits it (README caveat)

persistent (weight) slots: synth 402,724,618,240  tape 402,724,618,240  [exact match]
claims                   synth         10,517   tape         10,675   delta +158
rows (per-var ceil)      synth     49,198,947   tape     49,453,397   delta +254,450
W (shared types)         synth  1,968,769,768   tape  1,977,659,904   delta +0.452%
cids (shared types)      synth    716,418,382   tape    719,651,170   delta +0.451%
Q (shared types)         synth    674,601,896   tape    678,642,864   delta +0.599%
[5] prover layout probe (this runs the demo up to the start of prove, including any engine pass — minutes at small context)

[layout probe] /usr/bin/python3 /workspace/verinf/demo/demo_maverick_full.py --from-gguf /workspace/maverick-gguf/UD-Q4_K_XL --prompt-n 2 --cont-n 2 --layers 48 --experts 128 --d 5120 --d-ff 8192 --vocab 202048

type                      prover rows  manifest rows     prover elems   manifest elems
MatmulClaim                49,402,307     49,402,307  404,556,706,752  404,556,706,752  
TableSettlement                21,378         21,378      174,708,028      174,708,028  
SiluClaim                       8,832          8,832       72,351,744       72,351,744  
HadamardClaim                   4,483          4,483       33,742,852       33,742,852  
RmsNormClaim                    9,991          9,991       13,937,736       13,937,736  
RoPEClaim                       1,296          1,296        8,847,360        8,847,360  
MaxClaim                          597            597        4,849,164        4,849,164  
RoutingClaim                      542            542        3,282,120        3,282,120  
FreivaldsCombineClaim             819            819        2,724,608        2,724,608  
ConcatClaim                       322            322        2,626,624        2,626,624  
EmbeddingLookupClaim              390            390        2,483,202        2,483,202  
AddClaim                          361            361        2,457,601        2,457,601  
PairedTlookupClaim                371            371        2,424,872        2,424,872  
RangeWordClaim                    270            270        1,653,248        1,653,248  
WordExtractionClaim               270            270        1,653,248        1,653,248  
SoftmaxClaim                    1,152          1,152          529,920          529,920  
InfoFinalizeClaim                  16             16               64               64  

prover m_total 49,453,400 vs manifest rows 49,453,397 (gap +3 = blinding/protocol rows — small and T_QUERIES-shaped is expected; negative is a FLAG)

======================================================================
RESULT: clean — no flags. Extracted manifest agrees with synth within the documented unmodeled set and with the prover's own layout.
