config d896,ff4864,seq256,L24  (median of 2 reps each)

[sweep] op 1/543 (0%) elapsed=0.0m eta=0.8m cur=6.4GB
[sweep] op 11/543 (2%) elapsed=0.0m eta=0.3m cur=6.5GB
[sweep] op 21/543 (4%) elapsed=0.0m eta=0.2m cur=6.4GB
[sweep] op 31/543 (6%) elapsed=0.0m eta=0.2m cur=6.4GB
[sweep] op 41/543 (8%) elapsed=0.0m eta=0.2m cur=6.6GB
[sweep] op 51/543 (9%) elapsed=0.0m eta=0.2m cur=6.4GB
[sweep] op 61/543 (11%) elapsed=0.0m eta=0.2m cur=6.5GB
[sweep] op 71/543 (13%) elapsed=0.0m eta=0.2m cur=6.4GB
[sweep] op 81/543 (15%) elapsed=0.0m eta=0.1m cur=6.4GB
[sweep] op 91/543 (17%) elapsed=0.0m eta=0.1m cur=6.4GB
[sweep] op 101/543 (19%) elapsed=0.0m eta=0.1m cur=6.4GB
[sweep] op 111/543 (20%) elapsed=0.0m eta=0.1m cur=6.4GB
[sweep] op 121/543 (22%) elapsed=0.0m eta=0.1m cur=6.4GB
[sweep] op 131/543 (24%) elapsed=0.0m eta=0.1m cur=6.4GB
[sweep] op 141/543 (26%) elapsed=0.0m eta=0.1m cur=6.4GB
[sweep] op 151/543 (28%) elapsed=0.0m eta=0.1m cur=6.6GB
[sweep] op 161/543 (30%) elapsed=0.0m eta=0.1m cur=6.4GB
[sweep] op 171/543 (31%) elapsed=0.1m eta=0.1m cur=6.5GB
[sweep] op 181/543 (33%) elapsed=0.1m eta=0.1m cur=6.4GB
[sweep] op 191/543 (35%) elapsed=0.1m eta=0.1m cur=6.4GB
[sweep] op 201/543 (37%) elapsed=0.1m eta=0.1m cur=6.4GB
[sweep] op 211/543 (39%) elapsed=0.1m eta=0.1m cur=6.4GB
[sweep] op 221/543 (41%) elapsed=0.1m eta=0.1m cur=6.4GB
[sweep] op 231/543 (43%) elapsed=0.1m eta=0.1m cur=6.5GB
[sweep] op 241/543 (44%) elapsed=0.1m eta=0.1m cur=6.4GB
[sweep] op 251/543 (46%) elapsed=0.1m eta=0.1m cur=6.4GB
[sweep] op 261/543 (48%) elapsed=0.1m eta=0.1m cur=6.6GB
[sweep] op 271/543 (50%) elapsed=0.1m eta=0.1m cur=6.4GB
[sweep] op 281/543 (52%) elapsed=0.1m eta=0.1m cur=6.5GB
[sweep] op 291/543 (54%) elapsed=0.1m eta=0.1m cur=6.4GB
[sweep] op 301/543 (55%) elapsed=0.1m eta=0.1m cur=6.4GB
[sweep] op 311/543 (57%) elapsed=0.1m eta=0.1m cur=6.4GB
[sweep] op 321/543 (59%) elapsed=0.1m eta=0.1m cur=6.4GB
[sweep] op 331/543 (61%) elapsed=0.1m eta=0.1m cur=6.4GB
[sweep] op 341/543 (63%) elapsed=0.1m eta=0.1m cur=6.4GB
[sweep] op 351/543 (65%) elapsed=0.1m eta=0.1m cur=6.4GB
[sweep] op 361/543 (66%) elapsed=0.1m eta=0.1m cur=6.4GB
[sweep] op 371/543 (68%) elapsed=0.1m eta=0.1m cur=6.6GB
[sweep] op 381/543 (70%) elapsed=0.1m eta=0.0m cur=6.4GB
[sweep] op 391/543 (72%) elapsed=0.1m eta=0.0m cur=6.5GB
[sweep] op 401/543 (74%) elapsed=0.1m eta=0.0m cur=6.4GB
[sweep] op 411/543 (76%) elapsed=0.1m eta=0.0m cur=6.4GB
[sweep] op 421/543 (78%) elapsed=0.1m eta=0.0m cur=6.4GB
[sweep] op 431/543 (79%) elapsed=0.1m eta=0.0m cur=6.4GB
[sweep] op 441/543 (81%) elapsed=0.1m eta=0.0m cur=6.4GB
[sweep] op 451/543 (83%) elapsed=0.1m eta=0.0m cur=6.4GB
[sweep] op 461/543 (85%) elapsed=0.1m eta=0.0m cur=6.4GB
[sweep] op 471/543 (87%) elapsed=0.1m eta=0.0m cur=6.4GB
[sweep] op 481/543 (89%) elapsed=0.1m eta=0.0m cur=6.6GB
[sweep] op 491/543 (90%) elapsed=0.1m eta=0.0m cur=6.4GB
[sweep] op 501/543 (92%) elapsed=0.1m eta=0.0m cur=6.5GB
[sweep] op 511/543 (94%) elapsed=0.1m eta=0.0m cur=6.4GB
[sweep] op 521/543 (96%) elapsed=0.1m eta=0.0m cur=6.4GB
[sweep] op 531/543 (98%) elapsed=0.2m eta=0.0m cur=6.4GB
[sweep] op 541/543 (100%) elapsed=0.2m eta=0.0m cur=7.6GB
[sweep] op 543/543 (100%) elapsed=0.2m eta=0.0m cur=7.6GB
[sweep] op 1/543 (0%) elapsed=0.0m eta=0.1m cur=7.7GB
[sweep] op 11/543 (2%) elapsed=0.0m eta=0.1m cur=7.7GB
[sweep] op 21/543 (4%) elapsed=0.0m eta=0.1m cur=7.7GB
[sweep] op 31/543 (6%) elapsed=0.0m eta=0.1m cur=7.7GB
[sweep] op 41/543 (8%) elapsed=0.0m eta=0.1m cur=7.8GB
[sweep] op 51/543 (9%) elapsed=0.0m eta=0.1m cur=7.7GB
[sweep] op 61/543 (11%) elapsed=0.0m eta=0.1m cur=7.7GB
[sweep] op 71/543 (13%) elapsed=0.0m eta=0.1m cur=7.7GB
[sweep] op 81/543 (15%) elapsed=0.0m eta=0.1m cur=7.7GB
[sweep] op 91/543 (17%) elapsed=0.0m eta=0.1m cur=7.7GB
[sweep] op 101/543 (19%) elapsed=0.0m eta=0.1m cur=7.7GB
[sweep] op 111/543 (20%) elapsed=0.0m eta=0.1m cur=7.7GB
[sweep] op 121/543 (22%) elapsed=0.0m eta=0.1m cur=7.7GB
[sweep] op 131/543 (24%) elapsed=0.0m eta=0.1m cur=7.7GB
[sweep] op 141/543 (26%) elapsed=0.0m eta=0.1m cur=7.7GB
[sweep] op 151/543 (28%) elapsed=0.0m eta=0.1m cur=7.8GB
[sweep] op 161/543 (30%) elapsed=0.0m eta=0.1m cur=7.7GB
[sweep] op 171/543 (31%) elapsed=0.0m eta=0.1m cur=7.7GB
[sweep] op 181/543 (33%) elapsed=0.0m eta=0.1m cur=7.7GB
[sweep] op 191/543 (35%) elapsed=0.0m eta=0.1m cur=7.7GB
[sweep] op 201/543 (37%) elapsed=0.0m eta=0.1m cur=7.7GB
[sweep] op 211/543 (39%) elapsed=0.0m eta=0.1m cur=7.7GB
[sweep] op 221/543 (41%) elapsed=0.0m eta=0.1m cur=7.7GB
[sweep] op 231/543 (43%) elapsed=0.0m eta=0.1m cur=7.7GB
[sweep] op 241/543 (44%) elapsed=0.0m eta=0.0m cur=7.7GB
[sweep] op 251/543 (46%) elapsed=0.0m eta=0.0m cur=7.7GB
[sweep] op 261/543 (48%) elapsed=0.0m eta=0.0m cur=7.8GB
[sweep] op 271/543 (50%) elapsed=0.0m eta=0.0m cur=7.7GB
[sweep] op 281/543 (52%) elapsed=0.0m eta=0.0m cur=7.7GB
[sweep] op 291/543 (54%) elapsed=0.0m eta=0.0m cur=7.7GB
[sweep] op 301/543 (55%) elapsed=0.0m eta=0.0m cur=7.7GB
[sweep] op 311/543 (57%) elapsed=0.1m eta=0.0m cur=7.7GB
[sweep] op 321/543 (59%) elapsed=0.1m eta=0.0m cur=7.7GB
[sweep] op 331/543 (61%) elapsed=0.1m eta=0.0m cur=7.7GB
[sweep] op 341/543 (63%) elapsed=0.1m eta=0.0m cur=7.7GB
[sweep] op 351/543 (65%) elapsed=0.1m eta=0.0m cur=7.7GB
[sweep] op 361/543 (66%) elapsed=0.1m eta=0.0m cur=7.7GB
[sweep] op 371/543 (68%) elapsed=0.1m eta=0.0m cur=7.8GB
[sweep] op 381/543 (70%) elapsed=0.1m eta=0.0m cur=7.7GB
[sweep] op 391/543 (72%) elapsed=0.1m eta=0.0m cur=7.7GB
[sweep] op 401/543 (74%) elapsed=0.1m eta=0.0m cur=7.7GB
[sweep] op 411/543 (76%) elapsed=0.1m eta=0.0m cur=7.7GB
[sweep] op 421/543 (78%) elapsed=0.1m eta=0.0m cur=7.7GB
[sweep] op 431/543 (79%) elapsed=0.1m eta=0.0m cur=7.7GB
[sweep] op 441/543 (81%) elapsed=0.1m eta=0.0m cur=7.7GB
[sweep] op 451/543 (83%) elapsed=0.1m eta=0.0m cur=7.7GB
[sweep] op 461/543 (85%) elapsed=0.1m eta=0.0m cur=7.7GB
[sweep] op 471/543 (87%) elapsed=0.1m eta=0.0m cur=7.7GB
[sweep] op 481/543 (89%) elapsed=0.1m eta=0.0m cur=7.8GB
[sweep] op 491/543 (90%) elapsed=0.1m eta=0.0m cur=7.7GB
[sweep] op 501/543 (92%) elapsed=0.1m eta=0.0m cur=7.7GB
[sweep] op 511/543 (94%) elapsed=0.1m eta=0.0m cur=7.7GB
[sweep] op 521/543 (96%) elapsed=0.1m eta=0.0m cur=7.7GB
[sweep] op 531/543 (98%) elapsed=0.1m eta=0.0m cur=7.7GB
[sweep] op 541/543 (100%) elapsed=0.1m eta=0.0m cur=8.9GB
[sweep] op 543/543 (100%) elapsed=0.1m eta=0.0m cur=8.9GB
[sweep] op 1/543 (0%) elapsed=0.0m eta=1.2m cur=7.6GB
[sweep] op 11/543 (2%) elapsed=0.0m eta=0.6m cur=7.6GB
[sweep] op 21/543 (4%) elapsed=0.0m eta=0.8m cur=7.6GB
[sweep] op 31/543 (6%) elapsed=0.0m eta=0.6m cur=7.7GB
[sweep] op 41/543 (8%) elapsed=0.1m eta=0.7m cur=7.8GB
[sweep] op 51/543 (9%) elapsed=0.1m eta=0.6m cur=7.6GB
[sweep] op 61/543 (11%) elapsed=0.1m eta=0.6m cur=7.7GB
[sweep] op 71/543 (13%) elapsed=0.1m eta=0.6m cur=7.6GB
[sweep] op 81/543 (15%) elapsed=0.1m eta=0.6m cur=7.6GB
[sweep] op 91/543 (17%) elapsed=0.1m eta=0.6m cur=7.6GB
[sweep] op 101/543 (19%) elapsed=0.1m eta=0.6m cur=7.6GB
[sweep] op 111/543 (20%) elapsed=0.2m eta=0.6m cur=7.6GB
[sweep] op 121/543 (22%) elapsed=0.2m eta=0.6m cur=7.6GB
[sweep] op 131/543 (24%) elapsed=0.2m eta=0.6m cur=7.6GB
[sweep] op 141/543 (26%) elapsed=0.2m eta=0.6m cur=7.7GB
[sweep] op 151/543 (28%) elapsed=0.2m eta=0.6m cur=7.8GB
[sweep] op 161/543 (30%) elapsed=0.2m eta=0.5m cur=7.6GB
[sweep] op 171/543 (31%) elapsed=0.2m eta=0.5m cur=7.7GB
[sweep] op 181/543 (33%) elapsed=0.3m eta=0.5m cur=7.6GB
[sweep] op 191/543 (35%) elapsed=0.3m eta=0.5m cur=7.6GB
[sweep] op 201/543 (37%) elapsed=0.3m eta=0.5m cur=7.6GB
[sweep] op 211/543 (39%) elapsed=0.3m eta=0.5m cur=7.6GB
[sweep] op 221/543 (41%) elapsed=0.3m eta=0.5m cur=7.6GB
[sweep] op 231/543 (43%) elapsed=0.3m eta=0.4m cur=7.6GB
[sweep] op 241/543 (44%) elapsed=0.3m eta=0.4m cur=7.7GB
[sweep] op 251/543 (46%) elapsed=0.4m eta=0.4m cur=7.7GB
[sweep] op 261/543 (48%) elapsed=0.4m eta=0.4m cur=7.8GB
[sweep] op 271/543 (50%) elapsed=0.4m eta=0.4m cur=7.6GB
[sweep] op 281/543 (52%) elapsed=0.4m eta=0.4m cur=7.7GB
[sweep] op 291/543 (54%) elapsed=0.4m eta=0.4m cur=7.6GB
[sweep] op 301/543 (55%) elapsed=0.4m eta=0.3m cur=7.6GB
[sweep] op 311/543 (57%) elapsed=0.4m eta=0.3m cur=7.6GB
[sweep] op 321/543 (59%) elapsed=0.5m eta=0.3m cur=7.6GB
[sweep] op 331/543 (61%) elapsed=0.5m eta=0.3m cur=7.6GB
[sweep] op 341/543 (63%) elapsed=0.5m eta=0.3m cur=7.7GB
[sweep] op 351/543 (65%) elapsed=0.5m eta=0.3m cur=7.7GB
[sweep] op 361/543 (66%) elapsed=0.5m eta=0.3m cur=7.7GB
[sweep] op 371/543 (68%) elapsed=0.5m eta=0.3m cur=7.8GB
[sweep] op 381/543 (70%) elapsed=0.5m eta=0.2m cur=7.6GB
[sweep] op 391/543 (72%) elapsed=0.6m eta=0.2m cur=7.7GB
[sweep] op 401/543 (74%) elapsed=0.6m eta=0.2m cur=7.6GB
[sweep] op 411/543 (76%) elapsed=0.6m eta=0.2m cur=7.6GB
[sweep] op 421/543 (78%) elapsed=0.6m eta=0.2m cur=7.6GB
[sweep] op 431/543 (79%) elapsed=0.6m eta=0.2m cur=7.6GB
[sweep] op 441/543 (81%) elapsed=0.6m eta=0.1m cur=7.6GB
[sweep] op 451/543 (83%) elapsed=0.7m eta=0.1m cur=7.7GB
[sweep] op 461/543 (85%) elapsed=0.7m eta=0.1m cur=7.7GB
[sweep] op 471/543 (87%) elapsed=0.7m eta=0.1m cur=7.7GB
[sweep] op 481/543 (89%) elapsed=0.7m eta=0.1m cur=7.8GB
[sweep] op 491/543 (90%) elapsed=0.7m eta=0.1m cur=7.6GB
[sweep] op 501/543 (92%) elapsed=0.7m eta=0.1m cur=7.7GB
[sweep] op 511/543 (94%) elapsed=0.7m eta=0.0m cur=7.6GB
[sweep] op 521/543 (96%) elapsed=0.7m eta=0.0m cur=7.6GB
[sweep] op 531/543 (98%) elapsed=0.8m eta=0.0m cur=7.6GB
[sweep] op 541/543 (100%) elapsed=0.9m eta=0.0m cur=8.9GB
[sweep] op 543/543 (100%) elapsed=0.9m eta=0.0m cur=8.9GB
[sweep] op 1/543 (0%) elapsed=0.0m eta=0.2m cur=7.7GB
[sweep] op 11/543 (2%) elapsed=0.0m eta=0.2m cur=7.8GB
[sweep] op 21/543 (4%) elapsed=0.0m eta=0.2m cur=7.7GB
[sweep] op 31/543 (6%) elapsed=0.0m eta=0.2m cur=7.8GB
[sweep] op 41/543 (8%) elapsed=0.0m eta=0.2m cur=7.9GB
[sweep] op 51/543 (9%) elapsed=0.0m eta=0.2m cur=7.8GB
[sweep] op 61/543 (11%) elapsed=0.0m eta=0.2m cur=7.8GB
[sweep] op 71/543 (13%) elapsed=0.0m eta=0.2m cur=7.8GB
[sweep] op 81/543 (15%) elapsed=0.0m eta=0.2m cur=7.8GB
[sweep] op 91/543 (17%) elapsed=0.0m eta=0.2m cur=7.8GB
[sweep] op 101/543 (19%) elapsed=0.0m eta=0.2m cur=7.8GB
[sweep] op 111/543 (20%) elapsed=0.0m eta=0.2m cur=7.8GB
[sweep] op 121/543 (22%) elapsed=0.1m eta=0.2m cur=7.9GB
[sweep] op 131/543 (24%) elapsed=0.1m eta=0.2m cur=7.8GB
[sweep] op 141/543 (26%) elapsed=0.1m eta=0.2m cur=7.9GB
[sweep] op 151/543 (28%) elapsed=0.1m eta=0.2m cur=8.0GB
[sweep] op 161/543 (30%) elapsed=0.1m eta=0.2m cur=7.9GB
[sweep] op 171/543 (31%) elapsed=0.1m eta=0.2m cur=7.9GB
[sweep] op 181/543 (33%) elapsed=0.1m eta=0.2m cur=7.9GB
[sweep] op 191/543 (35%) elapsed=0.1m eta=0.1m cur=7.8GB
[sweep] op 201/543 (37%) elapsed=0.1m eta=0.1m cur=7.9GB
[sweep] op 211/543 (39%) elapsed=0.1m eta=0.1m cur=7.8GB
[sweep] op 221/543 (41%) elapsed=0.1m eta=0.1m cur=7.9GB
[sweep] op 231/543 (43%) elapsed=0.1m eta=0.1m cur=7.9GB
[sweep] op 241/543 (44%) elapsed=0.1m eta=0.1m cur=7.9GB
[sweep] op 251/543 (46%) elapsed=0.1m eta=0.1m cur=7.9GB
[sweep] op 261/543 (48%) elapsed=0.1m eta=0.1m cur=8.0GB
[sweep] op 271/543 (50%) elapsed=0.1m eta=0.1m cur=7.9GB
[sweep] op 281/543 (52%) elapsed=0.1m eta=0.1m cur=8.0GB
[sweep] op 291/543 (54%) elapsed=0.1m eta=0.1m cur=7.9GB
[sweep] op 301/543 (55%) elapsed=0.1m eta=0.1m cur=7.9GB
[sweep] op 311/543 (57%) elapsed=0.1m eta=0.1m cur=8.0GB
[sweep] op 321/543 (59%) elapsed=0.1m eta=0.1m cur=7.9GB
[sweep] op 331/543 (61%) elapsed=0.1m eta=0.1m cur=7.9GB
[sweep] op 341/543 (63%) elapsed=0.1m eta=0.1m cur=8.0GB
[sweep] op 351/543 (65%) elapsed=0.2m eta=0.1m cur=7.9GB
[sweep] op 361/543 (66%) elapsed=0.2m eta=0.1m cur=8.0GB
[sweep] op 371/543 (68%) elapsed=0.2m eta=0.1m cur=8.1GB
[sweep] op 381/543 (70%) elapsed=0.2m eta=0.1m cur=8.0GB
[sweep] op 391/543 (72%) elapsed=0.2m eta=0.1m cur=8.0GB
[sweep] op 401/543 (74%) elapsed=0.2m eta=0.1m cur=8.0GB
[sweep] op 411/543 (76%) elapsed=0.2m eta=0.1m cur=8.0GB
[sweep] op 421/543 (78%) elapsed=0.2m eta=0.1m cur=8.0GB
[sweep] op 431/543 (79%) elapsed=0.2m eta=0.0m cur=8.0GB
[sweep] op 441/543 (81%) elapsed=0.2m eta=0.0m cur=8.0GB
[sweep] op 451/543 (83%) elapsed=0.2m eta=0.0m cur=8.0GB
[sweep] op 461/543 (85%) elapsed=0.2m eta=0.0m cur=8.0GB
[sweep] op 471/543 (87%) elapsed=0.2m eta=0.0m cur=8.1GB
[sweep] op 481/543 (89%) elapsed=0.2m eta=0.0m cur=8.2GB
[sweep] op 491/543 (90%) elapsed=0.2m eta=0.0m cur=8.1GB
[sweep] op 501/543 (92%) elapsed=0.2m eta=0.0m cur=8.1GB
[sweep] op 511/543 (94%) elapsed=0.2m eta=0.0m cur=8.1GB
[sweep] op 521/543 (96%) elapsed=0.2m eta=0.0m cur=8.0GB
[sweep] op 531/543 (98%) elapsed=0.2m eta=0.0m cur=8.1GB
[sweep] op 541/543 (100%) elapsed=0.3m eta=0.0m cur=9.3GB
[sweep] op 543/543 (100%) elapsed=0.3m eta=0.0m cur=9.3GB
  [stream-sound] 4 rounds done; blind root reproducible across rounds: True; W-block rows 0; W-ref False; Wnew rows 0; peak 10.89 GB
  [phase] prove-time breakdown (cuda-synced buckets; shares, not absolute — syncs remove overlap):
    encode         29.2s   31.5%
    quad           20.5s   22.1%
    fold_qlin      11.3s   12.2%
    witness         6.8s    7.4%
    compile         6.3s    6.8%
    qlin_polymul      4.7s    5.1%
    merkle          3.9s    4.2%
    qlin_rTA        2.5s    2.7%
    aux             2.4s    2.5%
    qlin_rowsum      1.5s    1.6%
    qlin_interp      1.5s    1.6%
    cols            1.1s    1.1%
    fold_qirs       1.0s    1.1%
    BUCKETED       92.6s  (vs total prove wall-clock; remainder = setup + un-bucketed)
[sweep] op 1/543 (0%) elapsed=0.0m eta=0.2m cur=6.4GB
[sweep] op 11/543 (2%) elapsed=0.0m eta=0.1m cur=6.4GB
[sweep] op 21/543 (4%) elapsed=0.0m eta=0.2m cur=6.4GB
[sweep] op 31/543 (6%) elapsed=0.0m eta=0.1m cur=6.4GB
[sweep] op 41/543 (8%) elapsed=0.0m eta=0.1m cur=6.6GB
[sweep] op 51/543 (9%) elapsed=0.0m eta=0.1m cur=6.4GB
[sweep] op 61/543 (11%) elapsed=0.0m eta=0.1m cur=6.5GB
[sweep] op 71/543 (13%) elapsed=0.0m eta=0.1m cur=6.4GB
[sweep] op 81/543 (15%) elapsed=0.0m eta=0.1m cur=6.4GB
[sweep] op 91/543 (17%) elapsed=0.0m eta=0.1m cur=6.4GB
[sweep] op 101/543 (19%) elapsed=0.0m eta=0.1m cur=6.4GB
[sweep] op 111/543 (20%) elapsed=0.0m eta=0.1m cur=6.4GB
[sweep] op 121/543 (22%) elapsed=0.0m eta=0.1m cur=6.4GB
[sweep] op 131/543 (24%) elapsed=0.0m eta=0.1m cur=6.4GB
[sweep] op 141/543 (26%) elapsed=0.0m eta=0.1m cur=6.4GB
[sweep] op 151/543 (28%) elapsed=0.0m eta=0.1m cur=6.6GB
[sweep] op 161/543 (30%) elapsed=0.0m eta=0.1m cur=6.4GB
[sweep] op 171/543 (31%) elapsed=0.0m eta=0.1m cur=6.5GB
[sweep] op 181/543 (33%) elapsed=0.1m eta=0.1m cur=6.4GB
[sweep] op 191/543 (35%) elapsed=0.1m eta=0.1m cur=6.4GB
[sweep] op 201/543 (37%) elapsed=0.1m eta=0.1m cur=6.4GB
[sweep] op 211/543 (39%) elapsed=0.1m eta=0.1m cur=6.4GB
[sweep] op 221/543 (41%) elapsed=0.1m eta=0.1m cur=6.4GB
[sweep] op 231/543 (43%) elapsed=0.1m eta=0.1m cur=6.5GB
[sweep] op 241/543 (44%) elapsed=0.1m eta=0.1m cur=6.4GB
[sweep] op 251/543 (46%) elapsed=0.1m eta=0.1m cur=6.4GB
[sweep] op 261/543 (48%) elapsed=0.1m eta=0.1m cur=6.6GB
[sweep] op 271/543 (50%) elapsed=0.1m eta=0.1m cur=6.4GB
[sweep] op 281/543 (52%) elapsed=0.1m eta=0.1m cur=6.5GB
[sweep] op 291/543 (54%) elapsed=0.1m eta=0.1m cur=6.4GB
[sweep] op 301/543 (55%) elapsed=0.1m eta=0.1m cur=6.4GB
[sweep] op 311/543 (57%) elapsed=0.1m eta=0.1m cur=6.4GB
[sweep] op 321/543 (59%) elapsed=0.1m eta=0.1m cur=6.4GB
[sweep] op 331/543 (61%) elapsed=0.1m eta=0.1m cur=6.4GB
[sweep] op 341/543 (63%) elapsed=0.1m eta=0.1m cur=6.4GB
[sweep] op 351/543 (65%) elapsed=0.1m eta=0.1m cur=6.4GB
[sweep] op 361/543 (66%) elapsed=0.1m eta=0.1m cur=6.4GB
[sweep] op 371/543 (68%) elapsed=0.1m eta=0.0m cur=6.6GB
[sweep] op 381/543 (70%) elapsed=0.1m eta=0.0m cur=6.4GB
[sweep] op 391/543 (72%) elapsed=0.1m eta=0.0m cur=6.5GB
[sweep] op 401/543 (74%) elapsed=0.1m eta=0.0m cur=6.4GB
[sweep] op 411/543 (76%) elapsed=0.1m eta=0.0m cur=6.4GB
[sweep] op 421/543 (78%) elapsed=0.1m eta=0.0m cur=6.4GB
[sweep] op 431/543 (79%) elapsed=0.1m eta=0.0m cur=6.4GB
[sweep] op 441/543 (81%) elapsed=0.1m eta=0.0m cur=6.4GB
[sweep] op 451/543 (83%) elapsed=0.1m eta=0.0m cur=6.4GB
[sweep] op 461/543 (85%) elapsed=0.1m eta=0.0m cur=6.4GB
[sweep] op 471/543 (87%) elapsed=0.1m eta=0.0m cur=6.4GB
[sweep] op 481/543 (89%) elapsed=0.1m eta=0.0m cur=6.6GB
[sweep] op 491/543 (90%) elapsed=0.1m eta=0.0m cur=6.4GB
[sweep] op 501/543 (92%) elapsed=0.1m eta=0.0m cur=6.5GB
[sweep] op 511/543 (94%) elapsed=0.1m eta=0.0m cur=6.4GB
[sweep] op 521/543 (96%) elapsed=0.1m eta=0.0m cur=6.4GB
[sweep] op 531/543 (98%) elapsed=0.1m eta=0.0m cur=6.4GB
[sweep] op 541/543 (100%) elapsed=0.2m eta=0.0m cur=7.6GB
[sweep] op 543/543 (100%) elapsed=0.2m eta=0.0m cur=7.6GB
[sweep] op 1/543 (0%) elapsed=0.0m eta=0.1m cur=7.7GB
[sweep] op 11/543 (2%) elapsed=0.0m eta=0.1m cur=7.7GB
[sweep] op 21/543 (4%) elapsed=0.0m eta=0.1m cur=7.7GB
[sweep] op 31/543 (6%) elapsed=0.0m eta=0.1m cur=7.7GB
[sweep] op 41/543 (8%) elapsed=0.0m eta=0.1m cur=7.8GB
[sweep] op 51/543 (9%) elapsed=0.0m eta=0.1m cur=7.7GB
[sweep] op 61/543 (11%) elapsed=0.0m eta=0.1m cur=7.7GB
[sweep] op 71/543 (13%) elapsed=0.0m eta=0.1m cur=7.7GB
[sweep] op 81/543 (15%) elapsed=0.0m eta=0.1m cur=7.7GB
[sweep] op 91/543 (17%) elapsed=0.0m eta=0.1m cur=7.7GB
[sweep] op 101/543 (19%) elapsed=0.0m eta=0.1m cur=7.7GB
[sweep] op 111/543 (20%) elapsed=0.0m eta=0.1m cur=7.7GB
[sweep] op 121/543 (22%) elapsed=0.0m eta=0.1m cur=7.7GB
[sweep] op 131/543 (24%) elapsed=0.0m eta=0.1m cur=7.7GB
[sweep] op 141/543 (26%) elapsed=0.0m eta=0.1m cur=7.7GB
[sweep] op 151/543 (28%) elapsed=0.0m eta=0.1m cur=7.8GB
[sweep] op 161/543 (30%) elapsed=0.0m eta=0.1m cur=7.7GB
[sweep] op 171/543 (31%) elapsed=0.0m eta=0.1m cur=7.7GB
[sweep] op 181/543 (33%) elapsed=0.0m eta=0.1m cur=7.7GB
[sweep] op 191/543 (35%) elapsed=0.0m eta=0.1m cur=7.7GB
[sweep] op 201/543 (37%) elapsed=0.0m eta=0.1m cur=7.7GB
[sweep] op 211/543 (39%) elapsed=0.0m eta=0.1m cur=7.7GB
[sweep] op 221/543 (41%) elapsed=0.0m eta=0.1m cur=7.7GB
[sweep] op 231/543 (43%) elapsed=0.0m eta=0.1m cur=7.7GB
[sweep] op 241/543 (44%) elapsed=0.0m eta=0.0m cur=7.7GB
[sweep] op 251/543 (46%) elapsed=0.0m eta=0.0m cur=7.7GB
[sweep] op 261/543 (48%) elapsed=0.0m eta=0.0m cur=7.8GB
[sweep] op 271/543 (50%) elapsed=0.0m eta=0.0m cur=7.7GB
[sweep] op 281/543 (52%) elapsed=0.0m eta=0.0m cur=7.7GB
[sweep] op 291/543 (54%) elapsed=0.0m eta=0.0m cur=7.7GB
[sweep] op 301/543 (55%) elapsed=0.0m eta=0.0m cur=7.7GB
[sweep] op 311/543 (57%) elapsed=0.1m eta=0.0m cur=7.7GB
[sweep] op 321/543 (59%) elapsed=0.1m eta=0.0m cur=7.7GB
[sweep] op 331/543 (61%) elapsed=0.1m eta=0.0m cur=7.7GB
[sweep] op 341/543 (63%) elapsed=0.1m eta=0.0m cur=7.7GB
[sweep] op 351/543 (65%) elapsed=0.1m eta=0.0m cur=7.7GB
[sweep] op 361/543 (66%) elapsed=0.1m eta=0.0m cur=7.7GB
[sweep] op 371/543 (68%) elapsed=0.1m eta=0.0m cur=7.8GB
[sweep] op 381/543 (70%) elapsed=0.1m eta=0.0m cur=7.7GB
[sweep] op 391/543 (72%) elapsed=0.1m eta=0.0m cur=7.7GB
[sweep] op 401/543 (74%) elapsed=0.1m eta=0.0m cur=7.7GB
[sweep] op 411/543 (76%) elapsed=0.1m eta=0.0m cur=7.7GB
[sweep] op 421/543 (78%) elapsed=0.1m eta=0.0m cur=7.7GB
[sweep] op 431/543 (79%) elapsed=0.1m eta=0.0m cur=7.7GB
[sweep] op 441/543 (81%) elapsed=0.1m eta=0.0m cur=7.7GB
[sweep] op 451/543 (83%) elapsed=0.1m eta=0.0m cur=7.7GB
[sweep] op 461/543 (85%) elapsed=0.1m eta=0.0m cur=7.7GB
[sweep] op 471/543 (87%) elapsed=0.1m eta=0.0m cur=7.7GB
[sweep] op 481/543 (89%) elapsed=0.1m eta=0.0m cur=7.8GB
[sweep] op 491/543 (90%) elapsed=0.1m eta=0.0m cur=7.7GB
[sweep] op 501/543 (92%) elapsed=0.1m eta=0.0m cur=7.7GB
[sweep] op 511/543 (94%) elapsed=0.1m eta=0.0m cur=7.7GB
[sweep] op 521/543 (96%) elapsed=0.1m eta=0.0m cur=7.7GB
[sweep] op 531/543 (98%) elapsed=0.1m eta=0.0m cur=7.7GB
[sweep] op 541/543 (100%) elapsed=0.1m eta=0.0m cur=8.9GB
[sweep] op 543/543 (100%) elapsed=0.1m eta=0.0m cur=8.9GB
[sweep] op 1/543 (0%) elapsed=0.0m eta=0.5m cur=7.6GB
[sweep] op 11/543 (2%) elapsed=0.0m eta=0.5m cur=7.6GB
[sweep] op 21/543 (4%) elapsed=0.0m eta=0.7m cur=7.6GB
[sweep] op 31/543 (6%) elapsed=0.0m eta=0.6m cur=7.7GB
[sweep] op 41/543 (8%) elapsed=0.1m eta=0.7m cur=7.8GB
[sweep] op 51/543 (9%) elapsed=0.1m eta=0.6m cur=7.6GB
[sweep] op 61/543 (11%) elapsed=0.1m eta=0.6m cur=7.7GB
[sweep] op 71/543 (13%) elapsed=0.1m eta=0.6m cur=7.6GB
[sweep] op 81/543 (15%) elapsed=0.1m eta=0.6m cur=7.6GB
[sweep] op 91/543 (17%) elapsed=0.1m eta=0.6m cur=7.6GB
[sweep] op 101/543 (19%) elapsed=0.1m eta=0.6m cur=7.6GB
[sweep] op 111/543 (20%) elapsed=0.2m eta=0.6m cur=7.6GB
[sweep] op 121/543 (22%) elapsed=0.2m eta=0.6m cur=7.6GB
[sweep] op 131/543 (24%) elapsed=0.2m eta=0.6m cur=7.6GB
[sweep] op 141/543 (26%) elapsed=0.2m eta=0.5m cur=7.7GB
[sweep] op 151/543 (28%) elapsed=0.2m eta=0.6m cur=7.8GB
[sweep] op 161/543 (30%) elapsed=0.2m eta=0.5m cur=7.6GB
[sweep] op 171/543 (31%) elapsed=0.2m eta=0.5m cur=7.7GB
[sweep] op 181/543 (33%) elapsed=0.3m eta=0.5m cur=7.6GB
[sweep] op 191/543 (35%) elapsed=0.3m eta=0.5m cur=7.6GB
[sweep] op 201/543 (37%) elapsed=0.3m eta=0.5m cur=7.6GB
[sweep] op 211/543 (39%) elapsed=0.3m eta=0.5m cur=7.6GB
[sweep] op 221/543 (41%) elapsed=0.3m eta=0.5m cur=7.6GB
[sweep] op 231/543 (43%) elapsed=0.3m eta=0.4m cur=7.6GB
[sweep] op 241/543 (44%) elapsed=0.3m eta=0.4m cur=7.6GB
[sweep] op 251/543 (46%) elapsed=0.3m eta=0.4m cur=7.7GB
[sweep] op 261/543 (48%) elapsed=0.4m eta=0.4m cur=7.8GB
[sweep] op 271/543 (50%) elapsed=0.4m eta=0.4m cur=7.6GB
[sweep] op 281/543 (52%) elapsed=0.4m eta=0.4m cur=7.7GB
[sweep] op 291/543 (54%) elapsed=0.4m eta=0.4m cur=7.6GB
[sweep] op 301/543 (55%) elapsed=0.4m eta=0.3m cur=7.6GB
[sweep] op 311/543 (57%) elapsed=0.4m eta=0.3m cur=7.6GB
[sweep] op 321/543 (59%) elapsed=0.4m eta=0.3m cur=7.6GB
[sweep] op 331/543 (61%) elapsed=0.5m eta=0.3m cur=7.6GB
[sweep] op 341/543 (63%) elapsed=0.5m eta=0.3m cur=7.7GB
[sweep] op 351/543 (65%) elapsed=0.5m eta=0.3m cur=7.7GB
[sweep] op 361/543 (66%) elapsed=0.5m eta=0.3m cur=7.7GB
[sweep] op 371/543 (68%) elapsed=0.5m eta=0.2m cur=7.8GB
[sweep] op 381/543 (70%) elapsed=0.5m eta=0.2m cur=7.6GB
[sweep] op 391/543 (72%) elapsed=0.5m eta=0.2m cur=7.7GB
[sweep] op 401/543 (74%) elapsed=0.6m eta=0.2m cur=7.6GB
[sweep] op 411/543 (76%) elapsed=0.6m eta=0.2m cur=7.6GB
[sweep] op 421/543 (78%) elapsed=0.6m eta=0.2m cur=7.6GB
[sweep] op 431/543 (79%) elapsed=0.6m eta=0.2m cur=7.6GB
[sweep] op 441/543 (81%) elapsed=0.6m eta=0.1m cur=7.6GB
[sweep] op 451/543 (83%) elapsed=0.6m eta=0.1m cur=7.7GB
[sweep] op 461/543 (85%) elapsed=0.7m eta=0.1m cur=7.7GB
[sweep] op 471/543 (87%) elapsed=0.7m eta=0.1m cur=7.7GB
[sweep] op 481/543 (89%) elapsed=0.7m eta=0.1m cur=7.8GB
[sweep] op 491/543 (90%) elapsed=0.7m eta=0.1m cur=7.6GB
[sweep] op 501/543 (92%) elapsed=0.7m eta=0.1m cur=7.7GB
[sweep] op 511/543 (94%) elapsed=0.7m eta=0.0m cur=7.6GB
[sweep] op 521/543 (96%) elapsed=0.7m eta=0.0m cur=7.6GB
[sweep] op 531/543 (98%) elapsed=0.8m eta=0.0m cur=7.6GB
[sweep] op 541/543 (100%) elapsed=0.9m eta=0.0m cur=8.9GB
[sweep] op 543/543 (100%) elapsed=0.9m eta=0.0m cur=8.9GB
[sweep] op 1/543 (0%) elapsed=0.0m eta=0.2m cur=7.7GB
[sweep] op 11/543 (2%) elapsed=0.0m eta=0.2m cur=7.8GB
[sweep] op 21/543 (4%) elapsed=0.0m eta=0.2m cur=7.7GB
[sweep] op 31/543 (6%) elapsed=0.0m eta=0.2m cur=7.8GB
[sweep] op 41/543 (8%) elapsed=0.0m eta=0.2m cur=7.9GB
[sweep] op 51/543 (9%) elapsed=0.0m eta=0.2m cur=7.8GB
[sweep] op 61/543 (11%) elapsed=0.0m eta=0.2m cur=7.8GB
[sweep] op 71/543 (13%) elapsed=0.0m eta=0.2m cur=7.8GB
[sweep] op 81/543 (15%) elapsed=0.0m eta=0.2m cur=7.8GB
[sweep] op 91/543 (17%) elapsed=0.0m eta=0.2m cur=7.8GB
[sweep] op 101/543 (19%) elapsed=0.0m eta=0.2m cur=7.8GB
[sweep] op 111/543 (20%) elapsed=0.0m eta=0.2m cur=7.8GB
[sweep] op 121/543 (22%) elapsed=0.1m eta=0.2m cur=7.9GB
[sweep] op 131/543 (24%) elapsed=0.1m eta=0.2m cur=7.8GB
[sweep] op 141/543 (26%) elapsed=0.1m eta=0.2m cur=7.9GB
[sweep] op 151/543 (28%) elapsed=0.1m eta=0.2m cur=8.0GB
[sweep] op 161/543 (30%) elapsed=0.1m eta=0.2m cur=7.9GB
[sweep] op 171/543 (31%) elapsed=0.1m eta=0.2m cur=7.9GB
[sweep] op 181/543 (33%) elapsed=0.1m eta=0.2m cur=7.9GB
[sweep] op 191/543 (35%) elapsed=0.1m eta=0.1m cur=7.8GB
[sweep] op 201/543 (37%) elapsed=0.1m eta=0.1m cur=7.9GB
[sweep] op 211/543 (39%) elapsed=0.1m eta=0.1m cur=7.8GB
[sweep] op 221/543 (41%) elapsed=0.1m eta=0.1m cur=7.9GB
[sweep] op 231/543 (43%) elapsed=0.1m eta=0.1m cur=7.9GB
[sweep] op 241/543 (44%) elapsed=0.1m eta=0.1m cur=7.9GB
[sweep] op 251/543 (46%) elapsed=0.1m eta=0.1m cur=7.9GB
[sweep] op 261/543 (48%) elapsed=0.1m eta=0.1m cur=8.0GB
[sweep] op 271/543 (50%) elapsed=0.1m eta=0.1m cur=7.9GB
[sweep] op 281/543 (52%) elapsed=0.1m eta=0.1m cur=8.0GB
[sweep] op 291/543 (54%) elapsed=0.1m eta=0.1m cur=7.9GB
[sweep] op 301/543 (55%) elapsed=0.1m eta=0.1m cur=7.9GB
[sweep] op 311/543 (57%) elapsed=0.1m eta=0.1m cur=8.0GB
[sweep] op 321/543 (59%) elapsed=0.1m eta=0.1m cur=7.9GB
[sweep] op 331/543 (61%) elapsed=0.1m eta=0.1m cur=7.9GB
[sweep] op 341/543 (63%) elapsed=0.1m eta=0.1m cur=8.0GB
[sweep] op 351/543 (65%) elapsed=0.2m eta=0.1m cur=7.9GB
[sweep] op 361/543 (66%) elapsed=0.2m eta=0.1m cur=8.0GB
[sweep] op 371/543 (68%) elapsed=0.2m eta=0.1m cur=8.1GB
[sweep] op 381/543 (70%) elapsed=0.2m eta=0.1m cur=8.0GB
[sweep] op 391/543 (72%) elapsed=0.2m eta=0.1m cur=8.0GB
[sweep] op 401/543 (74%) elapsed=0.2m eta=0.1m cur=8.0GB
[sweep] op 411/543 (76%) elapsed=0.2m eta=0.1m cur=8.0GB
[sweep] op 421/543 (78%) elapsed=0.2m eta=0.1m cur=8.0GB
[sweep] op 431/543 (79%) elapsed=0.2m eta=0.0m cur=8.0GB
[sweep] op 441/543 (81%) elapsed=0.2m eta=0.0m cur=8.0GB
[sweep] op 451/543 (83%) elapsed=0.2m eta=0.0m cur=8.0GB
[sweep] op 461/543 (85%) elapsed=0.2m eta=0.0m cur=8.0GB
[sweep] op 471/543 (87%) elapsed=0.2m eta=0.0m cur=8.1GB
[sweep] op 481/543 (89%) elapsed=0.2m eta=0.0m cur=8.2GB
[sweep] op 491/543 (90%) elapsed=0.2m eta=0.0m cur=8.1GB
[sweep] op 501/543 (92%) elapsed=0.2m eta=0.0m cur=8.1GB
[sweep] op 511/543 (94%) elapsed=0.2m eta=0.0m cur=8.1GB
[sweep] op 521/543 (96%) elapsed=0.2m eta=0.0m cur=8.0GB
[sweep] op 531/543 (98%) elapsed=0.2m eta=0.0m cur=8.1GB
[sweep] op 541/543 (100%) elapsed=0.3m eta=0.0m cur=9.3GB
[sweep] op 543/543 (100%) elapsed=0.3m eta=0.0m cur=9.3GB
  [stream-sound] 4 rounds done; blind root reproducible across rounds: True; W-block rows 0; W-ref False; Wnew rows 0; peak 12.50 GB
  [phase] prove-time breakdown (cuda-synced buckets; shares, not absolute — syncs remove overlap):
    encode         29.1s   31.7%
    quad           20.2s   22.1%
    fold_qlin      11.3s   12.3%
    witness         6.6s    7.2%
    compile         5.8s    6.4%
    qlin_polymul      4.7s    5.1%
    merkle          3.9s    4.3%
    qlin_rTA        2.6s    2.8%
    aux             2.4s    2.6%
    qlin_rowsum      1.5s    1.6%
    qlin_interp      1.4s    1.6%
    cols            1.2s    1.3%
    fold_qirs       1.0s    1.1%
    BUCKETED       91.7s  (vs total prove wall-clock; remainder = setup + un-bucketed)
[sweep] op 1/543 (0%) elapsed=0.0m eta=0.2m cur=6.4GB
[sweep] op 11/543 (2%) elapsed=0.0m eta=0.1m cur=6.5GB
[sweep] op 21/543 (4%) elapsed=0.0m eta=0.2m cur=6.6GB
[sweep] op 31/543 (6%) elapsed=0.0m eta=0.1m cur=6.7GB
[sweep] op 41/543 (8%) elapsed=0.0m eta=0.1m cur=7.1GB
[sweep] op 51/543 (9%) elapsed=0.0m eta=0.1m cur=6.9GB
[sweep] op 61/543 (11%) elapsed=0.0m eta=0.1m cur=7.0GB
[sweep] op 71/543 (13%) elapsed=0.0m eta=0.1m cur=7.2GB
[sweep] op 81/543 (15%) elapsed=0.0m eta=0.1m cur=7.2GB
[sweep] op 91/543 (17%) elapsed=0.0m eta=0.1m cur=7.4GB
[sweep] op 101/543 (19%) elapsed=0.0m eta=0.1m cur=7.4GB
[sweep] op 111/543 (20%) elapsed=0.0m eta=0.1m cur=7.6GB
[sweep] op 121/543 (22%) elapsed=0.0m eta=0.1m cur=7.7GB
[sweep] op 131/543 (24%) elapsed=0.0m eta=0.1m cur=7.9GB
[sweep] op 141/543 (26%) elapsed=0.0m eta=0.1m cur=7.9GB
[sweep] op 151/543 (28%) elapsed=0.0m eta=0.1m cur=8.3GB
[sweep] op 161/543 (30%) elapsed=0.0m eta=0.1m cur=8.2GB
[sweep] op 171/543 (31%) elapsed=0.0m eta=0.1m cur=8.3GB
[sweep] op 181/543 (33%) elapsed=0.1m eta=0.1m cur=8.4GB
[sweep] op 191/543 (35%) elapsed=0.1m eta=0.1m cur=8.4GB
[sweep] op 201/543 (37%) elapsed=0.1m eta=0.1m cur=8.6GB
[sweep] op 211/543 (39%) elapsed=0.1m eta=0.1m cur=8.7GB
[sweep] op 221/543 (41%) elapsed=0.1m eta=0.1m cur=8.8GB
[sweep] op 231/543 (43%) elapsed=0.1m eta=0.1m cur=9.0GB
[sweep] op 241/543 (44%) elapsed=0.1m eta=0.1m cur=9.1GB
[sweep] op 251/543 (46%) elapsed=0.1m eta=0.1m cur=9.1GB
[sweep] op 261/543 (48%) elapsed=0.1m eta=0.1m cur=9.5GB
[sweep] op 271/543 (50%) elapsed=0.1m eta=0.1m cur=9.4GB
[sweep] op 281/543 (52%) elapsed=0.1m eta=0.1m cur=9.5GB
[sweep] op 291/543 (54%) elapsed=0.1m eta=0.1m cur=9.6GB
[sweep] op 301/543 (55%) elapsed=0.1m eta=0.1m cur=9.6GB
[sweep] op 311/543 (57%) elapsed=0.1m eta=0.1m cur=9.8GB
[sweep] op 321/543 (59%) elapsed=0.1m eta=0.1m cur=9.9GB
[sweep] op 331/543 (61%) elapsed=0.1m eta=0.1m cur=10.0GB
[sweep] op 341/543 (63%) elapsed=0.1m eta=0.1m cur=10.2GB
[sweep] op 351/543 (65%) elapsed=0.1m eta=0.1m cur=10.3GB
[sweep] op 361/543 (66%) elapsed=0.1m eta=0.1m cur=10.3GB
[sweep] op 371/543 (68%) elapsed=0.1m eta=0.0m cur=10.7GB
[sweep] op 381/543 (70%) elapsed=0.1m eta=0.0m cur=10.6GB
[sweep] op 391/543 (72%) elapsed=0.1m eta=0.0m cur=10.7GB
[sweep] op 401/543 (74%) elapsed=0.1m eta=0.0m cur=10.8GB
[sweep] op 411/543 (76%) elapsed=0.1m eta=0.0m cur=10.8GB
[sweep] op 421/543 (78%) elapsed=0.1m eta=0.0m cur=11.1GB
[sweep] op 431/543 (79%) elapsed=0.1m eta=0.0m cur=11.1GB
[sweep] op 441/543 (81%) elapsed=0.1m eta=0.0m cur=11.3GB
[sweep] op 451/543 (83%) elapsed=0.1m eta=0.0m cur=11.4GB
[sweep] op 461/543 (85%) elapsed=0.1m eta=0.0m cur=11.5GB
[sweep] op 471/543 (87%) elapsed=0.1m eta=0.0m cur=11.6GB
[sweep] op 481/543 (89%) elapsed=0.1m eta=0.0m cur=11.9GB
[sweep] op 491/543 (90%) elapsed=0.1m eta=0.0m cur=11.8GB
[sweep] op 501/543 (92%) elapsed=0.1m eta=0.0m cur=11.9GB
[sweep] op 511/543 (94%) elapsed=0.1m eta=0.0m cur=12.0GB
[sweep] op 521/543 (96%) elapsed=0.1m eta=0.0m cur=12.1GB
[sweep] op 531/543 (98%) elapsed=0.2m eta=0.0m cur=12.3GB
[sweep] op 541/543 (100%) elapsed=0.2m eta=0.0m cur=13.5GB
[sweep] op 543/543 (100%) elapsed=0.2m eta=0.0m cur=13.5GB
[sweep] op 1/543 (0%) elapsed=0.0m eta=0.1m cur=13.5GB
[sweep] op 11/543 (2%) elapsed=0.0m eta=0.1m cur=13.5GB
[sweep] op 21/543 (4%) elapsed=0.0m eta=0.1m cur=13.5GB
[sweep] op 31/543 (6%) elapsed=0.0m eta=0.1m cur=13.6GB
[sweep] op 41/543 (8%) elapsed=0.0m eta=0.1m cur=13.7GB
[sweep] op 51/543 (9%) elapsed=0.0m eta=0.1m cur=13.5GB
[sweep] op 61/543 (11%) elapsed=0.0m eta=0.1m cur=13.5GB
[sweep] op 71/543 (13%) elapsed=0.0m eta=0.1m cur=13.5GB
[sweep] op 81/543 (15%) elapsed=0.0m eta=0.1m cur=13.5GB
[sweep] op 91/543 (17%) elapsed=0.0m eta=0.1m cur=13.5GB
[sweep] op 101/543 (19%) elapsed=0.0m eta=0.1m cur=13.5GB
[sweep] op 111/543 (20%) elapsed=0.0m eta=0.1m cur=13.5GB
[sweep] op 121/543 (22%) elapsed=0.0m eta=0.1m cur=13.5GB
[sweep] op 131/543 (24%) elapsed=0.0m eta=0.1m cur=13.5GB
[sweep] op 141/543 (26%) elapsed=0.0m eta=0.1m cur=13.6GB
[sweep] op 151/543 (28%) elapsed=0.0m eta=0.1m cur=13.7GB
[sweep] op 161/543 (30%) elapsed=0.0m eta=0.1m cur=13.5GB
[sweep] op 171/543 (31%) elapsed=0.0m eta=0.1m cur=13.5GB
[sweep] op 181/543 (33%) elapsed=0.0m eta=0.1m cur=13.5GB
[sweep] op 191/543 (35%) elapsed=0.0m eta=0.1m cur=13.5GB
[sweep] op 201/543 (37%) elapsed=0.0m eta=0.1m cur=13.5GB
[sweep] op 211/543 (39%) elapsed=0.0m eta=0.1m cur=13.5GB
[sweep] op 221/543 (41%) elapsed=0.0m eta=0.0m cur=13.5GB
[sweep] op 231/543 (43%) elapsed=0.0m eta=0.0m cur=13.5GB
[sweep] op 241/543 (44%) elapsed=0.0m eta=0.0m cur=13.5GB
[sweep] op 251/543 (46%) elapsed=0.0m eta=0.0m cur=13.6GB
[sweep] op 261/543 (48%) elapsed=0.0m eta=0.0m cur=13.7GB
[sweep] op 271/543 (50%) elapsed=0.0m eta=0.0m cur=13.5GB
[sweep] op 281/543 (52%) elapsed=0.0m eta=0.0m cur=13.5GB
[sweep] op 291/543 (54%) elapsed=0.0m eta=0.0m cur=13.5GB
[sweep] op 301/543 (55%) elapsed=0.0m eta=0.0m cur=13.5GB
[sweep] op 311/543 (57%) elapsed=0.0m eta=0.0m cur=13.5GB
[sweep] op 321/543 (59%) elapsed=0.0m eta=0.0m cur=13.5GB
[sweep] op 331/543 (61%) elapsed=0.1m eta=0.0m cur=13.5GB
[sweep] op 341/543 (63%) elapsed=0.1m eta=0.0m cur=13.5GB
[sweep] op 351/543 (65%) elapsed=0.1m eta=0.0m cur=13.5GB
[sweep] op 361/543 (66%) elapsed=0.1m eta=0.0m cur=13.6GB
[sweep] op 371/543 (68%) elapsed=0.1m eta=0.0m cur=13.7GB
[sweep] op 381/543 (70%) elapsed=0.1m eta=0.0m cur=13.5GB
[sweep] op 391/543 (72%) elapsed=0.1m eta=0.0m cur=13.5GB
[sweep] op 401/543 (74%) elapsed=0.1m eta=0.0m cur=13.5GB
[sweep] op 411/543 (76%) elapsed=0.1m eta=0.0m cur=13.5GB
[sweep] op 421/543 (78%) elapsed=0.1m eta=0.0m cur=13.5GB
[sweep] op 431/543 (79%) elapsed=0.1m eta=0.0m cur=13.5GB
[sweep] op 441/543 (81%) elapsed=0.1m eta=0.0m cur=13.5GB
[sweep] op 451/543 (83%) elapsed=0.1m eta=0.0m cur=13.5GB
[sweep] op 461/543 (85%) elapsed=0.1m eta=0.0m cur=13.5GB
[sweep] op 471/543 (87%) elapsed=0.1m eta=0.0m cur=13.6GB
[sweep] op 481/543 (89%) elapsed=0.1m eta=0.0m cur=13.7GB
[sweep] op 491/543 (90%) elapsed=0.1m eta=0.0m cur=13.5GB
[sweep] op 501/543 (92%) elapsed=0.1m eta=0.0m cur=13.5GB
[sweep] op 511/543 (94%) elapsed=0.1m eta=0.0m cur=13.5GB
[sweep] op 521/543 (96%) elapsed=0.1m eta=0.0m cur=13.5GB
[sweep] op 531/543 (98%) elapsed=0.1m eta=0.0m cur=13.5GB
[sweep] op 541/543 (100%) elapsed=0.1m eta=0.0m cur=14.7GB
[sweep] op 543/543 (100%) elapsed=0.1m eta=0.0m cur=14.7GB
[sweep] op 1/543 (0%) elapsed=0.0m eta=0.5m cur=13.5GB
[sweep] op 11/543 (2%) elapsed=0.0m eta=0.5m cur=13.5GB
[sweep] op 21/543 (4%) elapsed=0.0m eta=0.8m cur=13.5GB
[sweep] op 31/543 (6%) elapsed=0.0m eta=0.6m cur=13.5GB
[sweep] op 41/543 (8%) elapsed=0.1m eta=0.7m cur=13.7GB
[sweep] op 51/543 (9%) elapsed=0.1m eta=0.6m cur=13.5GB
[sweep] op 61/543 (11%) elapsed=0.1m eta=0.6m cur=13.5GB
[sweep] op 71/543 (13%) elapsed=0.1m eta=0.6m cur=13.5GB
[sweep] op 81/543 (15%) elapsed=0.1m eta=0.6m cur=13.5GB
[sweep] op 91/543 (17%) elapsed=0.1m eta=0.6m cur=13.5GB
[sweep] op 101/543 (19%) elapsed=0.1m eta=0.6m cur=13.5GB
[sweep] op 111/543 (20%) elapsed=0.2m eta=0.6m cur=13.5GB
[sweep] op 121/543 (22%) elapsed=0.2m eta=0.6m cur=13.5GB
[sweep] op 131/543 (24%) elapsed=0.2m eta=0.6m cur=13.5GB
[sweep] op 141/543 (26%) elapsed=0.2m eta=0.5m cur=13.5GB
[sweep] op 151/543 (28%) elapsed=0.2m eta=0.6m cur=13.7GB
[sweep] op 161/543 (30%) elapsed=0.2m eta=0.5m cur=13.5GB
[sweep] op 171/543 (31%) elapsed=0.2m eta=0.5m cur=13.5GB
[sweep] op 181/543 (33%) elapsed=0.3m eta=0.5m cur=13.5GB
[sweep] op 191/543 (35%) elapsed=0.3m eta=0.5m cur=13.5GB
[sweep] op 201/543 (37%) elapsed=0.3m eta=0.5m cur=13.5GB
[sweep] op 211/543 (39%) elapsed=0.3m eta=0.5m cur=13.5GB
[sweep] op 221/543 (41%) elapsed=0.3m eta=0.5m cur=13.5GB
[sweep] op 231/543 (43%) elapsed=0.3m eta=0.4m cur=13.5GB
[sweep] op 241/543 (44%) elapsed=0.3m eta=0.4m cur=13.5GB
[sweep] op 251/543 (46%) elapsed=0.3m eta=0.4m cur=13.5GB
[sweep] op 261/543 (48%) elapsed=0.4m eta=0.4m cur=13.7GB
[sweep] op 271/543 (50%) elapsed=0.4m eta=0.4m cur=13.5GB
[sweep] op 281/543 (52%) elapsed=0.4m eta=0.4m cur=13.5GB
[sweep] op 291/543 (54%) elapsed=0.4m eta=0.4m cur=13.5GB
[sweep] op 301/543 (55%) elapsed=0.4m eta=0.3m cur=13.5GB
[sweep] op 311/543 (57%) elapsed=0.4m eta=0.3m cur=13.5GB
[sweep] op 321/543 (59%) elapsed=0.4m eta=0.3m cur=13.5GB
[sweep] op 331/543 (61%) elapsed=0.5m eta=0.3m cur=13.5GB
[sweep] op 341/543 (63%) elapsed=0.5m eta=0.3m cur=13.5GB
[sweep] op 351/543 (65%) elapsed=0.5m eta=0.3m cur=13.5GB
[sweep] op 361/543 (66%) elapsed=0.5m eta=0.3m cur=13.5GB
[sweep] op 371/543 (68%) elapsed=0.5m eta=0.2m cur=13.7GB
[sweep] op 381/543 (70%) elapsed=0.5m eta=0.2m cur=13.5GB
[sweep] op 391/543 (72%) elapsed=0.5m eta=0.2m cur=13.5GB
[sweep] op 401/543 (74%) elapsed=0.6m eta=0.2m cur=13.5GB
[sweep] op 411/543 (76%) elapsed=0.6m eta=0.2m cur=13.5GB
[sweep] op 421/543 (78%) elapsed=0.6m eta=0.2m cur=13.5GB
[sweep] op 431/543 (79%) elapsed=0.6m eta=0.2m cur=13.5GB
[sweep] op 441/543 (81%) elapsed=0.6m eta=0.1m cur=13.5GB
[sweep] op 451/543 (83%) elapsed=0.6m eta=0.1m cur=13.5GB
[sweep] op 461/543 (85%) elapsed=0.7m eta=0.1m cur=13.5GB
[sweep] op 471/543 (87%) elapsed=0.7m eta=0.1m cur=13.5GB
[sweep] op 481/543 (89%) elapsed=0.7m eta=0.1m cur=13.7GB
[sweep] op 491/543 (90%) elapsed=0.7m eta=0.1m cur=13.5GB
[sweep] op 501/543 (92%) elapsed=0.7m eta=0.1m cur=13.5GB
[sweep] op 511/543 (94%) elapsed=0.7m eta=0.0m cur=13.5GB
[sweep] op 521/543 (96%) elapsed=0.7m eta=0.0m cur=13.5GB
[sweep] op 531/543 (98%) elapsed=0.8m eta=0.0m cur=13.5GB
[sweep] op 541/543 (100%) elapsed=0.9m eta=0.0m cur=14.7GB
[sweep] op 543/543 (100%) elapsed=0.9m eta=0.0m cur=14.7GB
[sweep] op 1/543 (0%) elapsed=0.0m eta=0.2m cur=13.6GB
[sweep] op 11/543 (2%) elapsed=0.0m eta=0.2m cur=13.6GB
[sweep] op 21/543 (4%) elapsed=0.0m eta=0.2m cur=13.6GB
[sweep] op 31/543 (6%) elapsed=0.0m eta=0.2m cur=13.6GB
[sweep] op 41/543 (8%) elapsed=0.0m eta=0.2m cur=13.8GB
[sweep] op 51/543 (9%) elapsed=0.0m eta=0.2m cur=13.6GB
[sweep] op 61/543 (11%) elapsed=0.0m eta=0.2m cur=13.7GB
[sweep] op 71/543 (13%) elapsed=0.0m eta=0.2m cur=13.6GB
[sweep] op 81/543 (15%) elapsed=0.0m eta=0.2m cur=13.6GB
[sweep] op 91/543 (17%) elapsed=0.0m eta=0.2m cur=13.7GB
[sweep] op 101/543 (19%) elapsed=0.0m eta=0.2m cur=13.6GB
[sweep] op 111/543 (20%) elapsed=0.0m eta=0.2m cur=13.6GB
[sweep] op 121/543 (22%) elapsed=0.1m eta=0.2m cur=13.7GB
[sweep] op 131/543 (24%) elapsed=0.1m eta=0.2m cur=13.6GB
[sweep] op 141/543 (26%) elapsed=0.1m eta=0.2m cur=13.7GB
[sweep] op 151/543 (28%) elapsed=0.1m eta=0.2m cur=13.8GB
[sweep] op 161/543 (30%) elapsed=0.1m eta=0.2m cur=13.7GB
[sweep] op 171/543 (31%) elapsed=0.1m eta=0.2m cur=13.7GB
[sweep] op 181/543 (33%) elapsed=0.1m eta=0.2m cur=13.7GB
[sweep] op 191/543 (35%) elapsed=0.1m eta=0.1m cur=13.7GB
[sweep] op 201/543 (37%) elapsed=0.1m eta=0.1m cur=13.7GB
[sweep] op 211/543 (39%) elapsed=0.1m eta=0.1m cur=13.7GB
[sweep] op 221/543 (41%) elapsed=0.1m eta=0.1m cur=13.7GB
[sweep] op 231/543 (43%) elapsed=0.1m eta=0.1m cur=13.8GB
[sweep] op 241/543 (44%) elapsed=0.1m eta=0.1m cur=13.7GB
[sweep] op 251/543 (46%) elapsed=0.1m eta=0.1m cur=13.8GB
[sweep] op 261/543 (48%) elapsed=0.1m eta=0.1m cur=13.9GB
[sweep] op 271/543 (50%) elapsed=0.1m eta=0.1m cur=13.8GB
[sweep] op 281/543 (52%) elapsed=0.1m eta=0.1m cur=13.8GB
[sweep] op 291/543 (54%) elapsed=0.1m eta=0.1m cur=13.8GB
[sweep] op 301/543 (55%) elapsed=0.1m eta=0.1m cur=13.7GB
[sweep] op 311/543 (57%) elapsed=0.1m eta=0.1m cur=13.8GB
[sweep] op 321/543 (59%) elapsed=0.1m eta=0.1m cur=13.8GB
[sweep] op 331/543 (61%) elapsed=0.1m eta=0.1m cur=13.8GB
[sweep] op 341/543 (63%) elapsed=0.1m eta=0.1m cur=13.8GB
[sweep] op 351/543 (65%) elapsed=0.2m eta=0.1m cur=13.8GB
[sweep] op 361/543 (66%) elapsed=0.2m eta=0.1m cur=13.8GB
[sweep] op 371/543 (68%) elapsed=0.2m eta=0.1m cur=13.9GB
[sweep] op 381/543 (70%) elapsed=0.2m eta=0.1m cur=13.8GB
[sweep] op 391/543 (72%) elapsed=0.2m eta=0.1m cur=13.9GB
[sweep] op 401/543 (74%) elapsed=0.2m eta=0.1m cur=13.8GB
[sweep] op 411/543 (76%) elapsed=0.2m eta=0.1m cur=13.8GB
[sweep] op 421/543 (78%) elapsed=0.2m eta=0.1m cur=13.9GB
[sweep] op 431/543 (79%) elapsed=0.2m eta=0.0m cur=13.8GB
[sweep] op 441/543 (81%) elapsed=0.2m eta=0.0m cur=13.8GB
[sweep] op 451/543 (83%) elapsed=0.2m eta=0.0m cur=13.9GB
[sweep] op 461/543 (85%) elapsed=0.2m eta=0.0m cur=13.8GB
[sweep] op 471/543 (87%) elapsed=0.2m eta=0.0m cur=13.9GB
[sweep] op 481/543 (89%) elapsed=0.2m eta=0.0m cur=14.0GB
[sweep] op 491/543 (90%) elapsed=0.2m eta=0.0m cur=13.9GB
[sweep] op 501/543 (92%) elapsed=0.2m eta=0.0m cur=13.9GB
[sweep] op 511/543 (94%) elapsed=0.2m eta=0.0m cur=13.9GB
[sweep] op 521/543 (96%) elapsed=0.2m eta=0.0m cur=13.9GB
[sweep] op 531/543 (98%) elapsed=0.2m eta=0.0m cur=13.9GB
[sweep] op 541/543 (100%) elapsed=0.3m eta=0.0m cur=15.1GB
[sweep] op 543/543 (100%) elapsed=0.3m eta=0.0m cur=15.1GB
  [stream-sound] 4 rounds done; blind root reproducible across rounds: True; W-block rows 0; W-ref False; Wnew rows 0; peak 16.73 GB
  [phase] prove-time breakdown (cuda-synced buckets; shares, not absolute — syncs remove overlap):
    encode         29.1s   32.0%
    quad           20.1s   22.1%
    fold_qlin      11.3s   12.4%
    compile         6.2s    6.8%
    witness         5.9s    6.4%
    qlin_polymul      4.7s    5.1%
    merkle          3.9s    4.3%
    qlin_rTA        2.4s    2.7%
    aux             2.4s    2.6%
    qlin_rowsum      1.5s    1.6%
    qlin_interp      1.4s    1.6%
    cols            1.1s    1.2%
    fold_qirs       1.0s    1.1%
    BUCKETED       91.0s  (vs total prove wall-clock; remainder = setup + un-bucketed)
[sweep] op 1/543 (0%) elapsed=0.0m eta=0.2m cur=6.4GB
[sweep] op 11/543 (2%) elapsed=0.0m eta=0.1m cur=6.5GB
[sweep] op 21/543 (4%) elapsed=0.0m eta=0.2m cur=6.6GB
[sweep] op 31/543 (6%) elapsed=0.0m eta=0.1m cur=6.7GB
[sweep] op 41/543 (8%) elapsed=0.0m eta=0.2m cur=7.1GB
[sweep] op 51/543 (9%) elapsed=0.0m eta=0.1m cur=6.9GB
[sweep] op 61/543 (11%) elapsed=0.0m eta=0.1m cur=7.0GB
[sweep] op 71/543 (13%) elapsed=0.0m eta=0.1m cur=7.2GB
[sweep] op 81/543 (15%) elapsed=0.0m eta=0.1m cur=7.2GB
[sweep] op 91/543 (17%) elapsed=0.0m eta=0.1m cur=7.4GB
[sweep] op 101/543 (19%) elapsed=0.0m eta=0.1m cur=7.4GB
[sweep] op 111/543 (20%) elapsed=0.0m eta=0.1m cur=7.6GB
[sweep] op 121/543 (22%) elapsed=0.0m eta=0.1m cur=7.7GB
[sweep] op 131/543 (24%) elapsed=0.0m eta=0.1m cur=7.9GB
[sweep] op 141/543 (26%) elapsed=0.0m eta=0.1m cur=7.9GB
[sweep] op 151/543 (28%) elapsed=0.0m eta=0.1m cur=8.3GB
[sweep] op 161/543 (30%) elapsed=0.0m eta=0.1m cur=8.1GB
[sweep] op 171/543 (31%) elapsed=0.0m eta=0.1m cur=8.2GB
[sweep] op 181/543 (33%) elapsed=0.1m eta=0.1m cur=8.4GB
[sweep] op 191/543 (35%) elapsed=0.1m eta=0.1m cur=8.4GB
[sweep] op 201/543 (37%) elapsed=0.1m eta=0.1m cur=8.6GB
[sweep] op 211/543 (39%) elapsed=0.1m eta=0.1m cur=8.6GB
[sweep] op 221/543 (41%) elapsed=0.1m eta=0.1m cur=8.8GB
[sweep] op 231/543 (43%) elapsed=0.1m eta=0.1m cur=9.0GB
[sweep] op 241/543 (44%) elapsed=0.1m eta=0.1m cur=9.1GB
[sweep] op 251/543 (46%) elapsed=0.1m eta=0.1m cur=9.1GB
[sweep] op 261/543 (48%) elapsed=0.1m eta=0.1m cur=9.5GB
[sweep] op 271/543 (50%) elapsed=0.1m eta=0.1m cur=9.4GB
[sweep] op 281/543 (52%) elapsed=0.1m eta=0.1m cur=9.5GB
[sweep] op 291/543 (54%) elapsed=0.1m eta=0.1m cur=9.6GB
[sweep] op 301/543 (55%) elapsed=0.1m eta=0.1m cur=9.6GB
[sweep] op 311/543 (57%) elapsed=0.1m eta=0.1m cur=9.8GB
[sweep] op 321/543 (59%) elapsed=0.1m eta=0.1m cur=9.9GB
[sweep] op 331/543 (61%) elapsed=0.1m eta=0.1m cur=10.0GB
[sweep] op 341/543 (63%) elapsed=0.1m eta=0.1m cur=10.2GB
[sweep] op 351/543 (65%) elapsed=0.1m eta=0.1m cur=10.3GB
[sweep] op 361/543 (66%) elapsed=0.1m eta=0.1m cur=10.3GB
[sweep] op 371/543 (68%) elapsed=0.1m eta=0.0m cur=10.7GB
[sweep] op 381/543 (70%) elapsed=0.1m eta=0.0m cur=10.6GB
[sweep] op 391/543 (72%) elapsed=0.1m eta=0.0m cur=10.7GB
[sweep] op 401/543 (74%) elapsed=0.1m eta=0.0m cur=10.8GB
[sweep] op 411/543 (76%) elapsed=0.1m eta=0.0m cur=10.8GB
[sweep] op 421/543 (78%) elapsed=0.1m eta=0.0m cur=11.1GB
[sweep] op 431/543 (79%) elapsed=0.1m eta=0.0m cur=11.1GB
[sweep] op 441/543 (81%) elapsed=0.1m eta=0.0m cur=11.3GB
[sweep] op 451/543 (83%) elapsed=0.1m eta=0.0m cur=11.4GB
[sweep] op 461/543 (85%) elapsed=0.1m eta=0.0m cur=11.5GB
[sweep] op 471/543 (87%) elapsed=0.1m eta=0.0m cur=11.5GB
[sweep] op 481/543 (89%) elapsed=0.1m eta=0.0m cur=11.9GB
[sweep] op 491/543 (90%) elapsed=0.1m eta=0.0m cur=11.8GB
[sweep] op 501/543 (92%) elapsed=0.1m eta=0.0m cur=11.9GB
[sweep] op 511/543 (94%) elapsed=0.1m eta=0.0m cur=12.0GB
[sweep] op 521/543 (96%) elapsed=0.1m eta=0.0m cur=12.1GB
[sweep] op 531/543 (98%) elapsed=0.1m eta=0.0m cur=12.3GB
[sweep] op 541/543 (100%) elapsed=0.2m eta=0.0m cur=13.5GB
[sweep] op 543/543 (100%) elapsed=0.2m eta=0.0m cur=13.4GB
[sweep] op 1/543 (0%) elapsed=0.0m eta=0.1m cur=13.5GB
[sweep] op 11/543 (2%) elapsed=0.0m eta=0.1m cur=13.5GB
[sweep] op 21/543 (4%) elapsed=0.0m eta=0.1m cur=13.5GB
[sweep] op 31/543 (6%) elapsed=0.0m eta=0.1m cur=13.5GB
[sweep] op 41/543 (8%) elapsed=0.0m eta=0.1m cur=13.7GB
[sweep] op 51/543 (9%) elapsed=0.0m eta=0.1m cur=13.5GB
[sweep] op 61/543 (11%) elapsed=0.0m eta=0.1m cur=13.5GB
[sweep] op 71/543 (13%) elapsed=0.0m eta=0.1m cur=13.5GB
[sweep] op 81/543 (15%) elapsed=0.0m eta=0.1m cur=13.5GB
[sweep] op 91/543 (17%) elapsed=0.0m eta=0.1m cur=13.5GB
[sweep] op 101/543 (19%) elapsed=0.0m eta=0.1m cur=13.5GB
[sweep] op 111/543 (20%) elapsed=0.0m eta=0.1m cur=13.5GB
[sweep] op 121/543 (22%) elapsed=0.0m eta=0.1m cur=13.5GB
[sweep] op 131/543 (24%) elapsed=0.0m eta=0.1m cur=13.5GB
[sweep] op 141/543 (26%) elapsed=0.0m eta=0.1m cur=13.6GB
[sweep] op 151/543 (28%) elapsed=0.0m eta=0.1m cur=13.7GB
[sweep] op 161/543 (30%) elapsed=0.0m eta=0.1m cur=13.5GB
[sweep] op 171/543 (31%) elapsed=0.0m eta=0.1m cur=13.5GB
[sweep] op 181/543 (33%) elapsed=0.0m eta=0.1m cur=13.5GB
[sweep] op 191/543 (35%) elapsed=0.0m eta=0.1m cur=13.5GB
[sweep] op 201/543 (37%) elapsed=0.0m eta=0.1m cur=13.5GB
[sweep] op 211/543 (39%) elapsed=0.0m eta=0.1m cur=13.5GB
[sweep] op 221/543 (41%) elapsed=0.0m eta=0.0m cur=13.5GB
[sweep] op 231/543 (43%) elapsed=0.0m eta=0.0m cur=13.5GB
[sweep] op 241/543 (44%) elapsed=0.0m eta=0.0m cur=13.5GB
[sweep] op 251/543 (46%) elapsed=0.0m eta=0.0m cur=13.6GB
[sweep] op 261/543 (48%) elapsed=0.0m eta=0.0m cur=13.7GB
[sweep] op 271/543 (50%) elapsed=0.0m eta=0.0m cur=13.5GB
[sweep] op 281/543 (52%) elapsed=0.0m eta=0.0m cur=13.5GB
[sweep] op 291/543 (54%) elapsed=0.0m eta=0.0m cur=13.5GB
[sweep] op 301/543 (55%) elapsed=0.0m eta=0.0m cur=13.5GB
[sweep] op 311/543 (57%) elapsed=0.0m eta=0.0m cur=13.5GB
[sweep] op 321/543 (59%) elapsed=0.0m eta=0.0m cur=13.5GB
[sweep] op 331/543 (61%) elapsed=0.1m eta=0.0m cur=13.5GB
[sweep] op 341/543 (63%) elapsed=0.1m eta=0.0m cur=13.5GB
[sweep] op 351/543 (65%) elapsed=0.1m eta=0.0m cur=13.5GB
[sweep] op 361/543 (66%) elapsed=0.1m eta=0.0m cur=13.6GB
[sweep] op 371/543 (68%) elapsed=0.1m eta=0.0m cur=13.7GB
[sweep] op 381/543 (70%) elapsed=0.1m eta=0.0m cur=13.5GB
[sweep] op 391/543 (72%) elapsed=0.1m eta=0.0m cur=13.5GB
[sweep] op 401/543 (74%) elapsed=0.1m eta=0.0m cur=13.5GB
[sweep] op 411/543 (76%) elapsed=0.1m eta=0.0m cur=13.5GB
[sweep] op 421/543 (78%) elapsed=0.1m eta=0.0m cur=13.5GB
[sweep] op 431/543 (79%) elapsed=0.1m eta=0.0m cur=13.5GB
[sweep] op 441/543 (81%) elapsed=0.1m eta=0.0m cur=13.5GB
[sweep] op 451/543 (83%) elapsed=0.1m eta=0.0m cur=13.5GB
[sweep] op 461/543 (85%) elapsed=0.1m eta=0.0m cur=13.5GB
[sweep] op 471/543 (87%) elapsed=0.1m eta=0.0m cur=13.6GB
[sweep] op 481/543 (89%) elapsed=0.1m eta=0.0m cur=13.7GB
[sweep] op 491/543 (90%) elapsed=0.1m eta=0.0m cur=13.5GB
[sweep] op 501/543 (92%) elapsed=0.1m eta=0.0m cur=13.5GB
[sweep] op 511/543 (94%) elapsed=0.1m eta=0.0m cur=13.5GB
[sweep] op 521/543 (96%) elapsed=0.1m eta=0.0m cur=13.5GB
[sweep] op 531/543 (98%) elapsed=0.1m eta=0.0m cur=13.5GB
[sweep] op 541/543 (100%) elapsed=0.1m eta=0.0m cur=14.7GB
[sweep] op 543/543 (100%) elapsed=0.1m eta=0.0m cur=14.7GB
[sweep] op 1/543 (0%) elapsed=0.0m eta=0.5m cur=13.5GB
[sweep] op 11/543 (2%) elapsed=0.0m eta=0.5m cur=13.5GB
[sweep] op 21/543 (4%) elapsed=0.0m eta=0.8m cur=13.5GB
[sweep] op 31/543 (6%) elapsed=0.0m eta=0.6m cur=13.5GB
[sweep] op 41/543 (8%) elapsed=0.1m eta=0.7m cur=13.7GB
[sweep] op 51/543 (9%) elapsed=0.1m eta=0.6m cur=13.5GB
[sweep] op 61/543 (11%) elapsed=0.1m eta=0.6m cur=13.5GB
[sweep] op 71/543 (13%) elapsed=0.1m eta=0.7m cur=13.5GB
[sweep] op 81/543 (15%) elapsed=0.1m eta=0.6m cur=13.5GB
[sweep] op 91/543 (17%) elapsed=0.1m eta=0.6m cur=13.5GB
[sweep] op 101/543 (19%) elapsed=0.1m eta=0.6m cur=13.5GB
[sweep] op 111/543 (20%) elapsed=0.2m eta=0.6m cur=13.5GB
[sweep] op 121/543 (22%) elapsed=0.2m eta=0.6m cur=13.5GB
[sweep] op 131/543 (24%) elapsed=0.2m eta=0.6m cur=13.5GB
[sweep] op 141/543 (26%) elapsed=0.2m eta=0.6m cur=13.5GB
[sweep] op 151/543 (28%) elapsed=0.2m eta=0.6m cur=13.7GB
[sweep] op 161/543 (30%) elapsed=0.2m eta=0.5m cur=13.5GB
[sweep] op 171/543 (31%) elapsed=0.2m eta=0.5m cur=13.5GB
[sweep] op 181/543 (33%) elapsed=0.3m eta=0.5m cur=13.5GB
[sweep] op 191/543 (35%) elapsed=0.3m eta=0.5m cur=13.5GB
[sweep] op 201/543 (37%) elapsed=0.3m eta=0.5m cur=13.5GB
[sweep] op 211/543 (39%) elapsed=0.3m eta=0.5m cur=13.5GB
[sweep] op 221/543 (41%) elapsed=0.3m eta=0.5m cur=13.5GB
[sweep] op 231/543 (43%) elapsed=0.3m eta=0.4m cur=13.5GB
[sweep] op 241/543 (44%) elapsed=0.3m eta=0.4m cur=13.5GB
[sweep] op 251/543 (46%) elapsed=0.4m eta=0.4m cur=13.5GB
[sweep] op 261/543 (48%) elapsed=0.4m eta=0.4m cur=13.7GB
[sweep] op 271/543 (50%) elapsed=0.4m eta=0.4m cur=13.5GB
[sweep] op 281/543 (52%) elapsed=0.4m eta=0.4m cur=13.5GB
[sweep] op 291/543 (54%) elapsed=0.4m eta=0.4m cur=13.5GB
[sweep] op 301/543 (55%) elapsed=0.4m eta=0.3m cur=13.5GB
[sweep] op 311/543 (57%) elapsed=0.4m eta=0.3m cur=13.5GB
[sweep] op 321/543 (59%) elapsed=0.5m eta=0.3m cur=13.5GB
[sweep] op 331/543 (61%) elapsed=0.5m eta=0.3m cur=13.5GB
[sweep] op 341/543 (63%) elapsed=0.5m eta=0.3m cur=13.5GB
[sweep] op 351/543 (65%) elapsed=0.5m eta=0.3m cur=13.5GB
[sweep] op 361/543 (66%) elapsed=0.5m eta=0.3m cur=13.5GB
[sweep] op 371/543 (68%) elapsed=0.5m eta=0.2m cur=13.7GB
[sweep] op 381/543 (70%) elapsed=0.5m eta=0.2m cur=13.5GB
[sweep] op 391/543 (72%) elapsed=0.5m eta=0.2m cur=13.5GB
[sweep] op 401/543 (74%) elapsed=0.6m eta=0.2m cur=13.5GB
[sweep] op 411/543 (76%) elapsed=0.6m eta=0.2m cur=13.5GB
[sweep] op 421/543 (78%) elapsed=0.6m eta=0.2m cur=13.5GB
[sweep] op 431/543 (79%) elapsed=0.6m eta=0.2m cur=13.5GB
[sweep] op 441/543 (81%) elapsed=0.6m eta=0.1m cur=13.5GB
[sweep] op 451/543 (83%) elapsed=0.6m eta=0.1m cur=13.5GB
[sweep] op 461/543 (85%) elapsed=0.7m eta=0.1m cur=13.5GB
[sweep] op 471/543 (87%) elapsed=0.7m eta=0.1m cur=13.5GB
[sweep] op 481/543 (89%) elapsed=0.7m eta=0.1m cur=13.7GB
[sweep] op 491/543 (90%) elapsed=0.7m eta=0.1m cur=13.5GB
[sweep] op 501/543 (92%) elapsed=0.7m eta=0.1m cur=13.5GB
[sweep] op 511/543 (94%) elapsed=0.7m eta=0.0m cur=13.5GB
[sweep] op 521/543 (96%) elapsed=0.7m eta=0.0m cur=13.5GB
[sweep] op 531/543 (98%) elapsed=0.8m eta=0.0m cur=13.5GB
[sweep] op 541/543 (100%) elapsed=0.9m eta=0.0m cur=14.7GB
[sweep] op 543/543 (100%) elapsed=0.9m eta=0.0m cur=14.7GB
[sweep] op 1/543 (0%) elapsed=0.0m eta=0.2m cur=13.6GB
[sweep] op 11/543 (2%) elapsed=0.0m eta=0.2m cur=13.6GB
[sweep] op 21/543 (4%) elapsed=0.0m eta=0.2m cur=13.6GB
[sweep] op 31/543 (6%) elapsed=0.0m eta=0.2m cur=13.6GB
[sweep] op 41/543 (8%) elapsed=0.0m eta=0.2m cur=13.7GB
[sweep] op 51/543 (9%) elapsed=0.0m eta=0.2m cur=13.6GB
[sweep] op 61/543 (11%) elapsed=0.0m eta=0.2m cur=13.7GB
[sweep] op 71/543 (13%) elapsed=0.0m eta=0.2m cur=13.6GB
[sweep] op 81/543 (15%) elapsed=0.0m eta=0.2m cur=13.6GB
[sweep] op 91/543 (17%) elapsed=0.0m eta=0.2m cur=13.7GB
[sweep] op 101/543 (19%) elapsed=0.0m eta=0.2m cur=13.6GB
[sweep] op 111/543 (20%) elapsed=0.0m eta=0.2m cur=13.6GB
[sweep] op 121/543 (22%) elapsed=0.1m eta=0.2m cur=13.7GB
[sweep] op 131/543 (24%) elapsed=0.1m eta=0.2m cur=13.6GB
[sweep] op 141/543 (26%) elapsed=0.1m eta=0.2m cur=13.7GB
[sweep] op 151/543 (28%) elapsed=0.1m eta=0.2m cur=13.8GB
[sweep] op 161/543 (30%) elapsed=0.1m eta=0.2m cur=13.7GB
[sweep] op 171/543 (31%) elapsed=0.1m eta=0.2m cur=13.7GB
[sweep] op 181/543 (33%) elapsed=0.1m eta=0.2m cur=13.7GB
[sweep] op 191/543 (35%) elapsed=0.1m eta=0.1m cur=13.7GB
[sweep] op 201/543 (37%) elapsed=0.1m eta=0.1m cur=13.7GB
[sweep] op 211/543 (39%) elapsed=0.1m eta=0.1m cur=13.7GB
[sweep] op 221/543 (41%) elapsed=0.1m eta=0.1m cur=13.7GB
[sweep] op 231/543 (43%) elapsed=0.1m eta=0.1m cur=13.8GB
[sweep] op 241/543 (44%) elapsed=0.1m eta=0.1m cur=13.7GB
[sweep] op 251/543 (46%) elapsed=0.1m eta=0.1m cur=13.8GB
[sweep] op 261/543 (48%) elapsed=0.1m eta=0.1m cur=13.9GB
[sweep] op 271/543 (50%) elapsed=0.1m eta=0.1m cur=13.8GB
[sweep] op 281/543 (52%) elapsed=0.1m eta=0.1m cur=13.8GB
[sweep] op 291/543 (54%) elapsed=0.1m eta=0.1m cur=13.8GB
[sweep] op 301/543 (55%) elapsed=0.1m eta=0.1m cur=13.7GB
[sweep] op 311/543 (57%) elapsed=0.1m eta=0.1m cur=13.8GB
[sweep] op 321/543 (59%) elapsed=0.1m eta=0.1m cur=13.7GB
[sweep] op 331/543 (61%) elapsed=0.1m eta=0.1m cur=13.8GB
[sweep] op 341/543 (63%) elapsed=0.1m eta=0.1m cur=13.8GB
[sweep] op 351/543 (65%) elapsed=0.2m eta=0.1m cur=13.8GB
[sweep] op 361/543 (66%) elapsed=0.2m eta=0.1m cur=13.8GB
[sweep] op 371/543 (68%) elapsed=0.2m eta=0.1m cur=13.9GB
[sweep] op 381/543 (70%) elapsed=0.2m eta=0.1m cur=13.8GB
[sweep] op 391/543 (72%) elapsed=0.2m eta=0.1m cur=13.9GB
[sweep] op 401/543 (74%) elapsed=0.2m eta=0.1m cur=13.8GB
[sweep] op 411/543 (76%) elapsed=0.2m eta=0.1m cur=13.8GB
[sweep] op 421/543 (78%) elapsed=0.2m eta=0.1m cur=13.9GB
[sweep] op 431/543 (79%) elapsed=0.2m eta=0.0m cur=13.8GB
[sweep] op 441/543 (81%) elapsed=0.2m eta=0.0m cur=13.8GB
[sweep] op 451/543 (83%) elapsed=0.2m eta=0.0m cur=13.9GB
[sweep] op 461/543 (85%) elapsed=0.2m eta=0.0m cur=13.8GB
[sweep] op 471/543 (87%) elapsed=0.2m eta=0.0m cur=13.9GB
[sweep] op 481/543 (89%) elapsed=0.2m eta=0.0m cur=14.0GB
[sweep] op 491/543 (90%) elapsed=0.2m eta=0.0m cur=13.9GB
[sweep] op 501/543 (92%) elapsed=0.2m eta=0.0m cur=13.9GB
[sweep] op 511/543 (94%) elapsed=0.2m eta=0.0m cur=13.9GB
[sweep] op 521/543 (96%) elapsed=0.2m eta=0.0m cur=13.9GB
[sweep] op 531/543 (98%) elapsed=0.2m eta=0.0m cur=13.9GB
[sweep] op 541/543 (100%) elapsed=0.3m eta=0.0m cur=15.1GB
[sweep] op 543/543 (100%) elapsed=0.3m eta=0.0m cur=15.1GB
  [stream-sound] 4 rounds done; blind root reproducible across rounds: True; W-block rows 0; W-ref False; Wnew rows 0; peak 16.73 GB
  [phase] prove-time breakdown (cuda-synced buckets; shares, not absolute — syncs remove overlap):
    encode         28.9s   31.8%
    quad           20.3s   22.3%
    fold_qlin      11.2s   12.3%
    compile         6.2s    6.8%
    witness         5.9s    6.5%
    qlin_polymul      4.6s    5.1%
    merkle          3.9s    4.3%
    aux             2.4s    2.6%
    qlin_rTA        2.4s    2.6%
    qlin_rowsum      1.5s    1.6%
    qlin_interp      1.4s    1.6%
    cols            1.2s    1.3%
    fold_qirs       1.0s    1.1%
    BUCKETED       90.9s  (vs total prove wall-clock; remainder = setup + un-bucketed)
[sweep] op 1/543 (0%) elapsed=0.0m eta=0.2m cur=6.4GB
[sweep] op 11/543 (2%) elapsed=0.0m eta=0.2m cur=6.4GB
[sweep] op 21/543 (4%) elapsed=0.0m eta=0.3m cur=6.4GB
[sweep] op 31/543 (6%) elapsed=0.0m eta=0.2m cur=6.4GB
[sweep] op 41/543 (8%) elapsed=0.0m eta=0.3m cur=6.6GB
[sweep] op 51/543 (9%) elapsed=0.0m eta=0.2m cur=6.4GB
[sweep] op 61/543 (11%) elapsed=0.0m eta=0.2m cur=6.5GB
[sweep] op 71/543 (13%) elapsed=0.0m eta=0.2m cur=6.4GB
[sweep] op 81/543 (15%) elapsed=0.0m eta=0.2m cur=6.4GB
[sweep] op 91/543 (17%) elapsed=0.0m eta=0.2m cur=6.4GB
[sweep] op 101/543 (19%) elapsed=0.0m eta=0.2m cur=6.4GB
[sweep] op 111/543 (20%) elapsed=0.1m eta=0.2m cur=6.4GB
[sweep] op 121/543 (22%) elapsed=0.1m eta=0.2m cur=6.4GB
[sweep] op 131/543 (24%) elapsed=0.1m eta=0.2m cur=6.4GB
[sweep] op 141/543 (26%) elapsed=0.1m eta=0.2m cur=6.4GB
[sweep] op 151/543 (28%) elapsed=0.1m eta=0.2m cur=6.6GB
[sweep] op 161/543 (30%) elapsed=0.1m eta=0.2m cur=6.4GB
[sweep] op 171/543 (31%) elapsed=0.1m eta=0.2m cur=6.5GB
[sweep] op 181/543 (33%) elapsed=0.1m eta=0.2m cur=6.4GB
[sweep] op 191/543 (35%) elapsed=0.1m eta=0.2m cur=6.4GB
[sweep] op 201/543 (37%) elapsed=0.1m eta=0.2m cur=6.4GB
[sweep] op 211/543 (39%) elapsed=0.1m eta=0.2m cur=6.4GB
[sweep] op 221/543 (41%) elapsed=0.1m eta=0.2m cur=6.4GB
[sweep] op 231/543 (43%) elapsed=0.1m eta=0.2m cur=6.5GB
[sweep] op 241/543 (44%) elapsed=0.1m eta=0.2m cur=6.4GB
[sweep] op 251/543 (46%) elapsed=0.1m eta=0.1m cur=6.4GB
[sweep] op 261/543 (48%) elapsed=0.1m eta=0.1m cur=6.6GB
[sweep] op 271/543 (50%) elapsed=0.1m eta=0.1m cur=6.4GB
[sweep] op 281/543 (52%) elapsed=0.1m eta=0.1m cur=6.5GB
[sweep] op 291/543 (54%) elapsed=0.1m eta=0.1m cur=6.4GB
[sweep] op 301/543 (55%) elapsed=0.1m eta=0.1m cur=6.4GB
[sweep] op 311/543 (57%) elapsed=0.2m eta=0.1m cur=6.4GB
[sweep] op 321/543 (59%) elapsed=0.2m eta=0.1m cur=6.4GB
[sweep] op 331/543 (61%) elapsed=0.2m eta=0.1m cur=6.4GB
[sweep] op 341/543 (63%) elapsed=0.2m eta=0.1m cur=6.4GB
[sweep] op 351/543 (65%) elapsed=0.2m eta=0.1m cur=6.4GB
[sweep] op 361/543 (66%) elapsed=0.2m eta=0.1m cur=6.4GB
[sweep] op 371/543 (68%) elapsed=0.2m eta=0.1m cur=6.6GB
[sweep] op 381/543 (70%) elapsed=0.2m eta=0.1m cur=6.4GB
[sweep] op 391/543 (72%) elapsed=0.2m eta=0.1m cur=6.5GB
[sweep] op 401/543 (74%) elapsed=0.2m eta=0.1m cur=6.4GB
[sweep] op 411/543 (76%) elapsed=0.2m eta=0.1m cur=6.4GB
[sweep] op 421/543 (78%) elapsed=0.2m eta=0.1m cur=6.4GB
[sweep] op 431/543 (79%) elapsed=0.2m eta=0.1m cur=6.4GB
[sweep] op 441/543 (81%) elapsed=0.2m eta=0.1m cur=6.4GB
[sweep] op 451/543 (83%) elapsed=0.2m eta=0.0m cur=6.4GB
[sweep] op 461/543 (85%) elapsed=0.2m eta=0.0m cur=6.4GB
[sweep] op 471/543 (87%) elapsed=0.2m eta=0.0m cur=6.4GB
[sweep] op 481/543 (89%) elapsed=0.2m eta=0.0m cur=6.6GB
[sweep] op 491/543 (90%) elapsed=0.2m eta=0.0m cur=6.4GB
[sweep] op 501/543 (92%) elapsed=0.3m eta=0.0m cur=6.5GB
[sweep] op 511/543 (94%) elapsed=0.3m eta=0.0m cur=6.4GB
[sweep] op 521/543 (96%) elapsed=0.3m eta=0.0m cur=6.4GB
[sweep] op 531/543 (98%) elapsed=0.3m eta=0.0m cur=6.4GB
[sweep] op 541/543 (100%) elapsed=0.3m eta=0.0m cur=7.6GB
[sweep] op 543/543 (100%) elapsed=0.3m eta=0.0m cur=7.6GB
[sweep] op 1/543 (0%) elapsed=0.0m eta=0.1m cur=7.7GB
[sweep] op 11/543 (2%) elapsed=0.0m eta=0.1m cur=7.7GB
[sweep] op 21/543 (4%) elapsed=0.0m eta=0.1m cur=7.7GB
[sweep] op 31/543 (6%) elapsed=0.0m eta=0.1m cur=7.7GB
[sweep] op 41/543 (8%) elapsed=0.0m eta=0.1m cur=7.8GB
[sweep] op 51/543 (9%) elapsed=0.0m eta=0.1m cur=7.7GB
[sweep] op 61/543 (11%) elapsed=0.0m eta=0.1m cur=7.7GB
[sweep] op 71/543 (13%) elapsed=0.0m eta=0.1m cur=7.7GB
[sweep] op 81/543 (15%) elapsed=0.0m eta=0.1m cur=7.7GB
[sweep] op 91/543 (17%) elapsed=0.0m eta=0.1m cur=7.7GB
[sweep] op 101/543 (19%) elapsed=0.0m eta=0.1m cur=7.7GB
[sweep] op 111/543 (20%) elapsed=0.0m eta=0.1m cur=7.7GB
[sweep] op 121/543 (22%) elapsed=0.0m eta=0.1m cur=7.7GB
[sweep] op 131/543 (24%) elapsed=0.0m eta=0.1m cur=7.7GB
[sweep] op 141/543 (26%) elapsed=0.0m eta=0.1m cur=7.7GB
[sweep] op 151/543 (28%) elapsed=0.0m eta=0.1m cur=7.8GB
[sweep] op 161/543 (30%) elapsed=0.0m eta=0.1m cur=7.7GB
[sweep] op 171/543 (31%) elapsed=0.0m eta=0.1m cur=7.7GB
[sweep] op 181/543 (33%) elapsed=0.0m eta=0.1m cur=7.7GB
[sweep] op 191/543 (35%) elapsed=0.0m eta=0.1m cur=7.7GB
[sweep] op 201/543 (37%) elapsed=0.0m eta=0.1m cur=7.7GB
[sweep] op 211/543 (39%) elapsed=0.0m eta=0.1m cur=7.7GB
[sweep] op 221/543 (41%) elapsed=0.0m eta=0.1m cur=7.7GB
[sweep] op 231/543 (43%) elapsed=0.0m eta=0.1m cur=7.7GB
[sweep] op 241/543 (44%) elapsed=0.0m eta=0.1m cur=7.7GB
[sweep] op 251/543 (46%) elapsed=0.0m eta=0.0m cur=7.7GB
[sweep] op 261/543 (48%) elapsed=0.0m eta=0.0m cur=7.8GB
[sweep] op 271/543 (50%) elapsed=0.0m eta=0.0m cur=7.7GB
[sweep] op 281/543 (52%) elapsed=0.0m eta=0.0m cur=7.7GB
[sweep] op 291/543 (54%) elapsed=0.0m eta=0.0m cur=7.7GB
[sweep] op 301/543 (55%) elapsed=0.1m eta=0.0m cur=7.7GB
[sweep] op 311/543 (57%) elapsed=0.1m eta=0.0m cur=7.7GB
[sweep] op 321/543 (59%) elapsed=0.1m eta=0.0m cur=7.7GB
[sweep] op 331/543 (61%) elapsed=0.1m eta=0.0m cur=7.7GB
[sweep] op 341/543 (63%) elapsed=0.1m eta=0.0m cur=7.7GB
[sweep] op 351/543 (65%) elapsed=0.1m eta=0.0m cur=7.7GB
[sweep] op 361/543 (66%) elapsed=0.1m eta=0.0m cur=7.7GB
[sweep] op 371/543 (68%) elapsed=0.1m eta=0.0m cur=7.8GB
[sweep] op 381/543 (70%) elapsed=0.1m eta=0.0m cur=7.7GB
[sweep] op 391/543 (72%) elapsed=0.1m eta=0.0m cur=7.7GB
[sweep] op 401/543 (74%) elapsed=0.1m eta=0.0m cur=7.7GB
[sweep] op 411/543 (76%) elapsed=0.1m eta=0.0m cur=7.7GB
[sweep] op 421/543 (78%) elapsed=0.1m eta=0.0m cur=7.7GB
[sweep] op 431/543 (79%) elapsed=0.1m eta=0.0m cur=7.7GB
[sweep] op 441/543 (81%) elapsed=0.1m eta=0.0m cur=7.7GB
[sweep] op 451/543 (83%) elapsed=0.1m eta=0.0m cur=7.7GB
[sweep] op 461/543 (85%) elapsed=0.1m eta=0.0m cur=7.7GB
[sweep] op 471/543 (87%) elapsed=0.1m eta=0.0m cur=7.7GB
[sweep] op 481/543 (89%) elapsed=0.1m eta=0.0m cur=7.8GB
[sweep] op 491/543 (90%) elapsed=0.1m eta=0.0m cur=7.7GB
[sweep] op 501/543 (92%) elapsed=0.1m eta=0.0m cur=7.7GB
[sweep] op 511/543 (94%) elapsed=0.1m eta=0.0m cur=7.7GB
[sweep] op 521/543 (96%) elapsed=0.1m eta=0.0m cur=7.7GB
[sweep] op 531/543 (98%) elapsed=0.1m eta=0.0m cur=7.7GB
[sweep] op 541/543 (100%) elapsed=0.1m eta=0.0m cur=8.9GB
[sweep] op 543/543 (100%) elapsed=0.1m eta=0.0m cur=8.9GB
[sweep] op 1/543 (0%) elapsed=0.0m eta=0.5m cur=7.6GB
[sweep] op 11/543 (2%) elapsed=0.0m eta=0.5m cur=7.6GB
[sweep] op 21/543 (4%) elapsed=0.0m eta=0.8m cur=7.6GB
[sweep] op 31/543 (6%) elapsed=0.0m eta=0.6m cur=7.7GB
[sweep] op 41/543 (8%) elapsed=0.1m eta=0.7m cur=7.8GB
[sweep] op 51/543 (9%) elapsed=0.1m eta=0.6m cur=7.6GB
[sweep] op 61/543 (11%) elapsed=0.1m eta=0.6m cur=7.7GB
[sweep] op 71/543 (13%) elapsed=0.1m eta=0.6m cur=7.6GB
[sweep] op 81/543 (15%) elapsed=0.1m eta=0.6m cur=7.6GB
[sweep] op 91/543 (17%) elapsed=0.1m eta=0.6m cur=7.6GB
[sweep] op 101/543 (19%) elapsed=0.1m eta=0.6m cur=7.6GB
[sweep] op 111/543 (20%) elapsed=0.2m eta=0.6m cur=7.6GB
[sweep] op 121/543 (22%) elapsed=0.2m eta=0.6m cur=7.6GB
[sweep] op 131/543 (24%) elapsed=0.2m eta=0.6m cur=7.6GB
[sweep] op 141/543 (26%) elapsed=0.2m eta=0.6m cur=7.7GB
[sweep] op 151/543 (28%) elapsed=0.2m eta=0.6m cur=7.8GB
[sweep] op 161/543 (30%) elapsed=0.2m eta=0.5m cur=7.6GB
[sweep] op 171/543 (31%) elapsed=0.2m eta=0.5m cur=7.7GB
[sweep] op 181/543 (33%) elapsed=0.3m eta=0.5m cur=7.6GB
[sweep] op 191/543 (35%) elapsed=0.3m eta=0.5m cur=7.6GB
[sweep] op 201/543 (37%) elapsed=0.3m eta=0.5m cur=7.6GB
[sweep] op 211/543 (39%) elapsed=0.3m eta=0.5m cur=7.6GB
[sweep] op 221/543 (41%) elapsed=0.3m eta=0.5m cur=7.6GB
[sweep] op 231/543 (43%) elapsed=0.3m eta=0.4m cur=7.6GB
[sweep] op 241/543 (44%) elapsed=0.3m eta=0.4m cur=7.6GB
[sweep] op 251/543 (46%) elapsed=0.4m eta=0.4m cur=7.7GB
[sweep] op 261/543 (48%) elapsed=0.4m eta=0.4m cur=7.8GB
[sweep] op 271/543 (50%) elapsed=0.4m eta=0.4m cur=7.6GB
[sweep] op 281/543 (52%) elapsed=0.4m eta=0.4m cur=7.7GB
[sweep] op 291/543 (54%) elapsed=0.4m eta=0.4m cur=7.6GB
[sweep] op 301/543 (55%) elapsed=0.4m eta=0.3m cur=7.6GB
[sweep] op 311/543 (57%) elapsed=0.4m eta=0.3m cur=7.6GB
[sweep] op 321/543 (59%) elapsed=0.5m eta=0.3m cur=7.6GB
[sweep] op 331/543 (61%) elapsed=0.5m eta=0.3m cur=7.6GB
[sweep] op 341/543 (63%) elapsed=0.5m eta=0.3m cur=7.7GB
[sweep] op 351/543 (65%) elapsed=0.5m eta=0.3m cur=7.7GB
[sweep] op 361/543 (66%) elapsed=0.5m eta=0.3m cur=7.7GB
[sweep] op 371/543 (68%) elapsed=0.5m eta=0.2m cur=7.8GB
[sweep] op 381/543 (70%) elapsed=0.5m eta=0.2m cur=7.6GB
[sweep] op 391/543 (72%) elapsed=0.6m eta=0.2m cur=7.7GB
[sweep] op 401/543 (74%) elapsed=0.6m eta=0.2m cur=7.6GB
[sweep] op 411/543 (76%) elapsed=0.6m eta=0.2m cur=7.6GB
[sweep] op 421/543 (78%) elapsed=0.6m eta=0.2m cur=7.6GB
[sweep] op 431/543 (79%) elapsed=0.6m eta=0.2m cur=7.6GB
[sweep] op 441/543 (81%) elapsed=0.6m eta=0.1m cur=7.6GB
[sweep] op 451/543 (83%) elapsed=0.6m eta=0.1m cur=7.7GB
[sweep] op 461/543 (85%) elapsed=0.7m eta=0.1m cur=7.7GB
[sweep] op 471/543 (87%) elapsed=0.7m eta=0.1m cur=7.7GB
[sweep] op 481/543 (89%) elapsed=0.7m eta=0.1m cur=7.8GB
[sweep] op 491/543 (90%) elapsed=0.7m eta=0.1m cur=7.6GB
[sweep] op 501/543 (92%) elapsed=0.7m eta=0.1m cur=7.7GB
[sweep] op 511/543 (94%) elapsed=0.7m eta=0.0m cur=7.6GB
[sweep] op 521/543 (96%) elapsed=0.7m eta=0.0m cur=7.6GB
[sweep] op 531/543 (98%) elapsed=0.8m eta=0.0m cur=7.6GB
[sweep] op 541/543 (100%) elapsed=0.9m eta=0.0m cur=8.9GB
[sweep] op 543/543 (100%) elapsed=0.9m eta=0.0m cur=8.9GB
[sweep] op 1/543 (0%) elapsed=0.0m eta=0.2m cur=7.7GB
[sweep] op 11/543 (2%) elapsed=0.0m eta=0.2m cur=7.8GB
[sweep] op 21/543 (4%) elapsed=0.0m eta=0.2m cur=7.7GB
[sweep] op 31/543 (6%) elapsed=0.0m eta=0.2m cur=7.8GB
[sweep] op 41/543 (8%) elapsed=0.0m eta=0.2m cur=7.9GB
[sweep] op 51/543 (9%) elapsed=0.0m eta=0.2m cur=7.8GB
[sweep] op 61/543 (11%) elapsed=0.0m eta=0.2m cur=7.8GB
[sweep] op 71/543 (13%) elapsed=0.0m eta=0.2m cur=7.8GB
[sweep] op 81/543 (15%) elapsed=0.0m eta=0.2m cur=7.8GB
[sweep] op 91/543 (17%) elapsed=0.0m eta=0.2m cur=7.8GB
[sweep] op 101/543 (19%) elapsed=0.0m eta=0.2m cur=7.8GB
[sweep] op 111/543 (20%) elapsed=0.0m eta=0.2m cur=7.8GB
[sweep] op 121/543 (22%) elapsed=0.1m eta=0.2m cur=7.9GB
[sweep] op 131/543 (24%) elapsed=0.1m eta=0.2m cur=7.8GB
[sweep] op 141/543 (26%) elapsed=0.1m eta=0.2m cur=7.9GB
[sweep] op 151/543 (28%) elapsed=0.1m eta=0.2m cur=8.0GB
[sweep] op 161/543 (30%) elapsed=0.1m eta=0.2m cur=7.9GB
[sweep] op 171/543 (31%) elapsed=0.1m eta=0.2m cur=7.9GB
[sweep] op 181/543 (33%) elapsed=0.1m eta=0.2m cur=7.9GB
[sweep] op 191/543 (35%) elapsed=0.1m eta=0.2m cur=7.8GB
[sweep] op 201/543 (37%) elapsed=0.1m eta=0.1m cur=7.9GB
[sweep] op 211/543 (39%) elapsed=0.1m eta=0.1m cur=7.8GB
[sweep] op 221/543 (41%) elapsed=0.1m eta=0.1m cur=7.9GB
[sweep] op 231/543 (43%) elapsed=0.1m eta=0.1m cur=7.9GB
[sweep] op 241/543 (44%) elapsed=0.1m eta=0.1m cur=7.9GB
[sweep] op 251/543 (46%) elapsed=0.1m eta=0.1m cur=7.9GB
[sweep] op 261/543 (48%) elapsed=0.1m eta=0.1m cur=8.0GB
[sweep] op 271/543 (50%) elapsed=0.1m eta=0.1m cur=7.9GB
[sweep] op 281/543 (52%) elapsed=0.1m eta=0.1m cur=8.0GB
[sweep] op 291/543 (54%) elapsed=0.1m eta=0.1m cur=7.9GB
[sweep] op 301/543 (55%) elapsed=0.1m eta=0.1m cur=7.9GB
[sweep] op 311/543 (57%) elapsed=0.1m eta=0.1m cur=8.0GB
[sweep] op 321/543 (59%) elapsed=0.1m eta=0.1m cur=7.9GB
[sweep] op 331/543 (61%) elapsed=0.1m eta=0.1m cur=7.9GB
[sweep] op 341/543 (63%) elapsed=0.1m eta=0.1m cur=8.0GB
[sweep] op 351/543 (65%) elapsed=0.2m eta=0.1m cur=7.9GB
[sweep] op 361/543 (66%) elapsed=0.2m eta=0.1m cur=8.0GB
[sweep] op 371/543 (68%) elapsed=0.2m eta=0.1m cur=8.1GB
[sweep] op 381/543 (70%) elapsed=0.2m eta=0.1m cur=8.0GB
[sweep] op 391/543 (72%) elapsed=0.2m eta=0.1m cur=8.0GB
[sweep] op 401/543 (74%) elapsed=0.2m eta=0.1m cur=8.0GB
[sweep] op 411/543 (76%) elapsed=0.2m eta=0.1m cur=8.0GB
[sweep] op 421/543 (78%) elapsed=0.2m eta=0.1m cur=8.0GB
[sweep] op 431/543 (79%) elapsed=0.2m eta=0.0m cur=8.0GB
[sweep] op 441/543 (81%) elapsed=0.2m eta=0.0m cur=8.0GB
[sweep] op 451/543 (83%) elapsed=0.2m eta=0.0m cur=8.0GB
[sweep] op 461/543 (85%) elapsed=0.2m eta=0.0m cur=8.0GB
[sweep] op 471/543 (87%) elapsed=0.2m eta=0.0m cur=8.1GB
[sweep] op 481/543 (89%) elapsed=0.2m eta=0.0m cur=8.2GB
[sweep] op 491/543 (90%) elapsed=0.2m eta=0.0m cur=8.1GB
[sweep] op 501/543 (92%) elapsed=0.2m eta=0.0m cur=8.1GB
[sweep] op 511/543 (94%) elapsed=0.2m eta=0.0m cur=8.1GB
[sweep] op 521/543 (96%) elapsed=0.2m eta=0.0m cur=8.0GB
[sweep] op 531/543 (98%) elapsed=0.2m eta=0.0m cur=8.1GB
[sweep] op 541/543 (100%) elapsed=0.3m eta=0.0m cur=9.3GB
[sweep] op 543/543 (100%) elapsed=0.3m eta=0.0m cur=9.3GB
  [stream-sound] 4 rounds done; blind root reproducible across rounds: True; W-block rows 0; W-ref False; Wnew rows 0; peak 12.54 GB
  [phase] prove-time breakdown (cuda-synced buckets; shares, not absolute — syncs remove overlap):
    encode         28.8s   31.7%
    quad           20.3s   22.3%
    fold_qlin      11.1s   12.2%
    compile         6.3s    7.0%
    witness         6.0s    6.6%
    qlin_polymul      4.6s    5.1%
    merkle          3.9s    4.3%
    qlin_rTA        2.4s    2.7%
    aux             2.4s    2.6%
    qlin_rowsum      1.5s    1.6%
    qlin_interp      1.4s    1.6%
    cols            1.1s    1.2%
    fold_qirs       1.0s    1.1%
    BUCKETED       90.8s  (vs total prove wall-clock; remainder = setup + un-bucketed)
[sweep] op 1/543 (0%) elapsed=0.0m eta=0.2m cur=6.4GB
[sweep] op 11/543 (2%) elapsed=0.0m eta=0.1m cur=6.5GB
[sweep] op 21/543 (4%) elapsed=0.0m eta=0.2m cur=6.4GB
[sweep] op 31/543 (6%) elapsed=0.0m eta=0.1m cur=6.4GB
[sweep] op 41/543 (8%) elapsed=0.0m eta=0.2m cur=6.6GB
[sweep] op 51/543 (9%) elapsed=0.0m eta=0.1m cur=6.4GB
[sweep] op 61/543 (11%) elapsed=0.0m eta=0.1m cur=6.5GB
[sweep] op 71/543 (13%) elapsed=0.0m eta=0.1m cur=6.4GB
[sweep] op 81/543 (15%) elapsed=0.0m eta=0.1m cur=6.4GB
[sweep] op 91/543 (17%) elapsed=0.0m eta=0.1m cur=6.4GB
[sweep] op 101/543 (19%) elapsed=0.0m eta=0.1m cur=6.4GB
[sweep] op 111/543 (20%) elapsed=0.0m eta=0.1m cur=6.4GB
[sweep] op 121/543 (22%) elapsed=0.0m eta=0.1m cur=6.4GB
[sweep] op 131/543 (24%) elapsed=0.0m eta=0.1m cur=6.4GB
[sweep] op 141/543 (26%) elapsed=0.0m eta=0.1m cur=6.4GB
[sweep] op 151/543 (28%) elapsed=0.0m eta=0.1m cur=6.6GB
[sweep] op 161/543 (30%) elapsed=0.0m eta=0.1m cur=6.4GB
[sweep] op 171/543 (31%) elapsed=0.0m eta=0.1m cur=6.5GB
[sweep] op 181/543 (33%) elapsed=0.1m eta=0.1m cur=6.4GB
[sweep] op 191/543 (35%) elapsed=0.1m eta=0.1m cur=6.4GB
[sweep] op 201/543 (37%) elapsed=0.1m eta=0.1m cur=6.4GB
[sweep] op 211/543 (39%) elapsed=0.1m eta=0.1m cur=6.4GB
[sweep] op 221/543 (41%) elapsed=0.1m eta=0.1m cur=6.4GB
[sweep] op 231/543 (43%) elapsed=0.1m eta=0.1m cur=6.5GB
[sweep] op 241/543 (44%) elapsed=0.1m eta=0.1m cur=6.4GB
[sweep] op 251/543 (46%) elapsed=0.1m eta=0.1m cur=6.4GB
[sweep] op 261/543 (48%) elapsed=0.1m eta=0.1m cur=6.6GB
[sweep] op 271/543 (50%) elapsed=0.1m eta=0.1m cur=6.4GB
[sweep] op 281/543 (52%) elapsed=0.1m eta=0.1m cur=6.5GB
[sweep] op 291/543 (54%) elapsed=0.1m eta=0.1m cur=6.4GB
[sweep] op 301/543 (55%) elapsed=0.1m eta=0.1m cur=6.4GB
[sweep] op 311/543 (57%) elapsed=0.1m eta=0.1m cur=6.4GB
[sweep] op 321/543 (59%) elapsed=0.1m eta=0.1m cur=6.4GB
[sweep] op 331/543 (61%) elapsed=0.1m eta=0.1m cur=6.4GB
[sweep] op 341/543 (63%) elapsed=0.1m eta=0.1m cur=6.4GB
[sweep] op 351/543 (65%) elapsed=0.1m eta=0.1m cur=6.4GB
[sweep] op 361/543 (66%) elapsed=0.1m eta=0.1m cur=6.4GB
[sweep] op 371/543 (68%) elapsed=0.1m eta=0.1m cur=6.6GB
[sweep] op 381/543 (70%) elapsed=0.1m eta=0.0m cur=6.4GB
[sweep] op 391/543 (72%) elapsed=0.1m eta=0.0m cur=6.5GB
[sweep] op 401/543 (74%) elapsed=0.1m eta=0.0m cur=6.4GB
[sweep] op 411/543 (76%) elapsed=0.1m eta=0.0m cur=6.4GB
[sweep] op 421/543 (78%) elapsed=0.1m eta=0.0m cur=6.4GB
[sweep] op 431/543 (79%) elapsed=0.1m eta=0.0m cur=6.4GB
[sweep] op 441/543 (81%) elapsed=0.1m eta=0.0m cur=6.4GB
[sweep] op 451/543 (83%) elapsed=0.1m eta=0.0m cur=6.4GB
[sweep] op 461/543 (85%) elapsed=0.1m eta=0.0m cur=6.4GB
[sweep] op 471/543 (87%) elapsed=0.1m eta=0.0m cur=6.4GB
[sweep] op 481/543 (89%) elapsed=0.1m eta=0.0m cur=6.6GB
[sweep] op 491/543 (90%) elapsed=0.1m eta=0.0m cur=6.4GB
[sweep] op 501/543 (92%) elapsed=0.1m eta=0.0m cur=6.5GB
[sweep] op 511/543 (94%) elapsed=0.2m eta=0.0m cur=6.4GB
[sweep] op 521/543 (96%) elapsed=0.2m eta=0.0m cur=6.4GB
[sweep] op 531/543 (98%) elapsed=0.2m eta=0.0m cur=6.4GB
[sweep] op 541/543 (100%) elapsed=0.2m eta=0.0m cur=7.6GB
[sweep] op 543/543 (100%) elapsed=0.2m eta=0.0m cur=7.6GB
[sweep] op 1/543 (0%) elapsed=0.0m eta=0.1m cur=7.7GB
[sweep] op 11/543 (2%) elapsed=0.0m eta=0.1m cur=7.7GB
[sweep] op 21/543 (4%) elapsed=0.0m eta=0.1m cur=7.7GB
[sweep] op 31/543 (6%) elapsed=0.0m eta=0.1m cur=7.7GB
[sweep] op 41/543 (8%) elapsed=0.0m eta=0.1m cur=7.8GB
[sweep] op 51/543 (9%) elapsed=0.0m eta=0.1m cur=7.7GB
[sweep] op 61/543 (11%) elapsed=0.0m eta=0.1m cur=7.7GB
[sweep] op 71/543 (13%) elapsed=0.0m eta=0.1m cur=7.7GB
[sweep] op 81/543 (15%) elapsed=0.0m eta=0.1m cur=7.7GB
[sweep] op 91/543 (17%) elapsed=0.0m eta=0.1m cur=7.7GB
[sweep] op 101/543 (19%) elapsed=0.0m eta=0.1m cur=7.7GB
[sweep] op 111/543 (20%) elapsed=0.0m eta=0.1m cur=7.7GB
[sweep] op 121/543 (22%) elapsed=0.0m eta=0.1m cur=7.7GB
[sweep] op 131/543 (24%) elapsed=0.0m eta=0.1m cur=7.7GB
[sweep] op 141/543 (26%) elapsed=0.0m eta=0.1m cur=7.7GB
[sweep] op 151/543 (28%) elapsed=0.0m eta=0.1m cur=7.8GB
[sweep] op 161/543 (30%) elapsed=0.0m eta=0.1m cur=7.7GB
[sweep] op 171/543 (31%) elapsed=0.0m eta=0.1m cur=7.7GB
[sweep] op 181/543 (33%) elapsed=0.0m eta=0.1m cur=7.7GB
[sweep] op 191/543 (35%) elapsed=0.0m eta=0.1m cur=7.7GB
[sweep] op 201/543 (37%) elapsed=0.0m eta=0.1m cur=7.7GB
[sweep] op 211/543 (39%) elapsed=0.0m eta=0.1m cur=7.7GB
[sweep] op 221/543 (41%) elapsed=0.0m eta=0.1m cur=7.7GB
[sweep] op 231/543 (43%) elapsed=0.0m eta=0.1m cur=7.7GB
[sweep] op 241/543 (44%) elapsed=0.0m eta=0.1m cur=7.7GB
[sweep] op 251/543 (46%) elapsed=0.0m eta=0.0m cur=7.7GB
[sweep] op 261/543 (48%) elapsed=0.0m eta=0.0m cur=7.8GB
[sweep] op 271/543 (50%) elapsed=0.0m eta=0.0m cur=7.7GB
[sweep] op 281/543 (52%) elapsed=0.0m eta=0.0m cur=7.7GB
[sweep] op 291/543 (54%) elapsed=0.0m eta=0.0m cur=7.7GB
[sweep] op 301/543 (55%) elapsed=0.1m eta=0.0m cur=7.7GB
[sweep] op 311/543 (57%) elapsed=0.1m eta=0.0m cur=7.7GB
[sweep] op 321/543 (59%) elapsed=0.1m eta=0.0m cur=7.7GB
[sweep] op 331/543 (61%) elapsed=0.1m eta=0.0m cur=7.7GB
[sweep] op 341/543 (63%) elapsed=0.1m eta=0.0m cur=7.7GB
[sweep] op 351/543 (65%) elapsed=0.1m eta=0.0m cur=7.7GB
[sweep] op 361/543 (66%) elapsed=0.1m eta=0.0m cur=7.7GB
[sweep] op 371/543 (68%) elapsed=0.1m eta=0.0m cur=7.8GB
[sweep] op 381/543 (70%) elapsed=0.1m eta=0.0m cur=7.7GB
[sweep] op 391/543 (72%) elapsed=0.1m eta=0.0m cur=7.7GB
[sweep] op 401/543 (74%) elapsed=0.1m eta=0.0m cur=7.7GB
[sweep] op 411/543 (76%) elapsed=0.1m eta=0.0m cur=7.7GB
[sweep] op 421/543 (78%) elapsed=0.1m eta=0.0m cur=7.7GB
[sweep] op 431/543 (79%) elapsed=0.1m eta=0.0m cur=7.7GB
[sweep] op 441/543 (81%) elapsed=0.1m eta=0.0m cur=7.7GB
[sweep] op 451/543 (83%) elapsed=0.1m eta=0.0m cur=7.7GB
[sweep] op 461/543 (85%) elapsed=0.1m eta=0.0m cur=7.7GB
[sweep] op 471/543 (87%) elapsed=0.1m eta=0.0m cur=7.7GB
[sweep] op 481/543 (89%) elapsed=0.1m eta=0.0m cur=7.8GB
[sweep] op 491/543 (90%) elapsed=0.1m eta=0.0m cur=7.7GB
[sweep] op 501/543 (92%) elapsed=0.1m eta=0.0m cur=7.7GB
[sweep] op 511/543 (94%) elapsed=0.1m eta=0.0m cur=7.7GB
[sweep] op 521/543 (96%) elapsed=0.1m eta=0.0m cur=7.7GB
[sweep] op 531/543 (98%) elapsed=0.1m eta=0.0m cur=7.7GB
[sweep] op 541/543 (100%) elapsed=0.1m eta=0.0m cur=8.9GB
[sweep] op 543/543 (100%) elapsed=0.1m eta=0.0m cur=8.9GB
[sweep] op 1/543 (0%) elapsed=0.0m eta=0.5m cur=7.6GB
[sweep] op 11/543 (2%) elapsed=0.0m eta=0.5m cur=7.6GB
[sweep] op 21/543 (4%) elapsed=0.0m eta=0.7m cur=7.6GB
[sweep] op 31/543 (6%) elapsed=0.0m eta=0.6m cur=7.7GB
[sweep] op 41/543 (8%) elapsed=0.1m eta=0.7m cur=7.8GB
[sweep] op 51/543 (9%) elapsed=0.1m eta=0.6m cur=7.6GB
[sweep] op 61/543 (11%) elapsed=0.1m eta=0.6m cur=7.7GB
[sweep] op 71/543 (13%) elapsed=0.1m eta=0.6m cur=7.6GB
[sweep] op 81/543 (15%) elapsed=0.1m eta=0.6m cur=7.6GB
[sweep] op 91/543 (17%) elapsed=0.1m eta=0.6m cur=7.6GB
[sweep] op 101/543 (19%) elapsed=0.1m eta=0.6m cur=7.6GB
[sweep] op 111/543 (20%) elapsed=0.2m eta=0.6m cur=7.6GB
[sweep] op 121/543 (22%) elapsed=0.2m eta=0.6m cur=7.6GB
[sweep] op 131/543 (24%) elapsed=0.2m eta=0.6m cur=7.6GB
[sweep] op 141/543 (26%) elapsed=0.2m eta=0.5m cur=7.7GB
[sweep] op 151/543 (28%) elapsed=0.2m eta=0.6m cur=7.8GB
[sweep] op 161/543 (30%) elapsed=0.2m eta=0.5m cur=7.6GB
[sweep] op 171/543 (31%) elapsed=0.2m eta=0.5m cur=7.7GB
[sweep] op 181/543 (33%) elapsed=0.3m eta=0.5m cur=7.6GB
[sweep] op 191/543 (35%) elapsed=0.3m eta=0.5m cur=7.6GB
[sweep] op 201/543 (37%) elapsed=0.3m eta=0.5m cur=7.6GB
[sweep] op 211/543 (39%) elapsed=0.3m eta=0.5m cur=7.6GB
[sweep] op 221/543 (41%) elapsed=0.3m eta=0.5m cur=7.6GB
[sweep] op 231/543 (43%) elapsed=0.3m eta=0.4m cur=7.6GB
[sweep] op 241/543 (44%) elapsed=0.3m eta=0.4m cur=7.6GB
[sweep] op 251/543 (46%) elapsed=0.4m eta=0.4m cur=7.7GB
[sweep] op 261/543 (48%) elapsed=0.4m eta=0.4m cur=7.8GB
[sweep] op 271/543 (50%) elapsed=0.4m eta=0.4m cur=7.6GB
[sweep] op 281/543 (52%) elapsed=0.4m eta=0.4m cur=7.7GB
[sweep] op 291/543 (54%) elapsed=0.4m eta=0.4m cur=7.6GB
[sweep] op 301/543 (55%) elapsed=0.4m eta=0.3m cur=7.6GB
[sweep] op 311/543 (57%) elapsed=0.4m eta=0.3m cur=7.6GB
[sweep] op 321/543 (59%) elapsed=0.5m eta=0.3m cur=7.6GB
[sweep] op 331/543 (61%) elapsed=0.5m eta=0.3m cur=7.6GB
[sweep] op 341/543 (63%) elapsed=0.5m eta=0.3m cur=7.7GB
[sweep] op 351/543 (65%) elapsed=0.5m eta=0.3m cur=7.7GB
[sweep] op 361/543 (66%) elapsed=0.5m eta=0.3m cur=7.7GB
[sweep] op 371/543 (68%) elapsed=0.5m eta=0.2m cur=7.8GB
[sweep] op 381/543 (70%) elapsed=0.5m eta=0.2m cur=7.6GB
[sweep] op 391/543 (72%) elapsed=0.6m eta=0.2m cur=7.7GB
[sweep] op 401/543 (74%) elapsed=0.6m eta=0.2m cur=7.6GB
[sweep] op 411/543 (76%) elapsed=0.6m eta=0.2m cur=7.6GB
[sweep] op 421/543 (78%) elapsed=0.6m eta=0.2m cur=7.6GB
[sweep] op 431/543 (79%) elapsed=0.6m eta=0.2m cur=7.6GB
[sweep] op 441/543 (81%) elapsed=0.6m eta=0.1m cur=7.6GB
[sweep] op 451/543 (83%) elapsed=0.6m eta=0.1m cur=7.7GB
[sweep] op 461/543 (85%) elapsed=0.7m eta=0.1m cur=7.7GB
[sweep] op 471/543 (87%) elapsed=0.7m eta=0.1m cur=7.7GB
[sweep] op 481/543 (89%) elapsed=0.7m eta=0.1m cur=7.8GB
[sweep] op 491/543 (90%) elapsed=0.7m eta=0.1m cur=7.6GB
[sweep] op 501/543 (92%) elapsed=0.7m eta=0.1m cur=7.7GB
[sweep] op 511/543 (94%) elapsed=0.7m eta=0.0m cur=7.6GB
[sweep] op 521/543 (96%) elapsed=0.7m eta=0.0m cur=7.6GB
[sweep] op 531/543 (98%) elapsed=0.8m eta=0.0m cur=7.6GB
[sweep] op 541/543 (100%) elapsed=0.9m eta=0.0m cur=8.9GB
[sweep] op 543/543 (100%) elapsed=0.9m eta=0.0m cur=8.9GB
[sweep] op 1/543 (0%) elapsed=0.0m eta=0.2m cur=7.7GB
[sweep] op 11/543 (2%) elapsed=0.0m eta=0.2m cur=7.8GB
[sweep] op 21/543 (4%) elapsed=0.0m eta=0.2m cur=7.7GB
[sweep] op 31/543 (6%) elapsed=0.0m eta=0.2m cur=7.8GB
[sweep] op 41/543 (8%) elapsed=0.0m eta=0.2m cur=7.9GB
[sweep] op 51/543 (9%) elapsed=0.0m eta=0.2m cur=7.8GB
[sweep] op 61/543 (11%) elapsed=0.0m eta=0.2m cur=7.8GB
[sweep] op 71/543 (13%) elapsed=0.0m eta=0.2m cur=7.8GB
[sweep] op 81/543 (15%) elapsed=0.0m eta=0.2m cur=7.8GB
[sweep] op 91/543 (17%) elapsed=0.0m eta=0.2m cur=7.8GB
[sweep] op 101/543 (19%) elapsed=0.0m eta=0.2m cur=7.8GB
[sweep] op 111/543 (20%) elapsed=0.0m eta=0.2m cur=7.8GB
[sweep] op 121/543 (22%) elapsed=0.1m eta=0.2m cur=7.9GB
[sweep] op 131/543 (24%) elapsed=0.1m eta=0.2m cur=7.8GB
[sweep] op 141/543 (26%) elapsed=0.1m eta=0.2m cur=7.9GB
[sweep] op 151/543 (28%) elapsed=0.1m eta=0.2m cur=8.0GB
[sweep] op 161/543 (30%) elapsed=0.1m eta=0.2m cur=7.9GB
[sweep] op 171/543 (31%) elapsed=0.1m eta=0.2m cur=7.9GB
[sweep] op 181/543 (33%) elapsed=0.1m eta=0.2m cur=7.9GB
[sweep] op 191/543 (35%) elapsed=0.1m eta=0.2m cur=7.8GB
[sweep] op 201/543 (37%) elapsed=0.1m eta=0.1m cur=7.9GB
[sweep] op 211/543 (39%) elapsed=0.1m eta=0.1m cur=7.8GB
[sweep] op 221/543 (41%) elapsed=0.1m eta=0.1m cur=7.9GB
[sweep] op 231/543 (43%) elapsed=0.1m eta=0.1m cur=7.9GB
[sweep] op 241/543 (44%) elapsed=0.1m eta=0.1m cur=7.9GB
[sweep] op 251/543 (46%) elapsed=0.1m eta=0.1m cur=7.9GB
[sweep] op 261/543 (48%) elapsed=0.1m eta=0.1m cur=8.0GB
[sweep] op 271/543 (50%) elapsed=0.1m eta=0.1m cur=7.9GB
[sweep] op 281/543 (52%) elapsed=0.1m eta=0.1m cur=8.0GB
[sweep] op 291/543 (54%) elapsed=0.1m eta=0.1m cur=7.9GB
[sweep] op 301/543 (55%) elapsed=0.1m eta=0.1m cur=7.9GB
[sweep] op 311/543 (57%) elapsed=0.1m eta=0.1m cur=8.0GB
[sweep] op 321/543 (59%) elapsed=0.1m eta=0.1m cur=7.9GB
[sweep] op 331/543 (61%) elapsed=0.1m eta=0.1m cur=7.9GB
[sweep] op 341/543 (63%) elapsed=0.1m eta=0.1m cur=8.0GB
[sweep] op 351/543 (65%) elapsed=0.2m eta=0.1m cur=7.9GB
[sweep] op 361/543 (66%) elapsed=0.2m eta=0.1m cur=8.0GB
[sweep] op 371/543 (68%) elapsed=0.2m eta=0.1m cur=8.1GB
[sweep] op 381/543 (70%) elapsed=0.2m eta=0.1m cur=8.0GB
[sweep] op 391/543 (72%) elapsed=0.2m eta=0.1m cur=8.0GB
[sweep] op 401/543 (74%) elapsed=0.2m eta=0.1m cur=8.0GB
[sweep] op 411/543 (76%) elapsed=0.2m eta=0.1m cur=8.0GB
[sweep] op 421/543 (78%) elapsed=0.2m eta=0.1m cur=8.0GB
[sweep] op 431/543 (79%) elapsed=0.2m eta=0.0m cur=8.0GB
[sweep] op 441/543 (81%) elapsed=0.2m eta=0.0m cur=8.0GB
[sweep] op 451/543 (83%) elapsed=0.2m eta=0.0m cur=8.0GB
[sweep] op 461/543 (85%) elapsed=0.2m eta=0.0m cur=8.0GB
[sweep] op 471/543 (87%) elapsed=0.2m eta=0.0m cur=8.1GB
[sweep] op 481/543 (89%) elapsed=0.2m eta=0.0m cur=8.2GB
[sweep] op 491/543 (90%) elapsed=0.2m eta=0.0m cur=8.1GB
[sweep] op 501/543 (92%) elapsed=0.2m eta=0.0m cur=8.1GB
[sweep] op 511/543 (94%) elapsed=0.2m eta=0.0m cur=8.1GB
[sweep] op 521/543 (96%) elapsed=0.2m eta=0.0m cur=8.0GB
[sweep] op 531/543 (98%) elapsed=0.2m eta=0.0m cur=8.1GB
[sweep] op 541/543 (100%) elapsed=0.3m eta=0.0m cur=9.3GB
[sweep] op 543/543 (100%) elapsed=0.3m eta=0.0m cur=9.3GB
  [stream-sound] 4 rounds done; blind root reproducible across rounds: True; W-block rows 0; W-ref False; Wnew rows 0; peak 12.50 GB
  [phase] prove-time breakdown (cuda-synced buckets; shares, not absolute — syncs remove overlap):
    encode         28.9s   31.9%
    quad           20.2s   22.3%
    fold_qlin      11.4s   12.5%
    witness         5.9s    6.5%
    compile         5.8s    6.4%
    qlin_polymul      4.6s    5.1%
    merkle          3.9s    4.3%
    qlin_rTA        2.6s    2.8%
    aux             2.4s    2.6%
    qlin_rowsum      1.5s    1.6%
    qlin_interp      1.4s    1.6%
    cols            1.1s    1.2%
    fold_qirs       1.0s    1.1%
    BUCKETED       90.6s  (vs total prove wall-clock; remainder = setup + un-bucketed)
  recompute : prove  98.80s   witness   6.84s
  gpu-cache : prove  96.94s   witness   5.88s   (+1.9% vs recompute)
  host-spill: prove 105.44s   witness   5.98s   (-6.7% vs recompute)

  spill vs recompute: witness 6.84s -> 5.98s (+13% of the witness term)
  spill vs gpu-cache: prove 96.94s vs 105.44s (spill trades GPU mem for host mem; slower by 8.50s here)

--- production lens (witness spill) ---
  TOY end-to-end: -6.7%  <-- do NOT read as production
  400B term shares (cost model, notebook mode):
     witness       16288s   56.8%
     streaming      9272s   32.3%
     quad           2995s   10.4%
     lin             112s    0.4%
  lever: cuts 'witness' by 47% (measured on toy)
  PRODUCTION PROJECTION: +27.0%  (28668s -> 20941s)  (NVMe 7GB/s; crossover-type — prod per-term cut, NOT the toy fraction)

/home/riftuser/VerInf/prover/core.py:627: UserWarning: The given buffer is not writable, and PyTorch does not support non-writable tensors. This means you can write to the underlying (supposedly non-writable) buffer using the tensor. You may want to copy the buffer to protect its data or make it writable before converting it to a tensor. This type of warning will be suppressed for the rest of this program. (Triggered internally at /__w/pytorch/pytorch/torch/csrc/utils/tensor_new.cpp:1556.)
  return torch.frombuffer(bytes(master_seed), dtype=torch.uint8).cuda()
