[maverick-full] layers=48 E=128 T=1000 V=202048 T_QUERIES=54 witness_only=False sampled_audit=True
[maverick-full] input bound: all 1000 tokens hidden (442 prompt + 558 continuation)
/workspace/VerInf/demo/demo_maverick_block.py:88: UserWarning: The given NumPy array is not writable, and PyTorch does not support non-writable tensors. This means writing to this tensor will result in undefined behavior. You may want to copy the array to protect its data or make it writable before converting it to a tensor. This type of warning will be suppressed for the rest of this program. (Triggered internally at /__w/pytorch/pytorch/torch/csrc/utils/tensor_numpy.cpp:213.)
  w = kquant_to_field(torch.from_numpy(
[maverick-full] layer 0 built (dense, rope=True) — 28 claims so far
[maverick-full] layer 1 built (moe E=128, rope=True) — 68 claims so far
[maverick-full] layer 2 built (dense, rope=True) — 90 claims so far
[maverick-full] layer 3 built (moe E=128, rope=False) — 128 claims so far
[maverick-full] layer 4 built (dense, rope=True) — 150 claims so far
[maverick-full] layer 5 built (moe E=128, rope=True) — 190 claims so far
[maverick-full] layer 6 built (dense, rope=True) — 212 claims so far
[maverick-full] layer 7 built (moe E=128, rope=False) — 250 claims so far
[maverick-full] layer 8 built (dense, rope=True) — 272 claims so far
[maverick-full] layer 9 built (moe E=128, rope=True) — 312 claims so far
[maverick-full] layer 10 built (dense, rope=True) — 334 claims so far
[maverick-full] layer 11 built (moe E=128, rope=False) — 372 claims so far
[maverick-full] layer 12 built (dense, rope=True) — 394 claims so far
[maverick-full] layer 13 built (moe E=128, rope=True) — 434 claims so far
[maverick-full] layer 14 built (dense, rope=True) — 456 claims so far
[maverick-full] layer 15 built (moe E=128, rope=False) — 494 claims so far
[maverick-full] layer 16 built (dense, rope=True) — 516 claims so far
[maverick-full] layer 17 built (moe E=128, rope=True) — 556 claims so far
[maverick-full] layer 18 built (dense, rope=True) — 578 claims so far
[maverick-full] layer 19 built (moe E=128, rope=False) — 616 claims so far
[maverick-full] layer 20 built (dense, rope=True) — 638 claims so far
[maverick-full] layer 21 built (moe E=128, rope=True) — 678 claims so far
[maverick-full] layer 22 built (dense, rope=True) — 700 claims so far
[maverick-full] layer 23 built (moe E=128, rope=False) — 738 claims so far
[maverick-full] layer 24 built (dense, rope=True) — 760 claims so far
[maverick-full] layer 25 built (moe E=128, rope=True) — 800 claims so far
[maverick-full] layer 26 built (dense, rope=True) — 822 claims so far
[maverick-full] layer 27 built (moe E=128, rope=False) — 860 claims so far
[maverick-full] layer 28 built (dense, rope=True) — 882 claims so far
[maverick-full] layer 29 built (moe E=128, rope=True) — 922 claims so far
[maverick-full] layer 30 built (dense, rope=True) — 944 claims so far
[maverick-full] layer 31 built (moe E=128, rope=False) — 982 claims so far
[maverick-full] layer 32 built (dense, rope=True) — 1004 claims so far
[maverick-full] layer 33 built (moe E=128, rope=True) — 1044 claims so far
[maverick-full] layer 34 built (dense, rope=True) — 1066 claims so far
[maverick-full] layer 35 built (moe E=128, rope=False) — 1104 claims so far
[maverick-full] layer 36 built (dense, rope=True) — 1126 claims so far
[maverick-full] layer 37 built (moe E=128, rope=True) — 1166 claims so far
[maverick-full] layer 38 built (dense, rope=True) — 1188 claims so far
[maverick-full] layer 39 built (moe E=128, rope=False) — 1226 claims so far
[maverick-full] layer 40 built (dense, rope=True) — 1248 claims so far
[maverick-full] layer 41 built (moe E=128, rope=True) — 1288 claims so far
[maverick-full] layer 42 built (dense, rope=True) — 1310 claims so far
[maverick-full] layer 43 built (moe E=128, rope=False) — 1348 claims so far
[maverick-full] layer 44 built (dense, rope=True) — 1370 claims so far
[maverick-full] layer 45 built (moe E=128, rope=True) — 1410 claims so far
[maverick-full] layer 46 built (dense, rope=True) — 1432 claims so far
[maverick-full] layer 47 built (moe E=128, rope=False) — 1470 claims so far
[maverick-full] LM head from output.weight (untied)
[maverick-full] UI claim over 558 continuation positions; 2596 claims total
[maverick-full] build 38.0s, 2596 claims
[maverick-full] model: enrolled root 8bccfdbd391c774d… (49160720 weight rows)
[maverick-full] public Sz=32865524 pinned from the serving statement -> 20.7454 bits/token over 558 positions (no reveal pass)
/workspace/VerInf/prover/core.py:646: UserWarning: The given buffer is not writable, and PyTorch does not support non-writable tensors. This means you can write to the underlying (supposedly non-writable) buffer using the tensor. You may want to copy the buffer to protect its data or make it writable before converting it to a tensor. This type of warning will be suppressed for the rest of this program. (Triggered internally at /__w/pytorch/pytorch/torch/csrc/utils/tensor_new.cpp:1556.)
  return torch.frombuffer(bytes(master_seed), dtype=torch.uint8).cuda()
[maverick-full] sampled audit progress: analysis/bench/remote_results/dc3f672fd559/progress.jsonl
[sampled-audit-progress] claim_start 1/2596 type=ConcatClaim elapsed=0.0s
[sampled-audit-progress] claim_start 26/2596 type=HadamardClaim elapsed=7.3s
[sampled-audit-progress] window_complete 1/53 claims=1-49 selected=5 check=1.0s elapsed=16.2s
[sampled-audit-progress] claim_start 51/2596 type=PairedTlookupClaim elapsed=16.2s
[sampled-audit-progress] claim_start 76/2596 type=RoPEClaim elapsed=24.4s
[sampled-audit-progress] window_complete 2/53 claims=50-98 selected=5 check=0.5s elapsed=31.2s
[sampled-audit-progress] claim_start 101/2596 type=AddClaim elapsed=31.6s
[sampled-audit-progress] claim_start 126/2596 type=MatmulClaim elapsed=38.1s
[sampled-audit-progress] window_complete 3/53 claims=99-147 selected=5 check=1.7s elapsed=46.4s
[sampled-audit-progress] claim_start 151/2596 type=RmsNormClaim elapsed=46.4s
[sampled-audit-progress] claim_start 176/2596 type=RoutedProjectedMatmulClaim elapsed=49.5s
[sampled-audit-progress] window_complete 4/53 claims=148-196 selected=5 check=1.5s elapsed=60.5s
[sampled-audit-progress] claim_start 201/2596 type=MatmulClaim elapsed=60.7s
[sampled-audit-progress] claim_start 226/2596 type=HadamardClaim elapsed=63.7s
[sampled-audit-progress] window_complete 5/53 claims=197-245 selected=5 check=0.4s elapsed=71.6s
[sampled-audit-progress] claim_start 251/2596 type=RmsNormClaim elapsed=74.4s
[sampled-audit-progress] claim_start 276/2596 type=MatmulClaim elapsed=77.3s
[sampled-audit-progress] window_complete 6/53 claims=246-294 selected=5 check=0.3s elapsed=83.3s
[sampled-audit-progress] claim_start 301/2596 type=RescaleClaim elapsed=85.0s
[sampled-audit-progress] claim_start 326/2596 type=RmsNormClaim elapsed=91.1s
[sampled-audit-progress] window_complete 7/53 claims=295-343 selected=5 check=1.1s elapsed=98.3s
[sampled-audit-progress] claim_start 351/2596 type=WordExtractionClaim elapsed=100.2s
[sampled-audit-progress] claim_start 376/2596 type=MatmulClaim elapsed=106.7s
[sampled-audit-progress] window_complete 8/53 claims=344-392 selected=5 check=0.7s elapsed=112.0s
[sampled-audit-progress] claim_start 401/2596 type=RoPEClaim elapsed=113.1s
[sampled-audit-progress] claim_start 426/2596 type=RoutedProjectedMatmulClaim elapsed=116.3s
[sampled-audit-progress] window_complete 9/53 claims=393-441 selected=5 check=0.1s elapsed=124.6s
[sampled-audit-progress] claim_start 451/2596 type=MatmulClaim elapsed=125.1s
[sampled-audit-progress] claim_start 476/2596 type=RangeWordClaim elapsed=129.1s
[sampled-audit-progress] window_complete 10/53 claims=442-490 selected=5 check=2.0s elapsed=139.4s
[sampled-audit-progress] claim_start 501/2596 type=RoPEClaim elapsed=141.6s
[sampled-audit-progress] claim_start 526/2596 type=SoftmaxClaim elapsed=144.4s
[sampled-audit-progress] window_complete 11/53 claims=491-539 selected=5 check=0.7s elapsed=149.9s
[sampled-audit-progress] claim_start 551/2596 type=SiluClaim elapsed=153.6s
[sampled-audit-progress] claim_start 576/2596 type=HadamardClaim elapsed=158.9s
[sampled-audit-progress] window_complete 12/53 claims=540-588 selected=5 check=0.0s elapsed=164.1s
[sampled-audit-progress] claim_start 601/2596 type=HadamardClaim elapsed=165.5s
[sampled-audit-progress] claim_start 626/2596 type=SoftmaxClaim elapsed=172.7s
[sampled-audit-progress] window_complete 13/53 claims=589-637 selected=5 check=1.6s elapsed=178.7s
[sampled-audit-progress] claim_start 651/2596 type=AddClaim elapsed=179.9s
[sampled-audit-progress] claim_start 676/2596 type=MatmulClaim elapsed=186.0s
[sampled-audit-progress] window_complete 14/53 claims=638-686 selected=5 check=0.8s elapsed=191.2s
[sampled-audit-progress] claim_start 701/2596 type=RmsNormClaim elapsed=192.5s
[sampled-audit-progress] claim_start 726/2596 type=RoutedProjectedMatmulClaim elapsed=195.9s
[sampled-audit-progress] window_complete 15/53 claims=687-735 selected=5 check=0.1s elapsed=203.4s
[sampled-audit-progress] claim_start 751/2596 type=AddClaim elapsed=206.0s
[sampled-audit-progress] claim_start 776/2596 type=HadamardClaim elapsed=208.8s
[sampled-audit-progress] window_complete 16/53 claims=736-784 selected=5 check=1.7s elapsed=215.0s
[sampled-audit-progress] claim_start 801/2596 type=RmsNormClaim elapsed=221.4s
[sampled-audit-progress] claim_start 826/2596 type=MatmulClaim elapsed=224.1s
[sampled-audit-progress] window_complete 17/53 claims=785-833 selected=5 check=0.4s elapsed=229.0s
[sampled-audit-progress] claim_start 851/2596 type=HadamardClaim elapsed=231.6s
[sampled-audit-progress] claim_start 876/2596 type=HadamardClaim elapsed=237.9s
[sampled-audit-progress] window_complete 18/53 claims=834-882 selected=5 check=1.9s elapsed=243.6s
[sampled-audit-progress] claim_start 901/2596 type=WordExtractionClaim elapsed=246.3s
[sampled-audit-progress] claim_start 926/2596 type=MatmulClaim elapsed=252.9s
[sampled-audit-progress] window_complete 19/53 claims=883-931 selected=5 check=1.6s elapsed=257.5s
[sampled-audit-progress] claim_start 951/2596 type=MatmulClaim elapsed=259.9s
[sampled-audit-progress] claim_start 976/2596 type=MatmulClaim elapsed=263.4s
[sampled-audit-progress] window_complete 20/53 claims=932-980 selected=5 check=0.4s elapsed=271.4s
[sampled-audit-progress] claim_start 1001/2596 type=SiluClaim elapsed=273.4s
[sampled-audit-progress] claim_start 1026/2596 type=RangeWordClaim elapsed=276.8s
[sampled-audit-progress] window_complete 21/53 claims=981-1029 selected=5 check=0.0s elapsed=279.7s
[sampled-audit-progress] claim_start 1051/2596 type=RoPEClaim elapsed=287.0s
[sampled-audit-progress] claim_start 1076/2596 type=MatmulClaim elapsed=289.7s
[sampled-audit-progress] window_complete 22/53 claims=1030-1078 selected=5 check=1.9s elapsed=295.3s
[sampled-audit-progress] claim_start 1101/2596 type=HadamardClaim elapsed=301.6s
[sampled-audit-progress] claim_start 1126/2596 type=AddClaim elapsed=305.3s
[sampled-audit-progress] window_complete 23/53 claims=1079-1127 selected=5 check=1.6s elapsed=310.0s
[sampled-audit-progress] claim_start 1151/2596 type=HadamardClaim elapsed=312.7s
[sampled-audit-progress] claim_start 1176/2596 type=SoftmaxClaim elapsed=320.0s
[sampled-audit-progress] window_complete 24/53 claims=1128-1176 selected=5 check=2.1s elapsed=325.0s
[sampled-audit-progress] claim_start 1201/2596 type=EmbeddingLookupClaim elapsed=328.0s
[sampled-audit-progress] window_complete 25/53 claims=1177-1225 selected=5 check=0.0s elapsed=338.5s
[sampled-audit-progress] claim_start 1226/2596 type=AddClaim elapsed=338.6s
[sampled-audit-progress] claim_start 1251/2596 type=HadamardClaim elapsed=341.2s
[sampled-audit-progress] window_complete 26/53 claims=1226-1274 selected=5 check=0.5s elapsed=347.6s
[sampled-audit-progress] claim_start 1276/2596 type=RoutedProjectedMatmulClaim elapsed=347.6s
[sampled-audit-progress] claim_start 1301/2596 type=AddClaim elapsed=354.8s
[sampled-audit-progress] window_complete 27/53 claims=1275-1323 selected=5 check=2.3s elapsed=363.2s
[sampled-audit-progress] claim_start 1326/2596 type=RoutingClaim elapsed=364.5s
[sampled-audit-progress] claim_start 1351/2596 type=HadamardClaim elapsed=371.0s
[sampled-audit-progress] window_complete 28/53 claims=1324-1372 selected=5 check=1.3s elapsed=377.3s
[sampled-audit-progress] claim_start 1376/2596 type=MatmulClaim elapsed=377.9s
[sampled-audit-progress] claim_start 1401/2596 type=HadamardClaim elapsed=380.6s
[sampled-audit-progress] window_complete 29/53 claims=1373-1421 selected=5 check=0.6s elapsed=390.2s
[sampled-audit-progress] claim_start 1426/2596 type=HadamardClaim elapsed=390.7s
[sampled-audit-progress] claim_start 1451/2596 type=RangeWordClaim elapsed=394.9s
[sampled-audit-progress] window_complete 30/53 claims=1422-1470 selected=5 check=2.4s elapsed=406.1s
[sampled-audit-progress] claim_start 1476/2596 type=MaxClaim elapsed=406.5s
[sampled-audit-progress] claim_start 1501/2596 type=AddClaim elapsed=411.3s
[sampled-audit-progress] window_complete 31/53 claims=1471-1519 selected=5 check=0.0s elapsed=414.3s
[sampled-audit-progress] claim_start 1526/2596 type=EmbeddingLookupClaim elapsed=414.3s
[sampled-audit-progress] claim_start 1551/2596 type=AddClaim elapsed=414.3s
[sampled-audit-progress] window_complete 32/53 claims=1520-1568 selected=5 check=0.0s elapsed=414.4s
[sampled-audit-progress] claim_start 1576/2596 type=EmbeddingLookupClaim elapsed=414.4s
[sampled-audit-progress] claim_start 1601/2596 type=AddClaim elapsed=414.4s
[sampled-audit-progress] window_complete 33/53 claims=1569-1617 selected=5 check=0.0s elapsed=414.5s
[sampled-audit-progress] claim_start 1626/2596 type=EmbeddingLookupClaim elapsed=414.5s
[sampled-audit-progress] claim_start 1651/2596 type=AddClaim elapsed=414.5s
[sampled-audit-progress] window_complete 34/53 claims=1618-1666 selected=5 check=0.0s elapsed=414.5s
[sampled-audit-progress] claim_start 1676/2596 type=EmbeddingLookupClaim elapsed=414.5s
[sampled-audit-progress] claim_start 1701/2596 type=AddClaim elapsed=414.6s
[sampled-audit-progress] window_complete 35/53 claims=1667-1715 selected=5 check=0.0s elapsed=414.6s
[sampled-audit-progress] claim_start 1726/2596 type=EmbeddingLookupClaim elapsed=414.6s
[sampled-audit-progress] claim_start 1751/2596 type=AddClaim elapsed=414.6s
[sampled-audit-progress] window_complete 36/53 claims=1716-1764 selected=5 check=0.0s elapsed=414.7s
[sampled-audit-progress] claim_start 1776/2596 type=EmbeddingLookupClaim elapsed=414.7s
[sampled-audit-progress] claim_start 1801/2596 type=AddClaim elapsed=414.7s
[sampled-audit-progress] window_complete 37/53 claims=1765-1813 selected=5 check=0.0s elapsed=414.7s
[sampled-audit-progress] claim_start 1826/2596 type=EmbeddingLookupClaim elapsed=414.8s
[sampled-audit-progress] claim_start 1851/2596 type=AddClaim elapsed=414.8s
[sampled-audit-progress] window_complete 38/53 claims=1814-1862 selected=5 check=0.0s elapsed=414.8s
[sampled-audit-progress] claim_start 1876/2596 type=EmbeddingLookupClaim elapsed=414.8s
[sampled-audit-progress] claim_start 1901/2596 type=AddClaim elapsed=414.8s
[sampled-audit-progress] window_complete 39/53 claims=1863-1911 selected=5 check=0.0s elapsed=414.9s
[sampled-audit-progress] claim_start 1926/2596 type=EmbeddingLookupClaim elapsed=414.9s
[sampled-audit-progress] claim_start 1951/2596 type=AddClaim elapsed=414.9s
[sampled-audit-progress] window_complete 40/53 claims=1912-1960 selected=5 check=0.0s elapsed=415.0s
[sampled-audit-progress] claim_start 1976/2596 type=EmbeddingLookupClaim elapsed=415.0s
[sampled-audit-progress] claim_start 2001/2596 type=AddClaim elapsed=415.0s
[sampled-audit-progress] window_complete 41/53 claims=1961-2009 selected=5 check=0.0s elapsed=415.0s
[sampled-audit-progress] claim_start 2026/2596 type=EmbeddingLookupClaim elapsed=415.0s
[sampled-audit-progress] claim_start 2051/2596 type=AddClaim elapsed=415.1s
[sampled-audit-progress] window_complete 42/53 claims=2010-2058 selected=5 check=0.0s elapsed=415.1s
[sampled-audit-progress] claim_start 2076/2596 type=EmbeddingLookupClaim elapsed=415.1s
[sampled-audit-progress] claim_start 2101/2596 type=AddClaim elapsed=415.1s
[sampled-audit-progress] window_complete 43/53 claims=2059-2107 selected=5 check=0.0s elapsed=415.2s
[sampled-audit-progress] claim_start 2126/2596 type=EmbeddingLookupClaim elapsed=415.2s
[sampled-audit-progress] claim_start 2151/2596 type=AddClaim elapsed=415.2s
[sampled-audit-progress] window_complete 44/53 claims=2108-2156 selected=5 check=0.0s elapsed=415.3s
[sampled-audit-progress] claim_start 2176/2596 type=EmbeddingLookupClaim elapsed=415.3s
[sampled-audit-progress] claim_start 2201/2596 type=AddClaim elapsed=415.3s
[sampled-audit-progress] window_complete 45/53 claims=2157-2205 selected=5 check=0.0s elapsed=415.3s
[sampled-audit-progress] claim_start 2226/2596 type=EmbeddingLookupClaim elapsed=415.3s
[sampled-audit-progress] claim_start 2251/2596 type=AddClaim elapsed=415.4s
[sampled-audit-progress] window_complete 46/53 claims=2206-2254 selected=5 check=0.0s elapsed=415.4s
[sampled-audit-progress] claim_start 2276/2596 type=EmbeddingLookupClaim elapsed=415.4s
[sampled-audit-progress] claim_start 2301/2596 type=AddClaim elapsed=415.4s
[sampled-audit-progress] window_complete 47/53 claims=2255-2303 selected=5 check=0.0s elapsed=415.5s
[sampled-audit-progress] claim_start 2326/2596 type=EmbeddingLookupClaim elapsed=415.5s
[sampled-audit-progress] claim_start 2351/2596 type=AddClaim elapsed=415.5s
[sampled-audit-progress] window_complete 48/53 claims=2304-2352 selected=5 check=0.0s elapsed=415.5s
[sampled-audit-progress] claim_start 2376/2596 type=EmbeddingLookupClaim elapsed=415.6s
[sampled-audit-progress] claim_start 2401/2596 type=AddClaim elapsed=415.6s
[sampled-audit-progress] window_complete 49/53 claims=2353-2401 selected=5 check=0.0s elapsed=415.6s
[sampled-audit-progress] claim_start 2426/2596 type=EmbeddingLookupClaim elapsed=415.6s
[sampled-audit-progress] window_complete 50/53 claims=2402-2450 selected=5 check=0.0s elapsed=415.7s
[sampled-audit-progress] claim_start 2451/2596 type=AddClaim elapsed=415.7s
[sampled-audit-progress] claim_start 2476/2596 type=EmbeddingLookupClaim elapsed=415.7s
[sampled-audit-progress] window_complete 51/53 claims=2451-2499 selected=5 check=0.0s elapsed=415.8s
[sampled-audit-progress] claim_start 2501/2596 type=AddClaim elapsed=415.8s
[sampled-audit-progress] claim_start 2526/2596 type=EmbeddingLookupClaim elapsed=415.8s
[sampled-audit-progress] window_complete 52/53 claims=2500-2548 selected=5 check=0.0s elapsed=415.8s
[sampled-audit-progress] claim_start 2551/2596 type=AddClaim elapsed=415.8s
[sampled-audit-progress] claim_start 2576/2596 type=EmbeddingLookupClaim elapsed=415.9s
[sampled-audit-progress] window_complete 53/53 claims=2549-2596 selected=5 check=0.0s elapsed=415.9s
[maverick-full] sampled audit: ACCEPT; 265/2596 claims (10.208%); C0=921d83cc9202731b…; wall=416.0s; result=analysis/bench/remote_results/dc3f672fd559/stage_times.json
