    Updating crates.io index
 Downloading crates ...
  Downloaded serde v1.0.228
  Downloaded cfg-if v1.0.4
  Downloaded arrayref v0.3.9
  Downloaded itoa v1.0.18
  Downloaded cpufeatures v0.3.0
  Downloaded either v1.16.0
  Downloaded find-msvc-tools v0.1.9
  Downloaded crossbeam-deque v0.8.6
  Downloaded quote v1.0.45
  Downloaded constant_time_eq v0.4.2
  Downloaded shlex v2.0.1
  Downloaded zmij v1.0.21
  Downloaded arrayvec v0.7.6
  Downloaded serde_core v1.0.228
  Downloaded crossbeam-epoch v0.9.18
  Downloaded crossbeam-utils v0.8.21
  Downloaded unicode-ident v1.0.24
  Downloaded memchr v2.8.1
  Downloaded proc-macro2 v1.0.106
  Downloaded rayon-core v1.13.0
  Downloaded serde_derive v1.0.228
  Downloaded cc v1.2.63
  Downloaded rayon v1.12.0
  Downloaded serde_json v1.0.150
  Downloaded blake3 v1.8.5
  Downloaded syn v2.0.117
   Compiling proc-macro2 v1.0.106
   Compiling crossbeam-utils v0.8.21
   Compiling quote v1.0.45
   Compiling unicode-ident v1.0.24
   Compiling find-msvc-tools v0.1.9
   Compiling serde_core v1.0.228
   Compiling shlex v2.0.1
   Compiling rayon-core v1.13.0
   Compiling zmij v1.0.21
   Compiling serde_json v1.0.150
   Compiling serde v1.0.228
   Compiling itoa v1.0.18
   Compiling arrayref v0.3.9
   Compiling cpufeatures v0.3.0
   Compiling constant_time_eq v0.4.2
   Compiling cfg-if v1.0.4
   Compiling either v1.16.0
   Compiling memchr v2.8.1
   Compiling arrayvec v0.7.6
   Compiling cc v1.2.63
   Compiling crossbeam-epoch v0.9.18
   Compiling syn v2.0.117
   Compiling crossbeam-deque v0.8.6
   Compiling blake3 v1.8.5
   Compiling rayon v1.12.0
   Compiling serde_derive v1.0.228
   Compiling ligero-verifier v0.1.0 (/workspace/verinf/verifier)
warning: unused import: `crate::claim::parse_claim_set_value`
    --> src/handlers.rs:1767:9
     |
1767 |     use crate::claim::parse_claim_set_value;
     |         ^^^^^^^^^^^^^^^^^^^^^^^^^^^^^^^^^^^
     |
help: if this is a test module, consider adding a `#[cfg(test)]` to the containing module
    --> src/handlers.rs:1760:1
     |
1760 | mod rope_yarn_tests {
     | ^^^^^^^^^^^^^^^^^^^
     = note: `#[warn(unused_imports)]` (part of `#[warn(unused)]`) on by default

warning: unused import: `serde_json::json`
    --> src/handlers.rs:1768:9
     |
1768 |     use serde_json::json;
     |         ^^^^^^^^^^^^^^^^
     |
help: if this is a test module, consider adding a `#[cfg(test)]` to the containing module
    --> src/handlers.rs:1760:1
     |
1760 | mod rope_yarn_tests {
     | ^^^^^^^^^^^^^^^^^^^

warning: unused import: `compile_claims_bound`
  --> src/verify.rs:18:23
   |
18 | use crate::handlers::{compile_claims_bound, compile_claims_bound_pinned};
   |                       ^^^^^^^^^^^^^^^^^^^^

warning: constant `K2_1_COS` is never used
    --> src/handlers.rs:1770:11
     |
1770 |     const K2_1_COS: [u64; 32] = [
     |           ^^^^^^^^
     |
     = note: `#[warn(dead_code)]` (part of `#[warn(unused)]`) on by default

warning: constant `K2_1_SIN` is never used
    --> src/handlers.rs:1775:11
     |
1775 |     const K2_1_SIN: [u64; 32] = [
     |           ^^^^^^^^

warning: constant `K2_4095_COS` is never used
    --> src/handlers.rs:1779:11
     |
1779 |     const K2_4095_COS: [u64; 32] = [
     |           ^^^^^^^^^^^

warning: constant `K2_4095_SIN` is never used
    --> src/handlers.rs:1786:11
     |
1786 |     const K2_4095_SIN: [u64; 32] = [
     |           ^^^^^^^^^^^

warning: constant `K2_131071_COS` is never used
    --> src/handlers.rs:1793:11
     |
1793 |     const K2_131071_COS: [u64; 32] = [
     |           ^^^^^^^^^^^^^

warning: constant `K2_131071_SIN` is never used
    --> src/handlers.rs:1801:11
     |
1801 |     const K2_131071_SIN: [u64; 32] = [
     |           ^^^^^^^^^^^^^

warning: constant `RAMP_COS` is never used
    --> src/handlers.rs:1809:11
     |
1809 |     const RAMP_COS: [u64; 12] = [
     |           ^^^^^^^^

warning: constant `RAMP_SIN` is never used
    --> src/handlers.rs:1813:11
     |
1813 |     const RAMP_SIN: [u64; 12] = [
     |           ^^^^^^^^

warning: function `k2` is never used
    --> src/handlers.rs:1817:8
     |
1817 |     fn k2() -> Yarn { Yarn { beta_fast: 1.0, beta_slow: 1.0, mscale: 1.0, mscale_all_dim: 1.0 } }
     |        ^^

warning: `ligero-verifier` (lib) generated 12 warnings (run `cargo fix --lib -p ligero-verifier` to apply 3 suggestions)
warning: unused import: `verify_bound`
  --> src/bin/verify_proof.rs:17:47
   |
17 | use ligero_verifier::verify::{Round3, Round4, verify_bound, verify_bound_pinned};
   |                                               ^^^^^^^^^^^^
   |
   = note: `#[warn(unused_imports)]` (part of `#[warn(unused)]`) on by default

warning: value assigned to `s_bind_out` is never read
   --> src/bin/verify_proof.rs:557:43
    |
557 |     let mut s_bind_out: Option<Vec<u8>> = None;
    |                                           ^^^^ this value is reassigned later and never used
...
581 |             s_bind_out = Some(s_bind.to_vec());
    |             ---------- `s_bind_out` is overwritten here before the previous value is read
    |
    = note: `#[warn(unused_assignments)]` (part of `#[warn(unused)]`) on by default

warning: field `claim_index` is never read
   --> src/bin/verify_proof.rs:161:5
    |
157 | struct WcSection {
    |        --------- field in this struct
...
161 |     claim_index: usize,
    |     ^^^^^^^^^^^
    |
    = note: `#[warn(dead_code)]` (part of `#[warn(unused)]`) on by default

warning: `ligero-verifier` (bin "verify_proof") generated 3 warnings (run `cargo fix --bin "verify_proof" -p ligero-verifier` to apply 1 suggestion)
    Finished `release` profile [optimized] target(s) in 18.96s
