W1005 22:33:51.660000 4854 torch/utils/cpp_extension.py:2425] TORCH_CUDA_ARCH_LIST is not set, all archs for visible cards are included for compilation. 
W1005 22:33:51.660000 4854 torch/utils/cpp_extension.py:2425] If this is not desired, please set os.environ['TORCH_CUDA_ARCH_LIST'] to specific architectures.
/workspace/verinf/prover/core.py:644: UserWarning: The given buffer is not writable, and PyTorch does not support non-writable tensors. This means you can write to the underlying (supposedly non-writable) buffer using the tensor. You may want to copy the buffer to protect its data or make it writable before converting it to a tensor. This type of warning will be suppressed for the rest of this program. (Triggered internally at /pytorch/torch/csrc/utils/tensor_new.cpp:1578.)
  return torch.frombuffer(bytes(master_seed), dtype=torch.uint8).cuda()
[sweep] op 1/47 (2%) elapsed=0.0m eta=0.0m cur=1.1GB
[sweep] op 2/47 (4%) elapsed=0.0m eta=0.0m cur=1.1GB
[sweep] op 3/47 (6%) elapsed=0.0m eta=0.0m cur=1.1GB
[sweep] op 4/47 (9%) elapsed=0.0m eta=0.0m cur=1.1GB
[sweep] op 5/47 (11%) elapsed=0.0m eta=0.0m cur=1.1GB
[sweep] op 6/47 (13%) elapsed=0.0m eta=0.0m cur=1.1GB
[sweep] op 7/47 (15%) elapsed=0.0m eta=0.0m cur=1.1GB
[sweep] op 8/47 (17%) elapsed=0.0m eta=0.0m cur=1.1GB
[sweep] op 9/47 (19%) elapsed=0.0m eta=0.0m cur=1.1GB
[sweep] op 10/47 (21%) elapsed=0.0m eta=0.0m cur=1.1GB
[sweep] op 11/47 (23%) elapsed=0.0m eta=0.0m cur=1.1GB
[sweep] op 12/47 (26%) elapsed=0.0m eta=0.0m cur=1.1GB
[sweep] op 13/47 (28%) elapsed=0.0m eta=0.0m cur=1.1GB
[sweep] op 14/47 (30%) elapsed=0.0m eta=0.0m cur=1.1GB
[sweep] op 15/47 (32%) elapsed=0.0m eta=0.0m cur=1.1GB
[sweep] op 16/47 (34%) elapsed=0.0m eta=0.0m cur=1.1GB
[sweep] op 17/47 (36%) elapsed=0.0m eta=0.0m cur=1.1GB
[sweep] op 18/47 (38%) elapsed=0.0m eta=0.0m cur=1.1GB
[sweep] op 19/47 (40%) elapsed=0.0m eta=0.0m cur=1.1GB
[sweep] op 20/47 (43%) elapsed=0.0m eta=0.0m cur=1.1GB
[sweep] op 21/47 (45%) elapsed=0.0m eta=0.0m cur=1.1GB
[sweep] op 22/47 (47%) elapsed=0.0m eta=0.0m cur=1.1GB
[sweep] op 23/47 (49%) elapsed=0.0m eta=0.0m cur=1.1GB
[sweep] op 24/47 (51%) elapsed=0.0m eta=0.0m cur=1.1GB
[sweep] op 25/47 (53%) elapsed=0.0m eta=0.0m cur=1.1GB
[sweep] op 26/47 (55%) elapsed=0.0m eta=0.0m cur=1.1GB
[sweep] op 27/47 (57%) elapsed=0.0m eta=0.0m cur=1.1GB
[sweep] op 28/47 (60%) elapsed=0.0m eta=0.0m cur=1.1GB
[sweep] op 29/47 (62%) elapsed=0.0m eta=0.0m cur=1.1GB
[sweep] op 30/47 (64%) elapsed=0.0m eta=0.0m cur=1.1GB
[sweep] op 31/47 (66%) elapsed=0.0m eta=0.0m cur=1.1GB
[sweep] op 32/47 (68%) elapsed=0.0m eta=0.0m cur=1.1GB
[sweep] op 33/47 (70%) elapsed=0.0m eta=0.0m cur=1.1GB
[sweep] op 34/47 (72%) elapsed=0.0m eta=0.0m cur=1.1GB
[sweep] op 35/47 (74%) elapsed=0.0m eta=0.0m cur=1.1GB
[sweep] op 36/47 (77%) elapsed=0.0m eta=0.0m cur=1.1GB
[sweep] op 37/47 (79%) elapsed=0.0m eta=0.0m cur=1.1GB
[sweep] op 38/47 (81%) elapsed=0.0m eta=0.0m cur=1.1GB
[sweep] op 39/47 (83%) elapsed=0.0m eta=0.0m cur=1.1GB
[sweep] op 40/47 (85%) elapsed=0.0m eta=0.0m cur=1.1GB
[sweep] op 41/47 (87%) elapsed=0.0m eta=0.0m cur=1.1GB
[sweep] op 42/47 (89%) elapsed=0.0m eta=0.0m cur=1.1GB
[sweep] op 43/47 (91%) elapsed=0.0m eta=0.0m cur=1.1GB
[sweep] op 44/47 (94%) elapsed=0.0m eta=0.0m cur=1.1GB
[sweep] op 45/47 (96%) elapsed=0.0m eta=0.0m cur=1.1GB
[sweep] op 46/47 (98%) elapsed=0.0m eta=0.0m cur=1.1GB
[sweep] op 47/47 (100%) elapsed=0.0m eta=0.0m cur=1.1GB
[sweep] op 1/47 (2%) elapsed=0.0m eta=0.0m cur=1.1GB
[sweep] op 2/47 (4%) elapsed=0.0m eta=0.0m cur=1.1GB
[sweep] op 3/47 (6%) elapsed=0.0m eta=0.0m cur=1.1GB
[sweep] op 4/47 (9%) elapsed=0.0m eta=0.0m cur=1.1GB
[sweep] op 5/47 (11%) elapsed=0.0m eta=0.0m cur=1.1GB
[sweep] op 6/47 (13%) elapsed=0.0m eta=0.0m cur=1.1GB
[sweep] op 7/47 (15%) elapsed=0.0m eta=0.0m cur=1.1GB
[sweep] op 8/47 (17%) elapsed=0.0m eta=0.0m cur=1.1GB
[sweep] op 9/47 (19%) elapsed=0.0m eta=0.0m cur=1.1GB
[sweep] op 10/47 (21%) elapsed=0.0m eta=0.0m cur=1.1GB
[sweep] op 11/47 (23%) elapsed=0.0m eta=0.0m cur=1.1GB
[sweep] op 12/47 (26%) elapsed=0.0m eta=0.0m cur=1.1GB
[sweep] op 13/47 (28%) elapsed=0.0m eta=0.0m cur=1.1GB
[sweep] op 14/47 (30%) elapsed=0.0m eta=0.0m cur=1.1GB
[sweep] op 15/47 (32%) elapsed=0.0m eta=0.0m cur=1.1GB
[sweep] op 16/47 (34%) elapsed=0.0m eta=0.0m cur=1.1GB
[sweep] op 17/47 (36%) elapsed=0.0m eta=0.0m cur=1.1GB
[sweep] op 18/47 (38%) elapsed=0.0m eta=0.0m cur=1.1GB
[sweep] op 19/47 (40%) elapsed=0.0m eta=0.0m cur=1.1GB
[sweep] op 20/47 (43%) elapsed=0.0m eta=0.0m cur=1.1GB
[sweep] op 21/47 (45%) elapsed=0.0m eta=0.0m cur=1.1GB
[sweep] op 22/47 (47%) elapsed=0.0m eta=0.0m cur=1.1GB
[sweep] op 23/47 (49%) elapsed=0.0m eta=0.0m cur=1.1GB
[sweep] op 24/47 (51%) elapsed=0.0m eta=0.0m cur=1.1GB
[sweep] op 25/47 (53%) elapsed=0.0m eta=0.0m cur=1.1GB
[sweep] op 26/47 (55%) elapsed=0.0m eta=0.0m cur=1.1GB
[sweep] op 27/47 (57%) elapsed=0.0m eta=0.0m cur=1.1GB
[sweep] op 28/47 (60%) elapsed=0.0m eta=0.0m cur=1.1GB
[sweep] op 29/47 (62%) elapsed=0.0m eta=0.0m cur=1.1GB
[sweep] op 30/47 (64%) elapsed=0.0m eta=0.0m cur=1.1GB
[sweep] op 31/47 (66%) elapsed=0.0m eta=0.0m cur=1.1GB
[sweep] op 32/47 (68%) elapsed=0.0m eta=0.0m cur=1.1GB
[sweep] op 33/47 (70%) elapsed=0.0m eta=0.0m cur=1.1GB
[sweep] op 34/47 (72%) elapsed=0.0m eta=0.0m cur=1.1GB
[sweep] op 35/47 (74%) elapsed=0.0m eta=0.0m cur=1.1GB
[sweep] op 36/47 (77%) elapsed=0.0m eta=0.0m cur=1.1GB
[sweep] op 37/47 (79%) elapsed=0.0m eta=0.0m cur=1.1GB
[sweep] op 38/47 (81%) elapsed=0.0m eta=0.0m cur=1.1GB
[sweep] op 39/47 (83%) elapsed=0.0m eta=0.0m cur=1.1GB
[sweep] op 40/47 (85%) elapsed=0.0m eta=0.0m cur=1.1GB
[sweep] op 41/47 (87%) elapsed=0.0m eta=0.0m cur=1.1GB
[sweep] op 42/47 (89%) elapsed=0.0m eta=0.0m cur=1.1GB
[sweep] op 43/47 (91%) elapsed=0.0m eta=0.0m cur=1.1GB
[sweep] op 44/47 (94%) elapsed=0.0m eta=0.0m cur=1.1GB
[sweep] op 45/47 (96%) elapsed=0.0m eta=0.0m cur=1.1GB
[sweep] op 46/47 (98%) elapsed=0.0m eta=0.0m cur=1.1GB
[sweep] op 47/47 (100%) elapsed=0.0m eta=0.0m cur=1.1GB
[sweep] op 1/47 (2%) elapsed=0.0m eta=0.0m cur=1.1GB
[sweep] op 2/47 (4%) elapsed=0.0m eta=0.0m cur=1.1GB
[sweep] op 3/47 (6%) elapsed=0.0m eta=0.0m cur=1.1GB
[sweep] op 4/47 (9%) elapsed=0.0m eta=0.0m cur=1.1GB
[sweep] op 5/47 (11%) elapsed=0.0m eta=0.0m cur=1.1GB
[sweep] op 6/47 (13%) elapsed=0.0m eta=0.0m cur=1.1GB
[sweep] op 7/47 (15%) elapsed=0.0m eta=0.0m cur=1.1GB
[sweep] op 8/47 (17%) elapsed=0.0m eta=0.0m cur=1.1GB
[sweep] op 9/47 (19%) elapsed=0.0m eta=0.0m cur=1.1GB
[sweep] op 10/47 (21%) elapsed=0.0m eta=0.0m cur=1.1GB
[sweep] op 11/47 (23%) elapsed=0.0m eta=0.0m cur=1.1GB
[sweep] op 12/47 (26%) elapsed=0.0m eta=0.0m cur=1.1GB
[sweep] op 13/47 (28%) elapsed=0.0m eta=0.0m cur=1.1GB
[sweep] op 14/47 (30%) elapsed=0.0m eta=0.0m cur=1.1GB
[sweep] op 15/47 (32%) elapsed=0.0m eta=0.0m cur=1.1GB
[sweep] op 16/47 (34%) elapsed=0.0m eta=0.0m cur=1.1GB
[sweep] op 17/47 (36%) elapsed=0.0m eta=0.0m cur=1.1GB
[sweep] op 18/47 (38%) elapsed=0.0m eta=0.0m cur=1.1GB
[sweep] op 19/47 (40%) elapsed=0.0m eta=0.0m cur=1.1GB
[sweep] op 20/47 (43%) elapsed=0.0m eta=0.0m cur=1.1GB
[sweep] op 21/47 (45%) elapsed=0.0m eta=0.0m cur=1.1GB
[sweep] op 22/47 (47%) elapsed=0.0m eta=0.0m cur=1.1GB
[sweep] op 23/47 (49%) elapsed=0.0m eta=0.0m cur=1.1GB
[sweep] op 24/47 (51%) elapsed=0.0m eta=0.0m cur=1.1GB
[sweep] op 25/47 (53%) elapsed=0.0m eta=0.0m cur=1.1GB
[sweep] op 26/47 (55%) elapsed=0.0m eta=0.0m cur=1.1GB
[sweep] op 27/47 (57%) elapsed=0.0m eta=0.0m cur=1.1GB
[sweep] op 28/47 (60%) elapsed=0.0m eta=0.0m cur=1.1GB
[sweep] op 29/47 (62%) elapsed=0.0m eta=0.0m cur=1.1GB
[sweep] op 30/47 (64%) elapsed=0.0m eta=0.0m cur=1.1GB
[sweep] op 31/47 (66%) elapsed=0.0m eta=0.0m cur=1.1GB
[sweep] op 32/47 (68%) elapsed=0.0m eta=0.0m cur=1.1GB
[sweep] op 33/47 (70%) elapsed=0.0m eta=0.0m cur=1.1GB
[sweep] op 34/47 (72%) elapsed=0.0m eta=0.0m cur=1.1GB
[sweep] op 35/47 (74%) elapsed=0.0m eta=0.0m cur=1.1GB
[sweep] op 36/47 (77%) elapsed=0.0m eta=0.0m cur=1.1GB
[sweep] op 37/47 (79%) elapsed=0.0m eta=0.0m cur=1.1GB
[sweep] op 38/47 (81%) elapsed=0.0m eta=0.0m cur=1.1GB
[sweep] op 39/47 (83%) elapsed=0.0m eta=0.0m cur=1.1GB
[sweep] op 40/47 (85%) elapsed=0.0m eta=0.0m cur=1.1GB
[sweep] op 41/47 (87%) elapsed=0.0m eta=0.0m cur=1.1GB
[sweep] op 42/47 (89%) elapsed=0.0m eta=0.0m cur=1.1GB
[sweep] op 43/47 (91%) elapsed=0.0m eta=0.0m cur=1.1GB
[sweep] op 44/47 (94%) elapsed=0.0m eta=0.0m cur=1.1GB
[sweep] op 45/47 (96%) elapsed=0.0m eta=0.0m cur=1.1GB
[sweep] op 46/47 (98%) elapsed=0.0m eta=0.0m cur=1.1GB
[sweep] op 47/47 (100%) elapsed=0.0m eta=0.0m cur=1.1GB
[sweep] op 1/47 (2%) elapsed=0.0m eta=0.0m cur=1.7GB
[sweep] op 2/47 (4%) elapsed=0.0m eta=0.0m cur=1.7GB
[sweep] op 3/47 (6%) elapsed=0.0m eta=0.0m cur=1.7GB
[sweep] op 4/47 (9%) elapsed=0.0m eta=0.0m cur=1.7GB
[sweep] op 5/47 (11%) elapsed=0.0m eta=0.0m cur=1.7GB
[sweep] op 6/47 (13%) elapsed=0.0m eta=0.0m cur=1.7GB
[sweep] op 7/47 (15%) elapsed=0.0m eta=0.0m cur=1.7GB
[sweep] op 8/47 (17%) elapsed=0.0m eta=0.0m cur=1.7GB
[sweep] op 9/47 (19%) elapsed=0.0m eta=0.0m cur=1.7GB
[sweep] op 10/47 (21%) elapsed=0.0m eta=0.0m cur=1.7GB
[sweep] op 11/47 (23%) elapsed=0.0m eta=0.0m cur=1.7GB
[sweep] op 12/47 (26%) elapsed=0.0m eta=0.0m cur=1.7GB
[sweep] op 13/47 (28%) elapsed=0.0m eta=0.0m cur=1.7GB
[sweep] op 14/47 (30%) elapsed=0.0m eta=0.0m cur=1.7GB
[sweep] op 15/47 (32%) elapsed=0.0m eta=0.0m cur=1.7GB
[sweep] op 16/47 (34%) elapsed=0.0m eta=0.0m cur=1.7GB
[sweep] op 17/47 (36%) elapsed=0.0m eta=0.0m cur=1.7GB
[sweep] op 18/47 (38%) elapsed=0.0m eta=0.0m cur=1.7GB
[sweep] op 19/47 (40%) elapsed=0.0m eta=0.0m cur=1.7GB
[sweep] op 20/47 (43%) elapsed=0.0m eta=0.0m cur=1.7GB
[sweep] op 21/47 (45%) elapsed=0.0m eta=0.0m cur=1.7GB
[sweep] op 22/47 (47%) elapsed=0.0m eta=0.0m cur=1.7GB
[sweep] op 23/47 (49%) elapsed=0.0m eta=0.0m cur=1.7GB
[sweep] op 24/47 (51%) elapsed=0.0m eta=0.0m cur=1.7GB
[sweep] op 25/47 (53%) elapsed=0.0m eta=0.0m cur=1.7GB
[sweep] op 26/47 (55%) elapsed=0.0m eta=0.0m cur=1.7GB
[sweep] op 27/47 (57%) elapsed=0.0m eta=0.0m cur=1.7GB
[sweep] op 28/47 (60%) elapsed=0.0m eta=0.0m cur=1.7GB
[sweep] op 29/47 (62%) elapsed=0.0m eta=0.0m cur=1.7GB
[sweep] op 30/47 (64%) elapsed=0.0m eta=0.0m cur=1.7GB
[sweep] op 31/47 (66%) elapsed=0.0m eta=0.0m cur=1.7GB
[sweep] op 32/47 (68%) elapsed=0.0m eta=0.0m cur=1.7GB
[sweep] op 33/47 (70%) elapsed=0.0m eta=0.0m cur=1.7GB
[sweep] op 34/47 (72%) elapsed=0.0m eta=0.0m cur=1.7GB
[sweep] op 35/47 (74%) elapsed=0.0m eta=0.0m cur=1.7GB
[sweep] op 36/47 (77%) elapsed=0.0m eta=0.0m cur=1.7GB
[sweep] op 37/47 (79%) elapsed=0.0m eta=0.0m cur=1.7GB
[sweep] op 38/47 (81%) elapsed=0.0m eta=0.0m cur=1.7GB
[sweep] op 39/47 (83%) elapsed=0.0m eta=0.0m cur=1.7GB
[sweep] op 40/47 (85%) elapsed=0.0m eta=0.0m cur=1.7GB
[sweep] op 41/47 (87%) elapsed=0.1m eta=0.0m cur=1.7GB
[sweep] op 42/47 (89%) elapsed=0.1m eta=0.0m cur=1.7GB
[sweep] op 43/47 (91%) elapsed=0.1m eta=0.0m cur=1.7GB
[sweep] op 44/47 (94%) elapsed=0.1m eta=0.0m cur=1.7GB
[sweep] op 45/47 (96%) elapsed=0.1m eta=0.0m cur=1.7GB
[sweep] op 46/47 (98%) elapsed=0.1m eta=0.0m cur=1.7GB
[sweep] op 47/47 (100%) elapsed=0.1m eta=0.0m cur=1.7GB
[sweep] op 1/47 (2%) elapsed=0.0m eta=0.0m cur=1.7GB
[sweep] op 2/47 (4%) elapsed=0.0m eta=0.0m cur=1.7GB
[sweep] op 3/47 (6%) elapsed=0.0m eta=0.0m cur=1.7GB
[sweep] op 4/47 (9%) elapsed=0.0m eta=0.0m cur=1.7GB
[sweep] op 5/47 (11%) elapsed=0.0m eta=0.0m cur=1.7GB
[sweep] op 6/47 (13%) elapsed=0.0m eta=0.0m cur=1.7GB
[sweep] op 7/47 (15%) elapsed=0.0m eta=0.0m cur=1.7GB
[sweep] op 8/47 (17%) elapsed=0.0m eta=0.0m cur=1.7GB
[sweep] op 9/47 (19%) elapsed=0.0m eta=0.0m cur=1.7GB
[sweep] op 10/47 (21%) elapsed=0.0m eta=0.0m cur=1.7GB
[sweep] op 11/47 (23%) elapsed=0.0m eta=0.0m cur=1.7GB
[sweep] op 12/47 (26%) elapsed=0.0m eta=0.0m cur=1.7GB
[sweep] op 13/47 (28%) elapsed=0.0m eta=0.0m cur=1.7GB
[sweep] op 14/47 (30%) elapsed=0.0m eta=0.0m cur=1.7GB
[sweep] op 15/47 (32%) elapsed=0.0m eta=0.0m cur=1.7GB
[sweep] op 16/47 (34%) elapsed=0.0m eta=0.0m cur=1.7GB
[sweep] op 17/47 (36%) elapsed=0.0m eta=0.0m cur=1.7GB
[sweep] op 18/47 (38%) elapsed=0.0m eta=0.0m cur=1.7GB
[sweep] op 19/47 (40%) elapsed=0.0m eta=0.0m cur=1.7GB
[sweep] op 20/47 (43%) elapsed=0.0m eta=0.0m cur=1.7GB
[sweep] op 21/47 (45%) elapsed=0.0m eta=0.0m cur=1.7GB
[sweep] op 22/47 (47%) elapsed=0.0m eta=0.0m cur=1.7GB
[sweep] op 23/47 (49%) elapsed=0.0m eta=0.0m cur=1.7GB
[sweep] op 24/47 (51%) elapsed=0.0m eta=0.0m cur=1.7GB
[sweep] op 25/47 (53%) elapsed=0.0m eta=0.0m cur=1.7GB
[sweep] op 26/47 (55%) elapsed=0.0m eta=0.0m cur=1.7GB
[sweep] op 27/47 (57%) elapsed=0.0m eta=0.0m cur=1.7GB
[sweep] op 28/47 (60%) elapsed=0.0m eta=0.0m cur=1.7GB
[sweep] op 29/47 (62%) elapsed=0.0m eta=0.0m cur=1.7GB
[sweep] op 30/47 (64%) elapsed=0.0m eta=0.0m cur=1.7GB
[sweep] op 31/47 (66%) elapsed=0.0m eta=0.0m cur=1.7GB
[sweep] op 32/47 (68%) elapsed=0.0m eta=0.0m cur=1.7GB
[sweep] op 33/47 (70%) elapsed=0.0m eta=0.0m cur=1.7GB
[sweep] op 34/47 (72%) elapsed=0.0m eta=0.0m cur=1.7GB
[sweep] op 35/47 (74%) elapsed=0.0m eta=0.0m cur=1.7GB
[sweep] op 36/47 (77%) elapsed=0.0m eta=0.0m cur=1.7GB
[sweep] op 37/47 (79%) elapsed=0.0m eta=0.0m cur=1.7GB
[sweep] op 38/47 (81%) elapsed=0.0m eta=0.0m cur=1.7GB
[sweep] op 39/47 (83%) elapsed=0.0m eta=0.0m cur=1.7GB
[sweep] op 40/47 (85%) elapsed=0.0m eta=0.0m cur=1.7GB
[sweep] op 41/47 (87%) elapsed=0.0m eta=0.0m cur=1.7GB
[sweep] op 42/47 (89%) elapsed=0.0m eta=0.0m cur=1.7GB
[sweep] op 43/47 (91%) elapsed=0.0m eta=0.0m cur=1.7GB
[sweep] op 44/47 (94%) elapsed=0.0m eta=0.0m cur=1.7GB
[sweep] op 45/47 (96%) elapsed=0.0m eta=0.0m cur=1.7GB
[sweep] op 46/47 (98%) elapsed=0.0m eta=0.0m cur=1.7GB
[sweep] op 47/47 (100%) elapsed=0.0m eta=0.0m cur=1.7GB
  [stream-sound] 5 rounds done; opened columns match committed leaves: True; W-block rows 996; W-ref True; Wnew rows 0; p3 rows 9; peak 3.27 GB
[sweep] op 1/47 (2%) elapsed=0.0m eta=0.0m cur=2.2GB
[sweep] op 2/47 (4%) elapsed=0.0m eta=0.0m cur=2.2GB
[sweep] op 3/47 (6%) elapsed=0.0m eta=0.0m cur=2.2GB
[sweep] op 4/47 (9%) elapsed=0.0m eta=0.0m cur=2.2GB
[sweep] op 5/47 (11%) elapsed=0.0m eta=0.0m cur=2.2GB
[sweep] op 6/47 (13%) elapsed=0.0m eta=0.0m cur=2.2GB
[sweep] op 7/47 (15%) elapsed=0.0m eta=0.0m cur=2.2GB
[sweep] op 8/47 (17%) elapsed=0.0m eta=0.0m cur=2.2GB
[sweep] op 9/47 (19%) elapsed=0.0m eta=0.0m cur=2.2GB
[sweep] op 10/47 (21%) elapsed=0.0m eta=0.0m cur=2.2GB
[sweep] op 11/47 (23%) elapsed=0.0m eta=0.0m cur=2.2GB
[sweep] op 12/47 (26%) elapsed=0.0m eta=0.0m cur=2.2GB
[sweep] op 13/47 (28%) elapsed=0.0m eta=0.0m cur=2.2GB
[sweep] op 14/47 (30%) elapsed=0.0m eta=0.0m cur=2.2GB
[sweep] op 15/47 (32%) elapsed=0.0m eta=0.0m cur=2.2GB
[sweep] op 16/47 (34%) elapsed=0.0m eta=0.0m cur=2.2GB
[sweep] op 17/47 (36%) elapsed=0.0m eta=0.0m cur=2.2GB
[sweep] op 18/47 (38%) elapsed=0.0m eta=0.0m cur=2.2GB
[sweep] op 19/47 (40%) elapsed=0.0m eta=0.0m cur=2.2GB
[sweep] op 20/47 (43%) elapsed=0.0m eta=0.0m cur=2.2GB
[sweep] op 21/47 (45%) elapsed=0.0m eta=0.0m cur=2.2GB
[sweep] op 22/47 (47%) elapsed=0.0m eta=0.0m cur=2.2GB
[sweep] op 23/47 (49%) elapsed=0.0m eta=0.0m cur=2.2GB
[sweep] op 24/47 (51%) elapsed=0.0m eta=0.0m cur=2.2GB
[sweep] op 25/47 (53%) elapsed=0.0m eta=0.0m cur=2.2GB
[sweep] op 26/47 (55%) elapsed=0.0m eta=0.0m cur=2.2GB
[sweep] op 27/47 (57%) elapsed=0.0m eta=0.0m cur=2.2GB
[sweep] op 28/47 (60%) elapsed=0.0m eta=0.0m cur=2.2GB
[sweep] op 29/47 (62%) elapsed=0.0m eta=0.0m cur=2.2GB
[sweep] op 30/47 (64%) elapsed=0.0m eta=0.0m cur=2.2GB
[sweep] op 31/47 (66%) elapsed=0.0m eta=0.0m cur=2.2GB
[sweep] op 32/47 (68%) elapsed=0.0m eta=0.0m cur=2.2GB
[sweep] op 33/47 (70%) elapsed=0.0m eta=0.0m cur=2.2GB
[sweep] op 34/47 (72%) elapsed=0.0m eta=0.0m cur=2.2GB
[sweep] op 35/47 (74%) elapsed=0.0m eta=0.0m cur=2.2GB
[sweep] op 36/47 (77%) elapsed=0.0m eta=0.0m cur=2.2GB
[sweep] op 37/47 (79%) elapsed=0.0m eta=0.0m cur=2.2GB
[sweep] op 38/47 (81%) elapsed=0.0m eta=0.0m cur=2.2GB
[sweep] op 39/47 (83%) elapsed=0.0m eta=0.0m cur=2.2GB
[sweep] op 40/47 (85%) elapsed=0.0m eta=0.0m cur=2.2GB
[sweep] op 41/47 (87%) elapsed=0.0m eta=0.0m cur=2.2GB
[sweep] op 42/47 (89%) elapsed=0.0m eta=0.0m cur=2.2GB
[sweep] op 43/47 (91%) elapsed=0.0m eta=0.0m cur=2.2GB
[sweep] op 44/47 (94%) elapsed=0.0m eta=0.0m cur=2.2GB
[sweep] op 45/47 (96%) elapsed=0.0m eta=0.0m cur=2.2GB
[sweep] op 46/47 (98%) elapsed=0.0m eta=0.0m cur=2.2GB
[sweep] op 47/47 (100%) elapsed=0.0m eta=0.0m cur=2.2GB
[sweep] op 1/47 (2%) elapsed=0.0m eta=0.0m cur=2.2GB
[sweep] op 2/47 (4%) elapsed=0.0m eta=0.0m cur=2.2GB
[sweep] op 3/47 (6%) elapsed=0.0m eta=0.0m cur=2.2GB
[sweep] op 4/47 (9%) elapsed=0.0m eta=0.0m cur=2.2GB
[sweep] op 5/47 (11%) elapsed=0.0m eta=0.0m cur=2.2GB
[sweep] op 6/47 (13%) elapsed=0.0m eta=0.0m cur=2.2GB
[sweep] op 7/47 (15%) elapsed=0.0m eta=0.0m cur=2.2GB
[sweep] op 8/47 (17%) elapsed=0.0m eta=0.0m cur=2.2GB
[sweep] op 9/47 (19%) elapsed=0.0m eta=0.0m cur=2.2GB
[sweep] op 10/47 (21%) elapsed=0.0m eta=0.0m cur=2.2GB
[sweep] op 11/47 (23%) elapsed=0.0m eta=0.0m cur=2.2GB
[sweep] op 12/47 (26%) elapsed=0.0m eta=0.0m cur=2.2GB
[sweep] op 13/47 (28%) elapsed=0.0m eta=0.0m cur=2.2GB
[sweep] op 14/47 (30%) elapsed=0.0m eta=0.0m cur=2.2GB
[sweep] op 15/47 (32%) elapsed=0.0m eta=0.0m cur=2.2GB
[sweep] op 16/47 (34%) elapsed=0.0m eta=0.0m cur=2.2GB
[sweep] op 17/47 (36%) elapsed=0.0m eta=0.0m cur=2.2GB
[sweep] op 18/47 (38%) elapsed=0.0m eta=0.0m cur=2.2GB
[sweep] op 19/47 (40%) elapsed=0.0m eta=0.0m cur=2.2GB
[sweep] op 20/47 (43%) elapsed=0.0m eta=0.0m cur=2.2GB
[sweep] op 21/47 (45%) elapsed=0.0m eta=0.0m cur=2.2GB
[sweep] op 22/47 (47%) elapsed=0.0m eta=0.0m cur=2.2GB
[sweep] op 23/47 (49%) elapsed=0.0m eta=0.0m cur=2.2GB
[sweep] op 24/47 (51%) elapsed=0.0m eta=0.0m cur=2.2GB
[sweep] op 25/47 (53%) elapsed=0.0m eta=0.0m cur=2.2GB
[sweep] op 26/47 (55%) elapsed=0.0m eta=0.0m cur=2.2GB
[sweep] op 27/47 (57%) elapsed=0.0m eta=0.0m cur=2.2GB
[sweep] op 28/47 (60%) elapsed=0.0m eta=0.0m cur=2.2GB
[sweep] op 29/47 (62%) elapsed=0.0m eta=0.0m cur=2.2GB
[sweep] op 30/47 (64%) elapsed=0.0m eta=0.0m cur=2.2GB
[sweep] op 31/47 (66%) elapsed=0.0m eta=0.0m cur=2.2GB
[sweep] op 32/47 (68%) elapsed=0.0m eta=0.0m cur=2.2GB
[sweep] op 33/47 (70%) elapsed=0.0m eta=0.0m cur=2.2GB
[sweep] op 34/47 (72%) elapsed=0.0m eta=0.0m cur=2.2GB
[sweep] op 35/47 (74%) elapsed=0.0m eta=0.0m cur=2.2GB
[sweep] op 36/47 (77%) elapsed=0.0m eta=0.0m cur=2.2GB
[sweep] op 37/47 (79%) elapsed=0.0m eta=0.0m cur=2.2GB
[sweep] op 38/47 (81%) elapsed=0.0m eta=0.0m cur=2.2GB
[sweep] op 39/47 (83%) elapsed=0.0m eta=0.0m cur=2.2GB
[sweep] op 40/47 (85%) elapsed=0.0m eta=0.0m cur=2.2GB
[sweep] op 41/47 (87%) elapsed=0.0m eta=0.0m cur=2.2GB
[sweep] op 42/47 (89%) elapsed=0.0m eta=0.0m cur=2.2GB
[sweep] op 43/47 (91%) elapsed=0.0m eta=0.0m cur=2.2GB
[sweep] op 44/47 (94%) elapsed=0.0m eta=0.0m cur=2.2GB
[sweep] op 45/47 (96%) elapsed=0.0m eta=0.0m cur=2.2GB
[sweep] op 46/47 (98%) elapsed=0.0m eta=0.0m cur=2.2GB
[sweep] op 47/47 (100%) elapsed=0.0m eta=0.0m cur=2.2GB
[sweep] op 1/47 (2%) elapsed=0.0m eta=0.0m cur=2.2GB
[sweep] op 2/47 (4%) elapsed=0.0m eta=0.0m cur=2.2GB
[sweep] op 3/47 (6%) elapsed=0.0m eta=0.0m cur=2.2GB
[sweep] op 4/47 (9%) elapsed=0.0m eta=0.0m cur=2.2GB
[sweep] op 5/47 (11%) elapsed=0.0m eta=0.0m cur=2.2GB
[sweep] op 6/47 (13%) elapsed=0.0m eta=0.0m cur=2.2GB
[sweep] op 7/47 (15%) elapsed=0.0m eta=0.0m cur=2.2GB
[sweep] op 8/47 (17%) elapsed=0.0m eta=0.0m cur=2.2GB
[sweep] op 9/47 (19%) elapsed=0.0m eta=0.0m cur=2.2GB
[sweep] op 10/47 (21%) elapsed=0.0m eta=0.0m cur=2.2GB
[sweep] op 11/47 (23%) elapsed=0.0m eta=0.0m cur=2.2GB
[sweep] op 12/47 (26%) elapsed=0.0m eta=0.0m cur=2.2GB
[sweep] op 13/47 (28%) elapsed=0.0m eta=0.0m cur=2.2GB
[sweep] op 14/47 (30%) elapsed=0.0m eta=0.0m cur=2.2GB
[sweep] op 15/47 (32%) elapsed=0.0m eta=0.0m cur=2.2GB
[sweep] op 16/47 (34%) elapsed=0.0m eta=0.0m cur=2.2GB
[sweep] op 17/47 (36%) elapsed=0.0m eta=0.0m cur=2.2GB
[sweep] op 18/47 (38%) elapsed=0.0m eta=0.0m cur=2.2GB
[sweep] op 19/47 (40%) elapsed=0.0m eta=0.0m cur=2.2GB
[sweep] op 20/47 (43%) elapsed=0.0m eta=0.0m cur=2.2GB
[sweep] op 21/47 (45%) elapsed=0.0m eta=0.0m cur=2.2GB
[sweep] op 22/47 (47%) elapsed=0.0m eta=0.0m cur=2.2GB
[sweep] op 23/47 (49%) elapsed=0.0m eta=0.0m cur=2.2GB
[sweep] op 24/47 (51%) elapsed=0.0m eta=0.0m cur=2.2GB
[sweep] op 25/47 (53%) elapsed=0.0m eta=0.0m cur=2.2GB
[sweep] op 26/47 (55%) elapsed=0.0m eta=0.0m cur=2.2GB
[sweep] op 27/47 (57%) elapsed=0.0m eta=0.0m cur=2.2GB
[sweep] op 28/47 (60%) elapsed=0.0m eta=0.0m cur=2.2GB
[sweep] op 29/47 (62%) elapsed=0.0m eta=0.0m cur=2.2GB
[sweep] op 30/47 (64%) elapsed=0.0m eta=0.0m cur=2.2GB
[sweep] op 31/47 (66%) elapsed=0.0m eta=0.0m cur=2.2GB
[sweep] op 32/47 (68%) elapsed=0.0m eta=0.0m cur=2.2GB
[sweep] op 33/47 (70%) elapsed=0.0m eta=0.0m cur=2.2GB
[sweep] op 34/47 (72%) elapsed=0.0m eta=0.0m cur=2.2GB
[sweep] op 35/47 (74%) elapsed=0.0m eta=0.0m cur=2.2GB
[sweep] op 36/47 (77%) elapsed=0.0m eta=0.0m cur=2.2GB
[sweep] op 37/47 (79%) elapsed=0.0m eta=0.0m cur=2.2GB
[sweep] op 38/47 (81%) elapsed=0.0m eta=0.0m cur=2.2GB
[sweep] op 39/47 (83%) elapsed=0.0m eta=0.0m cur=2.2GB
[sweep] op 40/47 (85%) elapsed=0.0m eta=0.0m cur=2.2GB
[sweep] op 41/47 (87%) elapsed=0.0m eta=0.0m cur=2.2GB
[sweep] op 42/47 (89%) elapsed=0.0m eta=0.0m cur=2.2GB
[sweep] op 43/47 (91%) elapsed=0.0m eta=0.0m cur=2.2GB
[sweep] op 44/47 (94%) elapsed=0.0m eta=0.0m cur=2.2GB
[sweep] op 45/47 (96%) elapsed=0.0m eta=0.0m cur=2.2GB
[sweep] op 46/47 (98%) elapsed=0.0m eta=0.0m cur=2.2GB
[sweep] op 47/47 (100%) elapsed=0.0m eta=0.0m cur=2.2GB
[sweep] op 1/47 (2%) elapsed=0.0m eta=0.0m cur=2.8GB
[sweep] op 2/47 (4%) elapsed=0.0m eta=0.0m cur=2.8GB
[sweep] op 3/47 (6%) elapsed=0.0m eta=0.0m cur=2.8GB
[sweep] op 4/47 (9%) elapsed=0.0m eta=0.0m cur=2.8GB
[sweep] op 5/47 (11%) elapsed=0.0m eta=0.0m cur=2.8GB
[sweep] op 6/47 (13%) elapsed=0.0m eta=0.0m cur=2.8GB
[sweep] op 7/47 (15%) elapsed=0.0m eta=0.0m cur=2.8GB
[sweep] op 8/47 (17%) elapsed=0.0m eta=0.0m cur=2.8GB
[sweep] op 9/47 (19%) elapsed=0.0m eta=0.0m cur=2.8GB
[sweep] op 10/47 (21%) elapsed=0.0m eta=0.0m cur=2.8GB
[sweep] op 11/47 (23%) elapsed=0.0m eta=0.0m cur=2.8GB
[sweep] op 12/47 (26%) elapsed=0.0m eta=0.0m cur=2.8GB
[sweep] op 13/47 (28%) elapsed=0.0m eta=0.0m cur=2.8GB
[sweep] op 14/47 (30%) elapsed=0.0m eta=0.0m cur=2.8GB
[sweep] op 15/47 (32%) elapsed=0.0m eta=0.0m cur=2.8GB
[sweep] op 16/47 (34%) elapsed=0.0m eta=0.0m cur=2.8GB
[sweep] op 17/47 (36%) elapsed=0.0m eta=0.0m cur=2.8GB
[sweep] op 18/47 (38%) elapsed=0.0m eta=0.0m cur=2.8GB
[sweep] op 19/47 (40%) elapsed=0.0m eta=0.0m cur=2.8GB
[sweep] op 20/47 (43%) elapsed=0.0m eta=0.0m cur=2.8GB
[sweep] op 21/47 (45%) elapsed=0.0m eta=0.0m cur=2.8GB
[sweep] op 22/47 (47%) elapsed=0.0m eta=0.0m cur=2.8GB
[sweep] op 23/47 (49%) elapsed=0.0m eta=0.0m cur=2.8GB
[sweep] op 24/47 (51%) elapsed=0.0m eta=0.0m cur=2.8GB
[sweep] op 25/47 (53%) elapsed=0.0m eta=0.0m cur=2.8GB
[sweep] op 26/47 (55%) elapsed=0.0m eta=0.0m cur=2.8GB
[sweep] op 27/47 (57%) elapsed=0.0m eta=0.0m cur=2.8GB
[sweep] op 28/47 (60%) elapsed=0.0m eta=0.0m cur=2.8GB
[sweep] op 29/47 (62%) elapsed=0.0m eta=0.0m cur=2.8GB
[sweep] op 30/47 (64%) elapsed=0.0m eta=0.0m cur=2.8GB
[sweep] op 31/47 (66%) elapsed=0.0m eta=0.0m cur=2.8GB
[sweep] op 32/47 (68%) elapsed=0.0m eta=0.0m cur=2.8GB
[sweep] op 33/47 (70%) elapsed=0.0m eta=0.0m cur=2.8GB
[sweep] op 34/47 (72%) elapsed=0.0m eta=0.0m cur=2.8GB
[sweep] op 35/47 (74%) elapsed=0.0m eta=0.0m cur=2.8GB
[sweep] op 36/47 (77%) elapsed=0.0m eta=0.0m cur=2.8GB
[sweep] op 37/47 (79%) elapsed=0.0m eta=0.0m cur=2.8GB
[sweep] op 38/47 (81%) elapsed=0.0m eta=0.0m cur=2.8GB
[sweep] op 39/47 (83%) elapsed=0.0m eta=0.0m cur=2.8GB
[sweep] op 40/47 (85%) elapsed=0.0m eta=0.0m cur=2.8GB
[sweep] op 41/47 (87%) elapsed=0.1m eta=0.0m cur=2.8GB
[sweep] op 42/47 (89%) elapsed=0.1m eta=0.0m cur=2.8GB
[sweep] op 43/47 (91%) elapsed=0.1m eta=0.0m cur=2.8GB
[sweep] op 44/47 (94%) elapsed=0.1m eta=0.0m cur=2.8GB
[sweep] op 45/47 (96%) elapsed=0.1m eta=0.0m cur=2.8GB
[sweep] op 46/47 (98%) elapsed=0.1m eta=0.0m cur=2.8GB
[sweep] op 47/47 (100%) elapsed=0.1m eta=0.0m cur=2.8GB
[sweep] op 1/47 (2%) elapsed=0.0m eta=0.0m cur=2.8GB
[sweep] op 2/47 (4%) elapsed=0.0m eta=0.0m cur=2.8GB
[sweep] op 3/47 (6%) elapsed=0.0m eta=0.0m cur=2.8GB
[sweep] op 4/47 (9%) elapsed=0.0m eta=0.0m cur=2.8GB
[sweep] op 5/47 (11%) elapsed=0.0m eta=0.0m cur=2.8GB
[sweep] op 6/47 (13%) elapsed=0.0m eta=0.0m cur=2.8GB
[sweep] op 7/47 (15%) elapsed=0.0m eta=0.0m cur=2.8GB
[sweep] op 8/47 (17%) elapsed=0.0m eta=0.0m cur=2.8GB
[sweep] op 9/47 (19%) elapsed=0.0m eta=0.0m cur=2.8GB
[sweep] op 10/47 (21%) elapsed=0.0m eta=0.0m cur=2.8GB
[sweep] op 11/47 (23%) elapsed=0.0m eta=0.0m cur=2.8GB
[sweep] op 12/47 (26%) elapsed=0.0m eta=0.0m cur=2.8GB
[sweep] op 13/47 (28%) elapsed=0.0m eta=0.0m cur=2.8GB
[sweep] op 14/47 (30%) elapsed=0.0m eta=0.0m cur=2.8GB
[sweep] op 15/47 (32%) elapsed=0.0m eta=0.0m cur=2.8GB
[sweep] op 16/47 (34%) elapsed=0.0m eta=0.0m cur=2.8GB
[sweep] op 17/47 (36%) elapsed=0.0m eta=0.0m cur=2.8GB
[sweep] op 18/47 (38%) elapsed=0.0m eta=0.0m cur=2.8GB
[sweep] op 19/47 (40%) elapsed=0.0m eta=0.0m cur=2.8GB
[sweep] op 20/47 (43%) elapsed=0.0m eta=0.0m cur=2.8GB
[sweep] op 21/47 (45%) elapsed=0.0m eta=0.0m cur=2.8GB
[sweep] op 22/47 (47%) elapsed=0.0m eta=0.0m cur=2.8GB
[sweep] op 23/47 (49%) elapsed=0.0m eta=0.0m cur=2.8GB
[sweep] op 24/47 (51%) elapsed=0.0m eta=0.0m cur=2.8GB
[sweep] op 25/47 (53%) elapsed=0.0m eta=0.0m cur=2.8GB
[sweep] op 26/47 (55%) elapsed=0.0m eta=0.0m cur=2.8GB
[sweep] op 27/47 (57%) elapsed=0.0m eta=0.0m cur=2.8GB
[sweep] op 28/47 (60%) elapsed=0.0m eta=0.0m cur=2.8GB
[sweep] op 29/47 (62%) elapsed=0.0m eta=0.0m cur=2.8GB
[sweep] op 30/47 (64%) elapsed=0.0m eta=0.0m cur=2.8GB
[sweep] op 31/47 (66%) elapsed=0.0m eta=0.0m cur=2.8GB
[sweep] op 32/47 (68%) elapsed=0.0m eta=0.0m cur=2.8GB
[sweep] op 33/47 (70%) elapsed=0.0m eta=0.0m cur=2.8GB
[sweep] op 34/47 (72%) elapsed=0.0m eta=0.0m cur=2.8GB
[sweep] op 35/47 (74%) elapsed=0.0m eta=0.0m cur=2.8GB
[sweep] op 36/47 (77%) elapsed=0.0m eta=0.0m cur=2.8GB
[sweep] op 37/47 (79%) elapsed=0.0m eta=0.0m cur=2.8GB
[sweep] op 38/47 (81%) elapsed=0.0m eta=0.0m cur=2.8GB
[sweep] op 39/47 (83%) elapsed=0.0m eta=0.0m cur=2.8GB
[sweep] op 40/47 (85%) elapsed=0.0m eta=0.0m cur=2.8GB
[sweep] op 41/47 (87%) elapsed=0.0m eta=0.0m cur=2.8GB
[sweep] op 42/47 (89%) elapsed=0.0m eta=0.0m cur=2.8GB
[sweep] op 43/47 (91%) elapsed=0.0m eta=0.0m cur=2.8GB
[sweep] op 44/47 (94%) elapsed=0.0m eta=0.0m cur=2.8GB
[sweep] op 45/47 (96%) elapsed=0.0m eta=0.0m cur=2.8GB
[sweep] op 46/47 (98%) elapsed=0.0m eta=0.0m cur=2.8GB
[sweep] op 47/47 (100%) elapsed=0.0m eta=0.0m cur=2.8GB
  [stream-sound] 5 rounds done; opened columns match committed leaves: True; W-block rows 996; W-ref True; Wnew rows 0; p3 rows 9; peak 4.36 GB
  [binding] {'gain_bump': True}: Rust ACCEPT under the honest anchors; statement unchanged; 255/256 output values differ from the honest run
Traceback (most recent call last):
  File "/workspace/verinf/prover/tests/run_tests.py", line 13, in <module>
    getattr(mod, n)()
  File "/workspace/verinf/prover/tests/test_maverick_binding_negatives.py", line 179, in test_an_altered_gain_rejects_under_the_honest_anchors
    assert not acc, ("g_out altered in one channel ACCEPTED under the honest weight root and "
           ^^^^^^^
AssertionError: g_out altered in one channel ACCEPTED under the honest weight root and statement digest while 255 output values differ: the gain is unbound
  FAIL test_an_altered_gain_rejects_under_the_honest_anchors: AssertionError: g_out altered in one channel ACCEPTED under the honest weight root and statement digest while 255 output values differ: the gain is unbound
[sweep] op 1/47 (2%) elapsed=0.0m eta=0.0m cur=3.3GB
[sweep] op 2/47 (4%) elapsed=0.0m eta=0.0m cur=3.3GB
[sweep] op 3/47 (6%) elapsed=0.0m eta=0.0m cur=3.3GB
[sweep] op 4/47 (9%) elapsed=0.0m eta=0.0m cur=3.3GB
[sweep] op 5/47 (11%) elapsed=0.0m eta=0.0m cur=3.3GB
[sweep] op 6/47 (13%) elapsed=0.0m eta=0.0m cur=3.3GB
[sweep] op 7/47 (15%) elapsed=0.0m eta=0.0m cur=3.3GB
[sweep] op 8/47 (17%) elapsed=0.0m eta=0.0m cur=3.3GB
[sweep] op 9/47 (19%) elapsed=0.0m eta=0.0m cur=3.3GB
[sweep] op 10/47 (21%) elapsed=0.0m eta=0.0m cur=3.3GB
[sweep] op 11/47 (23%) elapsed=0.0m eta=0.0m cur=3.3GB
[sweep] op 12/47 (26%) elapsed=0.0m eta=0.0m cur=3.3GB
[sweep] op 13/47 (28%) elapsed=0.0m eta=0.0m cur=3.3GB
[sweep] op 14/47 (30%) elapsed=0.0m eta=0.0m cur=3.3GB
[sweep] op 15/47 (32%) elapsed=0.0m eta=0.0m cur=3.3GB
[sweep] op 16/47 (34%) elapsed=0.0m eta=0.0m cur=3.3GB
[sweep] op 17/47 (36%) elapsed=0.0m eta=0.0m cur=3.3GB
[sweep] op 18/47 (38%) elapsed=0.0m eta=0.0m cur=3.3GB
[sweep] op 19/47 (40%) elapsed=0.0m eta=0.0m cur=3.3GB
[sweep] op 20/47 (43%) elapsed=0.0m eta=0.0m cur=3.3GB
[sweep] op 21/47 (45%) elapsed=0.0m eta=0.0m cur=3.3GB
[sweep] op 22/47 (47%) elapsed=0.0m eta=0.0m cur=3.3GB
[sweep] op 23/47 (49%) elapsed=0.0m eta=0.0m cur=3.3GB
[sweep] op 24/47 (51%) elapsed=0.0m eta=0.0m cur=3.3GB
[sweep] op 25/47 (53%) elapsed=0.0m eta=0.0m cur=3.3GB
[sweep] op 26/47 (55%) elapsed=0.0m eta=0.0m cur=3.3GB
[sweep] op 27/47 (57%) elapsed=0.0m eta=0.0m cur=3.3GB
[sweep] op 28/47 (60%) elapsed=0.0m eta=0.0m cur=3.3GB
[sweep] op 29/47 (62%) elapsed=0.0m eta=0.0m cur=3.3GB
[sweep] op 30/47 (64%) elapsed=0.0m eta=0.0m cur=3.3GB
[sweep] op 31/47 (66%) elapsed=0.0m eta=0.0m cur=3.3GB
[sweep] op 32/47 (68%) elapsed=0.0m eta=0.0m cur=3.3GB
[sweep] op 33/47 (70%) elapsed=0.0m eta=0.0m cur=3.3GB
[sweep] op 34/47 (72%) elapsed=0.0m eta=0.0m cur=3.3GB
[sweep] op 35/47 (74%) elapsed=0.0m eta=0.0m cur=3.3GB
[sweep] op 36/47 (77%) elapsed=0.0m eta=0.0m cur=3.3GB
[sweep] op 37/47 (79%) elapsed=0.0m eta=0.0m cur=3.3GB
[sweep] op 38/47 (81%) elapsed=0.0m eta=0.0m cur=3.3GB
[sweep] op 39/47 (83%) elapsed=0.0m eta=0.0m cur=3.3GB
[sweep] op 40/47 (85%) elapsed=0.0m eta=0.0m cur=3.3GB
[sweep] op 41/47 (87%) elapsed=0.0m eta=0.0m cur=3.3GB
[sweep] op 42/47 (89%) elapsed=0.0m eta=0.0m cur=3.3GB
[sweep] op 43/47 (91%) elapsed=0.0m eta=0.0m cur=3.3GB
[sweep] op 44/47 (94%) elapsed=0.0m eta=0.0m cur=3.3GB
[sweep] op 45/47 (96%) elapsed=0.0m eta=0.0m cur=3.3GB
[sweep] op 46/47 (98%) elapsed=0.0m eta=0.0m cur=3.3GB
[sweep] op 47/47 (100%) elapsed=0.0m eta=0.0m cur=3.3GB
[sweep] op 1/47 (2%) elapsed=0.0m eta=0.0m cur=3.3GB
[sweep] op 2/47 (4%) elapsed=0.0m eta=0.0m cur=3.3GB
[sweep] op 3/47 (6%) elapsed=0.0m eta=0.0m cur=3.3GB
[sweep] op 4/47 (9%) elapsed=0.0m eta=0.0m cur=3.3GB
[sweep] op 5/47 (11%) elapsed=0.0m eta=0.0m cur=3.3GB
[sweep] op 6/47 (13%) elapsed=0.0m eta=0.0m cur=3.3GB
[sweep] op 7/47 (15%) elapsed=0.0m eta=0.0m cur=3.3GB
[sweep] op 8/47 (17%) elapsed=0.0m eta=0.0m cur=3.3GB
[sweep] op 9/47 (19%) elapsed=0.0m eta=0.0m cur=3.3GB
[sweep] op 10/47 (21%) elapsed=0.0m eta=0.0m cur=3.3GB
[sweep] op 11/47 (23%) elapsed=0.0m eta=0.0m cur=3.3GB
[sweep] op 12/47 (26%) elapsed=0.0m eta=0.0m cur=3.3GB
[sweep] op 13/47 (28%) elapsed=0.0m eta=0.0m cur=3.3GB
[sweep] op 14/47 (30%) elapsed=0.0m eta=0.0m cur=3.3GB
[sweep] op 15/47 (32%) elapsed=0.0m eta=0.0m cur=3.3GB
[sweep] op 16/47 (34%) elapsed=0.0m eta=0.0m cur=3.3GB
[sweep] op 17/47 (36%) elapsed=0.0m eta=0.0m cur=3.3GB
[sweep] op 18/47 (38%) elapsed=0.0m eta=0.0m cur=3.3GB
[sweep] op 19/47 (40%) elapsed=0.0m eta=0.0m cur=3.3GB
[sweep] op 20/47 (43%) elapsed=0.0m eta=0.0m cur=3.3GB
[sweep] op 21/47 (45%) elapsed=0.0m eta=0.0m cur=3.3GB
[sweep] op 22/47 (47%) elapsed=0.0m eta=0.0m cur=3.3GB
[sweep] op 23/47 (49%) elapsed=0.0m eta=0.0m cur=3.3GB
[sweep] op 24/47 (51%) elapsed=0.0m eta=0.0m cur=3.3GB
[sweep] op 25/47 (53%) elapsed=0.0m eta=0.0m cur=3.3GB
[sweep] op 26/47 (55%) elapsed=0.0m eta=0.0m cur=3.3GB
[sweep] op 27/47 (57%) elapsed=0.0m eta=0.0m cur=3.3GB
[sweep] op 28/47 (60%) elapsed=0.0m eta=0.0m cur=3.3GB
[sweep] op 29/47 (62%) elapsed=0.0m eta=0.0m cur=3.3GB
[sweep] op 30/47 (64%) elapsed=0.0m eta=0.0m cur=3.3GB
[sweep] op 31/47 (66%) elapsed=0.0m eta=0.0m cur=3.3GB
[sweep] op 32/47 (68%) elapsed=0.0m eta=0.0m cur=3.3GB
[sweep] op 33/47 (70%) elapsed=0.0m eta=0.0m cur=3.3GB
[sweep] op 34/47 (72%) elapsed=0.0m eta=0.0m cur=3.3GB
[sweep] op 35/47 (74%) elapsed=0.0m eta=0.0m cur=3.3GB
[sweep] op 36/47 (77%) elapsed=0.0m eta=0.0m cur=3.3GB
[sweep] op 37/47 (79%) elapsed=0.0m eta=0.0m cur=3.3GB
[sweep] op 38/47 (81%) elapsed=0.0m eta=0.0m cur=3.3GB
[sweep] op 39/47 (83%) elapsed=0.0m eta=0.0m cur=3.3GB
[sweep] op 40/47 (85%) elapsed=0.0m eta=0.0m cur=3.3GB
[sweep] op 41/47 (87%) elapsed=0.0m eta=0.0m cur=3.3GB
[sweep] op 42/47 (89%) elapsed=0.0m eta=0.0m cur=3.3GB
[sweep] op 43/47 (91%) elapsed=0.0m eta=0.0m cur=3.3GB
[sweep] op 44/47 (94%) elapsed=0.0m eta=0.0m cur=3.3GB
[sweep] op 45/47 (96%) elapsed=0.0m eta=0.0m cur=3.3GB
[sweep] op 46/47 (98%) elapsed=0.0m eta=0.0m cur=3.3GB
[sweep] op 47/47 (100%) elapsed=0.0m eta=0.0m cur=3.3GB
[sweep] op 1/47 (2%) elapsed=0.0m eta=0.0m cur=3.3GB
[sweep] op 2/47 (4%) elapsed=0.0m eta=0.0m cur=3.3GB
[sweep] op 3/47 (6%) elapsed=0.0m eta=0.0m cur=3.3GB
[sweep] op 4/47 (9%) elapsed=0.0m eta=0.0m cur=3.3GB
[sweep] op 5/47 (11%) elapsed=0.0m eta=0.0m cur=3.3GB
[sweep] op 6/47 (13%) elapsed=0.0m eta=0.0m cur=3.3GB
[sweep] op 7/47 (15%) elapsed=0.0m eta=0.0m cur=3.3GB
[sweep] op 8/47 (17%) elapsed=0.0m eta=0.0m cur=3.3GB
[sweep] op 9/47 (19%) elapsed=0.0m eta=0.0m cur=3.3GB
[sweep] op 10/47 (21%) elapsed=0.0m eta=0.0m cur=3.3GB
[sweep] op 11/47 (23%) elapsed=0.0m eta=0.0m cur=3.3GB
[sweep] op 12/47 (26%) elapsed=0.0m eta=0.0m cur=3.3GB
[sweep] op 13/47 (28%) elapsed=0.0m eta=0.0m cur=3.3GB
[sweep] op 14/47 (30%) elapsed=0.0m eta=0.0m cur=3.3GB
[sweep] op 15/47 (32%) elapsed=0.0m eta=0.0m cur=3.3GB
[sweep] op 16/47 (34%) elapsed=0.0m eta=0.0m cur=3.3GB
[sweep] op 17/47 (36%) elapsed=0.0m eta=0.0m cur=3.3GB
[sweep] op 18/47 (38%) elapsed=0.0m eta=0.0m cur=3.3GB
[sweep] op 19/47 (40%) elapsed=0.0m eta=0.0m cur=3.3GB
[sweep] op 20/47 (43%) elapsed=0.0m eta=0.0m cur=3.3GB
[sweep] op 21/47 (45%) elapsed=0.0m eta=0.0m cur=3.3GB
[sweep] op 22/47 (47%) elapsed=0.0m eta=0.0m cur=3.3GB
[sweep] op 23/47 (49%) elapsed=0.0m eta=0.0m cur=3.3GB
[sweep] op 24/47 (51%) elapsed=0.0m eta=0.0m cur=3.3GB
[sweep] op 25/47 (53%) elapsed=0.0m eta=0.0m cur=3.3GB
[sweep] op 26/47 (55%) elapsed=0.0m eta=0.0m cur=3.3GB
[sweep] op 27/47 (57%) elapsed=0.0m eta=0.0m cur=3.3GB
[sweep] op 28/47 (60%) elapsed=0.0m eta=0.0m cur=3.3GB
[sweep] op 29/47 (62%) elapsed=0.0m eta=0.0m cur=3.3GB
[sweep] op 30/47 (64%) elapsed=0.0m eta=0.0m cur=3.3GB
[sweep] op 31/47 (66%) elapsed=0.0m eta=0.0m cur=3.3GB
[sweep] op 32/47 (68%) elapsed=0.0m eta=0.0m cur=3.3GB
[sweep] op 33/47 (70%) elapsed=0.0m eta=0.0m cur=3.3GB
[sweep] op 34/47 (72%) elapsed=0.0m eta=0.0m cur=3.3GB
[sweep] op 35/47 (74%) elapsed=0.0m eta=0.0m cur=3.3GB
[sweep] op 36/47 (77%) elapsed=0.0m eta=0.0m cur=3.3GB
[sweep] op 37/47 (79%) elapsed=0.0m eta=0.0m cur=3.3GB
[sweep] op 38/47 (81%) elapsed=0.0m eta=0.0m cur=3.3GB
[sweep] op 39/47 (83%) elapsed=0.0m eta=0.0m cur=3.3GB
[sweep] op 40/47 (85%) elapsed=0.0m eta=0.0m cur=3.3GB
[sweep] op 41/47 (87%) elapsed=0.0m eta=0.0m cur=3.3GB
[sweep] op 42/47 (89%) elapsed=0.0m eta=0.0m cur=3.3GB
[sweep] op 43/47 (91%) elapsed=0.0m eta=0.0m cur=3.3GB
[sweep] op 44/47 (94%) elapsed=0.0m eta=0.0m cur=3.3GB
[sweep] op 45/47 (96%) elapsed=0.0m eta=0.0m cur=3.3GB
[sweep] op 46/47 (98%) elapsed=0.0m eta=0.0m cur=3.3GB
[sweep] op 47/47 (100%) elapsed=0.0m eta=0.0m cur=3.3GB
[sweep] op 1/47 (2%) elapsed=0.0m eta=0.0m cur=3.8GB
[sweep] op 2/47 (4%) elapsed=0.0m eta=0.0m cur=3.8GB
[sweep] op 3/47 (6%) elapsed=0.0m eta=0.0m cur=3.8GB
[sweep] op 4/47 (9%) elapsed=0.0m eta=0.0m cur=3.8GB
[sweep] op 5/47 (11%) elapsed=0.0m eta=0.0m cur=3.8GB
[sweep] op 6/47 (13%) elapsed=0.0m eta=0.0m cur=3.8GB
[sweep] op 7/47 (15%) elapsed=0.0m eta=0.0m cur=3.8GB
[sweep] op 8/47 (17%) elapsed=0.0m eta=0.0m cur=3.8GB
[sweep] op 9/47 (19%) elapsed=0.0m eta=0.0m cur=3.8GB
[sweep] op 10/47 (21%) elapsed=0.0m eta=0.0m cur=3.8GB
[sweep] op 11/47 (23%) elapsed=0.0m eta=0.0m cur=3.8GB
[sweep] op 12/47 (26%) elapsed=0.0m eta=0.0m cur=3.8GB
[sweep] op 13/47 (28%) elapsed=0.0m eta=0.0m cur=3.8GB
[sweep] op 14/47 (30%) elapsed=0.0m eta=0.0m cur=3.8GB
[sweep] op 15/47 (32%) elapsed=0.0m eta=0.0m cur=3.8GB
[sweep] op 16/47 (34%) elapsed=0.0m eta=0.0m cur=3.8GB
[sweep] op 17/47 (36%) elapsed=0.0m eta=0.0m cur=3.8GB
[sweep] op 18/47 (38%) elapsed=0.0m eta=0.0m cur=3.8GB
[sweep] op 19/47 (40%) elapsed=0.0m eta=0.0m cur=3.8GB
[sweep] op 20/47 (43%) elapsed=0.0m eta=0.0m cur=3.8GB
[sweep] op 21/47 (45%) elapsed=0.0m eta=0.0m cur=3.8GB
[sweep] op 22/47 (47%) elapsed=0.0m eta=0.0m cur=3.8GB
[sweep] op 23/47 (49%) elapsed=0.0m eta=0.0m cur=3.8GB
[sweep] op 24/47 (51%) elapsed=0.0m eta=0.0m cur=3.8GB
[sweep] op 25/47 (53%) elapsed=0.0m eta=0.0m cur=3.8GB
[sweep] op 26/47 (55%) elapsed=0.0m eta=0.0m cur=3.8GB
[sweep] op 27/47 (57%) elapsed=0.0m eta=0.0m cur=3.8GB
[sweep] op 28/47 (60%) elapsed=0.0m eta=0.0m cur=3.8GB
[sweep] op 29/47 (62%) elapsed=0.0m eta=0.0m cur=3.8GB
[sweep] op 30/47 (64%) elapsed=0.0m eta=0.0m cur=3.8GB
[sweep] op 31/47 (66%) elapsed=0.0m eta=0.0m cur=3.8GB
[sweep] op 32/47 (68%) elapsed=0.0m eta=0.0m cur=3.8GB
[sweep] op 33/47 (70%) elapsed=0.0m eta=0.0m cur=3.8GB
[sweep] op 34/47 (72%) elapsed=0.0m eta=0.0m cur=3.8GB
[sweep] op 35/47 (74%) elapsed=0.0m eta=0.0m cur=3.8GB
[sweep] op 36/47 (77%) elapsed=0.0m eta=0.0m cur=3.8GB
[sweep] op 37/47 (79%) elapsed=0.0m eta=0.0m cur=3.8GB
[sweep] op 38/47 (81%) elapsed=0.0m eta=0.0m cur=3.8GB
[sweep] op 39/47 (83%) elapsed=0.0m eta=0.0m cur=3.8GB
[sweep] op 40/47 (85%) elapsed=0.0m eta=0.0m cur=3.8GB
[sweep] op 41/47 (87%) elapsed=0.1m eta=0.0m cur=3.8GB
[sweep] op 42/47 (89%) elapsed=0.1m eta=0.0m cur=3.8GB
[sweep] op 43/47 (91%) elapsed=0.1m eta=0.0m cur=3.8GB
[sweep] op 44/47 (94%) elapsed=0.1m eta=0.0m cur=3.8GB
[sweep] op 45/47 (96%) elapsed=0.1m eta=0.0m cur=3.8GB
[sweep] op 46/47 (98%) elapsed=0.1m eta=0.0m cur=3.8GB
[sweep] op 47/47 (100%) elapsed=0.1m eta=0.0m cur=3.8GB
[sweep] op 1/47 (2%) elapsed=0.0m eta=0.0m cur=3.8GB
[sweep] op 2/47 (4%) elapsed=0.0m eta=0.0m cur=3.8GB
[sweep] op 3/47 (6%) elapsed=0.0m eta=0.0m cur=3.8GB
[sweep] op 4/47 (9%) elapsed=0.0m eta=0.0m cur=3.8GB
[sweep] op 5/47 (11%) elapsed=0.0m eta=0.0m cur=3.8GB
[sweep] op 6/47 (13%) elapsed=0.0m eta=0.0m cur=3.8GB
[sweep] op 7/47 (15%) elapsed=0.0m eta=0.0m cur=3.8GB
[sweep] op 8/47 (17%) elapsed=0.0m eta=0.0m cur=3.8GB
[sweep] op 9/47 (19%) elapsed=0.0m eta=0.0m cur=3.8GB
[sweep] op 10/47 (21%) elapsed=0.0m eta=0.0m cur=3.8GB
[sweep] op 11/47 (23%) elapsed=0.0m eta=0.0m cur=3.8GB
[sweep] op 12/47 (26%) elapsed=0.0m eta=0.0m cur=3.8GB
[sweep] op 13/47 (28%) elapsed=0.0m eta=0.0m cur=3.8GB
[sweep] op 14/47 (30%) elapsed=0.0m eta=0.0m cur=3.8GB
[sweep] op 15/47 (32%) elapsed=0.0m eta=0.0m cur=3.8GB
[sweep] op 16/47 (34%) elapsed=0.0m eta=0.0m cur=3.8GB
[sweep] op 17/47 (36%) elapsed=0.0m eta=0.0m cur=3.8GB
[sweep] op 18/47 (38%) elapsed=0.0m eta=0.0m cur=3.8GB
[sweep] op 19/47 (40%) elapsed=0.0m eta=0.0m cur=3.8GB
[sweep] op 20/47 (43%) elapsed=0.0m eta=0.0m cur=3.8GB
[sweep] op 21/47 (45%) elapsed=0.0m eta=0.0m cur=3.8GB
[sweep] op 22/47 (47%) elapsed=0.0m eta=0.0m cur=3.8GB
[sweep] op 23/47 (49%) elapsed=0.0m eta=0.0m cur=3.8GB
[sweep] op 24/47 (51%) elapsed=0.0m eta=0.0m cur=3.8GB
[sweep] op 25/47 (53%) elapsed=0.0m eta=0.0m cur=3.8GB
[sweep] op 26/47 (55%) elapsed=0.0m eta=0.0m cur=3.8GB
[sweep] op 27/47 (57%) elapsed=0.0m eta=0.0m cur=3.8GB
[sweep] op 28/47 (60%) elapsed=0.0m eta=0.0m cur=3.8GB
[sweep] op 29/47 (62%) elapsed=0.0m eta=0.0m cur=3.8GB
[sweep] op 30/47 (64%) elapsed=0.0m eta=0.0m cur=3.8GB
[sweep] op 31/47 (66%) elapsed=0.0m eta=0.0m cur=3.8GB
[sweep] op 32/47 (68%) elapsed=0.0m eta=0.0m cur=3.8GB
[sweep] op 33/47 (70%) elapsed=0.0m eta=0.0m cur=3.8GB
[sweep] op 34/47 (72%) elapsed=0.0m eta=0.0m cur=3.8GB
[sweep] op 35/47 (74%) elapsed=0.0m eta=0.0m cur=3.8GB
[sweep] op 36/47 (77%) elapsed=0.0m eta=0.0m cur=3.8GB
[sweep] op 37/47 (79%) elapsed=0.0m eta=0.0m cur=3.8GB
[sweep] op 38/47 (81%) elapsed=0.0m eta=0.0m cur=3.8GB
[sweep] op 39/47 (83%) elapsed=0.0m eta=0.0m cur=3.8GB
[sweep] op 40/47 (85%) elapsed=0.0m eta=0.0m cur=3.8GB
[sweep] op 41/47 (87%) elapsed=0.0m eta=0.0m cur=3.8GB
[sweep] op 42/47 (89%) elapsed=0.0m eta=0.0m cur=3.8GB
[sweep] op 43/47 (91%) elapsed=0.0m eta=0.0m cur=3.8GB
[sweep] op 44/47 (94%) elapsed=0.0m eta=0.0m cur=3.8GB
[sweep] op 45/47 (96%) elapsed=0.0m eta=0.0m cur=3.8GB
[sweep] op 46/47 (98%) elapsed=0.0m eta=0.0m cur=3.8GB
[sweep] op 47/47 (100%) elapsed=0.0m eta=0.0m cur=3.8GB
  [stream-sound] 5 rounds done; opened columns match committed leaves: True; W-block rows 996; W-ref True; Wnew rows 0; p3 rows 9; peak 5.46 GB
  [binding] {'ones': 2}: Rust ACCEPT under the honest anchors; statement unchanged; 256/256 output values differ from the honest run
Traceback (most recent call last):
  File "/workspace/verinf/prover/tests/run_tests.py", line 13, in <module>
    getattr(mod, n)()
  File "/workspace/verinf/prover/tests/test_maverick_binding_negatives.py", line 172, in test_bc_ones_two_rejects_under_the_honest_anchors
    assert not acc, ("bc_ones = 2 ACCEPTED under the honest weight root and statement "
           ^^^^^^^
AssertionError: bc_ones = 2 ACCEPTED under the honest weight root and statement digest while 256 output values differ: bc_ones is unbound
  FAIL test_bc_ones_two_rejects_under_the_honest_anchors: AssertionError: bc_ones = 2 ACCEPTED under the honest weight root and statement digest while 256 output values differ: bc_ones is unbound
[sweep] op 1/47 (2%) elapsed=0.0m eta=0.0m cur=4.4GB
[sweep] op 2/47 (4%) elapsed=0.0m eta=0.0m cur=4.4GB
[sweep] op 3/47 (6%) elapsed=0.0m eta=0.0m cur=4.4GB
[sweep] op 4/47 (9%) elapsed=0.0m eta=0.0m cur=4.4GB
[sweep] op 5/47 (11%) elapsed=0.0m eta=0.0m cur=4.4GB
[sweep] op 6/47 (13%) elapsed=0.0m eta=0.0m cur=4.4GB
[sweep] op 7/47 (15%) elapsed=0.0m eta=0.0m cur=4.4GB
[sweep] op 8/47 (17%) elapsed=0.0m eta=0.0m cur=4.4GB
[sweep] op 9/47 (19%) elapsed=0.0m eta=0.0m cur=4.4GB
[sweep] op 10/47 (21%) elapsed=0.0m eta=0.0m cur=4.4GB
[sweep] op 11/47 (23%) elapsed=0.0m eta=0.0m cur=4.4GB
[sweep] op 12/47 (26%) elapsed=0.0m eta=0.0m cur=4.4GB
[sweep] op 13/47 (28%) elapsed=0.0m eta=0.0m cur=4.4GB
[sweep] op 14/47 (30%) elapsed=0.0m eta=0.0m cur=4.4GB
[sweep] op 15/47 (32%) elapsed=0.0m eta=0.0m cur=4.4GB
[sweep] op 16/47 (34%) elapsed=0.0m eta=0.0m cur=4.4GB
[sweep] op 17/47 (36%) elapsed=0.0m eta=0.0m cur=4.4GB
[sweep] op 18/47 (38%) elapsed=0.0m eta=0.0m cur=4.4GB
[sweep] op 19/47 (40%) elapsed=0.0m eta=0.0m cur=4.4GB
[sweep] op 20/47 (43%) elapsed=0.0m eta=0.0m cur=4.4GB
[sweep] op 21/47 (45%) elapsed=0.0m eta=0.0m cur=4.4GB
[sweep] op 22/47 (47%) elapsed=0.0m eta=0.0m cur=4.4GB
[sweep] op 23/47 (49%) elapsed=0.0m eta=0.0m cur=4.4GB
[sweep] op 24/47 (51%) elapsed=0.0m eta=0.0m cur=4.4GB
[sweep] op 25/47 (53%) elapsed=0.0m eta=0.0m cur=4.4GB
[sweep] op 26/47 (55%) elapsed=0.0m eta=0.0m cur=4.4GB
[sweep] op 27/47 (57%) elapsed=0.0m eta=0.0m cur=4.4GB
[sweep] op 28/47 (60%) elapsed=0.0m eta=0.0m cur=4.4GB
[sweep] op 29/47 (62%) elapsed=0.0m eta=0.0m cur=4.4GB
[sweep] op 30/47 (64%) elapsed=0.0m eta=0.0m cur=4.4GB
[sweep] op 31/47 (66%) elapsed=0.0m eta=0.0m cur=4.4GB
[sweep] op 32/47 (68%) elapsed=0.0m eta=0.0m cur=4.4GB
[sweep] op 33/47 (70%) elapsed=0.0m eta=0.0m cur=4.4GB
[sweep] op 34/47 (72%) elapsed=0.0m eta=0.0m cur=4.4GB
[sweep] op 35/47 (74%) elapsed=0.0m eta=0.0m cur=4.4GB
[sweep] op 36/47 (77%) elapsed=0.0m eta=0.0m cur=4.4GB
[sweep] op 37/47 (79%) elapsed=0.0m eta=0.0m cur=4.4GB
[sweep] op 38/47 (81%) elapsed=0.0m eta=0.0m cur=4.4GB
[sweep] op 39/47 (83%) elapsed=0.0m eta=0.0m cur=4.4GB
[sweep] op 40/47 (85%) elapsed=0.0m eta=0.0m cur=4.4GB
[sweep] op 41/47 (87%) elapsed=0.0m eta=0.0m cur=4.4GB
[sweep] op 42/47 (89%) elapsed=0.0m eta=0.0m cur=4.4GB
[sweep] op 43/47 (91%) elapsed=0.0m eta=0.0m cur=4.4GB
[sweep] op 44/47 (94%) elapsed=0.0m eta=0.0m cur=4.4GB
[sweep] op 45/47 (96%) elapsed=0.0m eta=0.0m cur=4.4GB
[sweep] op 46/47 (98%) elapsed=0.0m eta=0.0m cur=4.4GB
[sweep] op 47/47 (100%) elapsed=0.0m eta=0.0m cur=4.4GB
[sweep] op 1/47 (2%) elapsed=0.0m eta=0.0m cur=4.4GB
[sweep] op 2/47 (4%) elapsed=0.0m eta=0.0m cur=4.4GB
[sweep] op 3/47 (6%) elapsed=0.0m eta=0.0m cur=4.4GB
[sweep] op 4/47 (9%) elapsed=0.0m eta=0.0m cur=4.4GB
[sweep] op 5/47 (11%) elapsed=0.0m eta=0.0m cur=4.4GB
[sweep] op 6/47 (13%) elapsed=0.0m eta=0.0m cur=4.4GB
[sweep] op 7/47 (15%) elapsed=0.0m eta=0.0m cur=4.4GB
[sweep] op 8/47 (17%) elapsed=0.0m eta=0.0m cur=4.4GB
[sweep] op 9/47 (19%) elapsed=0.0m eta=0.0m cur=4.4GB
[sweep] op 10/47 (21%) elapsed=0.0m eta=0.0m cur=4.4GB
[sweep] op 11/47 (23%) elapsed=0.0m eta=0.0m cur=4.4GB
[sweep] op 12/47 (26%) elapsed=0.0m eta=0.0m cur=4.4GB
[sweep] op 13/47 (28%) elapsed=0.0m eta=0.0m cur=4.4GB
[sweep] op 14/47 (30%) elapsed=0.0m eta=0.0m cur=4.4GB
[sweep] op 15/47 (32%) elapsed=0.0m eta=0.0m cur=4.4GB
[sweep] op 16/47 (34%) elapsed=0.0m eta=0.0m cur=4.4GB
[sweep] op 17/47 (36%) elapsed=0.0m eta=0.0m cur=4.4GB
[sweep] op 18/47 (38%) elapsed=0.0m eta=0.0m cur=4.4GB
[sweep] op 19/47 (40%) elapsed=0.0m eta=0.0m cur=4.4GB
[sweep] op 20/47 (43%) elapsed=0.0m eta=0.0m cur=4.4GB
[sweep] op 21/47 (45%) elapsed=0.0m eta=0.0m cur=4.4GB
[sweep] op 22/47 (47%) elapsed=0.0m eta=0.0m cur=4.4GB
[sweep] op 23/47 (49%) elapsed=0.0m eta=0.0m cur=4.4GB
[sweep] op 24/47 (51%) elapsed=0.0m eta=0.0m cur=4.4GB
[sweep] op 25/47 (53%) elapsed=0.0m eta=0.0m cur=4.4GB
[sweep] op 26/47 (55%) elapsed=0.0m eta=0.0m cur=4.4GB
[sweep] op 27/47 (57%) elapsed=0.0m eta=0.0m cur=4.4GB
[sweep] op 28/47 (60%) elapsed=0.0m eta=0.0m cur=4.4GB
[sweep] op 29/47 (62%) elapsed=0.0m eta=0.0m cur=4.4GB
[sweep] op 30/47 (64%) elapsed=0.0m eta=0.0m cur=4.4GB
[sweep] op 31/47 (66%) elapsed=0.0m eta=0.0m cur=4.4GB
[sweep] op 32/47 (68%) elapsed=0.0m eta=0.0m cur=4.4GB
[sweep] op 33/47 (70%) elapsed=0.0m eta=0.0m cur=4.4GB
[sweep] op 34/47 (72%) elapsed=0.0m eta=0.0m cur=4.4GB
[sweep] op 35/47 (74%) elapsed=0.0m eta=0.0m cur=4.4GB
[sweep] op 36/47 (77%) elapsed=0.0m eta=0.0m cur=4.4GB
[sweep] op 37/47 (79%) elapsed=0.0m eta=0.0m cur=4.4GB
[sweep] op 38/47 (81%) elapsed=0.0m eta=0.0m cur=4.4GB
[sweep] op 39/47 (83%) elapsed=0.0m eta=0.0m cur=4.4GB
[sweep] op 40/47 (85%) elapsed=0.0m eta=0.0m cur=4.4GB
[sweep] op 41/47 (87%) elapsed=0.0m eta=0.0m cur=4.4GB
[sweep] op 42/47 (89%) elapsed=0.0m eta=0.0m cur=4.4GB
[sweep] op 43/47 (91%) elapsed=0.0m eta=0.0m cur=4.4GB
[sweep] op 44/47 (94%) elapsed=0.0m eta=0.0m cur=4.4GB
[sweep] op 45/47 (96%) elapsed=0.0m eta=0.0m cur=4.4GB
[sweep] op 46/47 (98%) elapsed=0.0m eta=0.0m cur=4.4GB
[sweep] op 47/47 (100%) elapsed=0.0m eta=0.0m cur=4.4GB
[sweep] op 1/47 (2%) elapsed=0.0m eta=0.0m cur=4.4GB
[sweep] op 2/47 (4%) elapsed=0.0m eta=0.0m cur=4.4GB
[sweep] op 3/47 (6%) elapsed=0.0m eta=0.0m cur=4.4GB
[sweep] op 4/47 (9%) elapsed=0.0m eta=0.0m cur=4.4GB
[sweep] op 5/47 (11%) elapsed=0.0m eta=0.0m cur=4.4GB
[sweep] op 6/47 (13%) elapsed=0.0m eta=0.0m cur=4.4GB
[sweep] op 7/47 (15%) elapsed=0.0m eta=0.0m cur=4.4GB
[sweep] op 8/47 (17%) elapsed=0.0m eta=0.0m cur=4.4GB
[sweep] op 9/47 (19%) elapsed=0.0m eta=0.0m cur=4.4GB
[sweep] op 10/47 (21%) elapsed=0.0m eta=0.0m cur=4.4GB
[sweep] op 11/47 (23%) elapsed=0.0m eta=0.0m cur=4.4GB
[sweep] op 12/47 (26%) elapsed=0.0m eta=0.0m cur=4.4GB
[sweep] op 13/47 (28%) elapsed=0.0m eta=0.0m cur=4.4GB
[sweep] op 14/47 (30%) elapsed=0.0m eta=0.0m cur=4.4GB
[sweep] op 15/47 (32%) elapsed=0.0m eta=0.0m cur=4.4GB
[sweep] op 16/47 (34%) elapsed=0.0m eta=0.0m cur=4.4GB
[sweep] op 17/47 (36%) elapsed=0.0m eta=0.0m cur=4.4GB
[sweep] op 18/47 (38%) elapsed=0.0m eta=0.0m cur=4.4GB
[sweep] op 19/47 (40%) elapsed=0.0m eta=0.0m cur=4.4GB
[sweep] op 20/47 (43%) elapsed=0.0m eta=0.0m cur=4.4GB
[sweep] op 21/47 (45%) elapsed=0.0m eta=0.0m cur=4.4GB
[sweep] op 22/47 (47%) elapsed=0.0m eta=0.0m cur=4.4GB
[sweep] op 23/47 (49%) elapsed=0.0m eta=0.0m cur=4.4GB
[sweep] op 24/47 (51%) elapsed=0.0m eta=0.0m cur=4.4GB
[sweep] op 25/47 (53%) elapsed=0.0m eta=0.0m cur=4.4GB
[sweep] op 26/47 (55%) elapsed=0.0m eta=0.0m cur=4.4GB
[sweep] op 27/47 (57%) elapsed=0.0m eta=0.0m cur=4.4GB
[sweep] op 28/47 (60%) elapsed=0.0m eta=0.0m cur=4.4GB
[sweep] op 29/47 (62%) elapsed=0.0m eta=0.0m cur=4.4GB
[sweep] op 30/47 (64%) elapsed=0.0m eta=0.0m cur=4.4GB
[sweep] op 31/47 (66%) elapsed=0.0m eta=0.0m cur=4.4GB
[sweep] op 32/47 (68%) elapsed=0.0m eta=0.0m cur=4.4GB
[sweep] op 33/47 (70%) elapsed=0.0m eta=0.0m cur=4.4GB
[sweep] op 34/47 (72%) elapsed=0.0m eta=0.0m cur=4.4GB
[sweep] op 35/47 (74%) elapsed=0.0m eta=0.0m cur=4.4GB
[sweep] op 36/47 (77%) elapsed=0.0m eta=0.0m cur=4.4GB
[sweep] op 37/47 (79%) elapsed=0.0m eta=0.0m cur=4.4GB
[sweep] op 38/47 (81%) elapsed=0.0m eta=0.0m cur=4.4GB
[sweep] op 39/47 (83%) elapsed=0.0m eta=0.0m cur=4.4GB
[sweep] op 40/47 (85%) elapsed=0.0m eta=0.0m cur=4.4GB
[sweep] op 41/47 (87%) elapsed=0.0m eta=0.0m cur=4.4GB
[sweep] op 42/47 (89%) elapsed=0.0m eta=0.0m cur=4.4GB
[sweep] op 43/47 (91%) elapsed=0.0m eta=0.0m cur=4.4GB
[sweep] op 44/47 (94%) elapsed=0.0m eta=0.0m cur=4.4GB
[sweep] op 45/47 (96%) elapsed=0.0m eta=0.0m cur=4.4GB
[sweep] op 46/47 (98%) elapsed=0.0m eta=0.0m cur=4.4GB
[sweep] op 47/47 (100%) elapsed=0.0m eta=0.0m cur=4.4GB
[sweep] op 1/47 (2%) elapsed=0.0m eta=0.0m cur=4.9GB
[sweep] op 2/47 (4%) elapsed=0.0m eta=0.0m cur=4.9GB
[sweep] op 3/47 (6%) elapsed=0.0m eta=0.0m cur=4.9GB
[sweep] op 4/47 (9%) elapsed=0.0m eta=0.0m cur=4.9GB
[sweep] op 5/47 (11%) elapsed=0.0m eta=0.0m cur=4.9GB
[sweep] op 6/47 (13%) elapsed=0.0m eta=0.0m cur=4.9GB
[sweep] op 7/47 (15%) elapsed=0.0m eta=0.0m cur=4.9GB
[sweep] op 8/47 (17%) elapsed=0.0m eta=0.0m cur=4.9GB
[sweep] op 9/47 (19%) elapsed=0.0m eta=0.0m cur=4.9GB
[sweep] op 10/47 (21%) elapsed=0.0m eta=0.0m cur=4.9GB
[sweep] op 11/47 (23%) elapsed=0.0m eta=0.0m cur=4.9GB
[sweep] op 12/47 (26%) elapsed=0.0m eta=0.0m cur=4.9GB
[sweep] op 13/47 (28%) elapsed=0.0m eta=0.0m cur=4.9GB
[sweep] op 14/47 (30%) elapsed=0.0m eta=0.0m cur=4.9GB
[sweep] op 15/47 (32%) elapsed=0.0m eta=0.0m cur=4.9GB
[sweep] op 16/47 (34%) elapsed=0.0m eta=0.0m cur=4.9GB
[sweep] op 17/47 (36%) elapsed=0.0m eta=0.0m cur=4.9GB
[sweep] op 18/47 (38%) elapsed=0.0m eta=0.0m cur=4.9GB
[sweep] op 19/47 (40%) elapsed=0.0m eta=0.0m cur=4.9GB
[sweep] op 20/47 (43%) elapsed=0.0m eta=0.0m cur=4.9GB
[sweep] op 21/47 (45%) elapsed=0.0m eta=0.0m cur=4.9GB
[sweep] op 22/47 (47%) elapsed=0.0m eta=0.0m cur=4.9GB
[sweep] op 23/47 (49%) elapsed=0.0m eta=0.0m cur=4.9GB
[sweep] op 24/47 (51%) elapsed=0.0m eta=0.0m cur=4.9GB
[sweep] op 25/47 (53%) elapsed=0.0m eta=0.0m cur=4.9GB
[sweep] op 26/47 (55%) elapsed=0.0m eta=0.0m cur=4.9GB
[sweep] op 27/47 (57%) elapsed=0.0m eta=0.0m cur=4.9GB
[sweep] op 28/47 (60%) elapsed=0.0m eta=0.0m cur=4.9GB
[sweep] op 29/47 (62%) elapsed=0.0m eta=0.0m cur=4.9GB
[sweep] op 30/47 (64%) elapsed=0.0m eta=0.0m cur=4.9GB
[sweep] op 31/47 (66%) elapsed=0.0m eta=0.0m cur=4.9GB
[sweep] op 32/47 (68%) elapsed=0.0m eta=0.0m cur=4.9GB
[sweep] op 33/47 (70%) elapsed=0.0m eta=0.0m cur=4.9GB
[sweep] op 34/47 (72%) elapsed=0.0m eta=0.0m cur=4.9GB
[sweep] op 35/47 (74%) elapsed=0.0m eta=0.0m cur=4.9GB
[sweep] op 36/47 (77%) elapsed=0.0m eta=0.0m cur=4.9GB
[sweep] op 37/47 (79%) elapsed=0.0m eta=0.0m cur=4.9GB
[sweep] op 38/47 (81%) elapsed=0.0m eta=0.0m cur=4.9GB
[sweep] op 39/47 (83%) elapsed=0.0m eta=0.0m cur=4.9GB
[sweep] op 40/47 (85%) elapsed=0.0m eta=0.0m cur=4.9GB
[sweep] op 41/47 (87%) elapsed=0.1m eta=0.0m cur=4.9GB
[sweep] op 42/47 (89%) elapsed=0.1m eta=0.0m cur=4.9GB
[sweep] op 43/47 (91%) elapsed=0.1m eta=0.0m cur=4.9GB
[sweep] op 44/47 (94%) elapsed=0.1m eta=0.0m cur=4.9GB
[sweep] op 45/47 (96%) elapsed=0.1m eta=0.0m cur=4.9GB
[sweep] op 46/47 (98%) elapsed=0.1m eta=0.0m cur=4.9GB
[sweep] op 47/47 (100%) elapsed=0.1m eta=0.0m cur=4.9GB
[sweep] op 1/47 (2%) elapsed=0.0m eta=0.0m cur=4.9GB
[sweep] op 2/47 (4%) elapsed=0.0m eta=0.0m cur=4.9GB
[sweep] op 3/47 (6%) elapsed=0.0m eta=0.0m cur=4.9GB
[sweep] op 4/47 (9%) elapsed=0.0m eta=0.0m cur=4.9GB
[sweep] op 5/47 (11%) elapsed=0.0m eta=0.0m cur=4.9GB
[sweep] op 6/47 (13%) elapsed=0.0m eta=0.0m cur=4.9GB
[sweep] op 7/47 (15%) elapsed=0.0m eta=0.0m cur=4.9GB
[sweep] op 8/47 (17%) elapsed=0.0m eta=0.0m cur=4.9GB
[sweep] op 9/47 (19%) elapsed=0.0m eta=0.0m cur=4.9GB
[sweep] op 10/47 (21%) elapsed=0.0m eta=0.0m cur=4.9GB
[sweep] op 11/47 (23%) elapsed=0.0m eta=0.0m cur=4.9GB
[sweep] op 12/47 (26%) elapsed=0.0m eta=0.0m cur=4.9GB
[sweep] op 13/47 (28%) elapsed=0.0m eta=0.0m cur=4.9GB
[sweep] op 14/47 (30%) elapsed=0.0m eta=0.0m cur=4.9GB
[sweep] op 15/47 (32%) elapsed=0.0m eta=0.0m cur=4.9GB
[sweep] op 16/47 (34%) elapsed=0.0m eta=0.0m cur=4.9GB
[sweep] op 17/47 (36%) elapsed=0.0m eta=0.0m cur=4.9GB
[sweep] op 18/47 (38%) elapsed=0.0m eta=0.0m cur=4.9GB
[sweep] op 19/47 (40%) elapsed=0.0m eta=0.0m cur=4.9GB
[sweep] op 20/47 (43%) elapsed=0.0m eta=0.0m cur=4.9GB
[sweep] op 21/47 (45%) elapsed=0.0m eta=0.0m cur=4.9GB
[sweep] op 22/47 (47%) elapsed=0.0m eta=0.0m cur=4.9GB
[sweep] op 23/47 (49%) elapsed=0.0m eta=0.0m cur=4.9GB
[sweep] op 24/47 (51%) elapsed=0.0m eta=0.0m cur=4.9GB
[sweep] op 25/47 (53%) elapsed=0.0m eta=0.0m cur=4.9GB
[sweep] op 26/47 (55%) elapsed=0.0m eta=0.0m cur=4.9GB
[sweep] op 27/47 (57%) elapsed=0.0m eta=0.0m cur=4.9GB
[sweep] op 28/47 (60%) elapsed=0.0m eta=0.0m cur=4.9GB
[sweep] op 29/47 (62%) elapsed=0.0m eta=0.0m cur=4.9GB
[sweep] op 30/47 (64%) elapsed=0.0m eta=0.0m cur=4.9GB
[sweep] op 31/47 (66%) elapsed=0.0m eta=0.0m cur=4.9GB
[sweep] op 32/47 (68%) elapsed=0.0m eta=0.0m cur=4.9GB
[sweep] op 33/47 (70%) elapsed=0.0m eta=0.0m cur=4.9GB
[sweep] op 34/47 (72%) elapsed=0.0m eta=0.0m cur=4.9GB
[sweep] op 35/47 (74%) elapsed=0.0m eta=0.0m cur=4.9GB
[sweep] op 36/47 (77%) elapsed=0.0m eta=0.0m cur=4.9GB
[sweep] op 37/47 (79%) elapsed=0.0m eta=0.0m cur=4.9GB
[sweep] op 38/47 (81%) elapsed=0.0m eta=0.0m cur=4.9GB
[sweep] op 39/47 (83%) elapsed=0.0m eta=0.0m cur=4.9GB
[sweep] op 40/47 (85%) elapsed=0.0m eta=0.0m cur=4.9GB
[sweep] op 41/47 (87%) elapsed=0.0m eta=0.0m cur=4.9GB
[sweep] op 42/47 (89%) elapsed=0.0m eta=0.0m cur=4.9GB
[sweep] op 43/47 (91%) elapsed=0.0m eta=0.0m cur=4.9GB
[sweep] op 44/47 (94%) elapsed=0.0m eta=0.0m cur=4.9GB
[sweep] op 45/47 (96%) elapsed=0.0m eta=0.0m cur=4.9GB
[sweep] op 46/47 (98%) elapsed=0.0m eta=0.0m cur=4.9GB
[sweep] op 47/47 (100%) elapsed=0.0m eta=0.0m cur=4.9GB
  [stream-sound] 5 rounds done; opened columns match committed leaves: False; W-block rows 996; W-ref True; Wnew rows 0; p3 rows 9; peak 6.55 GB
Traceback (most recent call last):
  File "/workspace/verinf/prover/tests/run_tests.py", line 13, in <module>
    getattr(mod, n)()
  File "/workspace/verinf/prover/tests/test_maverick_binding_negatives.py", line 164, in test_control_an_altered_enrolled_weight_rejects
    acc, same, changed, _ = _against_the_honest_anchors(router_bump=True)
                            ^^^^^^^^^^^^^^^^^^^^^^^^^^^^^^^^^^^^^^^^^^^^^
  File "/workspace/verinf/prover/tests/test_maverick_binding_negatives.py", line 147, in _against_the_honest_anchors
    proof = tape.prove(weight_commitment=h["wc"])
            ^^^^^^^^^^^^^^^^^^^^^^^^^^^^^^^^^^^^^
  File "/workspace/verinf/prover/tape.py", line 1419, in prove
    return prove_streaming(self, self.cfg, seed,
           ^^^^^^^^^^^^^^^^^^^^^^^^^^^^^^^^^^^^^
  File "/workspace/verinf/prover/core.py", line 3916, in prove_streaming
    return _prove_streaming_body(tape, cfg, seed, weight_commitment, wnew_seed,
           ^^^^^^^^^^^^^^^^^^^^^^^^^^^^^^^^^^^^^^^^^^^^^^^^^^^^^^^^^^^^^^^^^^^^
  File "/workspace/verinf/prover/core.py", line 4376, in _prove_streaming_body
    assert repro, (
           ^^^^^
AssertionError: re-extracted opened columns do not hash to the committed leaves — the witness differed between sweeps (cache or compute drift); the proof would be rejected, so no result is reported
  FAIL test_control_an_altered_enrolled_weight_rejects: AssertionError: re-extracted opened columns do not hash to the committed leaves — the witness differed between sweeps (cache or compute drift); the proof would be rejected, so no result is reported
[sweep] op 1/47 (2%) elapsed=0.0m eta=0.0m cur=5.5GB
[sweep] op 2/47 (4%) elapsed=0.0m eta=0.0m cur=5.5GB
[sweep] op 3/47 (6%) elapsed=0.0m eta=0.0m cur=5.5GB
[sweep] op 4/47 (9%) elapsed=0.0m eta=0.0m cur=5.5GB
[sweep] op 5/47 (11%) elapsed=0.0m eta=0.0m cur=5.5GB
[sweep] op 6/47 (13%) elapsed=0.0m eta=0.0m cur=5.5GB
[sweep] op 7/47 (15%) elapsed=0.0m eta=0.0m cur=5.5GB
[sweep] op 8/47 (17%) elapsed=0.0m eta=0.0m cur=5.5GB
[sweep] op 9/47 (19%) elapsed=0.0m eta=0.0m cur=5.5GB
[sweep] op 10/47 (21%) elapsed=0.0m eta=0.0m cur=5.5GB
[sweep] op 11/47 (23%) elapsed=0.0m eta=0.0m cur=5.5GB
[sweep] op 12/47 (26%) elapsed=0.0m eta=0.0m cur=5.5GB
[sweep] op 13/47 (28%) elapsed=0.0m eta=0.0m cur=5.5GB
[sweep] op 14/47 (30%) elapsed=0.0m eta=0.0m cur=5.5GB
[sweep] op 15/47 (32%) elapsed=0.0m eta=0.0m cur=5.5GB
[sweep] op 16/47 (34%) elapsed=0.0m eta=0.0m cur=5.5GB
[sweep] op 17/47 (36%) elapsed=0.0m eta=0.0m cur=5.5GB
[sweep] op 18/47 (38%) elapsed=0.0m eta=0.0m cur=5.5GB
[sweep] op 19/47 (40%) elapsed=0.0m eta=0.0m cur=5.5GB
[sweep] op 20/47 (43%) elapsed=0.0m eta=0.0m cur=5.5GB
[sweep] op 21/47 (45%) elapsed=0.0m eta=0.0m cur=5.5GB
[sweep] op 22/47 (47%) elapsed=0.0m eta=0.0m cur=5.5GB
[sweep] op 23/47 (49%) elapsed=0.0m eta=0.0m cur=5.5GB
[sweep] op 24/47 (51%) elapsed=0.0m eta=0.0m cur=5.5GB
[sweep] op 25/47 (53%) elapsed=0.0m eta=0.0m cur=5.5GB
[sweep] op 26/47 (55%) elapsed=0.0m eta=0.0m cur=5.5GB
[sweep] op 27/47 (57%) elapsed=0.0m eta=0.0m cur=5.5GB
[sweep] op 28/47 (60%) elapsed=0.0m eta=0.0m cur=5.5GB
[sweep] op 29/47 (62%) elapsed=0.0m eta=0.0m cur=5.5GB
[sweep] op 30/47 (64%) elapsed=0.0m eta=0.0m cur=5.5GB
[sweep] op 31/47 (66%) elapsed=0.0m eta=0.0m cur=5.5GB
[sweep] op 32/47 (68%) elapsed=0.0m eta=0.0m cur=5.5GB
[sweep] op 33/47 (70%) elapsed=0.0m eta=0.0m cur=5.5GB
[sweep] op 34/47 (72%) elapsed=0.0m eta=0.0m cur=5.5GB
[sweep] op 35/47 (74%) elapsed=0.0m eta=0.0m cur=5.5GB
[sweep] op 36/47 (77%) elapsed=0.0m eta=0.0m cur=5.5GB
[sweep] op 37/47 (79%) elapsed=0.0m eta=0.0m cur=5.5GB
[sweep] op 38/47 (81%) elapsed=0.0m eta=0.0m cur=5.5GB
[sweep] op 39/47 (83%) elapsed=0.0m eta=0.0m cur=5.5GB
[sweep] op 40/47 (85%) elapsed=0.0m eta=0.0m cur=5.5GB
[sweep] op 41/47 (87%) elapsed=0.0m eta=0.0m cur=5.5GB
[sweep] op 42/47 (89%) elapsed=0.0m eta=0.0m cur=5.5GB
[sweep] op 43/47 (91%) elapsed=0.0m eta=0.0m cur=5.5GB
[sweep] op 44/47 (94%) elapsed=0.0m eta=0.0m cur=5.5GB
[sweep] op 45/47 (96%) elapsed=0.0m eta=0.0m cur=5.5GB
[sweep] op 46/47 (98%) elapsed=0.0m eta=0.0m cur=5.5GB
[sweep] op 47/47 (100%) elapsed=0.0m eta=0.0m cur=5.5GB
[sweep] op 1/47 (2%) elapsed=0.0m eta=0.0m cur=5.5GB
[sweep] op 2/47 (4%) elapsed=0.0m eta=0.0m cur=5.5GB
[sweep] op 3/47 (6%) elapsed=0.0m eta=0.0m cur=5.5GB
[sweep] op 4/47 (9%) elapsed=0.0m eta=0.0m cur=5.5GB
[sweep] op 5/47 (11%) elapsed=0.0m eta=0.0m cur=5.5GB
[sweep] op 6/47 (13%) elapsed=0.0m eta=0.0m cur=5.5GB
[sweep] op 7/47 (15%) elapsed=0.0m eta=0.0m cur=5.5GB
[sweep] op 8/47 (17%) elapsed=0.0m eta=0.0m cur=5.5GB
[sweep] op 9/47 (19%) elapsed=0.0m eta=0.0m cur=5.5GB
[sweep] op 10/47 (21%) elapsed=0.0m eta=0.0m cur=5.5GB
[sweep] op 11/47 (23%) elapsed=0.0m eta=0.0m cur=5.5GB
[sweep] op 12/47 (26%) elapsed=0.0m eta=0.0m cur=5.5GB
[sweep] op 13/47 (28%) elapsed=0.0m eta=0.0m cur=5.5GB
[sweep] op 14/47 (30%) elapsed=0.0m eta=0.0m cur=5.5GB
[sweep] op 15/47 (32%) elapsed=0.0m eta=0.0m cur=5.5GB
[sweep] op 16/47 (34%) elapsed=0.0m eta=0.0m cur=5.5GB
[sweep] op 17/47 (36%) elapsed=0.0m eta=0.0m cur=5.5GB
[sweep] op 18/47 (38%) elapsed=0.0m eta=0.0m cur=5.5GB
[sweep] op 19/47 (40%) elapsed=0.0m eta=0.0m cur=5.5GB
[sweep] op 20/47 (43%) elapsed=0.0m eta=0.0m cur=5.5GB
[sweep] op 21/47 (45%) elapsed=0.0m eta=0.0m cur=5.5GB
[sweep] op 22/47 (47%) elapsed=0.0m eta=0.0m cur=5.5GB
[sweep] op 23/47 (49%) elapsed=0.0m eta=0.0m cur=5.5GB
[sweep] op 24/47 (51%) elapsed=0.0m eta=0.0m cur=5.5GB
[sweep] op 25/47 (53%) elapsed=0.0m eta=0.0m cur=5.5GB
[sweep] op 26/47 (55%) elapsed=0.0m eta=0.0m cur=5.5GB
[sweep] op 27/47 (57%) elapsed=0.0m eta=0.0m cur=5.5GB
[sweep] op 28/47 (60%) elapsed=0.0m eta=0.0m cur=5.5GB
[sweep] op 29/47 (62%) elapsed=0.0m eta=0.0m cur=5.5GB
[sweep] op 30/47 (64%) elapsed=0.0m eta=0.0m cur=5.5GB
[sweep] op 31/47 (66%) elapsed=0.0m eta=0.0m cur=5.5GB
[sweep] op 32/47 (68%) elapsed=0.0m eta=0.0m cur=5.5GB
[sweep] op 33/47 (70%) elapsed=0.0m eta=0.0m cur=5.5GB
[sweep] op 34/47 (72%) elapsed=0.0m eta=0.0m cur=5.5GB
[sweep] op 35/47 (74%) elapsed=0.0m eta=0.0m cur=5.5GB
[sweep] op 36/47 (77%) elapsed=0.0m eta=0.0m cur=5.5GB
[sweep] op 37/47 (79%) elapsed=0.0m eta=0.0m cur=5.5GB
[sweep] op 38/47 (81%) elapsed=0.0m eta=0.0m cur=5.5GB
[sweep] op 39/47 (83%) elapsed=0.0m eta=0.0m cur=5.5GB
[sweep] op 40/47 (85%) elapsed=0.0m eta=0.0m cur=5.5GB
[sweep] op 41/47 (87%) elapsed=0.0m eta=0.0m cur=5.5GB
[sweep] op 42/47 (89%) elapsed=0.0m eta=0.0m cur=5.5GB
[sweep] op 43/47 (91%) elapsed=0.0m eta=0.0m cur=5.5GB
[sweep] op 44/47 (94%) elapsed=0.0m eta=0.0m cur=5.5GB
[sweep] op 45/47 (96%) elapsed=0.0m eta=0.0m cur=5.5GB
[sweep] op 46/47 (98%) elapsed=0.0m eta=0.0m cur=5.5GB
[sweep] op 47/47 (100%) elapsed=0.0m eta=0.0m cur=5.5GB
[sweep] op 1/47 (2%) elapsed=0.0m eta=0.0m cur=5.5GB
[sweep] op 2/47 (4%) elapsed=0.0m eta=0.0m cur=5.5GB
[sweep] op 3/47 (6%) elapsed=0.0m eta=0.0m cur=5.5GB
[sweep] op 4/47 (9%) elapsed=0.0m eta=0.0m cur=5.5GB
[sweep] op 5/47 (11%) elapsed=0.0m eta=0.0m cur=5.5GB
[sweep] op 6/47 (13%) elapsed=0.0m eta=0.0m cur=5.5GB
[sweep] op 7/47 (15%) elapsed=0.0m eta=0.0m cur=5.5GB
[sweep] op 8/47 (17%) elapsed=0.0m eta=0.0m cur=5.5GB
[sweep] op 9/47 (19%) elapsed=0.0m eta=0.0m cur=5.5GB
[sweep] op 10/47 (21%) elapsed=0.0m eta=0.0m cur=5.5GB
[sweep] op 11/47 (23%) elapsed=0.0m eta=0.0m cur=5.5GB
[sweep] op 12/47 (26%) elapsed=0.0m eta=0.0m cur=5.5GB
[sweep] op 13/47 (28%) elapsed=0.0m eta=0.0m cur=5.5GB
[sweep] op 14/47 (30%) elapsed=0.0m eta=0.0m cur=5.5GB
[sweep] op 15/47 (32%) elapsed=0.0m eta=0.0m cur=5.5GB
[sweep] op 16/47 (34%) elapsed=0.0m eta=0.0m cur=5.5GB
[sweep] op 17/47 (36%) elapsed=0.0m eta=0.0m cur=5.5GB
[sweep] op 18/47 (38%) elapsed=0.0m eta=0.0m cur=5.5GB
[sweep] op 19/47 (40%) elapsed=0.0m eta=0.0m cur=5.5GB
[sweep] op 20/47 (43%) elapsed=0.0m eta=0.0m cur=5.5GB
[sweep] op 21/47 (45%) elapsed=0.0m eta=0.0m cur=5.5GB
[sweep] op 22/47 (47%) elapsed=0.0m eta=0.0m cur=5.5GB
[sweep] op 23/47 (49%) elapsed=0.0m eta=0.0m cur=5.5GB
[sweep] op 24/47 (51%) elapsed=0.0m eta=0.0m cur=5.5GB
[sweep] op 25/47 (53%) elapsed=0.0m eta=0.0m cur=5.5GB
[sweep] op 26/47 (55%) elapsed=0.0m eta=0.0m cur=5.5GB
[sweep] op 27/47 (57%) elapsed=0.0m eta=0.0m cur=5.5GB
[sweep] op 28/47 (60%) elapsed=0.0m eta=0.0m cur=5.5GB
[sweep] op 29/47 (62%) elapsed=0.0m eta=0.0m cur=5.5GB
[sweep] op 30/47 (64%) elapsed=0.0m eta=0.0m cur=5.5GB
[sweep] op 31/47 (66%) elapsed=0.0m eta=0.0m cur=5.5GB
[sweep] op 32/47 (68%) elapsed=0.0m eta=0.0m cur=5.5GB
[sweep] op 33/47 (70%) elapsed=0.0m eta=0.0m cur=5.5GB
[sweep] op 34/47 (72%) elapsed=0.0m eta=0.0m cur=5.5GB
[sweep] op 35/47 (74%) elapsed=0.0m eta=0.0m cur=5.5GB
[sweep] op 36/47 (77%) elapsed=0.0m eta=0.0m cur=5.5GB
[sweep] op 37/47 (79%) elapsed=0.0m eta=0.0m cur=5.5GB
[sweep] op 38/47 (81%) elapsed=0.0m eta=0.0m cur=5.5GB
[sweep] op 39/47 (83%) elapsed=0.0m eta=0.0m cur=5.5GB
[sweep] op 40/47 (85%) elapsed=0.0m eta=0.0m cur=5.5GB
[sweep] op 41/47 (87%) elapsed=0.0m eta=0.0m cur=5.5GB
[sweep] op 42/47 (89%) elapsed=0.0m eta=0.0m cur=5.5GB
[sweep] op 43/47 (91%) elapsed=0.0m eta=0.0m cur=5.5GB
[sweep] op 44/47 (94%) elapsed=0.0m eta=0.0m cur=5.5GB
[sweep] op 45/47 (96%) elapsed=0.0m eta=0.0m cur=5.5GB
[sweep] op 46/47 (98%) elapsed=0.0m eta=0.0m cur=5.5GB
[sweep] op 47/47 (100%) elapsed=0.0m eta=0.0m cur=5.5GB
[sweep] op 1/47 (2%) elapsed=0.0m eta=0.0m cur=6.0GB
[sweep] op 2/47 (4%) elapsed=0.0m eta=0.0m cur=6.0GB
[sweep] op 3/47 (6%) elapsed=0.0m eta=0.0m cur=6.0GB
[sweep] op 4/47 (9%) elapsed=0.0m eta=0.0m cur=6.0GB
[sweep] op 5/47 (11%) elapsed=0.0m eta=0.0m cur=6.0GB
[sweep] op 6/47 (13%) elapsed=0.0m eta=0.0m cur=6.0GB
[sweep] op 7/47 (15%) elapsed=0.0m eta=0.0m cur=6.0GB
[sweep] op 8/47 (17%) elapsed=0.0m eta=0.0m cur=6.0GB
[sweep] op 9/47 (19%) elapsed=0.0m eta=0.0m cur=6.0GB
[sweep] op 10/47 (21%) elapsed=0.0m eta=0.0m cur=6.0GB
[sweep] op 11/47 (23%) elapsed=0.0m eta=0.0m cur=6.0GB
[sweep] op 12/47 (26%) elapsed=0.0m eta=0.0m cur=6.0GB
[sweep] op 13/47 (28%) elapsed=0.0m eta=0.0m cur=6.0GB
[sweep] op 14/47 (30%) elapsed=0.0m eta=0.0m cur=6.0GB
[sweep] op 15/47 (32%) elapsed=0.0m eta=0.0m cur=6.0GB
[sweep] op 16/47 (34%) elapsed=0.0m eta=0.0m cur=6.0GB
[sweep] op 17/47 (36%) elapsed=0.0m eta=0.0m cur=6.0GB
[sweep] op 18/47 (38%) elapsed=0.0m eta=0.0m cur=6.0GB
[sweep] op 19/47 (40%) elapsed=0.0m eta=0.0m cur=6.0GB
[sweep] op 20/47 (43%) elapsed=0.0m eta=0.0m cur=6.0GB
[sweep] op 21/47 (45%) elapsed=0.0m eta=0.0m cur=6.0GB
[sweep] op 22/47 (47%) elapsed=0.0m eta=0.0m cur=6.0GB
[sweep] op 23/47 (49%) elapsed=0.0m eta=0.0m cur=6.0GB
[sweep] op 24/47 (51%) elapsed=0.0m eta=0.0m cur=6.0GB
[sweep] op 25/47 (53%) elapsed=0.0m eta=0.0m cur=6.0GB
[sweep] op 26/47 (55%) elapsed=0.0m eta=0.0m cur=6.0GB
[sweep] op 27/47 (57%) elapsed=0.0m eta=0.0m cur=6.0GB
[sweep] op 28/47 (60%) elapsed=0.0m eta=0.0m cur=6.0GB
[sweep] op 29/47 (62%) elapsed=0.0m eta=0.0m cur=6.0GB
[sweep] op 30/47 (64%) elapsed=0.0m eta=0.0m cur=6.0GB
[sweep] op 31/47 (66%) elapsed=0.0m eta=0.0m cur=6.0GB
[sweep] op 32/47 (68%) elapsed=0.0m eta=0.0m cur=6.0GB
[sweep] op 33/47 (70%) elapsed=0.0m eta=0.0m cur=6.0GB
[sweep] op 34/47 (72%) elapsed=0.0m eta=0.0m cur=6.0GB
[sweep] op 35/47 (74%) elapsed=0.0m eta=0.0m cur=6.0GB
[sweep] op 36/47 (77%) elapsed=0.0m eta=0.0m cur=6.0GB
[sweep] op 37/47 (79%) elapsed=0.0m eta=0.0m cur=6.0GB
[sweep] op 38/47 (81%) elapsed=0.0m eta=0.0m cur=6.0GB
[sweep] op 39/47 (83%) elapsed=0.0m eta=0.0m cur=6.0GB
[sweep] op 40/47 (85%) elapsed=0.0m eta=0.0m cur=6.0GB
[sweep] op 41/47 (87%) elapsed=0.1m eta=0.0m cur=6.0GB
[sweep] op 42/47 (89%) elapsed=0.1m eta=0.0m cur=6.0GB
[sweep] op 43/47 (91%) elapsed=0.1m eta=0.0m cur=6.0GB
[sweep] op 44/47 (94%) elapsed=0.1m eta=0.0m cur=6.0GB
[sweep] op 45/47 (96%) elapsed=0.1m eta=0.0m cur=6.0GB
[sweep] op 46/47 (98%) elapsed=0.1m eta=0.0m cur=6.0GB
[sweep] op 47/47 (100%) elapsed=0.1m eta=0.0m cur=6.0GB
[sweep] op 1/47 (2%) elapsed=0.0m eta=0.0m cur=6.0GB
[sweep] op 2/47 (4%) elapsed=0.0m eta=0.0m cur=6.0GB
[sweep] op 3/47 (6%) elapsed=0.0m eta=0.0m cur=6.0GB
[sweep] op 4/47 (9%) elapsed=0.0m eta=0.0m cur=6.0GB
[sweep] op 5/47 (11%) elapsed=0.0m eta=0.0m cur=6.0GB
[sweep] op 6/47 (13%) elapsed=0.0m eta=0.0m cur=6.0GB
[sweep] op 7/47 (15%) elapsed=0.0m eta=0.0m cur=6.0GB
[sweep] op 8/47 (17%) elapsed=0.0m eta=0.0m cur=6.0GB
[sweep] op 9/47 (19%) elapsed=0.0m eta=0.0m cur=6.0GB
[sweep] op 10/47 (21%) elapsed=0.0m eta=0.0m cur=6.0GB
[sweep] op 11/47 (23%) elapsed=0.0m eta=0.0m cur=6.0GB
[sweep] op 12/47 (26%) elapsed=0.0m eta=0.0m cur=6.0GB
[sweep] op 13/47 (28%) elapsed=0.0m eta=0.0m cur=6.0GB
[sweep] op 14/47 (30%) elapsed=0.0m eta=0.0m cur=6.0GB
[sweep] op 15/47 (32%) elapsed=0.0m eta=0.0m cur=6.0GB
[sweep] op 16/47 (34%) elapsed=0.0m eta=0.0m cur=6.0GB
[sweep] op 17/47 (36%) elapsed=0.0m eta=0.0m cur=6.0GB
[sweep] op 18/47 (38%) elapsed=0.0m eta=0.0m cur=6.0GB
[sweep] op 19/47 (40%) elapsed=0.0m eta=0.0m cur=6.0GB
[sweep] op 20/47 (43%) elapsed=0.0m eta=0.0m cur=6.0GB
[sweep] op 21/47 (45%) elapsed=0.0m eta=0.0m cur=6.0GB
[sweep] op 22/47 (47%) elapsed=0.0m eta=0.0m cur=6.0GB
[sweep] op 23/47 (49%) elapsed=0.0m eta=0.0m cur=6.0GB
[sweep] op 24/47 (51%) elapsed=0.0m eta=0.0m cur=6.0GB
[sweep] op 25/47 (53%) elapsed=0.0m eta=0.0m cur=6.0GB
[sweep] op 26/47 (55%) elapsed=0.0m eta=0.0m cur=6.0GB
[sweep] op 27/47 (57%) elapsed=0.0m eta=0.0m cur=6.0GB
[sweep] op 28/47 (60%) elapsed=0.0m eta=0.0m cur=6.0GB
[sweep] op 29/47 (62%) elapsed=0.0m eta=0.0m cur=6.0GB
[sweep] op 30/47 (64%) elapsed=0.0m eta=0.0m cur=6.0GB
[sweep] op 31/47 (66%) elapsed=0.0m eta=0.0m cur=6.0GB
[sweep] op 32/47 (68%) elapsed=0.0m eta=0.0m cur=6.0GB
[sweep] op 33/47 (70%) elapsed=0.0m eta=0.0m cur=6.0GB
[sweep] op 34/47 (72%) elapsed=0.0m eta=0.0m cur=6.0GB
[sweep] op 35/47 (74%) elapsed=0.0m eta=0.0m cur=6.0GB
[sweep] op 36/47 (77%) elapsed=0.0m eta=0.0m cur=6.0GB
[sweep] op 37/47 (79%) elapsed=0.0m eta=0.0m cur=6.0GB
[sweep] op 38/47 (81%) elapsed=0.0m eta=0.0m cur=6.0GB
[sweep] op 39/47 (83%) elapsed=0.0m eta=0.0m cur=6.0GB
[sweep] op 40/47 (85%) elapsed=0.0m eta=0.0m cur=6.0GB
[sweep] op 41/47 (87%) elapsed=0.0m eta=0.0m cur=6.0GB
[sweep] op 42/47 (89%) elapsed=0.0m eta=0.0m cur=6.0GB
[sweep] op 43/47 (91%) elapsed=0.0m eta=0.0m cur=6.0GB
[sweep] op 44/47 (94%) elapsed=0.0m eta=0.0m cur=6.0GB
[sweep] op 45/47 (96%) elapsed=0.0m eta=0.0m cur=6.0GB
[sweep] op 46/47 (98%) elapsed=0.0m eta=0.0m cur=6.0GB
[sweep] op 47/47 (100%) elapsed=0.0m eta=0.0m cur=6.0GB
  [stream-sound] 5 rounds done; opened columns match committed leaves: True; W-block rows 996; W-ref True; Wnew rows 0; p3 rows 9; peak 7.64 GB
  [binding] honest: Rust ACCEPT under the honest anchors; statement unchanged; 0/256 output values differ from the honest run
  PASS test_control_the_honest_tape_accepts_under_the_honest_anchors
=== 1 passed, 3 failed (of 4) ===
